[fit_one_hddm] cond6_rep3_drop: 10 被试 / 2570 试次 / omission=0.000 / p_outlier=0.05
[fit_one_hddm] 设置 z 默认值失败（忽略）：'z'
No model attribute --> setting up standard HDDM
Set model to ddm
[                  0%                  ] 11 of 3000 complete in 0.5 sec
[                  0%                  ] 27 of 3000 complete in 1.0 sec
[                  1%                  ] 43 of 3000 complete in 1.6 sec
[                  1%                  ] 59 of 3000 complete in 2.1 sec
[                  2%                  ] 74 of 3000 complete in 2.6 sec
[-                 3%                  ] 92 of 3000 complete in 3.1 sec
[-                 3%                  ] 109 of 3000 complete in 3.6 sec
[-                 4%                  ] 125 of 3000 complete in 4.1 sec
[-                 4%                  ] 140 of 3000 complete in 4.7 sec
[-                 5%                  ] 154 of 3000 complete in 5.2 sec
[--                5%                  ] 167 of 3000 complete in 5.7 sec
[--                6%                  ] 181 of 3000 complete in 6.2 sec
[--                6%                  ] 195 of 3000 complete in 6.7 sec
[--                6%                  ] 208 of 3000 complete in 7.2 sec
[--                7%                  ] 221 of 3000 complete in 7.8 sec
[--                7%                  ] 232 of 3000 complete in 8.3 sec
[---               8%                  ] 244 of 3000 complete in 8.8 sec
[---               8%                  ] 256 of 3000 complete in 9.3 sec
[---               8%                  ] 268 of 3000 complete in 9.8 sec
[---               9%                  ] 280 of 3000 complete in 10.3 sec
[---               9%                  ] 292 of 3000 complete in 10.8 sec
[---              10%                  ] 305 of 3000 complete in 11.4 sec
[----             10%                  ] 318 of 3000 complete in 11.9 sec
[----             11%                  ] 331 of 3000 complete in 12.4 sec
[----             11%                  ] 344 of 3000 complete in 12.9 sec
[----             11%                  ] 357 of 3000 complete in 13.4 sec
[----             12%                  ] 371 of 3000 complete in 14.0 sec
[----             12%                  ] 385 of 3000 complete in 14.5 sec
[-----            13%                  ] 399 of 3000 complete in 15.0 sec
[-----            13%                  ] 414 of 3000 complete in 15.5 sec
[-----            14%                  ] 428 of 3000 complete in 16.0 sec
[-----            14%                  ] 440 of 3000 complete in 16.5 sec
[-----            15%                  ] 453 of 3000 complete in 17.1 sec
[-----            15%                  ] 466 of 3000 complete in 17.6 sec
[------           16%                  ] 481 of 3000 complete in 18.1 sec
[------           16%                  ] 495 of 3000 complete in 18.6 sec
[------           16%                  ] 508 of 3000 complete in 19.2 sec
[------           17%                  ] 519 of 3000 complete in 19.7 sec
[------           17%                  ] 531 of 3000 complete in 20.2 sec
[------           18%                  ] 545 of 3000 complete in 20.7 sec
[-------          18%                  ] 560 of 3000 complete in 21.3 sec
[-------          19%                  ] 575 of 3000 complete in 21.8 sec
[-------          19%                  ] 588 of 3000 complete in 22.3 sec
[-------          20%                  ] 600 of 3000 complete in 22.8 sec
[-------          20%                  ] 613 of 3000 complete in 23.3 sec
[-------          20%                  ] 628 of 3000 complete in 23.9 sec
[--------         21%                  ] 643 of 3000 complete in 24.4 sec
[--------         21%                  ] 657 of 3000 complete in 24.9 sec
[--------         22%                  ] 671 of 3000 complete in 25.4 sec
[--------         22%                  ] 686 of 3000 complete in 25.9 sec
[--------         23%                  ] 700 of 3000 complete in 26.4 sec
[---------        23%                  ] 714 of 3000 complete in 26.9 sec
[---------        24%                  ] 728 of 3000 complete in 27.5 sec
[---------        24%                  ] 743 of 3000 complete in 28.0 sec
[---------        25%                  ] 757 of 3000 complete in 28.5 sec
[---------        25%                  ] 770 of 3000 complete in 29.0 sec
[---------        26%                  ] 783 of 3000 complete in 29.5 sec
[----------       26%                  ] 797 of 3000 complete in 30.0 sec
[----------       27%                  ] 812 of 3000 complete in 30.6 sec
[----------       27%                  ] 827 of 3000 complete in 31.1 sec
[----------       28%                  ] 841 of 3000 complete in 31.6 sec
[----------       28%                  ] 854 of 3000 complete in 32.1 sec
[----------       28%                  ] 867 of 3000 complete in 32.6 sec
[-----------      29%                  ] 880 of 3000 complete in 33.2 sec
[-----------      29%                  ] 893 of 3000 complete in 33.7 sec
[-----------      30%                  ] 906 of 3000 complete in 34.2 sec
[-----------      30%                  ] 919 of 3000 complete in 34.8 sec
[-----------      31%                  ] 931 of 3000 complete in 35.3 sec
[-----------      31%                  ] 944 of 3000 complete in 35.8 sec
[------------     31%                  ] 956 of 3000 complete in 36.3 sec
[------------     32%                  ] 968 of 3000 complete in 36.8 sec
[------------     32%                  ] 980 of 3000 complete in 37.4 sec
[------------     33%                  ] 992 of 3000 complete in 37.9 sec
[------------     33%                  ] 1004 of 3000 complete in 38.4 sec
[------------     33%                  ] 1017 of 3000 complete in 38.9 sec
[-------------    34%                  ] 1031 of 3000 complete in 39.4 sec
[-------------    34%                  ] 1045 of 3000 complete in 39.9 sec
[-------------    35%                  ] 1059 of 3000 complete in 40.4 sec
[-------------    35%                  ] 1073 of 3000 complete in 40.9 sec
[-------------    36%                  ] 1087 of 3000 complete in 41.5 sec
[-------------    36%                  ] 1101 of 3000 complete in 42.0 sec
[--------------   37%                  ] 1115 of 3000 complete in 42.5 sec
[--------------   37%                  ] 1130 of 3000 complete in 43.0 sec
[--------------   38%                  ] 1144 of 3000 complete in 43.5 sec
[--------------   38%                  ] 1158 of 3000 complete in 44.0 sec
[--------------   39%                  ] 1173 of 3000 complete in 44.6 sec
[---------------  39%                  ] 1188 of 3000 complete in 45.1 sec
[---------------  40%                  ] 1202 of 3000 complete in 45.6 sec
[---------------  40%                  ] 1216 of 3000 complete in 46.1 sec
[---------------  40%                  ] 1229 of 3000 complete in 46.7 sec
[---------------  41%                  ] 1243 of 3000 complete in 47.2 sec
[---------------  41%                  ] 1258 of 3000 complete in 47.7 sec
[---------------- 42%                  ] 1273 of 3000 complete in 48.3 sec
[---------------- 42%                  ] 1288 of 3000 complete in 48.8 sec
[---------------- 43%                  ] 1302 of 3000 complete in 49.3 sec
[---------------- 43%                  ] 1318 of 3000 complete in 49.8 sec
[---------------- 44%                  ] 1333 of 3000 complete in 50.3 sec
[-----------------44%                  ] 1348 of 3000 complete in 50.8 sec
[-----------------45%                  ] 1363 of 3000 complete in 51.3 sec
[-----------------45%                  ] 1379 of 3000 complete in 51.9 sec
[-----------------46%                  ] 1395 of 3000 complete in 52.4 sec
[-----------------47%                  ] 1410 of 3000 complete in 52.9 sec
[-----------------47%                  ] 1425 of 3000 complete in 53.4 sec
[-----------------48%                  ] 1440 of 3000 complete in 53.9 sec
[-----------------48%                  ] 1456 of 3000 complete in 54.4 sec
[-----------------49%                  ] 1470 of 3000 complete in 55.0 sec
[-----------------49%                  ] 1483 of 3000 complete in 55.5 sec
[-----------------49%                  ] 1495 of 3000 complete in 56.0 sec
[-----------------50%                  ] 1508 of 3000 complete in 56.5 sec
[-----------------50%                  ] 1522 of 3000 complete in 57.1 sec
[-----------------51%                  ] 1536 of 3000 complete in 57.6 sec
[-----------------51%                  ] 1550 of 3000 complete in 58.1 sec
[-----------------52%                  ] 1565 of 3000 complete in 58.6 sec
[-----------------52%                  ] 1580 of 3000 complete in 59.1 sec
[-----------------53%                  ] 1594 of 3000 complete in 59.6 sec
[-----------------53%                  ] 1607 of 3000 complete in 60.2 sec
[-----------------53%                  ] 1619 of 3000 complete in 60.7 sec
[-----------------54%                  ] 1632 of 3000 complete in 61.2 sec
[-----------------54%                  ] 1646 of 3000 complete in 61.8 sec
[-----------------55%-                 ] 1660 of 3000 complete in 62.3 sec
[-----------------55%-                 ] 1675 of 3000 complete in 62.8 sec
[-----------------56%-                 ] 1691 of 3000 complete in 63.3 sec
[-----------------56%-                 ] 1706 of 3000 complete in 63.9 sec
[-----------------57%-                 ] 1722 of 3000 complete in 64.4 sec
[-----------------57%--                ] 1737 of 3000 complete in 64.9 sec
[-----------------58%--                ] 1753 of 3000 complete in 65.4 sec
[-----------------58%--                ] 1768 of 3000 complete in 65.9 sec
[-----------------59%--                ] 1783 of 3000 complete in 66.4 sec
[-----------------59%--                ] 1797 of 3000 complete in 67.0 sec
[-----------------60%--                ] 1813 of 3000 complete in 67.5 sec
[-----------------60%---               ] 1829 of 3000 complete in 68.0 sec
[-----------------61%---               ] 1844 of 3000 complete in 68.5 sec
[-----------------61%---               ] 1857 of 3000 complete in 69.0 sec
[-----------------62%---               ] 1871 of 3000 complete in 69.5 sec
[-----------------62%---               ] 1886 of 3000 complete in 70.1 sec
[-----------------63%----              ] 1901 of 3000 complete in 70.6 sec
[-----------------63%----              ] 1916 of 3000 complete in 71.1 sec
[-----------------64%----              ] 1930 of 3000 complete in 71.6 sec
[-----------------64%----              ] 1944 of 3000 complete in 72.2 sec
[-----------------65%----              ] 1959 of 3000 complete in 72.7 sec
[-----------------65%----              ] 1973 of 3000 complete in 73.2 sec
[-----------------66%-----             ] 1988 of 3000 complete in 73.7 sec
[-----------------66%-----             ] 2004 of 3000 complete in 74.2 sec
[-----------------67%-----             ] 2019 of 3000 complete in 74.7 sec
[-----------------67%-----             ] 2035 of 3000 complete in 75.3 sec
[-----------------68%-----             ] 2050 of 3000 complete in 75.8 sec
[-----------------68%------            ] 2065 of 3000 complete in 76.3 sec
[-----------------69%------            ] 2081 of 3000 complete in 76.8 sec
[-----------------69%------            ] 2095 of 3000 complete in 77.4 sec
[-----------------70%------            ] 2109 of 3000 complete in 77.9 sec
[-----------------70%------            ] 2123 of 3000 complete in 78.4 sec
[-----------------71%-------           ] 2137 of 3000 complete in 78.9 sec
[-----------------71%-------           ] 2149 of 3000 complete in 79.4 sec
[-----------------72%-------           ] 2162 of 3000 complete in 80.0 sec
[-----------------72%-------           ] 2177 of 3000 complete in 80.5 sec
[-----------------73%-------           ] 2192 of 3000 complete in 81.0 sec
[-----------------73%-------           ] 2208 of 3000 complete in 81.5 sec
[-----------------74%--------          ] 2224 of 3000 complete in 82.1 sec
[-----------------74%--------          ] 2238 of 3000 complete in 82.6 sec
[-----------------75%--------          ] 2251 of 3000 complete in 83.1 sec
[-----------------75%--------          ] 2265 of 3000 complete in 83.7 sec
[-----------------75%--------          ] 2278 of 3000 complete in 84.2 sec
[-----------------76%---------         ] 2292 of 3000 complete in 84.7 sec
[-----------------76%---------         ] 2307 of 3000 complete in 85.2 sec
[-----------------77%---------         ] 2321 of 3000 complete in 85.7 sec
[-----------------77%---------         ] 2336 of 3000 complete in 86.2 sec
[-----------------78%---------         ] 2352 of 3000 complete in 86.7 sec
[-----------------78%---------         ] 2367 of 3000 complete in 87.2 sec
[-----------------79%----------        ] 2382 of 3000 complete in 87.8 sec
[-----------------79%----------        ] 2395 of 3000 complete in 88.3 sec
[-----------------80%----------        ] 2409 of 3000 complete in 88.8 sec
[-----------------80%----------        ] 2422 of 3000 complete in 89.3 sec
[-----------------81%----------        ] 2437 of 3000 complete in 89.9 sec
[-----------------81%-----------       ] 2453 of 3000 complete in 90.4 sec
[-----------------82%-----------       ] 2468 of 3000 complete in 90.9 sec
[-----------------82%-----------       ] 2481 of 3000 complete in 91.4 sec
[-----------------83%-----------       ] 2495 of 3000 complete in 91.9 sec
[-----------------83%-----------       ] 2509 of 3000 complete in 92.4 sec
[-----------------84%-----------       ] 2524 of 3000 complete in 92.9 sec
[-----------------84%------------      ] 2538 of 3000 complete in 93.5 sec
[-----------------85%------------      ] 2553 of 3000 complete in 94.0 sec
[-----------------85%------------      ] 2568 of 3000 complete in 94.5 sec
[-----------------86%------------      ] 2582 of 3000 complete in 95.0 sec
[-----------------86%------------      ] 2595 of 3000 complete in 95.5 sec
[-----------------86%-------------     ] 2607 of 3000 complete in 96.0 sec
[-----------------87%-------------     ] 2619 of 3000 complete in 96.5 sec
[-----------------87%-------------     ] 2630 of 3000 complete in 97.0 sec
[-----------------88%-------------     ] 2642 of 3000 complete in 97.6 sec
[-----------------88%-------------     ] 2654 of 3000 complete in 98.1 sec
[-----------------88%-------------     ] 2664 of 3000 complete in 98.6 sec
[-----------------89%-------------     ] 2674 of 3000 complete in 99.1 sec
[-----------------89%-------------     ] 2684 of 3000 complete in 99.7 sec
[-----------------89%--------------    ] 2694 of 3000 complete in 100.2 sec
[-----------------90%--------------    ] 2704 of 3000 complete in 100.7 sec
[-----------------90%--------------    ] 2715 of 3000 complete in 101.2 sec
[-----------------90%--------------    ] 2727 of 3000 complete in 101.7 sec
[-----------------91%--------------    ] 2739 of 3000 complete in 102.3 sec
[-----------------91%--------------    ] 2751 of 3000 complete in 102.8 sec
[-----------------92%--------------    ] 2763 of 3000 complete in 103.3 sec
[-----------------92%---------------   ] 2776 of 3000 complete in 103.9 sec
[-----------------92%---------------   ] 2788 of 3000 complete in 104.4 sec
[-----------------93%---------------   ] 2800 of 3000 complete in 104.9 sec
[-----------------93%---------------   ] 2814 of 3000 complete in 105.4 sec
[-----------------94%---------------   ] 2827 of 3000 complete in 105.9 sec
[-----------------94%---------------   ] 2840 of 3000 complete in 106.4 sec
[-----------------95%----------------  ] 2855 of 3000 complete in 107.0 sec
[-----------------95%----------------  ] 2869 of 3000 complete in 107.5 sec
[-----------------96%----------------  ] 2883 of 3000 complete in 108.0 sec
[-----------------96%----------------  ] 2897 of 3000 complete in 108.5 sec
[-----------------97%----------------  ] 2913 of 3000 complete in 109.1 sec
[-----------------97%----------------- ] 2927 of 3000 complete in 109.6 sec
[-----------------98%----------------- ] 2943 of 3000 complete in 110.1 sec
[-----------------98%----------------- ] 2959 of 3000 complete in 110.6 sec
[-----------------99%----------------- ] 2974 of 3000 complete in 111.1 sec
[-----------------99%----------------- ] 2989 of 3000 complete in 111.7 sec
[-----------------100%-----------------] 3000 of 3000 complete in 112.1 sec
hddm sampling elpased time:  112.169 s
[fit_one_hddm] 完成 cond6_rep3_drop（1.9 分钟）→ /home/jovyan/work/2_Data/Generate_Data/TenRules_Revision_20260912/param_recovery/fits/drop
