[fit_one_hddm] cond6_rep2_drop: 10 被试 / 2562 试次 / omission=0.000 / p_outlier=0.05
[fit_one_hddm] 设置 z 默认值失败（忽略）：'z'
No model attribute --> setting up standard HDDM
Set model to ddm
[                  0%                  ] 11 of 3000 complete in 0.5 sec
[                  0%                  ] 27 of 3000 complete in 1.0 sec
[                  1%                  ] 43 of 3000 complete in 1.5 sec
[                  2%                  ] 60 of 3000 complete in 2.1 sec
[                  2%                  ] 75 of 3000 complete in 2.6 sec
[-                 3%                  ] 90 of 3000 complete in 3.1 sec
[-                 3%                  ] 105 of 3000 complete in 3.6 sec
[-                 3%                  ] 119 of 3000 complete in 4.1 sec
[-                 4%                  ] 133 of 3000 complete in 4.6 sec
[-                 4%                  ] 148 of 3000 complete in 5.2 sec
[--                5%                  ] 161 of 3000 complete in 5.7 sec
[--                5%                  ] 175 of 3000 complete in 6.2 sec
[--                6%                  ] 188 of 3000 complete in 6.7 sec
[--                6%                  ] 202 of 3000 complete in 7.2 sec
[--                7%                  ] 215 of 3000 complete in 7.8 sec
[--                7%                  ] 228 of 3000 complete in 8.3 sec
[---               8%                  ] 240 of 3000 complete in 8.8 sec
[---               8%                  ] 253 of 3000 complete in 9.3 sec
[---               8%                  ] 264 of 3000 complete in 9.8 sec
[---               9%                  ] 275 of 3000 complete in 10.4 sec
[---               9%                  ] 286 of 3000 complete in 10.9 sec
[---               9%                  ] 297 of 3000 complete in 11.4 sec
[---              10%                  ] 309 of 3000 complete in 11.9 sec
[----             10%                  ] 321 of 3000 complete in 12.4 sec
[----             11%                  ] 333 of 3000 complete in 12.9 sec
[----             11%                  ] 345 of 3000 complete in 13.5 sec
[----             11%                  ] 356 of 3000 complete in 14.0 sec
[----             12%                  ] 368 of 3000 complete in 14.5 sec
[----             12%                  ] 381 of 3000 complete in 15.0 sec
[----             13%                  ] 393 of 3000 complete in 15.5 sec
[-----            13%                  ] 405 of 3000 complete in 16.0 sec
[-----            13%                  ] 418 of 3000 complete in 16.6 sec
[-----            14%                  ] 431 of 3000 complete in 17.1 sec
[-----            14%                  ] 445 of 3000 complete in 17.6 sec
[-----            15%                  ] 458 of 3000 complete in 18.1 sec
[-----            15%                  ] 471 of 3000 complete in 18.6 sec
[------           16%                  ] 486 of 3000 complete in 19.2 sec
[------           16%                  ] 501 of 3000 complete in 19.7 sec
[------           17%                  ] 516 of 3000 complete in 20.2 sec
[------           17%                  ] 530 of 3000 complete in 20.7 sec
[------           18%                  ] 543 of 3000 complete in 21.2 sec
[-------          18%                  ] 554 of 3000 complete in 21.7 sec
[-------          18%                  ] 564 of 3000 complete in 22.3 sec
[-------          19%                  ] 574 of 3000 complete in 22.8 sec
[-------          19%                  ] 585 of 3000 complete in 23.3 sec
[-------          19%                  ] 597 of 3000 complete in 23.8 sec
[-------          20%                  ] 608 of 3000 complete in 24.3 sec
[-------          20%                  ] 619 of 3000 complete in 24.8 sec
[-------          21%                  ] 631 of 3000 complete in 25.3 sec
[--------         21%                  ] 644 of 3000 complete in 25.9 sec
[--------         21%                  ] 657 of 3000 complete in 26.4 sec
[--------         22%                  ] 671 of 3000 complete in 26.9 sec
[--------         22%                  ] 684 of 3000 complete in 27.4 sec
[--------         23%                  ] 698 of 3000 complete in 28.0 sec
[---------        23%                  ] 712 of 3000 complete in 28.5 sec
[---------        24%                  ] 727 of 3000 complete in 29.0 sec
[---------        24%                  ] 741 of 3000 complete in 29.6 sec
[---------        25%                  ] 754 of 3000 complete in 30.1 sec
[---------        25%                  ] 767 of 3000 complete in 30.6 sec
[---------        26%                  ] 780 of 3000 complete in 31.1 sec
[----------       26%                  ] 792 of 3000 complete in 31.6 sec
[----------       26%                  ] 806 of 3000 complete in 32.1 sec
[----------       27%                  ] 818 of 3000 complete in 32.7 sec
[----------       27%                  ] 830 of 3000 complete in 33.2 sec
[----------       28%                  ] 844 of 3000 complete in 33.8 sec
[----------       28%                  ] 858 of 3000 complete in 34.3 sec
[-----------      29%                  ] 871 of 3000 complete in 34.8 sec
[-----------      29%                  ] 884 of 3000 complete in 35.3 sec
[-----------      29%                  ] 897 of 3000 complete in 35.8 sec
[-----------      30%                  ] 911 of 3000 complete in 36.4 sec
[-----------      30%                  ] 925 of 3000 complete in 36.9 sec
[-----------      31%                  ] 939 of 3000 complete in 37.4 sec
[------------     31%                  ] 954 of 3000 complete in 37.9 sec
[------------     32%                  ] 968 of 3000 complete in 38.4 sec
[------------     32%                  ] 982 of 3000 complete in 38.9 sec
[------------     33%                  ] 996 of 3000 complete in 39.5 sec
[------------     33%                  ] 1011 of 3000 complete in 40.0 sec
[------------     34%                  ] 1024 of 3000 complete in 40.5 sec
[-------------    34%                  ] 1039 of 3000 complete in 41.0 sec
[-------------    35%                  ] 1052 of 3000 complete in 41.5 sec
[-------------    35%                  ] 1065 of 3000 complete in 42.0 sec
[-------------    35%                  ] 1078 of 3000 complete in 42.5 sec
[-------------    36%                  ] 1093 of 3000 complete in 43.1 sec
[--------------   36%                  ] 1107 of 3000 complete in 43.6 sec
[--------------   37%                  ] 1121 of 3000 complete in 44.1 sec
[--------------   37%                  ] 1135 of 3000 complete in 44.6 sec
[--------------   38%                  ] 1149 of 3000 complete in 45.1 sec
[--------------   38%                  ] 1161 of 3000 complete in 45.6 sec
[--------------   39%                  ] 1172 of 3000 complete in 46.1 sec
[--------------   39%                  ] 1183 of 3000 complete in 46.7 sec
[---------------  39%                  ] 1193 of 3000 complete in 47.2 sec
[---------------  40%                  ] 1203 of 3000 complete in 47.7 sec
[---------------  40%                  ] 1213 of 3000 complete in 48.3 sec
[---------------  40%                  ] 1224 of 3000 complete in 48.8 sec
[---------------  41%                  ] 1237 of 3000 complete in 49.3 sec
[---------------  41%                  ] 1250 of 3000 complete in 49.8 sec
[---------------  42%                  ] 1261 of 3000 complete in 50.4 sec
[---------------- 42%                  ] 1273 of 3000 complete in 50.9 sec
[---------------- 42%                  ] 1286 of 3000 complete in 51.4 sec
[---------------- 43%                  ] 1299 of 3000 complete in 51.9 sec
[---------------- 43%                  ] 1312 of 3000 complete in 52.5 sec
[---------------- 44%                  ] 1325 of 3000 complete in 53.0 sec
[---------------- 44%                  ] 1337 of 3000 complete in 53.5 sec
[-----------------44%                  ] 1348 of 3000 complete in 54.0 sec
[-----------------45%                  ] 1360 of 3000 complete in 54.5 sec
[-----------------45%                  ] 1371 of 3000 complete in 55.0 sec
[-----------------46%                  ] 1383 of 3000 complete in 55.5 sec
[-----------------46%                  ] 1397 of 3000 complete in 56.1 sec
[-----------------47%                  ] 1412 of 3000 complete in 56.6 sec
[-----------------47%                  ] 1428 of 3000 complete in 57.1 sec
[-----------------48%                  ] 1444 of 3000 complete in 57.6 sec
[-----------------48%                  ] 1459 of 3000 complete in 58.2 sec
[-----------------49%                  ] 1473 of 3000 complete in 58.7 sec
[-----------------49%                  ] 1486 of 3000 complete in 59.2 sec
[-----------------49%                  ] 1497 of 3000 complete in 59.7 sec
[-----------------50%                  ] 1510 of 3000 complete in 60.3 sec
[-----------------50%                  ] 1522 of 3000 complete in 60.8 sec
[-----------------51%                  ] 1534 of 3000 complete in 61.3 sec
[-----------------51%                  ] 1545 of 3000 complete in 61.8 sec
[-----------------51%                  ] 1557 of 3000 complete in 62.3 sec
[-----------------52%                  ] 1569 of 3000 complete in 62.8 sec
[-----------------52%                  ] 1581 of 3000 complete in 63.4 sec
[-----------------53%                  ] 1594 of 3000 complete in 63.9 sec
[-----------------53%                  ] 1606 of 3000 complete in 64.4 sec
[-----------------53%                  ] 1619 of 3000 complete in 64.9 sec
[-----------------54%                  ] 1632 of 3000 complete in 65.4 sec
[-----------------54%                  ] 1644 of 3000 complete in 65.9 sec
[-----------------55%                  ] 1656 of 3000 complete in 66.5 sec
[-----------------55%-                 ] 1668 of 3000 complete in 67.0 sec
[-----------------56%-                 ] 1680 of 3000 complete in 67.5 sec
[-----------------56%-                 ] 1692 of 3000 complete in 68.0 sec
[-----------------56%-                 ] 1702 of 3000 complete in 68.5 sec
[-----------------57%-                 ] 1711 of 3000 complete in 69.1 sec
[-----------------57%-                 ] 1719 of 3000 complete in 69.6 sec
[-----------------57%-                 ] 1727 of 3000 complete in 70.1 sec
[-----------------57%-                 ] 1735 of 3000 complete in 70.7 sec
[-----------------58%--                ] 1743 of 3000 complete in 71.3 sec
[-----------------58%--                ] 1751 of 3000 complete in 71.8 sec
[-----------------58%--                ] 1759 of 3000 complete in 72.4 sec
[-----------------58%--                ] 1767 of 3000 complete in 72.9 sec
[-----------------59%--                ] 1775 of 3000 complete in 73.5 sec
[-----------------59%--                ] 1783 of 3000 complete in 74.0 sec
[-----------------59%--                ] 1793 of 3000 complete in 74.5 sec
[-----------------60%--                ] 1802 of 3000 complete in 75.0 sec
[-----------------60%--                ] 1812 of 3000 complete in 75.6 sec
[-----------------60%---               ] 1823 of 3000 complete in 76.1 sec
[-----------------61%---               ] 1833 of 3000 complete in 76.6 sec
[-----------------61%---               ] 1845 of 3000 complete in 77.1 sec
[-----------------61%---               ] 1859 of 3000 complete in 77.7 sec
[-----------------62%---               ] 1874 of 3000 complete in 78.2 sec
[-----------------62%---               ] 1888 of 3000 complete in 78.7 sec
[-----------------63%----              ] 1900 of 3000 complete in 79.2 sec
[-----------------63%----              ] 1912 of 3000 complete in 79.7 sec
[-----------------64%----              ] 1926 of 3000 complete in 80.2 sec
[-----------------64%----              ] 1940 of 3000 complete in 80.7 sec
[-----------------65%----              ] 1954 of 3000 complete in 81.3 sec
[-----------------65%----              ] 1969 of 3000 complete in 81.8 sec
[-----------------66%-----             ] 1982 of 3000 complete in 82.3 sec
[-----------------66%-----             ] 1995 of 3000 complete in 82.8 sec
[-----------------66%-----             ] 2007 of 3000 complete in 83.4 sec
[-----------------67%-----             ] 2018 of 3000 complete in 83.9 sec
[-----------------67%-----             ] 2029 of 3000 complete in 84.4 sec
[-----------------68%-----             ] 2042 of 3000 complete in 84.9 sec
[-----------------68%------            ] 2054 of 3000 complete in 85.4 sec
[-----------------68%------            ] 2066 of 3000 complete in 86.0 sec
[-----------------69%------            ] 2077 of 3000 complete in 86.5 sec
[-----------------69%------            ] 2089 of 3000 complete in 87.0 sec
[-----------------70%------            ] 2102 of 3000 complete in 87.5 sec
[-----------------70%------            ] 2115 of 3000 complete in 88.0 sec
[-----------------70%------            ] 2129 of 3000 complete in 88.5 sec
[-----------------71%-------           ] 2144 of 3000 complete in 89.0 sec
[-----------------71%-------           ] 2158 of 3000 complete in 89.6 sec
[-----------------72%-------           ] 2171 of 3000 complete in 90.1 sec
[-----------------72%-------           ] 2184 of 3000 complete in 90.6 sec
[-----------------73%-------           ] 2197 of 3000 complete in 91.2 sec
[-----------------73%-------           ] 2209 of 3000 complete in 91.7 sec
[-----------------74%--------          ] 2222 of 3000 complete in 92.2 sec
[-----------------74%--------          ] 2234 of 3000 complete in 92.7 sec
[-----------------74%--------          ] 2246 of 3000 complete in 93.2 sec
[-----------------75%--------          ] 2257 of 3000 complete in 93.7 sec
[-----------------75%--------          ] 2270 of 3000 complete in 94.2 sec
[-----------------76%--------          ] 2284 of 3000 complete in 94.7 sec
[-----------------76%---------         ] 2299 of 3000 complete in 95.3 sec
[-----------------77%---------         ] 2313 of 3000 complete in 95.8 sec
[-----------------77%---------         ] 2326 of 3000 complete in 96.3 sec
[-----------------78%---------         ] 2340 of 3000 complete in 96.9 sec
[-----------------78%---------         ] 2354 of 3000 complete in 97.4 sec
[-----------------78%---------         ] 2368 of 3000 complete in 97.9 sec
[-----------------79%----------        ] 2382 of 3000 complete in 98.4 sec
[-----------------79%----------        ] 2397 of 3000 complete in 98.9 sec
[-----------------80%----------        ] 2412 of 3000 complete in 99.4 sec
[-----------------80%----------        ] 2427 of 3000 complete in 99.9 sec
[-----------------81%----------        ] 2441 of 3000 complete in 100.5 sec
[-----------------81%-----------       ] 2453 of 3000 complete in 101.0 sec
[-----------------82%-----------       ] 2466 of 3000 complete in 101.5 sec
[-----------------82%-----------       ] 2477 of 3000 complete in 102.0 sec
[-----------------82%-----------       ] 2488 of 3000 complete in 102.6 sec
[-----------------83%-----------       ] 2499 of 3000 complete in 103.1 sec
[-----------------83%-----------       ] 2510 of 3000 complete in 103.6 sec
[-----------------84%-----------       ] 2523 of 3000 complete in 104.1 sec
[-----------------84%------------      ] 2537 of 3000 complete in 104.6 sec
[-----------------85%------------      ] 2552 of 3000 complete in 105.1 sec
[-----------------85%------------      ] 2567 of 3000 complete in 105.6 sec
[-----------------86%------------      ] 2582 of 3000 complete in 106.2 sec
[-----------------86%------------      ] 2596 of 3000 complete in 106.7 sec
[-----------------87%-------------     ] 2611 of 3000 complete in 107.2 sec
[-----------------87%-------------     ] 2626 of 3000 complete in 107.7 sec
[-----------------87%-------------     ] 2639 of 3000 complete in 108.2 sec
[-----------------88%-------------     ] 2652 of 3000 complete in 108.8 sec
[-----------------88%-------------     ] 2666 of 3000 complete in 109.3 sec
[-----------------89%-------------     ] 2682 of 3000 complete in 109.8 sec
[-----------------89%--------------    ] 2694 of 3000 complete in 110.3 sec
[-----------------90%--------------    ] 2706 of 3000 complete in 110.8 sec
[-----------------90%--------------    ] 2720 of 3000 complete in 111.3 sec
[-----------------91%--------------    ] 2734 of 3000 complete in 111.8 sec
[-----------------91%--------------    ] 2749 of 3000 complete in 112.4 sec
[-----------------92%--------------    ] 2762 of 3000 complete in 112.9 sec
[-----------------92%---------------   ] 2777 of 3000 complete in 113.4 sec
[-----------------93%---------------   ] 2792 of 3000 complete in 113.9 sec
[-----------------93%---------------   ] 2806 of 3000 complete in 114.4 sec
[-----------------94%---------------   ] 2820 of 3000 complete in 114.9 sec
[-----------------94%---------------   ] 2835 of 3000 complete in 115.5 sec
[-----------------94%----------------  ] 2849 of 3000 complete in 116.0 sec
[-----------------95%----------------  ] 2863 of 3000 complete in 116.5 sec
[-----------------95%----------------  ] 2875 of 3000 complete in 117.0 sec
[-----------------96%----------------  ] 2889 of 3000 complete in 117.5 sec
[-----------------96%----------------  ] 2903 of 3000 complete in 118.1 sec
[-----------------97%----------------  ] 2917 of 3000 complete in 118.6 sec
[-----------------97%----------------- ] 2931 of 3000 complete in 119.1 sec
[-----------------98%----------------- ] 2945 of 3000 complete in 119.6 sec
[-----------------98%----------------- ] 2959 of 3000 complete in 120.1 sec
[-----------------99%----------------- ] 2972 of 3000 complete in 120.6 sec
[-----------------99%----------------- ] 2986 of 3000 complete in 121.1 sec
[-----------------99%----------------- ] 2999 of 3000 complete in 121.7 sec
[-----------------100%-----------------] 3000 of 3000 complete in 121.8 sec
hddm sampling elpased time:  121.849 s
[fit_one_hddm] 完成 cond6_rep2_drop（2.0 分钟）→ /home/jovyan/work/2_Data/Generate_Data/TenRules_Revision_20260912/param_recovery/fits/drop
