[fit_one_hddm] cond6_rep1_drop: 10 被试 / 2576 试次 / omission=0.000 / p_outlier=0.05
[fit_one_hddm] 设置 z 默认值失败（忽略）：'z'
No model attribute --> setting up standard HDDM
Set model to ddm
[                  0%                  ] 12 of 3000 complete in 0.5 sec
[                  0%                  ] 28 of 3000 complete in 1.0 sec
[                  1%                  ] 44 of 3000 complete in 1.5 sec
[                  2%                  ] 61 of 3000 complete in 2.1 sec
[                  2%                  ] 77 of 3000 complete in 2.6 sec
[-                 3%                  ] 94 of 3000 complete in 3.1 sec
[-                 3%                  ] 109 of 3000 complete in 3.6 sec
[-                 4%                  ] 121 of 3000 complete in 4.2 sec
[-                 4%                  ] 132 of 3000 complete in 4.7 sec
[-                 4%                  ] 143 of 3000 complete in 5.2 sec
[-                 5%                  ] 155 of 3000 complete in 5.7 sec
[--                5%                  ] 167 of 3000 complete in 6.2 sec
[--                6%                  ] 180 of 3000 complete in 6.8 sec
[--                6%                  ] 192 of 3000 complete in 7.3 sec
[--                6%                  ] 204 of 3000 complete in 7.8 sec
[--                7%                  ] 215 of 3000 complete in 8.3 sec
[--                7%                  ] 226 of 3000 complete in 8.8 sec
[---               7%                  ] 239 of 3000 complete in 9.4 sec
[---               8%                  ] 251 of 3000 complete in 9.9 sec
[---               8%                  ] 262 of 3000 complete in 10.4 sec
[---               9%                  ] 276 of 3000 complete in 10.9 sec
[---               9%                  ] 289 of 3000 complete in 11.5 sec
[---              10%                  ] 302 of 3000 complete in 12.0 sec
[---              10%                  ] 314 of 3000 complete in 12.5 sec
[----             10%                  ] 326 of 3000 complete in 13.0 sec
[----             11%                  ] 336 of 3000 complete in 13.5 sec
[----             11%                  ] 346 of 3000 complete in 14.0 sec
[----             11%                  ] 357 of 3000 complete in 14.6 sec
[----             12%                  ] 369 of 3000 complete in 15.1 sec
[----             12%                  ] 380 of 3000 complete in 15.6 sec
[----             13%                  ] 392 of 3000 complete in 16.1 sec
[-----            13%                  ] 403 of 3000 complete in 16.6 sec
[-----            13%                  ] 414 of 3000 complete in 17.2 sec
[-----            14%                  ] 426 of 3000 complete in 17.7 sec
[-----            14%                  ] 440 of 3000 complete in 18.2 sec
[-----            15%                  ] 453 of 3000 complete in 18.7 sec
[-----            15%                  ] 467 of 3000 complete in 19.2 sec
[------           16%                  ] 481 of 3000 complete in 19.8 sec
[------           16%                  ] 495 of 3000 complete in 20.3 sec
[------           16%                  ] 509 of 3000 complete in 20.8 sec
[------           17%                  ] 524 of 3000 complete in 21.3 sec
[------           18%                  ] 540 of 3000 complete in 21.9 sec
[-------          18%                  ] 556 of 3000 complete in 22.4 sec
[-------          19%                  ] 572 of 3000 complete in 22.9 sec
[-------          19%                  ] 587 of 3000 complete in 23.4 sec
[-------          20%                  ] 602 of 3000 complete in 24.0 sec
[-------          20%                  ] 616 of 3000 complete in 24.5 sec
[-------          21%                  ] 630 of 3000 complete in 25.0 sec
[--------         21%                  ] 644 of 3000 complete in 25.5 sec
[--------         21%                  ] 658 of 3000 complete in 26.0 sec
[--------         22%                  ] 672 of 3000 complete in 26.5 sec
[--------         22%                  ] 686 of 3000 complete in 27.0 sec
[--------         23%                  ] 701 of 3000 complete in 27.5 sec
[---------        23%                  ] 717 of 3000 complete in 28.1 sec
[---------        24%                  ] 731 of 3000 complete in 28.6 sec
[---------        24%                  ] 745 of 3000 complete in 29.1 sec
[---------        25%                  ] 760 of 3000 complete in 29.6 sec
[---------        25%                  ] 775 of 3000 complete in 30.1 sec
[----------       26%                  ] 791 of 3000 complete in 30.6 sec
[----------       26%                  ] 806 of 3000 complete in 31.1 sec
[----------       27%                  ] 821 of 3000 complete in 31.7 sec
[----------       27%                  ] 836 of 3000 complete in 32.2 sec
[----------       28%                  ] 850 of 3000 complete in 32.7 sec
[----------       28%                  ] 864 of 3000 complete in 33.2 sec
[-----------      29%                  ] 877 of 3000 complete in 33.8 sec
[-----------      29%                  ] 891 of 3000 complete in 34.3 sec
[-----------      30%                  ] 905 of 3000 complete in 34.8 sec
[-----------      30%                  ] 918 of 3000 complete in 35.3 sec
[-----------      31%                  ] 930 of 3000 complete in 35.9 sec
[-----------      31%                  ] 941 of 3000 complete in 36.4 sec
[------------     31%                  ] 952 of 3000 complete in 36.9 sec
[------------     32%                  ] 963 of 3000 complete in 37.4 sec
[------------     32%                  ] 974 of 3000 complete in 38.0 sec
[------------     32%                  ] 986 of 3000 complete in 38.5 sec
[------------     33%                  ] 997 of 3000 complete in 39.0 sec
[------------     33%                  ] 1009 of 3000 complete in 39.5 sec
[------------     34%                  ] 1021 of 3000 complete in 40.0 sec
[-------------    34%                  ] 1033 of 3000 complete in 40.6 sec
[-------------    34%                  ] 1045 of 3000 complete in 41.1 sec
[-------------    35%                  ] 1056 of 3000 complete in 41.6 sec
[-------------    35%                  ] 1067 of 3000 complete in 42.2 sec
[-------------    35%                  ] 1078 of 3000 complete in 42.7 sec
[-------------    36%                  ] 1089 of 3000 complete in 43.2 sec
[-------------    36%                  ] 1100 of 3000 complete in 43.7 sec
[--------------   37%                  ] 1113 of 3000 complete in 44.2 sec
[--------------   37%                  ] 1127 of 3000 complete in 44.7 sec
[--------------   38%                  ] 1141 of 3000 complete in 45.3 sec
[--------------   38%                  ] 1154 of 3000 complete in 45.8 sec
[--------------   38%                  ] 1166 of 3000 complete in 46.3 sec
[--------------   39%                  ] 1179 of 3000 complete in 46.8 sec
[---------------  39%                  ] 1192 of 3000 complete in 47.3 sec
[---------------  40%                  ] 1206 of 3000 complete in 47.8 sec
[---------------  40%                  ] 1220 of 3000 complete in 48.3 sec
[---------------  41%                  ] 1235 of 3000 complete in 48.8 sec
[---------------  41%                  ] 1250 of 3000 complete in 49.4 sec
[---------------- 42%                  ] 1265 of 3000 complete in 49.9 sec
[---------------- 42%                  ] 1279 of 3000 complete in 50.4 sec
[---------------- 43%                  ] 1292 of 3000 complete in 50.9 sec
[---------------- 43%                  ] 1307 of 3000 complete in 51.4 sec
[---------------- 44%                  ] 1322 of 3000 complete in 52.0 sec
[---------------- 44%                  ] 1335 of 3000 complete in 52.5 sec
[-----------------45%                  ] 1350 of 3000 complete in 53.0 sec
[-----------------45%                  ] 1364 of 3000 complete in 53.5 sec
[-----------------45%                  ] 1378 of 3000 complete in 54.1 sec
[-----------------46%                  ] 1392 of 3000 complete in 54.6 sec
[-----------------46%                  ] 1406 of 3000 complete in 55.1 sec
[-----------------47%                  ] 1419 of 3000 complete in 55.6 sec
[-----------------47%                  ] 1432 of 3000 complete in 56.1 sec
[-----------------48%                  ] 1445 of 3000 complete in 56.6 sec
[-----------------48%                  ] 1458 of 3000 complete in 57.1 sec
[-----------------49%                  ] 1472 of 3000 complete in 57.7 sec
[-----------------49%                  ] 1486 of 3000 complete in 58.2 sec
[-----------------50%                  ] 1500 of 3000 complete in 58.7 sec
[-----------------50%                  ] 1513 of 3000 complete in 59.2 sec
[-----------------50%                  ] 1526 of 3000 complete in 59.7 sec
[-----------------51%                  ] 1539 of 3000 complete in 60.2 sec
[-----------------51%                  ] 1551 of 3000 complete in 60.7 sec
[-----------------52%                  ] 1563 of 3000 complete in 61.2 sec
[-----------------52%                  ] 1576 of 3000 complete in 61.7 sec
[-----------------53%                  ] 1590 of 3000 complete in 62.3 sec
[-----------------53%                  ] 1604 of 3000 complete in 62.8 sec
[-----------------53%                  ] 1617 of 3000 complete in 63.3 sec
[-----------------54%                  ] 1631 of 3000 complete in 63.8 sec
[-----------------54%                  ] 1645 of 3000 complete in 64.3 sec
[-----------------55%-                 ] 1658 of 3000 complete in 64.9 sec
[-----------------55%-                 ] 1671 of 3000 complete in 65.4 sec
[-----------------56%-                 ] 1684 of 3000 complete in 65.9 sec
[-----------------56%-                 ] 1698 of 3000 complete in 66.4 sec
[-----------------57%-                 ] 1712 of 3000 complete in 66.9 sec
[-----------------57%-                 ] 1728 of 3000 complete in 67.5 sec
[-----------------58%--                ] 1742 of 3000 complete in 68.0 sec
[-----------------58%--                ] 1756 of 3000 complete in 68.5 sec
[-----------------59%--                ] 1770 of 3000 complete in 69.0 sec
[-----------------59%--                ] 1784 of 3000 complete in 69.5 sec
[-----------------59%--                ] 1797 of 3000 complete in 70.1 sec
[-----------------60%--                ] 1809 of 3000 complete in 70.6 sec
[-----------------60%---               ] 1823 of 3000 complete in 71.1 sec
[-----------------61%---               ] 1838 of 3000 complete in 71.6 sec
[-----------------61%---               ] 1852 of 3000 complete in 72.2 sec
[-----------------62%---               ] 1866 of 3000 complete in 72.7 sec
[-----------------62%---               ] 1879 of 3000 complete in 73.2 sec
[-----------------63%---               ] 1892 of 3000 complete in 73.7 sec
[-----------------63%----              ] 1905 of 3000 complete in 74.3 sec
[-----------------63%----              ] 1918 of 3000 complete in 74.8 sec
[-----------------64%----              ] 1931 of 3000 complete in 75.3 sec
[-----------------64%----              ] 1945 of 3000 complete in 75.8 sec
[-----------------65%----              ] 1959 of 3000 complete in 76.3 sec
[-----------------65%----              ] 1971 of 3000 complete in 76.9 sec
[-----------------66%-----             ] 1985 of 3000 complete in 77.4 sec
[-----------------66%-----             ] 1998 of 3000 complete in 77.9 sec
[-----------------67%-----             ] 2011 of 3000 complete in 78.4 sec
[-----------------67%-----             ] 2025 of 3000 complete in 78.9 sec
[-----------------67%-----             ] 2039 of 3000 complete in 79.4 sec
[-----------------68%------            ] 2053 of 3000 complete in 79.9 sec
[-----------------68%------            ] 2068 of 3000 complete in 80.5 sec
[-----------------69%------            ] 2083 of 3000 complete in 81.0 sec
[-----------------69%------            ] 2099 of 3000 complete in 81.5 sec
[-----------------70%------            ] 2114 of 3000 complete in 82.0 sec
[-----------------70%------            ] 2128 of 3000 complete in 82.5 sec
[-----------------71%-------           ] 2140 of 3000 complete in 83.1 sec
[-----------------71%-------           ] 2153 of 3000 complete in 83.6 sec
[-----------------72%-------           ] 2165 of 3000 complete in 84.1 sec
[-----------------72%-------           ] 2178 of 3000 complete in 84.6 sec
[-----------------73%-------           ] 2193 of 3000 complete in 85.2 sec
[-----------------73%-------           ] 2206 of 3000 complete in 85.7 sec
[-----------------73%--------          ] 2219 of 3000 complete in 86.2 sec
[-----------------74%--------          ] 2233 of 3000 complete in 86.7 sec
[-----------------74%--------          ] 2248 of 3000 complete in 87.3 sec
[-----------------75%--------          ] 2262 of 3000 complete in 87.8 sec
[-----------------75%--------          ] 2277 of 3000 complete in 88.3 sec
[-----------------76%---------         ] 2292 of 3000 complete in 88.8 sec
[-----------------76%---------         ] 2306 of 3000 complete in 89.4 sec
[-----------------77%---------         ] 2320 of 3000 complete in 89.9 sec
[-----------------77%---------         ] 2334 of 3000 complete in 90.4 sec
[-----------------78%---------         ] 2348 of 3000 complete in 90.9 sec
[-----------------78%---------         ] 2361 of 3000 complete in 91.4 sec
[-----------------79%----------        ] 2376 of 3000 complete in 92.0 sec
[-----------------79%----------        ] 2390 of 3000 complete in 92.5 sec
[-----------------80%----------        ] 2403 of 3000 complete in 93.0 sec
[-----------------80%----------        ] 2417 of 3000 complete in 93.5 sec
[-----------------81%----------        ] 2430 of 3000 complete in 94.0 sec
[-----------------81%----------        ] 2442 of 3000 complete in 94.5 sec
[-----------------81%-----------       ] 2455 of 3000 complete in 95.1 sec
[-----------------82%-----------       ] 2469 of 3000 complete in 95.6 sec
[-----------------82%-----------       ] 2480 of 3000 complete in 96.1 sec
[-----------------83%-----------       ] 2491 of 3000 complete in 96.6 sec
[-----------------83%-----------       ] 2505 of 3000 complete in 97.2 sec
[-----------------83%-----------       ] 2518 of 3000 complete in 97.7 sec
[-----------------84%------------      ] 2531 of 3000 complete in 98.2 sec
[-----------------84%------------      ] 2545 of 3000 complete in 98.7 sec
[-----------------85%------------      ] 2559 of 3000 complete in 99.2 sec
[-----------------85%------------      ] 2573 of 3000 complete in 99.7 sec
[-----------------86%------------      ] 2587 of 3000 complete in 100.3 sec
[-----------------86%------------      ] 2601 of 3000 complete in 100.8 sec
[-----------------87%-------------     ] 2616 of 3000 complete in 101.3 sec
[-----------------87%-------------     ] 2631 of 3000 complete in 101.8 sec
[-----------------88%-------------     ] 2646 of 3000 complete in 102.3 sec
[-----------------88%-------------     ] 2660 of 3000 complete in 102.8 sec
[-----------------89%-------------     ] 2676 of 3000 complete in 103.4 sec
[-----------------89%--------------    ] 2690 of 3000 complete in 103.9 sec
[-----------------90%--------------    ] 2704 of 3000 complete in 104.4 sec
[-----------------90%--------------    ] 2719 of 3000 complete in 104.9 sec
[-----------------91%--------------    ] 2733 of 3000 complete in 105.5 sec
[-----------------91%--------------    ] 2747 of 3000 complete in 106.0 sec
[-----------------92%--------------    ] 2760 of 3000 complete in 106.5 sec
[-----------------92%---------------   ] 2773 of 3000 complete in 107.0 sec
[-----------------92%---------------   ] 2786 of 3000 complete in 107.5 sec
[-----------------93%---------------   ] 2799 of 3000 complete in 108.0 sec
[-----------------93%---------------   ] 2813 of 3000 complete in 108.6 sec
[-----------------94%---------------   ] 2828 of 3000 complete in 109.1 sec
[-----------------94%---------------   ] 2842 of 3000 complete in 109.6 sec
[-----------------95%----------------  ] 2856 of 3000 complete in 110.1 sec
[-----------------95%----------------  ] 2868 of 3000 complete in 110.6 sec
[-----------------96%----------------  ] 2880 of 3000 complete in 111.2 sec
[-----------------96%----------------  ] 2894 of 3000 complete in 111.7 sec
[-----------------96%----------------  ] 2908 of 3000 complete in 112.2 sec
[-----------------97%----------------- ] 2923 of 3000 complete in 112.7 sec
[-----------------97%----------------- ] 2936 of 3000 complete in 113.2 sec
[-----------------98%----------------- ] 2950 of 3000 complete in 113.8 sec
[-----------------98%----------------- ] 2963 of 3000 complete in 114.3 sec
[-----------------99%----------------- ] 2976 of 3000 complete in 114.8 sec
[-----------------99%----------------- ] 2989 of 3000 complete in 115.3 sec
[-----------------100%-----------------] 3000 of 3000 complete in 115.8 sec
hddm sampling elpased time:  115.871 s
[fit_one_hddm] 完成 cond6_rep1_drop（1.9 分钟）→ /home/jovyan/work/2_Data/Generate_Data/TenRules_Revision_20260912/param_recovery/fits/drop
