[fit_one_hddm] cond5_rep2_drop: 11 被试 / 2526 试次 / omission=0.000 / p_outlier=0.05
[fit_one_hddm] 设置 z 默认值失败（忽略）：'z'
No model attribute --> setting up standard HDDM
Set model to ddm
[                  0%                  ] 14 of 3000 complete in 0.5 sec
[                  1%                  ] 30 of 3000 complete in 1.0 sec
[                  1%                  ] 45 of 3000 complete in 1.6 sec
[                  2%                  ] 62 of 3000 complete in 2.1 sec
[                  2%                  ] 78 of 3000 complete in 2.6 sec
[-                 3%                  ] 94 of 3000 complete in 3.1 sec
[-                 3%                  ] 110 of 3000 complete in 3.6 sec
[-                 4%                  ] 124 of 3000 complete in 4.1 sec
[-                 4%                  ] 139 of 3000 complete in 4.6 sec
[-                 5%                  ] 154 of 3000 complete in 5.2 sec
[--                5%                  ] 170 of 3000 complete in 5.7 sec
[--                6%                  ] 185 of 3000 complete in 6.2 sec
[--                6%                  ] 200 of 3000 complete in 6.7 sec
[--                7%                  ] 215 of 3000 complete in 7.2 sec
[--                7%                  ] 232 of 3000 complete in 7.8 sec
[---               8%                  ] 247 of 3000 complete in 8.3 sec
[---               8%                  ] 262 of 3000 complete in 8.8 sec
[---               9%                  ] 275 of 3000 complete in 9.3 sec
[---               9%                  ] 288 of 3000 complete in 9.8 sec
[---              10%                  ] 302 of 3000 complete in 10.3 sec
[---              10%                  ] 315 of 3000 complete in 10.8 sec
[----             10%                  ] 328 of 3000 complete in 11.3 sec
[----             11%                  ] 342 of 3000 complete in 11.8 sec
[----             11%                  ] 356 of 3000 complete in 12.3 sec
[----             12%                  ] 372 of 3000 complete in 12.9 sec
[----             12%                  ] 387 of 3000 complete in 13.4 sec
[-----            13%                  ] 401 of 3000 complete in 13.9 sec
[-----            13%                  ] 414 of 3000 complete in 14.5 sec
[-----            14%                  ] 425 of 3000 complete in 15.0 sec
[-----            14%                  ] 436 of 3000 complete in 15.5 sec
[-----            14%                  ] 448 of 3000 complete in 16.0 sec
[-----            15%                  ] 459 of 3000 complete in 16.5 sec
[-----            15%                  ] 470 of 3000 complete in 17.0 sec
[------           16%                  ] 481 of 3000 complete in 17.6 sec
[------           16%                  ] 492 of 3000 complete in 18.1 sec
[------           16%                  ] 502 of 3000 complete in 18.6 sec
[------           17%                  ] 513 of 3000 complete in 19.1 sec
[------           17%                  ] 526 of 3000 complete in 19.6 sec
[------           18%                  ] 540 of 3000 complete in 20.2 sec
[-------          18%                  ] 556 of 3000 complete in 20.7 sec
[-------          19%                  ] 573 of 3000 complete in 21.2 sec
[-------          19%                  ] 589 of 3000 complete in 21.7 sec
[-------          20%                  ] 605 of 3000 complete in 22.2 sec
[-------          20%                  ] 622 of 3000 complete in 22.7 sec
[--------         21%                  ] 638 of 3000 complete in 23.3 sec
[--------         21%                  ] 654 of 3000 complete in 23.8 sec
[--------         22%                  ] 670 of 3000 complete in 24.3 sec
[--------         22%                  ] 686 of 3000 complete in 24.8 sec
[--------         23%                  ] 703 of 3000 complete in 25.3 sec
[---------        24%                  ] 720 of 3000 complete in 25.9 sec
[---------        24%                  ] 735 of 3000 complete in 26.4 sec
[---------        25%                  ] 751 of 3000 complete in 26.9 sec
[---------        25%                  ] 767 of 3000 complete in 27.4 sec
[---------        26%                  ] 782 of 3000 complete in 27.9 sec
[----------       26%                  ] 797 of 3000 complete in 28.4 sec
[----------       27%                  ] 811 of 3000 complete in 28.9 sec
[----------       27%                  ] 825 of 3000 complete in 29.5 sec
[----------       27%                  ] 839 of 3000 complete in 30.0 sec
[----------       28%                  ] 854 of 3000 complete in 30.5 sec
[-----------      28%                  ] 869 of 3000 complete in 31.0 sec
[-----------      29%                  ] 884 of 3000 complete in 31.5 sec
[-----------      30%                  ] 900 of 3000 complete in 32.1 sec
[-----------      30%                  ] 916 of 3000 complete in 32.6 sec
[-----------      31%                  ] 932 of 3000 complete in 33.1 sec
[------------     31%                  ] 949 of 3000 complete in 33.6 sec
[------------     32%                  ] 965 of 3000 complete in 34.1 sec
[------------     32%                  ] 980 of 3000 complete in 34.6 sec
[------------     33%                  ] 996 of 3000 complete in 35.2 sec
[------------     33%                  ] 1013 of 3000 complete in 35.7 sec
[-------------    34%                  ] 1029 of 3000 complete in 36.2 sec
[-------------    34%                  ] 1045 of 3000 complete in 36.7 sec
[-------------    35%                  ] 1061 of 3000 complete in 37.2 sec
[-------------    35%                  ] 1076 of 3000 complete in 37.7 sec
[-------------    36%                  ] 1092 of 3000 complete in 38.2 sec
[--------------   36%                  ] 1108 of 3000 complete in 38.8 sec
[--------------   37%                  ] 1124 of 3000 complete in 39.3 sec
[--------------   37%                  ] 1139 of 3000 complete in 39.8 sec
[--------------   38%                  ] 1154 of 3000 complete in 40.3 sec
[--------------   39%                  ] 1170 of 3000 complete in 40.8 sec
[---------------  39%                  ] 1186 of 3000 complete in 41.3 sec
[---------------  40%                  ] 1202 of 3000 complete in 41.8 sec
[---------------  40%                  ] 1218 of 3000 complete in 42.3 sec
[---------------  41%                  ] 1233 of 3000 complete in 42.9 sec
[---------------  41%                  ] 1246 of 3000 complete in 43.4 sec
[---------------  42%                  ] 1260 of 3000 complete in 43.9 sec
[---------------- 42%                  ] 1275 of 3000 complete in 44.5 sec
[---------------- 43%                  ] 1290 of 3000 complete in 45.0 sec
[---------------- 43%                  ] 1305 of 3000 complete in 45.5 sec
[---------------- 44%                  ] 1320 of 3000 complete in 46.0 sec
[---------------- 44%                  ] 1335 of 3000 complete in 46.5 sec
[-----------------45%                  ] 1351 of 3000 complete in 47.1 sec
[-----------------45%                  ] 1367 of 3000 complete in 47.6 sec
[-----------------46%                  ] 1383 of 3000 complete in 48.1 sec
[-----------------46%                  ] 1398 of 3000 complete in 48.6 sec
[-----------------47%                  ] 1413 of 3000 complete in 49.1 sec
[-----------------47%                  ] 1429 of 3000 complete in 49.6 sec
[-----------------48%                  ] 1445 of 3000 complete in 50.2 sec
[-----------------48%                  ] 1460 of 3000 complete in 50.7 sec
[-----------------49%                  ] 1476 of 3000 complete in 51.2 sec
[-----------------49%                  ] 1491 of 3000 complete in 51.7 sec
[-----------------50%                  ] 1507 of 3000 complete in 52.2 sec
[-----------------50%                  ] 1524 of 3000 complete in 52.8 sec
[-----------------51%                  ] 1540 of 3000 complete in 53.3 sec
[-----------------51%                  ] 1556 of 3000 complete in 53.8 sec
[-----------------52%                  ] 1572 of 3000 complete in 54.3 sec
[-----------------52%                  ] 1587 of 3000 complete in 54.8 sec
[-----------------53%                  ] 1602 of 3000 complete in 55.3 sec
[-----------------53%                  ] 1618 of 3000 complete in 55.8 sec
[-----------------54%                  ] 1634 of 3000 complete in 56.4 sec
[-----------------54%                  ] 1649 of 3000 complete in 56.9 sec
[-----------------55%-                 ] 1665 of 3000 complete in 57.4 sec
[-----------------56%-                 ] 1681 of 3000 complete in 57.9 sec
[-----------------56%-                 ] 1695 of 3000 complete in 58.4 sec
[-----------------56%-                 ] 1709 of 3000 complete in 58.9 sec
[-----------------57%-                 ] 1724 of 3000 complete in 59.5 sec
[-----------------57%--                ] 1738 of 3000 complete in 60.0 sec
[-----------------58%--                ] 1752 of 3000 complete in 60.5 sec
[-----------------58%--                ] 1766 of 3000 complete in 61.1 sec
[-----------------59%--                ] 1781 of 3000 complete in 61.6 sec
[-----------------59%--                ] 1795 of 3000 complete in 62.1 sec
[-----------------60%--                ] 1811 of 3000 complete in 62.6 sec
[-----------------60%---               ] 1826 of 3000 complete in 63.1 sec
[-----------------61%---               ] 1842 of 3000 complete in 63.7 sec
[-----------------61%---               ] 1857 of 3000 complete in 64.2 sec
[-----------------62%---               ] 1872 of 3000 complete in 64.7 sec
[-----------------62%---               ] 1886 of 3000 complete in 65.2 sec
[-----------------63%----              ] 1900 of 3000 complete in 65.7 sec
[-----------------63%----              ] 1914 of 3000 complete in 66.2 sec
[-----------------64%----              ] 1930 of 3000 complete in 66.7 sec
[-----------------64%----              ] 1945 of 3000 complete in 67.3 sec
[-----------------65%----              ] 1960 of 3000 complete in 67.8 sec
[-----------------65%-----             ] 1975 of 3000 complete in 68.3 sec
[-----------------66%-----             ] 1990 of 3000 complete in 68.8 sec
[-----------------66%-----             ] 2005 of 3000 complete in 69.3 sec
[-----------------67%-----             ] 2020 of 3000 complete in 69.8 sec
[-----------------67%-----             ] 2036 of 3000 complete in 70.3 sec
[-----------------68%-----             ] 2052 of 3000 complete in 70.8 sec
[-----------------68%------            ] 2068 of 3000 complete in 71.4 sec
[-----------------69%------            ] 2083 of 3000 complete in 71.9 sec
[-----------------69%------            ] 2099 of 3000 complete in 72.4 sec
[-----------------70%------            ] 2114 of 3000 complete in 72.9 sec
[-----------------70%------            ] 2129 of 3000 complete in 73.4 sec
[-----------------71%-------           ] 2144 of 3000 complete in 73.9 sec
[-----------------72%-------           ] 2160 of 3000 complete in 74.5 sec
[-----------------72%-------           ] 2176 of 3000 complete in 75.0 sec
[-----------------73%-------           ] 2192 of 3000 complete in 75.5 sec
[-----------------73%-------           ] 2208 of 3000 complete in 76.0 sec
[-----------------74%--------          ] 2223 of 3000 complete in 76.5 sec
[-----------------74%--------          ] 2239 of 3000 complete in 77.0 sec
[-----------------75%--------          ] 2256 of 3000 complete in 77.6 sec
[-----------------75%--------          ] 2271 of 3000 complete in 78.1 sec
[-----------------76%--------          ] 2287 of 3000 complete in 78.6 sec
[-----------------76%---------         ] 2303 of 3000 complete in 79.1 sec
[-----------------77%---------         ] 2319 of 3000 complete in 79.6 sec
[-----------------77%---------         ] 2336 of 3000 complete in 80.1 sec
[-----------------78%---------         ] 2352 of 3000 complete in 80.6 sec
[-----------------78%---------         ] 2367 of 3000 complete in 81.2 sec
[-----------------79%----------        ] 2382 of 3000 complete in 81.7 sec
[-----------------79%----------        ] 2397 of 3000 complete in 82.2 sec
[-----------------80%----------        ] 2412 of 3000 complete in 82.7 sec
[-----------------80%----------        ] 2428 of 3000 complete in 83.3 sec
[-----------------81%----------        ] 2444 of 3000 complete in 83.8 sec
[-----------------82%-----------       ] 2460 of 3000 complete in 84.3 sec
[-----------------82%-----------       ] 2476 of 3000 complete in 84.8 sec
[-----------------83%-----------       ] 2491 of 3000 complete in 85.3 sec
[-----------------83%-----------       ] 2508 of 3000 complete in 85.8 sec
[-----------------84%-----------       ] 2524 of 3000 complete in 86.4 sec
[-----------------84%------------      ] 2540 of 3000 complete in 86.9 sec
[-----------------85%------------      ] 2556 of 3000 complete in 87.4 sec
[-----------------85%------------      ] 2572 of 3000 complete in 87.9 sec
[-----------------86%------------      ] 2586 of 3000 complete in 88.4 sec
[-----------------86%------------      ] 2599 of 3000 complete in 89.0 sec
[-----------------87%-------------     ] 2611 of 3000 complete in 89.5 sec
[-----------------87%-------------     ] 2625 of 3000 complete in 90.0 sec
[-----------------87%-------------     ] 2639 of 3000 complete in 90.5 sec
[-----------------88%-------------     ] 2652 of 3000 complete in 91.0 sec
[-----------------88%-------------     ] 2664 of 3000 complete in 91.5 sec
[-----------------89%-------------     ] 2675 of 3000 complete in 92.1 sec
[-----------------89%--------------    ] 2687 of 3000 complete in 92.6 sec
[-----------------90%--------------    ] 2700 of 3000 complete in 93.1 sec
[-----------------90%--------------    ] 2712 of 3000 complete in 93.6 sec
[-----------------90%--------------    ] 2724 of 3000 complete in 94.1 sec
[-----------------91%--------------    ] 2738 of 3000 complete in 94.6 sec
[-----------------91%--------------    ] 2753 of 3000 complete in 95.1 sec
[-----------------92%---------------   ] 2768 of 3000 complete in 95.7 sec
[-----------------92%---------------   ] 2780 of 3000 complete in 96.2 sec
[-----------------93%---------------   ] 2794 of 3000 complete in 96.7 sec
[-----------------93%---------------   ] 2809 of 3000 complete in 97.2 sec
[-----------------94%---------------   ] 2824 of 3000 complete in 97.7 sec
[-----------------94%---------------   ] 2839 of 3000 complete in 98.3 sec
[-----------------95%----------------  ] 2853 of 3000 complete in 98.8 sec
[-----------------95%----------------  ] 2868 of 3000 complete in 99.3 sec
[-----------------96%----------------  ] 2884 of 3000 complete in 99.8 sec
[-----------------96%----------------  ] 2900 of 3000 complete in 100.3 sec
[-----------------97%----------------  ] 2916 of 3000 complete in 100.8 sec
[-----------------97%----------------- ] 2933 of 3000 complete in 101.3 sec
[-----------------98%----------------- ] 2950 of 3000 complete in 101.8 sec
[-----------------98%----------------- ] 2966 of 3000 complete in 102.3 sec
[-----------------99%----------------- ] 2980 of 3000 complete in 102.9 sec
[-----------------99%----------------- ] 2994 of 3000 complete in 103.4 sec
[-----------------100%-----------------] 3000 of 3000 complete in 103.6 sec
hddm sampling elpased time:  103.712 s
[fit_one_hddm] 完成 cond5_rep2_drop（1.7 分钟）→ /home/jovyan/work/2_Data/Generate_Data/TenRules_Revision_20260912/param_recovery/fits/drop
