[fit_one_hddm] cond7_rep3_drop: 12 被试 / 2401 试次 / omission=0.000 / p_outlier=0.05
[fit_one_hddm] 设置 z 默认值失败（忽略）：'z'
No model attribute --> setting up standard HDDM
Set model to ddm
[                  0%                  ] 13 of 3000 complete in 0.5 sec
[                  0%                  ] 28 of 3000 complete in 1.0 sec
[                  1%                  ] 44 of 3000 complete in 1.6 sec
[                  2%                  ] 60 of 3000 complete in 2.1 sec
[                  2%                  ] 76 of 3000 complete in 2.6 sec
[-                 3%                  ] 92 of 3000 complete in 3.2 sec
[-                 3%                  ] 107 of 3000 complete in 3.7 sec
[-                 4%                  ] 120 of 3000 complete in 4.2 sec
[-                 4%                  ] 132 of 3000 complete in 4.7 sec
[-                 4%                  ] 143 of 3000 complete in 5.2 sec
[-                 5%                  ] 155 of 3000 complete in 5.7 sec
[--                5%                  ] 168 of 3000 complete in 6.3 sec
[--                6%                  ] 181 of 3000 complete in 6.8 sec
[--                6%                  ] 195 of 3000 complete in 7.3 sec
[--                6%                  ] 209 of 3000 complete in 7.8 sec
[--                7%                  ] 222 of 3000 complete in 8.4 sec
[--                7%                  ] 234 of 3000 complete in 8.9 sec
[---               8%                  ] 247 of 3000 complete in 9.4 sec
[---               8%                  ] 259 of 3000 complete in 9.9 sec
[---               9%                  ] 271 of 3000 complete in 10.5 sec
[---               9%                  ] 283 of 3000 complete in 11.0 sec
[---               9%                  ] 294 of 3000 complete in 11.5 sec
[---              10%                  ] 304 of 3000 complete in 12.0 sec
[---              10%                  ] 314 of 3000 complete in 12.5 sec
[----             10%                  ] 325 of 3000 complete in 13.1 sec
[----             11%                  ] 336 of 3000 complete in 13.6 sec
[----             11%                  ] 347 of 3000 complete in 14.1 sec
[----             11%                  ] 359 of 3000 complete in 14.6 sec
[----             12%                  ] 371 of 3000 complete in 15.2 sec
[----             12%                  ] 383 of 3000 complete in 15.7 sec
[-----            13%                  ] 395 of 3000 complete in 16.2 sec
[-----            13%                  ] 408 of 3000 complete in 16.7 sec
[-----            14%                  ] 421 of 3000 complete in 17.3 sec
[-----            14%                  ] 433 of 3000 complete in 17.8 sec
[-----            14%                  ] 445 of 3000 complete in 18.3 sec
[-----            15%                  ] 457 of 3000 complete in 18.8 sec
[-----            15%                  ] 469 of 3000 complete in 19.3 sec
[------           15%                  ] 479 of 3000 complete in 19.8 sec
[------           16%                  ] 489 of 3000 complete in 20.4 sec
[------           16%                  ] 500 of 3000 complete in 20.9 sec
[------           17%                  ] 510 of 3000 complete in 21.4 sec
[------           17%                  ] 520 of 3000 complete in 22.0 sec
[------           17%                  ] 530 of 3000 complete in 22.5 sec
[------           18%                  ] 540 of 3000 complete in 23.0 sec
[------           18%                  ] 550 of 3000 complete in 23.5 sec
[-------          18%                  ] 559 of 3000 complete in 24.1 sec
[-------          19%                  ] 570 of 3000 complete in 24.6 sec
[-------          19%                  ] 581 of 3000 complete in 25.1 sec
[-------          19%                  ] 593 of 3000 complete in 25.7 sec
[-------          20%                  ] 605 of 3000 complete in 26.2 sec
[-------          20%                  ] 617 of 3000 complete in 26.7 sec
[-------          20%                  ] 629 of 3000 complete in 27.2 sec
[--------         21%                  ] 642 of 3000 complete in 27.8 sec
[--------         21%                  ] 654 of 3000 complete in 28.3 sec
[--------         22%                  ] 667 of 3000 complete in 28.8 sec
[--------         22%                  ] 679 of 3000 complete in 29.3 sec
[--------         23%                  ] 691 of 3000 complete in 29.8 sec
[--------         23%                  ] 703 of 3000 complete in 30.3 sec
[---------        23%                  ] 716 of 3000 complete in 30.9 sec
[---------        24%                  ] 728 of 3000 complete in 31.4 sec
[---------        24%                  ] 739 of 3000 complete in 31.9 sec
[---------        25%                  ] 750 of 3000 complete in 32.4 sec
[---------        25%                  ] 761 of 3000 complete in 32.9 sec
[---------        25%                  ] 772 of 3000 complete in 33.4 sec
[---------        26%                  ] 784 of 3000 complete in 34.0 sec
[----------       26%                  ] 796 of 3000 complete in 34.5 sec
[----------       26%                  ] 809 of 3000 complete in 35.0 sec
[----------       27%                  ] 822 of 3000 complete in 35.5 sec
[----------       27%                  ] 835 of 3000 complete in 36.0 sec
[----------       28%                  ] 848 of 3000 complete in 36.5 sec
[----------       28%                  ] 861 of 3000 complete in 37.1 sec
[-----------      29%                  ] 874 of 3000 complete in 37.6 sec
[-----------      29%                  ] 886 of 3000 complete in 38.1 sec
[-----------      29%                  ] 898 of 3000 complete in 38.7 sec
[-----------      30%                  ] 909 of 3000 complete in 39.2 sec
[-----------      30%                  ] 919 of 3000 complete in 39.7 sec
[-----------      31%                  ] 930 of 3000 complete in 40.2 sec
[-----------      31%                  ] 940 of 3000 complete in 40.7 sec
[------------     31%                  ] 950 of 3000 complete in 41.2 sec
[------------     32%                  ] 961 of 3000 complete in 41.8 sec
[------------     32%                  ] 971 of 3000 complete in 42.3 sec
[------------     32%                  ] 981 of 3000 complete in 42.8 sec
[------------     33%                  ] 990 of 3000 complete in 43.4 sec
[------------     33%                  ] 999 of 3000 complete in 43.9 sec
[------------     33%                  ] 1010 of 3000 complete in 44.4 sec
[------------     34%                  ] 1022 of 3000 complete in 44.9 sec
[-------------    34%                  ] 1034 of 3000 complete in 45.4 sec
[-------------    34%                  ] 1047 of 3000 complete in 46.0 sec
[-------------    35%                  ] 1059 of 3000 complete in 46.5 sec
[-------------    35%                  ] 1072 of 3000 complete in 47.0 sec
[-------------    36%                  ] 1085 of 3000 complete in 47.5 sec
[-------------    36%                  ] 1097 of 3000 complete in 48.1 sec
[--------------   36%                  ] 1109 of 3000 complete in 48.6 sec
[--------------   37%                  ] 1122 of 3000 complete in 49.2 sec
[--------------   37%                  ] 1135 of 3000 complete in 49.7 sec
[--------------   38%                  ] 1148 of 3000 complete in 50.2 sec
[--------------   38%                  ] 1162 of 3000 complete in 50.7 sec
[--------------   39%                  ] 1175 of 3000 complete in 51.2 sec
[---------------  39%                  ] 1187 of 3000 complete in 51.8 sec
[---------------  39%                  ] 1199 of 3000 complete in 52.3 sec
[---------------  40%                  ] 1212 of 3000 complete in 52.8 sec
[---------------  40%                  ] 1226 of 3000 complete in 53.3 sec
[---------------  41%                  ] 1239 of 3000 complete in 53.8 sec
[---------------  41%                  ] 1252 of 3000 complete in 54.4 sec
[---------------- 42%                  ] 1265 of 3000 complete in 54.9 sec
[---------------- 42%                  ] 1278 of 3000 complete in 55.4 sec
[---------------- 43%                  ] 1291 of 3000 complete in 55.9 sec
[---------------- 43%                  ] 1304 of 3000 complete in 56.4 sec
[---------------- 43%                  ] 1316 of 3000 complete in 57.0 sec
[---------------- 44%                  ] 1328 of 3000 complete in 57.5 sec
[---------------- 44%                  ] 1339 of 3000 complete in 58.0 sec
[-----------------45%                  ] 1350 of 3000 complete in 58.5 sec
[-----------------45%                  ] 1362 of 3000 complete in 59.1 sec
[-----------------45%                  ] 1374 of 3000 complete in 59.6 sec
[-----------------46%                  ] 1386 of 3000 complete in 60.1 sec
[-----------------46%                  ] 1399 of 3000 complete in 60.6 sec
[-----------------47%                  ] 1411 of 3000 complete in 61.1 sec
[-----------------47%                  ] 1423 of 3000 complete in 61.6 sec
[-----------------47%                  ] 1435 of 3000 complete in 62.1 sec
[-----------------48%                  ] 1445 of 3000 complete in 62.6 sec
[-----------------48%                  ] 1456 of 3000 complete in 63.1 sec
[-----------------48%                  ] 1468 of 3000 complete in 63.7 sec
[-----------------49%                  ] 1478 of 3000 complete in 64.2 sec
[-----------------49%                  ] 1488 of 3000 complete in 64.7 sec
[-----------------49%                  ] 1499 of 3000 complete in 65.2 sec
[-----------------50%                  ] 1511 of 3000 complete in 65.7 sec
[-----------------50%                  ] 1523 of 3000 complete in 66.3 sec
[-----------------51%                  ] 1534 of 3000 complete in 66.8 sec
[-----------------51%                  ] 1546 of 3000 complete in 67.3 sec
[-----------------51%                  ] 1559 of 3000 complete in 67.8 sec
[-----------------52%                  ] 1570 of 3000 complete in 68.4 sec
[-----------------52%                  ] 1583 of 3000 complete in 68.9 sec
[-----------------53%                  ] 1595 of 3000 complete in 69.4 sec
[-----------------53%                  ] 1606 of 3000 complete in 69.9 sec
[-----------------53%                  ] 1618 of 3000 complete in 70.4 sec
[-----------------54%                  ] 1629 of 3000 complete in 70.9 sec
[-----------------54%                  ] 1640 of 3000 complete in 71.4 sec
[-----------------55%                  ] 1652 of 3000 complete in 72.0 sec
[-----------------55%-                 ] 1663 of 3000 complete in 72.5 sec
[-----------------55%-                 ] 1675 of 3000 complete in 73.0 sec
[-----------------56%-                 ] 1685 of 3000 complete in 73.5 sec
[-----------------56%-                 ] 1695 of 3000 complete in 74.0 sec
[-----------------56%-                 ] 1706 of 3000 complete in 74.5 sec
[-----------------57%-                 ] 1717 of 3000 complete in 75.1 sec
[-----------------57%-                 ] 1729 of 3000 complete in 75.6 sec
[-----------------58%--                ] 1741 of 3000 complete in 76.1 sec
[-----------------58%--                ] 1754 of 3000 complete in 76.7 sec
[-----------------58%--                ] 1767 of 3000 complete in 77.2 sec
[-----------------59%--                ] 1781 of 3000 complete in 77.7 sec
[-----------------59%--                ] 1793 of 3000 complete in 78.2 sec
[-----------------60%--                ] 1805 of 3000 complete in 78.7 sec
[-----------------60%---               ] 1816 of 3000 complete in 79.2 sec
[-----------------60%---               ] 1826 of 3000 complete in 79.7 sec
[-----------------61%---               ] 1837 of 3000 complete in 80.3 sec
[-----------------61%---               ] 1848 of 3000 complete in 80.8 sec
[-----------------62%---               ] 1860 of 3000 complete in 81.3 sec
[-----------------62%---               ] 1874 of 3000 complete in 81.8 sec
[-----------------62%---               ] 1887 of 3000 complete in 82.3 sec
[-----------------63%----              ] 1900 of 3000 complete in 82.8 sec
[-----------------63%----              ] 1912 of 3000 complete in 83.3 sec
[-----------------64%----              ] 1924 of 3000 complete in 83.9 sec
[-----------------64%----              ] 1937 of 3000 complete in 84.4 sec
[-----------------65%----              ] 1950 of 3000 complete in 84.9 sec
[-----------------65%----              ] 1962 of 3000 complete in 85.5 sec
[-----------------65%-----             ] 1975 of 3000 complete in 86.0 sec
[-----------------66%-----             ] 1988 of 3000 complete in 86.5 sec
[-----------------66%-----             ] 2001 of 3000 complete in 87.0 sec
[-----------------67%-----             ] 2014 of 3000 complete in 87.6 sec
[-----------------67%-----             ] 2026 of 3000 complete in 88.1 sec
[-----------------67%-----             ] 2039 of 3000 complete in 88.6 sec
[-----------------68%-----             ] 2052 of 3000 complete in 89.1 sec
[-----------------68%------            ] 2063 of 3000 complete in 89.6 sec
[-----------------69%------            ] 2076 of 3000 complete in 90.1 sec
[-----------------69%------            ] 2090 of 3000 complete in 90.6 sec
[-----------------70%------            ] 2103 of 3000 complete in 91.2 sec
[-----------------70%------            ] 2115 of 3000 complete in 91.7 sec
[-----------------70%------            ] 2128 of 3000 complete in 92.2 sec
[-----------------71%-------           ] 2141 of 3000 complete in 92.7 sec
[-----------------71%-------           ] 2154 of 3000 complete in 93.3 sec
[-----------------72%-------           ] 2168 of 3000 complete in 93.8 sec
[-----------------72%-------           ] 2181 of 3000 complete in 94.3 sec
[-----------------73%-------           ] 2194 of 3000 complete in 94.8 sec
[-----------------73%-------           ] 2207 of 3000 complete in 95.3 sec
[-----------------73%--------          ] 2219 of 3000 complete in 95.8 sec
[-----------------74%--------          ] 2231 of 3000 complete in 96.3 sec
[-----------------74%--------          ] 2244 of 3000 complete in 96.9 sec
[-----------------75%--------          ] 2256 of 3000 complete in 97.4 sec
[-----------------75%--------          ] 2269 of 3000 complete in 97.9 sec
[-----------------76%--------          ] 2280 of 3000 complete in 98.4 sec
[-----------------76%---------         ] 2293 of 3000 complete in 99.0 sec
[-----------------76%---------         ] 2305 of 3000 complete in 99.5 sec
[-----------------77%---------         ] 2317 of 3000 complete in 100.0 sec
[-----------------77%---------         ] 2330 of 3000 complete in 100.5 sec
[-----------------78%---------         ] 2341 of 3000 complete in 101.0 sec
[-----------------78%---------         ] 2353 of 3000 complete in 101.5 sec
[-----------------78%---------         ] 2364 of 3000 complete in 102.1 sec
[-----------------79%----------        ] 2375 of 3000 complete in 102.6 sec
[-----------------79%----------        ] 2386 of 3000 complete in 103.1 sec
[-----------------79%----------        ] 2398 of 3000 complete in 103.6 sec
[-----------------80%----------        ] 2410 of 3000 complete in 104.2 sec
[-----------------80%----------        ] 2422 of 3000 complete in 104.7 sec
[-----------------81%----------        ] 2435 of 3000 complete in 105.2 sec
[-----------------81%-----------       ] 2449 of 3000 complete in 105.7 sec
[-----------------82%-----------       ] 2461 of 3000 complete in 106.3 sec
[-----------------82%-----------       ] 2473 of 3000 complete in 106.8 sec
[-----------------82%-----------       ] 2485 of 3000 complete in 107.3 sec
[-----------------83%-----------       ] 2497 of 3000 complete in 107.9 sec
[-----------------83%-----------       ] 2509 of 3000 complete in 108.4 sec
[-----------------84%-----------       ] 2521 of 3000 complete in 108.9 sec
[-----------------84%------------      ] 2534 of 3000 complete in 109.4 sec
[-----------------84%------------      ] 2547 of 3000 complete in 109.9 sec
[-----------------85%------------      ] 2561 of 3000 complete in 110.5 sec
[-----------------85%------------      ] 2574 of 3000 complete in 111.0 sec
[-----------------86%------------      ] 2586 of 3000 complete in 111.5 sec
[-----------------86%------------      ] 2597 of 3000 complete in 112.1 sec
[-----------------86%-------------     ] 2607 of 3000 complete in 112.6 sec
[-----------------87%-------------     ] 2617 of 3000 complete in 113.1 sec
[-----------------87%-------------     ] 2627 of 3000 complete in 113.6 sec
[-----------------87%-------------     ] 2637 of 3000 complete in 114.2 sec
[-----------------88%-------------     ] 2647 of 3000 complete in 114.7 sec
[-----------------88%-------------     ] 2657 of 3000 complete in 115.2 sec
[-----------------88%-------------     ] 2667 of 3000 complete in 115.8 sec
[-----------------89%-------------     ] 2676 of 3000 complete in 116.3 sec
[-----------------89%-------------     ] 2684 of 3000 complete in 116.8 sec
[-----------------89%--------------    ] 2694 of 3000 complete in 117.3 sec
[-----------------90%--------------    ] 2704 of 3000 complete in 117.8 sec
[-----------------90%--------------    ] 2714 of 3000 complete in 118.4 sec
[-----------------90%--------------    ] 2724 of 3000 complete in 118.9 sec
[-----------------91%--------------    ] 2733 of 3000 complete in 119.4 sec
[-----------------91%--------------    ] 2743 of 3000 complete in 120.0 sec
[-----------------91%--------------    ] 2752 of 3000 complete in 120.5 sec
[-----------------92%--------------    ] 2762 of 3000 complete in 121.0 sec
[-----------------92%---------------   ] 2773 of 3000 complete in 121.5 sec
[-----------------92%---------------   ] 2783 of 3000 complete in 122.0 sec
[-----------------93%---------------   ] 2794 of 3000 complete in 122.5 sec
[-----------------93%---------------   ] 2805 of 3000 complete in 123.1 sec
[-----------------93%---------------   ] 2816 of 3000 complete in 123.6 sec
[-----------------94%---------------   ] 2828 of 3000 complete in 124.1 sec
[-----------------94%---------------   ] 2840 of 3000 complete in 124.6 sec
[-----------------95%----------------  ] 2852 of 3000 complete in 125.1 sec
[-----------------95%----------------  ] 2864 of 3000 complete in 125.7 sec
[-----------------95%----------------  ] 2876 of 3000 complete in 126.2 sec
[-----------------96%----------------  ] 2888 of 3000 complete in 126.8 sec
[-----------------96%----------------  ] 2899 of 3000 complete in 127.3 sec
[-----------------97%----------------  ] 2910 of 3000 complete in 127.9 sec
[-----------------97%----------------  ] 2921 of 3000 complete in 128.4 sec
[-----------------97%----------------- ] 2932 of 3000 complete in 128.9 sec
[-----------------98%----------------- ] 2942 of 3000 complete in 129.4 sec
[-----------------98%----------------- ] 2951 of 3000 complete in 129.9 sec
[-----------------98%----------------- ] 2961 of 3000 complete in 130.4 sec
[-----------------99%----------------- ] 2971 of 3000 complete in 130.9 sec
[-----------------99%----------------- ] 2981 of 3000 complete in 131.4 sec
[-----------------99%----------------- ] 2990 of 3000 complete in 131.9 sec
[-----------------100%-----------------] 3000 of 3000 complete in 132.5 sec
[-----------------100%-----------------] 3000 of 3000 complete in 132.5 sec
hddm sampling elpased time:  132.611 s
[fit_one_hddm] 完成 cond7_rep3_drop（2.2 分钟）→ /home/jovyan/work/2_Data/Generate_Data/TenRules_Revision_20260912/param_recovery/fits/drop
