[fit_one_hddm] cond5_rep1_drop: 11 被试 / 2499 试次 / omission=0.000 / p_outlier=0.05
[fit_one_hddm] 设置 z 默认值失败（忽略）：'z'
No model attribute --> setting up standard HDDM
Set model to ddm
[                  0%                  ] 13 of 3000 complete in 0.5 sec
[                  0%                  ] 28 of 3000 complete in 1.0 sec
[                  1%                  ] 44 of 3000 complete in 1.5 sec
[                  1%                  ] 59 of 3000 complete in 2.0 sec
[                  2%                  ] 75 of 3000 complete in 2.6 sec
[-                 2%                  ] 89 of 3000 complete in 3.1 sec
[-                 3%                  ] 103 of 3000 complete in 3.6 sec
[-                 3%                  ] 117 of 3000 complete in 4.1 sec
[-                 4%                  ] 130 of 3000 complete in 4.6 sec
[-                 4%                  ] 144 of 3000 complete in 5.1 sec
[--                5%                  ] 158 of 3000 complete in 5.6 sec
[--                5%                  ] 172 of 3000 complete in 6.2 sec
[--                6%                  ] 186 of 3000 complete in 6.7 sec
[--                6%                  ] 202 of 3000 complete in 7.2 sec
[--                7%                  ] 217 of 3000 complete in 7.7 sec
[--                7%                  ] 233 of 3000 complete in 8.3 sec
[---               8%                  ] 249 of 3000 complete in 8.8 sec
[---               8%                  ] 264 of 3000 complete in 9.3 sec
[---               9%                  ] 279 of 3000 complete in 9.8 sec
[---               9%                  ] 294 of 3000 complete in 10.3 sec
[---              10%                  ] 309 of 3000 complete in 10.8 sec
[----             10%                  ] 323 of 3000 complete in 11.4 sec
[----             11%                  ] 336 of 3000 complete in 11.9 sec
[----             11%                  ] 350 of 3000 complete in 12.4 sec
[----             12%                  ] 364 of 3000 complete in 12.9 sec
[----             12%                  ] 379 of 3000 complete in 13.4 sec
[----             13%                  ] 394 of 3000 complete in 14.0 sec
[-----            13%                  ] 409 of 3000 complete in 14.5 sec
[-----            14%                  ] 424 of 3000 complete in 15.0 sec
[-----            14%                  ] 438 of 3000 complete in 15.5 sec
[-----            15%                  ] 453 of 3000 complete in 16.1 sec
[-----            15%                  ] 467 of 3000 complete in 16.6 sec
[------           16%                  ] 481 of 3000 complete in 17.1 sec
[------           16%                  ] 495 of 3000 complete in 17.6 sec
[------           16%                  ] 508 of 3000 complete in 18.2 sec
[------           17%                  ] 519 of 3000 complete in 18.7 sec
[------           17%                  ] 532 of 3000 complete in 19.2 sec
[------           18%                  ] 545 of 3000 complete in 19.7 sec
[-------          18%                  ] 559 of 3000 complete in 20.2 sec
[-------          19%                  ] 574 of 3000 complete in 20.8 sec
[-------          19%                  ] 588 of 3000 complete in 21.3 sec
[-------          20%                  ] 602 of 3000 complete in 21.8 sec
[-------          20%                  ] 617 of 3000 complete in 22.4 sec
[-------          21%                  ] 631 of 3000 complete in 22.9 sec
[--------         21%                  ] 645 of 3000 complete in 23.4 sec
[--------         21%                  ] 659 of 3000 complete in 23.9 sec
[--------         22%                  ] 673 of 3000 complete in 24.4 sec
[--------         22%                  ] 689 of 3000 complete in 24.9 sec
[--------         23%                  ] 705 of 3000 complete in 25.5 sec
[---------        23%                  ] 718 of 3000 complete in 26.0 sec
[---------        24%                  ] 731 of 3000 complete in 26.5 sec
[---------        24%                  ] 744 of 3000 complete in 27.0 sec
[---------        25%                  ] 757 of 3000 complete in 27.5 sec
[---------        25%                  ] 771 of 3000 complete in 28.0 sec
[---------        26%                  ] 784 of 3000 complete in 28.6 sec
[----------       26%                  ] 796 of 3000 complete in 29.1 sec
[----------       26%                  ] 809 of 3000 complete in 29.6 sec
[----------       27%                  ] 822 of 3000 complete in 30.1 sec
[----------       27%                  ] 835 of 3000 complete in 30.6 sec
[----------       28%                  ] 849 of 3000 complete in 31.1 sec
[----------       28%                  ] 862 of 3000 complete in 31.7 sec
[-----------      29%                  ] 876 of 3000 complete in 32.2 sec
[-----------      29%                  ] 891 of 3000 complete in 32.7 sec
[-----------      30%                  ] 906 of 3000 complete in 33.2 sec
[-----------      30%                  ] 921 of 3000 complete in 33.8 sec
[-----------      31%                  ] 936 of 3000 complete in 34.3 sec
[------------     31%                  ] 950 of 3000 complete in 34.8 sec
[------------     32%                  ] 962 of 3000 complete in 35.3 sec
[------------     32%                  ] 975 of 3000 complete in 35.8 sec
[------------     32%                  ] 989 of 3000 complete in 36.3 sec
[------------     33%                  ] 1002 of 3000 complete in 36.8 sec
[------------     33%                  ] 1015 of 3000 complete in 37.4 sec
[-------------    34%                  ] 1028 of 3000 complete in 37.9 sec
[-------------    34%                  ] 1041 of 3000 complete in 38.4 sec
[-------------    35%                  ] 1053 of 3000 complete in 38.9 sec
[-------------    35%                  ] 1064 of 3000 complete in 39.4 sec
[-------------    35%                  ] 1076 of 3000 complete in 40.0 sec
[-------------    36%                  ] 1089 of 3000 complete in 40.5 sec
[-------------    36%                  ] 1103 of 3000 complete in 41.0 sec
[--------------   37%                  ] 1117 of 3000 complete in 41.5 sec
[--------------   37%                  ] 1129 of 3000 complete in 42.1 sec
[--------------   38%                  ] 1140 of 3000 complete in 42.6 sec
[--------------   38%                  ] 1151 of 3000 complete in 43.1 sec
[--------------   38%                  ] 1164 of 3000 complete in 43.6 sec
[--------------   39%                  ] 1178 of 3000 complete in 44.1 sec
[---------------  39%                  ] 1193 of 3000 complete in 44.6 sec
[---------------  40%                  ] 1209 of 3000 complete in 45.1 sec
[---------------  40%                  ] 1225 of 3000 complete in 45.6 sec
[---------------  41%                  ] 1239 of 3000 complete in 46.2 sec
[---------------  41%                  ] 1254 of 3000 complete in 46.7 sec
[---------------- 42%                  ] 1269 of 3000 complete in 47.2 sec
[---------------- 42%                  ] 1285 of 3000 complete in 47.7 sec
[---------------- 43%                  ] 1299 of 3000 complete in 48.2 sec
[---------------- 43%                  ] 1314 of 3000 complete in 48.8 sec
[---------------- 44%                  ] 1329 of 3000 complete in 49.3 sec
[-----------------44%                  ] 1344 of 3000 complete in 49.8 sec
[-----------------45%                  ] 1359 of 3000 complete in 50.3 sec
[-----------------45%                  ] 1375 of 3000 complete in 50.8 sec
[-----------------46%                  ] 1388 of 3000 complete in 51.4 sec
[-----------------46%                  ] 1401 of 3000 complete in 51.9 sec
[-----------------47%                  ] 1414 of 3000 complete in 52.4 sec
[-----------------47%                  ] 1426 of 3000 complete in 52.9 sec
[-----------------47%                  ] 1439 of 3000 complete in 53.4 sec
[-----------------48%                  ] 1453 of 3000 complete in 53.9 sec
[-----------------48%                  ] 1467 of 3000 complete in 54.4 sec
[-----------------49%                  ] 1482 of 3000 complete in 54.9 sec
[-----------------49%                  ] 1497 of 3000 complete in 55.5 sec
[-----------------50%                  ] 1511 of 3000 complete in 56.0 sec
[-----------------50%                  ] 1524 of 3000 complete in 56.5 sec
[-----------------51%                  ] 1538 of 3000 complete in 57.0 sec
[-----------------51%                  ] 1552 of 3000 complete in 57.6 sec
[-----------------52%                  ] 1565 of 3000 complete in 58.1 sec
[-----------------52%                  ] 1578 of 3000 complete in 58.6 sec
[-----------------52%                  ] 1589 of 3000 complete in 59.1 sec
[-----------------53%                  ] 1599 of 3000 complete in 59.6 sec
[-----------------53%                  ] 1610 of 3000 complete in 60.2 sec
[-----------------54%                  ] 1621 of 3000 complete in 60.7 sec
[-----------------54%                  ] 1632 of 3000 complete in 61.2 sec
[-----------------54%                  ] 1644 of 3000 complete in 61.8 sec
[-----------------55%                  ] 1656 of 3000 complete in 62.3 sec
[-----------------55%-                 ] 1669 of 3000 complete in 62.8 sec
[-----------------56%-                 ] 1682 of 3000 complete in 63.4 sec
[-----------------56%-                 ] 1696 of 3000 complete in 63.9 sec
[-----------------57%-                 ] 1710 of 3000 complete in 64.4 sec
[-----------------57%-                 ] 1723 of 3000 complete in 64.9 sec
[-----------------57%-                 ] 1735 of 3000 complete in 65.5 sec
[-----------------58%--                ] 1746 of 3000 complete in 66.0 sec
[-----------------58%--                ] 1757 of 3000 complete in 66.5 sec
[-----------------58%--                ] 1768 of 3000 complete in 67.1 sec
[-----------------59%--                ] 1778 of 3000 complete in 67.6 sec
[-----------------59%--                ] 1788 of 3000 complete in 68.1 sec
[-----------------59%--                ] 1798 of 3000 complete in 68.6 sec
[-----------------60%--                ] 1808 of 3000 complete in 69.1 sec
[-----------------60%---               ] 1819 of 3000 complete in 69.7 sec
[-----------------61%---               ] 1830 of 3000 complete in 70.2 sec
[-----------------61%---               ] 1841 of 3000 complete in 70.7 sec
[-----------------61%---               ] 1853 of 3000 complete in 71.3 sec
[-----------------62%---               ] 1863 of 3000 complete in 71.8 sec
[-----------------62%---               ] 1874 of 3000 complete in 72.3 sec
[-----------------62%---               ] 1885 of 3000 complete in 72.8 sec
[-----------------63%----              ] 1895 of 3000 complete in 73.4 sec
[-----------------63%----              ] 1906 of 3000 complete in 73.9 sec
[-----------------63%----              ] 1919 of 3000 complete in 74.4 sec
[-----------------64%----              ] 1931 of 3000 complete in 74.9 sec
[-----------------64%----              ] 1944 of 3000 complete in 75.4 sec
[-----------------65%----              ] 1958 of 3000 complete in 76.0 sec
[-----------------65%----              ] 1971 of 3000 complete in 76.5 sec
[-----------------66%-----             ] 1983 of 3000 complete in 77.0 sec
[-----------------66%-----             ] 1995 of 3000 complete in 77.5 sec
[-----------------66%-----             ] 2007 of 3000 complete in 78.0 sec
[-----------------67%-----             ] 2020 of 3000 complete in 78.5 sec
[-----------------67%-----             ] 2033 of 3000 complete in 79.0 sec
[-----------------68%-----             ] 2045 of 3000 complete in 79.5 sec
[-----------------68%------            ] 2056 of 3000 complete in 80.0 sec
[-----------------68%------            ] 2068 of 3000 complete in 80.5 sec
[-----------------69%------            ] 2080 of 3000 complete in 81.1 sec
[-----------------69%------            ] 2092 of 3000 complete in 81.6 sec
[-----------------70%------            ] 2105 of 3000 complete in 82.1 sec
[-----------------70%------            ] 2118 of 3000 complete in 82.6 sec
[-----------------71%------            ] 2131 of 3000 complete in 83.1 sec
[-----------------71%-------           ] 2144 of 3000 complete in 83.6 sec
[-----------------71%-------           ] 2157 of 3000 complete in 84.1 sec
[-----------------72%-------           ] 2169 of 3000 complete in 84.6 sec
[-----------------72%-------           ] 2182 of 3000 complete in 85.1 sec
[-----------------73%-------           ] 2196 of 3000 complete in 85.7 sec
[-----------------73%-------           ] 2209 of 3000 complete in 86.2 sec
[-----------------74%--------          ] 2222 of 3000 complete in 86.7 sec
[-----------------74%--------          ] 2235 of 3000 complete in 87.2 sec
[-----------------74%--------          ] 2249 of 3000 complete in 87.7 sec
[-----------------75%--------          ] 2264 of 3000 complete in 88.2 sec
[-----------------75%--------          ] 2278 of 3000 complete in 88.7 sec
[-----------------76%---------         ] 2291 of 3000 complete in 89.3 sec
[-----------------76%---------         ] 2303 of 3000 complete in 89.8 sec
[-----------------77%---------         ] 2315 of 3000 complete in 90.3 sec
[-----------------77%---------         ] 2326 of 3000 complete in 90.8 sec
[-----------------77%---------         ] 2338 of 3000 complete in 91.3 sec
[-----------------78%---------         ] 2351 of 3000 complete in 91.8 sec
[-----------------78%---------         ] 2364 of 3000 complete in 92.3 sec
[-----------------79%----------        ] 2379 of 3000 complete in 92.8 sec
[-----------------79%----------        ] 2393 of 3000 complete in 93.3 sec
[-----------------80%----------        ] 2408 of 3000 complete in 93.9 sec
[-----------------80%----------        ] 2422 of 3000 complete in 94.4 sec
[-----------------81%----------        ] 2435 of 3000 complete in 94.9 sec
[-----------------81%-----------       ] 2448 of 3000 complete in 95.4 sec
[-----------------82%-----------       ] 2461 of 3000 complete in 95.9 sec
[-----------------82%-----------       ] 2476 of 3000 complete in 96.5 sec
[-----------------83%-----------       ] 2491 of 3000 complete in 97.0 sec
[-----------------83%-----------       ] 2507 of 3000 complete in 97.5 sec
[-----------------84%-----------       ] 2523 of 3000 complete in 98.0 sec
[-----------------84%------------      ] 2538 of 3000 complete in 98.6 sec
[-----------------85%------------      ] 2553 of 3000 complete in 99.1 sec
[-----------------85%------------      ] 2568 of 3000 complete in 99.6 sec
[-----------------86%------------      ] 2583 of 3000 complete in 100.1 sec
[-----------------86%------------      ] 2599 of 3000 complete in 100.6 sec
[-----------------87%-------------     ] 2614 of 3000 complete in 101.1 sec
[-----------------87%-------------     ] 2628 of 3000 complete in 101.7 sec
[-----------------88%-------------     ] 2642 of 3000 complete in 102.2 sec
[-----------------88%-------------     ] 2656 of 3000 complete in 102.7 sec
[-----------------89%-------------     ] 2670 of 3000 complete in 103.2 sec
[-----------------89%-------------     ] 2683 of 3000 complete in 103.7 sec
[-----------------89%--------------    ] 2696 of 3000 complete in 104.2 sec
[-----------------90%--------------    ] 2710 of 3000 complete in 104.7 sec
[-----------------90%--------------    ] 2725 of 3000 complete in 105.2 sec
[-----------------91%--------------    ] 2740 of 3000 complete in 105.7 sec
[-----------------91%--------------    ] 2754 of 3000 complete in 106.3 sec
[-----------------92%---------------   ] 2768 of 3000 complete in 106.8 sec
[-----------------92%---------------   ] 2783 of 3000 complete in 107.3 sec
[-----------------93%---------------   ] 2798 of 3000 complete in 107.8 sec
[-----------------93%---------------   ] 2812 of 3000 complete in 108.3 sec
[-----------------94%---------------   ] 2827 of 3000 complete in 108.8 sec
[-----------------94%---------------   ] 2842 of 3000 complete in 109.4 sec
[-----------------95%----------------  ] 2856 of 3000 complete in 109.9 sec
[-----------------95%----------------  ] 2868 of 3000 complete in 110.4 sec
[-----------------96%----------------  ] 2880 of 3000 complete in 110.9 sec
[-----------------96%----------------  ] 2892 of 3000 complete in 111.4 sec
[-----------------96%----------------  ] 2904 of 3000 complete in 111.9 sec
[-----------------97%----------------  ] 2917 of 3000 complete in 112.5 sec
[-----------------97%----------------- ] 2928 of 3000 complete in 113.0 sec
[-----------------98%----------------- ] 2941 of 3000 complete in 113.5 sec
[-----------------98%----------------- ] 2955 of 3000 complete in 114.0 sec
[-----------------98%----------------- ] 2969 of 3000 complete in 114.5 sec
[-----------------99%----------------- ] 2982 of 3000 complete in 115.0 sec
[-----------------99%----------------- ] 2996 of 3000 complete in 115.6 sec
[-----------------100%-----------------] 3000 of 3000 complete in 115.8 sec
hddm sampling elpased time:  115.882 s
[fit_one_hddm] 完成 cond5_rep1_drop（1.9 分钟）→ /home/jovyan/work/2_Data/Generate_Data/TenRules_Revision_20260912/param_recovery/fits/drop
