[fit_one_hddm] cond8_rep3_drop: 11 被试 / 2017 试次 / omission=0.000 / p_outlier=0.05
[fit_one_hddm] 设置 z 默认值失败（忽略）：'z'
No model attribute --> setting up standard HDDM
Set model to ddm
[                  0%                  ] 14 of 3000 complete in 0.5 sec
[                  1%                  ] 31 of 3000 complete in 1.0 sec
[                  1%                  ] 48 of 3000 complete in 1.5 sec
[                  2%                  ] 64 of 3000 complete in 2.0 sec
[-                 2%                  ] 81 of 3000 complete in 2.6 sec
[-                 3%                  ] 96 of 3000 complete in 3.1 sec
[-                 3%                  ] 112 of 3000 complete in 3.6 sec
[-                 4%                  ] 127 of 3000 complete in 4.1 sec
[-                 4%                  ] 143 of 3000 complete in 4.6 sec
[--                5%                  ] 159 of 3000 complete in 5.2 sec
[--                5%                  ] 175 of 3000 complete in 5.7 sec
[--                6%                  ] 190 of 3000 complete in 6.2 sec
[--                6%                  ] 206 of 3000 complete in 6.7 sec
[--                7%                  ] 222 of 3000 complete in 7.2 sec
[---               7%                  ] 238 of 3000 complete in 7.8 sec
[---               8%                  ] 254 of 3000 complete in 8.3 sec
[---               8%                  ] 269 of 3000 complete in 8.8 sec
[---               9%                  ] 285 of 3000 complete in 9.3 sec
[---              10%                  ] 301 of 3000 complete in 9.8 sec
[----             10%                  ] 316 of 3000 complete in 10.3 sec
[----             11%                  ] 332 of 3000 complete in 10.8 sec
[----             11%                  ] 349 of 3000 complete in 11.3 sec
[----             12%                  ] 365 of 3000 complete in 11.9 sec
[----             12%                  ] 381 of 3000 complete in 12.4 sec
[-----            13%                  ] 396 of 3000 complete in 12.9 sec
[-----            13%                  ] 410 of 3000 complete in 13.4 sec
[-----            14%                  ] 421 of 3000 complete in 13.9 sec
[-----            14%                  ] 434 of 3000 complete in 14.4 sec
[-----            14%                  ] 447 of 3000 complete in 15.0 sec
[-----            15%                  ] 460 of 3000 complete in 15.5 sec
[-----            15%                  ] 473 of 3000 complete in 16.0 sec
[------           16%                  ] 486 of 3000 complete in 16.5 sec
[------           16%                  ] 499 of 3000 complete in 17.0 sec
[------           17%                  ] 512 of 3000 complete in 17.5 sec
[------           17%                  ] 525 of 3000 complete in 18.0 sec
[------           17%                  ] 537 of 3000 complete in 18.5 sec
[------           18%                  ] 550 of 3000 complete in 19.0 sec
[-------          18%                  ] 563 of 3000 complete in 19.6 sec
[-------          19%                  ] 577 of 3000 complete in 20.1 sec
[-------          19%                  ] 589 of 3000 complete in 20.6 sec
[-------          20%                  ] 601 of 3000 complete in 21.1 sec
[-------          20%                  ] 615 of 3000 complete in 21.6 sec
[-------          20%                  ] 629 of 3000 complete in 22.1 sec
[--------         21%                  ] 644 of 3000 complete in 22.6 sec
[--------         21%                  ] 659 of 3000 complete in 23.1 sec
[--------         22%                  ] 675 of 3000 complete in 23.6 sec
[--------         23%                  ] 691 of 3000 complete in 24.2 sec
[--------         23%                  ] 708 of 3000 complete in 24.7 sec
[---------        24%                  ] 724 of 3000 complete in 25.2 sec
[---------        24%                  ] 740 of 3000 complete in 25.7 sec
[---------        25%                  ] 755 of 3000 complete in 26.3 sec
[---------        25%                  ] 769 of 3000 complete in 26.8 sec
[---------        26%                  ] 782 of 3000 complete in 27.3 sec
[----------       26%                  ] 795 of 3000 complete in 27.8 sec
[----------       26%                  ] 809 of 3000 complete in 28.3 sec
[----------       27%                  ] 824 of 3000 complete in 28.9 sec
[----------       27%                  ] 839 of 3000 complete in 29.4 sec
[----------       28%                  ] 854 of 3000 complete in 29.9 sec
[-----------      28%                  ] 869 of 3000 complete in 30.4 sec
[-----------      29%                  ] 883 of 3000 complete in 30.9 sec
[-----------      29%                  ] 897 of 3000 complete in 31.4 sec
[-----------      30%                  ] 911 of 3000 complete in 32.0 sec
[-----------      30%                  ] 924 of 3000 complete in 32.5 sec
[-----------      31%                  ] 938 of 3000 complete in 33.0 sec
[------------     31%                  ] 952 of 3000 complete in 33.5 sec
[------------     32%                  ] 965 of 3000 complete in 34.0 sec
[------------     32%                  ] 979 of 3000 complete in 34.5 sec
[------------     33%                  ] 993 of 3000 complete in 35.1 sec
[------------     33%                  ] 1006 of 3000 complete in 35.6 sec
[------------     33%                  ] 1019 of 3000 complete in 36.1 sec
[-------------    34%                  ] 1032 of 3000 complete in 36.6 sec
[-------------    34%                  ] 1046 of 3000 complete in 37.1 sec
[-------------    35%                  ] 1059 of 3000 complete in 37.6 sec
[-------------    35%                  ] 1071 of 3000 complete in 38.2 sec
[-------------    36%                  ] 1084 of 3000 complete in 38.7 sec
[-------------    36%                  ] 1096 of 3000 complete in 39.2 sec
[--------------   37%                  ] 1110 of 3000 complete in 39.7 sec
[--------------   37%                  ] 1124 of 3000 complete in 40.3 sec
[--------------   37%                  ] 1136 of 3000 complete in 40.8 sec
[--------------   38%                  ] 1149 of 3000 complete in 41.3 sec
[--------------   38%                  ] 1161 of 3000 complete in 41.8 sec
[--------------   39%                  ] 1173 of 3000 complete in 42.4 sec
[---------------  39%                  ] 1187 of 3000 complete in 42.9 sec
[---------------  40%                  ] 1200 of 3000 complete in 43.4 sec
[---------------  40%                  ] 1212 of 3000 complete in 44.0 sec
[---------------  40%                  ] 1224 of 3000 complete in 44.5 sec
[---------------  41%                  ] 1236 of 3000 complete in 45.0 sec
[---------------  41%                  ] 1248 of 3000 complete in 45.6 sec
[---------------  42%                  ] 1260 of 3000 complete in 46.1 sec
[---------------- 42%                  ] 1271 of 3000 complete in 46.6 sec
[---------------- 42%                  ] 1282 of 3000 complete in 47.1 sec
[---------------- 43%                  ] 1293 of 3000 complete in 47.6 sec
[---------------- 43%                  ] 1305 of 3000 complete in 48.2 sec
[---------------- 43%                  ] 1318 of 3000 complete in 48.7 sec
[---------------- 44%                  ] 1331 of 3000 complete in 49.2 sec
[-----------------44%                  ] 1345 of 3000 complete in 49.7 sec
[-----------------45%                  ] 1361 of 3000 complete in 50.2 sec
[-----------------45%                  ] 1377 of 3000 complete in 50.8 sec
[-----------------46%                  ] 1394 of 3000 complete in 51.3 sec
[-----------------46%                  ] 1408 of 3000 complete in 51.8 sec
[-----------------47%                  ] 1421 of 3000 complete in 52.3 sec
[-----------------47%                  ] 1436 of 3000 complete in 52.8 sec
[-----------------48%                  ] 1450 of 3000 complete in 53.3 sec
[-----------------48%                  ] 1465 of 3000 complete in 53.9 sec
[-----------------49%                  ] 1481 of 3000 complete in 54.4 sec
[-----------------49%                  ] 1496 of 3000 complete in 54.9 sec
[-----------------50%                  ] 1509 of 3000 complete in 55.4 sec
[-----------------50%                  ] 1523 of 3000 complete in 55.9 sec
[-----------------51%                  ] 1536 of 3000 complete in 56.5 sec
[-----------------51%                  ] 1550 of 3000 complete in 57.0 sec
[-----------------52%                  ] 1564 of 3000 complete in 57.5 sec
[-----------------52%                  ] 1579 of 3000 complete in 58.0 sec
[-----------------53%                  ] 1594 of 3000 complete in 58.5 sec
[-----------------53%                  ] 1610 of 3000 complete in 59.0 sec
[-----------------54%                  ] 1626 of 3000 complete in 59.5 sec
[-----------------54%                  ] 1642 of 3000 complete in 60.1 sec
[-----------------55%-                 ] 1658 of 3000 complete in 60.6 sec
[-----------------55%-                 ] 1673 of 3000 complete in 61.1 sec
[-----------------56%-                 ] 1686 of 3000 complete in 61.6 sec
[-----------------56%-                 ] 1701 of 3000 complete in 62.1 sec
[-----------------57%-                 ] 1717 of 3000 complete in 62.6 sec
[-----------------57%-                 ] 1732 of 3000 complete in 63.1 sec
[-----------------58%--                ] 1748 of 3000 complete in 63.7 sec
[-----------------58%--                ] 1764 of 3000 complete in 64.2 sec
[-----------------59%--                ] 1779 of 3000 complete in 64.7 sec
[-----------------59%--                ] 1794 of 3000 complete in 65.2 sec
[-----------------60%--                ] 1809 of 3000 complete in 65.7 sec
[-----------------60%---               ] 1823 of 3000 complete in 66.3 sec
[-----------------61%---               ] 1837 of 3000 complete in 66.8 sec
[-----------------61%---               ] 1853 of 3000 complete in 67.3 sec
[-----------------62%---               ] 1869 of 3000 complete in 67.8 sec
[-----------------62%---               ] 1885 of 3000 complete in 68.3 sec
[-----------------63%----              ] 1901 of 3000 complete in 68.9 sec
[-----------------63%----              ] 1916 of 3000 complete in 69.4 sec
[-----------------64%----              ] 1930 of 3000 complete in 69.9 sec
[-----------------64%----              ] 1943 of 3000 complete in 70.4 sec
[-----------------65%----              ] 1957 of 3000 complete in 70.9 sec
[-----------------65%----              ] 1971 of 3000 complete in 71.5 sec
[-----------------66%-----             ] 1984 of 3000 complete in 72.0 sec
[-----------------66%-----             ] 1998 of 3000 complete in 72.5 sec
[-----------------67%-----             ] 2014 of 3000 complete in 73.0 sec
[-----------------67%-----             ] 2030 of 3000 complete in 73.5 sec
[-----------------68%-----             ] 2044 of 3000 complete in 74.0 sec
[-----------------68%------            ] 2059 of 3000 complete in 74.5 sec
[-----------------69%------            ] 2073 of 3000 complete in 75.0 sec
[-----------------69%------            ] 2088 of 3000 complete in 75.6 sec
[-----------------70%------            ] 2103 of 3000 complete in 76.1 sec
[-----------------70%------            ] 2116 of 3000 complete in 76.6 sec
[-----------------70%------            ] 2129 of 3000 complete in 77.1 sec
[-----------------71%-------           ] 2142 of 3000 complete in 77.6 sec
[-----------------71%-------           ] 2154 of 3000 complete in 78.1 sec
[-----------------72%-------           ] 2166 of 3000 complete in 78.6 sec
[-----------------72%-------           ] 2178 of 3000 complete in 79.2 sec
[-----------------73%-------           ] 2191 of 3000 complete in 79.7 sec
[-----------------73%-------           ] 2204 of 3000 complete in 80.2 sec
[-----------------74%--------          ] 2220 of 3000 complete in 80.7 sec
[-----------------74%--------          ] 2236 of 3000 complete in 81.2 sec
[-----------------75%--------          ] 2252 of 3000 complete in 81.7 sec
[-----------------75%--------          ] 2268 of 3000 complete in 82.3 sec
[-----------------76%--------          ] 2283 of 3000 complete in 82.8 sec
[-----------------76%---------         ] 2297 of 3000 complete in 83.3 sec
[-----------------77%---------         ] 2313 of 3000 complete in 83.8 sec
[-----------------77%---------         ] 2328 of 3000 complete in 84.3 sec
[-----------------78%---------         ] 2344 of 3000 complete in 84.8 sec
[-----------------78%---------         ] 2359 of 3000 complete in 85.3 sec
[-----------------79%----------        ] 2374 of 3000 complete in 85.9 sec
[-----------------79%----------        ] 2389 of 3000 complete in 86.4 sec
[-----------------80%----------        ] 2405 of 3000 complete in 86.9 sec
[-----------------80%----------        ] 2421 of 3000 complete in 87.4 sec
[-----------------81%----------        ] 2437 of 3000 complete in 88.0 sec
[-----------------81%-----------       ] 2452 of 3000 complete in 88.5 sec
[-----------------82%-----------       ] 2467 of 3000 complete in 89.0 sec
[-----------------82%-----------       ] 2482 of 3000 complete in 89.5 sec
[-----------------83%-----------       ] 2496 of 3000 complete in 90.0 sec
[-----------------83%-----------       ] 2509 of 3000 complete in 90.6 sec
[-----------------84%-----------       ] 2523 of 3000 complete in 91.1 sec
[-----------------84%------------      ] 2536 of 3000 complete in 91.6 sec
[-----------------84%------------      ] 2549 of 3000 complete in 92.1 sec
[-----------------85%------------      ] 2563 of 3000 complete in 92.7 sec
[-----------------85%------------      ] 2577 of 3000 complete in 93.2 sec
[-----------------86%------------      ] 2593 of 3000 complete in 93.7 sec
[-----------------86%-------------     ] 2608 of 3000 complete in 94.2 sec
[-----------------87%-------------     ] 2623 of 3000 complete in 94.7 sec
[-----------------87%-------------     ] 2638 of 3000 complete in 95.2 sec
[-----------------88%-------------     ] 2652 of 3000 complete in 95.7 sec
[-----------------88%-------------     ] 2667 of 3000 complete in 96.2 sec
[-----------------89%-------------     ] 2682 of 3000 complete in 96.8 sec
[-----------------89%--------------    ] 2697 of 3000 complete in 97.3 sec
[-----------------90%--------------    ] 2711 of 3000 complete in 97.8 sec
[-----------------90%--------------    ] 2724 of 3000 complete in 98.3 sec
[-----------------91%--------------    ] 2740 of 3000 complete in 98.8 sec
[-----------------91%--------------    ] 2755 of 3000 complete in 99.3 sec
[-----------------92%---------------   ] 2768 of 3000 complete in 99.9 sec
[-----------------92%---------------   ] 2781 of 3000 complete in 100.4 sec
[-----------------93%---------------   ] 2794 of 3000 complete in 100.9 sec
[-----------------93%---------------   ] 2807 of 3000 complete in 101.4 sec
[-----------------94%---------------   ] 2820 of 3000 complete in 101.9 sec
[-----------------94%---------------   ] 2834 of 3000 complete in 102.5 sec
[-----------------94%----------------  ] 2847 of 3000 complete in 103.0 sec
[-----------------95%----------------  ] 2861 of 3000 complete in 103.5 sec
[-----------------95%----------------  ] 2874 of 3000 complete in 104.1 sec
[-----------------96%----------------  ] 2887 of 3000 complete in 104.6 sec
[-----------------96%----------------  ] 2900 of 3000 complete in 105.1 sec
[-----------------97%----------------  ] 2912 of 3000 complete in 105.6 sec
[-----------------97%----------------- ] 2925 of 3000 complete in 106.2 sec
[-----------------97%----------------- ] 2937 of 3000 complete in 106.7 sec
[-----------------98%----------------- ] 2952 of 3000 complete in 107.2 sec
[-----------------98%----------------- ] 2966 of 3000 complete in 107.7 sec
[-----------------99%----------------- ] 2979 of 3000 complete in 108.2 sec
[-----------------99%----------------- ] 2991 of 3000 complete in 108.8 sec
[-----------------100%-----------------] 3000 of 3000 complete in 109.1 sec
hddm sampling elpased time:  109.236 s
[fit_one_hddm] 完成 cond8_rep3_drop（1.8 分钟）→ /home/jovyan/work/2_Data/Generate_Data/TenRules_Revision_20260912/param_recovery/fits/drop
