[fit_one_hddm] curve10_rep1_drop: 12 被试 / 2800 试次 / omission=0.000 / p_outlier=0.05
[fit_one_hddm] 设置 z 默认值失败（忽略）：'z'
No model attribute --> setting up standard HDDM
Set model to ddm
[                  0%                  ] 12 of 3000 complete in 0.5 sec
[                  0%                  ] 26 of 3000 complete in 1.0 sec
[                  1%                  ] 40 of 3000 complete in 1.6 sec
[                  1%                  ] 54 of 3000 complete in 2.1 sec
[                  2%                  ] 69 of 3000 complete in 2.6 sec
[-                 2%                  ] 83 of 3000 complete in 3.1 sec
[-                 3%                  ] 96 of 3000 complete in 3.6 sec
[-                 3%                  ] 109 of 3000 complete in 4.2 sec
[-                 4%                  ] 121 of 3000 complete in 4.7 sec
[-                 4%                  ] 134 of 3000 complete in 5.2 sec
[-                 4%                  ] 147 of 3000 complete in 5.7 sec
[--                5%                  ] 159 of 3000 complete in 6.2 sec
[--                5%                  ] 172 of 3000 complete in 6.7 sec
[--                6%                  ] 184 of 3000 complete in 7.2 sec
[--                6%                  ] 196 of 3000 complete in 7.8 sec
[--                6%                  ] 207 of 3000 complete in 8.3 sec
[--                7%                  ] 218 of 3000 complete in 8.8 sec
[--                7%                  ] 228 of 3000 complete in 9.3 sec
[---               7%                  ] 238 of 3000 complete in 9.8 sec
[---               8%                  ] 247 of 3000 complete in 10.3 sec
[---               8%                  ] 256 of 3000 complete in 10.9 sec
[---               8%                  ] 265 of 3000 complete in 11.4 sec
[---               9%                  ] 275 of 3000 complete in 12.0 sec
[---               9%                  ] 286 of 3000 complete in 12.5 sec
[---               9%                  ] 296 of 3000 complete in 13.0 sec
[---              10%                  ] 307 of 3000 complete in 13.5 sec
[----             10%                  ] 318 of 3000 complete in 14.0 sec
[----             10%                  ] 329 of 3000 complete in 14.6 sec
[----             11%                  ] 340 of 3000 complete in 15.1 sec
[----             11%                  ] 350 of 3000 complete in 15.6 sec
[----             11%                  ] 359 of 3000 complete in 16.2 sec
[----             12%                  ] 369 of 3000 complete in 16.7 sec
[----             12%                  ] 380 of 3000 complete in 17.2 sec
[----             13%                  ] 392 of 3000 complete in 17.8 sec
[-----            13%                  ] 404 of 3000 complete in 18.3 sec
[-----            13%                  ] 416 of 3000 complete in 18.8 sec
[-----            14%                  ] 428 of 3000 complete in 19.3 sec
[-----            14%                  ] 439 of 3000 complete in 19.8 sec
[-----            14%                  ] 449 of 3000 complete in 20.3 sec
[-----            15%                  ] 460 of 3000 complete in 20.9 sec
[-----            15%                  ] 471 of 3000 complete in 21.4 sec
[------           16%                  ] 484 of 3000 complete in 21.9 sec
[------           16%                  ] 496 of 3000 complete in 22.5 sec
[------           16%                  ] 508 of 3000 complete in 23.0 sec
[------           17%                  ] 520 of 3000 complete in 23.5 sec
[------           17%                  ] 532 of 3000 complete in 24.0 sec
[------           18%                  ] 544 of 3000 complete in 24.6 sec
[-------          18%                  ] 555 of 3000 complete in 25.1 sec
[-------          18%                  ] 566 of 3000 complete in 25.6 sec
[-------          19%                  ] 576 of 3000 complete in 26.1 sec
[-------          19%                  ] 588 of 3000 complete in 26.7 sec
[-------          20%                  ] 600 of 3000 complete in 27.2 sec
[-------          20%                  ] 613 of 3000 complete in 27.7 sec
[-------          20%                  ] 625 of 3000 complete in 28.2 sec
[--------         21%                  ] 638 of 3000 complete in 28.7 sec
[--------         21%                  ] 650 of 3000 complete in 29.2 sec
[--------         22%                  ] 662 of 3000 complete in 29.8 sec
[--------         22%                  ] 674 of 3000 complete in 30.3 sec
[--------         22%                  ] 687 of 3000 complete in 30.8 sec
[--------         23%                  ] 698 of 3000 complete in 31.4 sec
[--------         23%                  ] 710 of 3000 complete in 31.9 sec
[---------        24%                  ] 720 of 3000 complete in 32.4 sec
[---------        24%                  ] 730 of 3000 complete in 32.9 sec
[---------        24%                  ] 740 of 3000 complete in 33.5 sec
[---------        25%                  ] 750 of 3000 complete in 34.0 sec
[---------        25%                  ] 759 of 3000 complete in 34.5 sec
[---------        25%                  ] 768 of 3000 complete in 35.0 sec
[---------        25%                  ] 777 of 3000 complete in 35.6 sec
[---------        26%                  ] 788 of 3000 complete in 36.1 sec
[----------       26%                  ] 798 of 3000 complete in 36.6 sec
[----------       26%                  ] 807 of 3000 complete in 37.1 sec
[----------       27%                  ] 816 of 3000 complete in 37.6 sec
[----------       27%                  ] 825 of 3000 complete in 38.1 sec
[----------       27%                  ] 835 of 3000 complete in 38.6 sec
[----------       28%                  ] 847 of 3000 complete in 39.1 sec
[----------       28%                  ] 858 of 3000 complete in 39.7 sec
[-----------      29%                  ] 870 of 3000 complete in 40.2 sec
[-----------      29%                  ] 881 of 3000 complete in 40.7 sec
[-----------      29%                  ] 893 of 3000 complete in 41.2 sec
[-----------      30%                  ] 907 of 3000 complete in 41.7 sec
[-----------      30%                  ] 920 of 3000 complete in 42.3 sec
[-----------      31%                  ] 933 of 3000 complete in 42.8 sec
[-----------      31%                  ] 946 of 3000 complete in 43.3 sec
[------------     31%                  ] 958 of 3000 complete in 43.9 sec
[------------     32%                  ] 969 of 3000 complete in 44.4 sec
[------------     32%                  ] 982 of 3000 complete in 44.9 sec
[------------     33%                  ] 993 of 3000 complete in 45.4 sec
[------------     33%                  ] 1004 of 3000 complete in 45.9 sec
[------------     33%                  ] 1014 of 3000 complete in 46.5 sec
[------------     34%                  ] 1024 of 3000 complete in 47.0 sec
[-------------    34%                  ] 1035 of 3000 complete in 47.5 sec
[-------------    34%                  ] 1046 of 3000 complete in 48.0 sec
[-------------    35%                  ] 1058 of 3000 complete in 48.5 sec
[-------------    35%                  ] 1071 of 3000 complete in 49.1 sec
[-------------    36%                  ] 1083 of 3000 complete in 49.6 sec
[-------------    36%                  ] 1096 of 3000 complete in 50.1 sec
[--------------   36%                  ] 1109 of 3000 complete in 50.6 sec
[--------------   37%                  ] 1122 of 3000 complete in 51.1 sec
[--------------   37%                  ] 1134 of 3000 complete in 51.6 sec
[--------------   38%                  ] 1146 of 3000 complete in 52.2 sec
[--------------   38%                  ] 1157 of 3000 complete in 52.7 sec
[--------------   39%                  ] 1170 of 3000 complete in 53.2 sec
[--------------   39%                  ] 1182 of 3000 complete in 53.7 sec
[---------------  39%                  ] 1194 of 3000 complete in 54.3 sec
[---------------  40%                  ] 1206 of 3000 complete in 54.8 sec
[---------------  40%                  ] 1218 of 3000 complete in 55.3 sec
[---------------  40%                  ] 1229 of 3000 complete in 55.9 sec
[---------------  41%                  ] 1239 of 3000 complete in 56.4 sec
[---------------  41%                  ] 1250 of 3000 complete in 56.9 sec
[---------------  42%                  ] 1261 of 3000 complete in 57.5 sec
[---------------- 42%                  ] 1272 of 3000 complete in 58.0 sec
[---------------- 42%                  ] 1283 of 3000 complete in 58.5 sec
[---------------- 43%                  ] 1295 of 3000 complete in 59.0 sec
[---------------- 43%                  ] 1306 of 3000 complete in 59.6 sec
[---------------- 43%                  ] 1318 of 3000 complete in 60.1 sec
[---------------- 44%                  ] 1330 of 3000 complete in 60.6 sec
[-----------------44%                  ] 1343 of 3000 complete in 61.1 sec
[-----------------45%                  ] 1356 of 3000 complete in 61.7 sec
[-----------------45%                  ] 1368 of 3000 complete in 62.2 sec
[-----------------45%                  ] 1378 of 3000 complete in 62.7 sec
[-----------------46%                  ] 1389 of 3000 complete in 63.2 sec
[-----------------46%                  ] 1401 of 3000 complete in 63.8 sec
[-----------------47%                  ] 1412 of 3000 complete in 64.3 sec
[-----------------47%                  ] 1422 of 3000 complete in 64.8 sec
[-----------------47%                  ] 1433 of 3000 complete in 65.3 sec
[-----------------48%                  ] 1446 of 3000 complete in 65.8 sec
[-----------------48%                  ] 1458 of 3000 complete in 66.4 sec
[-----------------49%                  ] 1471 of 3000 complete in 66.9 sec
[-----------------49%                  ] 1483 of 3000 complete in 67.4 sec
[-----------------49%                  ] 1494 of 3000 complete in 67.9 sec
[-----------------50%                  ] 1506 of 3000 complete in 68.5 sec
[-----------------50%                  ] 1516 of 3000 complete in 69.0 sec
[-----------------50%                  ] 1526 of 3000 complete in 69.5 sec
[-----------------51%                  ] 1537 of 3000 complete in 70.1 sec
[-----------------51%                  ] 1547 of 3000 complete in 70.6 sec
[-----------------51%                  ] 1557 of 3000 complete in 71.2 sec
[-----------------52%                  ] 1567 of 3000 complete in 71.7 sec
[-----------------52%                  ] 1577 of 3000 complete in 72.2 sec
[-----------------52%                  ] 1589 of 3000 complete in 72.7 sec
[-----------------53%                  ] 1600 of 3000 complete in 73.3 sec
[-----------------53%                  ] 1611 of 3000 complete in 73.8 sec
[-----------------54%                  ] 1623 of 3000 complete in 74.3 sec
[-----------------54%                  ] 1636 of 3000 complete in 74.9 sec
[-----------------55%                  ] 1650 of 3000 complete in 75.4 sec
[-----------------55%-                 ] 1663 of 3000 complete in 75.9 sec
[-----------------55%-                 ] 1676 of 3000 complete in 76.4 sec
[-----------------56%-                 ] 1690 of 3000 complete in 77.0 sec
[-----------------56%-                 ] 1702 of 3000 complete in 77.5 sec
[-----------------57%-                 ] 1715 of 3000 complete in 78.0 sec
[-----------------57%-                 ] 1728 of 3000 complete in 78.5 sec
[-----------------58%--                ] 1741 of 3000 complete in 79.0 sec
[-----------------58%--                ] 1755 of 3000 complete in 79.6 sec
[-----------------58%--                ] 1769 of 3000 complete in 80.1 sec
[-----------------59%--                ] 1782 of 3000 complete in 80.6 sec
[-----------------59%--                ] 1793 of 3000 complete in 81.1 sec
[-----------------60%--                ] 1804 of 3000 complete in 81.6 sec
[-----------------60%--                ] 1815 of 3000 complete in 82.2 sec
[-----------------60%---               ] 1828 of 3000 complete in 82.7 sec
[-----------------61%---               ] 1841 of 3000 complete in 83.2 sec
[-----------------61%---               ] 1853 of 3000 complete in 83.7 sec
[-----------------62%---               ] 1865 of 3000 complete in 84.3 sec
[-----------------62%---               ] 1875 of 3000 complete in 84.8 sec
[-----------------62%---               ] 1886 of 3000 complete in 85.3 sec
[-----------------63%----              ] 1898 of 3000 complete in 85.9 sec
[-----------------63%----              ] 1909 of 3000 complete in 86.4 sec
[-----------------64%----              ] 1920 of 3000 complete in 86.9 sec
[-----------------64%----              ] 1932 of 3000 complete in 87.4 sec
[-----------------64%----              ] 1945 of 3000 complete in 88.0 sec
[-----------------65%----              ] 1958 of 3000 complete in 88.5 sec
[-----------------65%----              ] 1971 of 3000 complete in 89.0 sec
[-----------------66%-----             ] 1984 of 3000 complete in 89.5 sec
[-----------------66%-----             ] 1996 of 3000 complete in 90.1 sec
[-----------------66%-----             ] 2008 of 3000 complete in 90.6 sec
[-----------------67%-----             ] 2020 of 3000 complete in 91.2 sec
[-----------------67%-----             ] 2032 of 3000 complete in 91.7 sec
[-----------------68%-----             ] 2045 of 3000 complete in 92.2 sec
[-----------------68%------            ] 2058 of 3000 complete in 92.7 sec
[-----------------69%------            ] 2070 of 3000 complete in 93.2 sec
[-----------------69%------            ] 2083 of 3000 complete in 93.8 sec
[-----------------69%------            ] 2095 of 3000 complete in 94.3 sec
[-----------------70%------            ] 2107 of 3000 complete in 94.8 sec
[-----------------70%------            ] 2120 of 3000 complete in 95.3 sec
[-----------------71%-------           ] 2134 of 3000 complete in 95.9 sec
[-----------------71%-------           ] 2146 of 3000 complete in 96.4 sec
[-----------------72%-------           ] 2160 of 3000 complete in 96.9 sec
[-----------------72%-------           ] 2174 of 3000 complete in 97.4 sec
[-----------------72%-------           ] 2185 of 3000 complete in 98.0 sec
[-----------------73%-------           ] 2196 of 3000 complete in 98.5 sec
[-----------------73%-------           ] 2206 of 3000 complete in 99.0 sec
[-----------------73%--------          ] 2217 of 3000 complete in 99.6 sec
[-----------------74%--------          ] 2227 of 3000 complete in 100.1 sec
[-----------------74%--------          ] 2237 of 3000 complete in 100.6 sec
[-----------------74%--------          ] 2247 of 3000 complete in 101.1 sec
[-----------------75%--------          ] 2257 of 3000 complete in 101.7 sec
[-----------------75%--------          ] 2267 of 3000 complete in 102.2 sec
[-----------------75%--------          ] 2276 of 3000 complete in 102.7 sec
[-----------------76%--------          ] 2285 of 3000 complete in 103.3 sec
[-----------------76%---------         ] 2294 of 3000 complete in 103.8 sec
[-----------------76%---------         ] 2303 of 3000 complete in 104.3 sec
[-----------------77%---------         ] 2313 of 3000 complete in 104.9 sec
[-----------------77%---------         ] 2322 of 3000 complete in 105.4 sec
[-----------------77%---------         ] 2331 of 3000 complete in 105.9 sec
[-----------------78%---------         ] 2340 of 3000 complete in 106.4 sec
[-----------------78%---------         ] 2350 of 3000 complete in 106.9 sec
[-----------------78%---------         ] 2359 of 3000 complete in 107.4 sec
[-----------------78%---------         ] 2368 of 3000 complete in 108.0 sec
[-----------------79%----------        ] 2377 of 3000 complete in 108.5 sec
[-----------------79%----------        ] 2386 of 3000 complete in 109.0 sec
[-----------------79%----------        ] 2396 of 3000 complete in 109.6 sec
[-----------------80%----------        ] 2405 of 3000 complete in 110.1 sec
[-----------------80%----------        ] 2415 of 3000 complete in 110.6 sec
[-----------------80%----------        ] 2424 of 3000 complete in 111.1 sec
[-----------------81%----------        ] 2434 of 3000 complete in 111.7 sec
[-----------------81%----------        ] 2444 of 3000 complete in 112.2 sec
[-----------------81%-----------       ] 2453 of 3000 complete in 112.7 sec
[-----------------82%-----------       ] 2462 of 3000 complete in 113.3 sec
[-----------------82%-----------       ] 2471 of 3000 complete in 113.8 sec
[-----------------82%-----------       ] 2482 of 3000 complete in 114.3 sec
[-----------------83%-----------       ] 2494 of 3000 complete in 114.8 sec
[-----------------83%-----------       ] 2507 of 3000 complete in 115.3 sec
[-----------------84%-----------       ] 2520 of 3000 complete in 115.8 sec
[-----------------84%------------      ] 2532 of 3000 complete in 116.3 sec
[-----------------84%------------      ] 2544 of 3000 complete in 116.8 sec
[-----------------85%------------      ] 2556 of 3000 complete in 117.3 sec
[-----------------85%------------      ] 2569 of 3000 complete in 117.9 sec
[-----------------86%------------      ] 2581 of 3000 complete in 118.4 sec
[-----------------86%------------      ] 2594 of 3000 complete in 119.0 sec
[-----------------86%-------------     ] 2606 of 3000 complete in 119.5 sec
[-----------------87%-------------     ] 2618 of 3000 complete in 120.0 sec
[-----------------87%-------------     ] 2631 of 3000 complete in 120.5 sec
[-----------------88%-------------     ] 2643 of 3000 complete in 121.0 sec
[-----------------88%-------------     ] 2655 of 3000 complete in 121.6 sec
[-----------------88%-------------     ] 2667 of 3000 complete in 122.1 sec
[-----------------89%-------------     ] 2678 of 3000 complete in 122.6 sec
[-----------------89%--------------    ] 2689 of 3000 complete in 123.1 sec
[-----------------89%--------------    ] 2698 of 3000 complete in 123.7 sec
[-----------------90%--------------    ] 2707 of 3000 complete in 124.2 sec
[-----------------90%--------------    ] 2716 of 3000 complete in 124.7 sec
[-----------------90%--------------    ] 2725 of 3000 complete in 125.3 sec
[-----------------91%--------------    ] 2734 of 3000 complete in 125.8 sec
[-----------------91%--------------    ] 2742 of 3000 complete in 126.3 sec
[-----------------91%--------------    ] 2750 of 3000 complete in 126.9 sec
[-----------------91%--------------    ] 2757 of 3000 complete in 127.4 sec
[-----------------92%---------------   ] 2764 of 3000 complete in 127.9 sec
[-----------------92%---------------   ] 2772 of 3000 complete in 128.5 sec
[-----------------92%---------------   ] 2780 of 3000 complete in 129.0 sec
[-----------------92%---------------   ] 2789 of 3000 complete in 129.5 sec
[-----------------93%---------------   ] 2798 of 3000 complete in 130.0 sec
[-----------------93%---------------   ] 2808 of 3000 complete in 130.6 sec
[-----------------93%---------------   ] 2818 of 3000 complete in 131.1 sec
[-----------------94%---------------   ] 2829 of 3000 complete in 131.6 sec
[-----------------94%---------------   ] 2839 of 3000 complete in 132.1 sec
[-----------------94%----------------  ] 2849 of 3000 complete in 132.7 sec
[-----------------95%----------------  ] 2859 of 3000 complete in 133.2 sec
[-----------------95%----------------  ] 2869 of 3000 complete in 133.8 sec
[-----------------95%----------------  ] 2879 of 3000 complete in 134.3 sec
[-----------------96%----------------  ] 2889 of 3000 complete in 134.8 sec
[-----------------96%----------------  ] 2900 of 3000 complete in 135.3 sec
[-----------------97%----------------  ] 2911 of 3000 complete in 135.9 sec
[-----------------97%----------------- ] 2923 of 3000 complete in 136.4 sec
[-----------------97%----------------- ] 2935 of 3000 complete in 136.9 sec
[-----------------98%----------------- ] 2947 of 3000 complete in 137.4 sec
[-----------------98%----------------- ] 2959 of 3000 complete in 138.0 sec
[-----------------99%----------------- ] 2970 of 3000 complete in 138.5 sec
[-----------------99%----------------- ] 2981 of 3000 complete in 139.0 sec
[-----------------99%----------------- ] 2992 of 3000 complete in 139.5 sec
[-----------------100%-----------------] 3000 of 3000 complete in 140.0 sec
hddm sampling elpased time:  140.103 s
[fit_one_hddm] 完成 curve10_rep1_drop（2.3 分钟）→ /home/jovyan/work/2_Data/Generate_Data/TenRules_Revision_20260912/param_recovery/fits/drop
