[fit_one_hddm] curve15_rep1_drop: 12 被试 / 2671 试次 / omission=0.000 / p_outlier=0.05
[fit_one_hddm] 设置 z 默认值失败（忽略）：'z'
No model attribute --> setting up standard HDDM
Set model to ddm
[                  0%                  ] 11 of 3000 complete in 0.5 sec
[                  0%                  ] 25 of 3000 complete in 1.0 sec
[                  1%                  ] 39 of 3000 complete in 1.5 sec
[                  1%                  ] 52 of 3000 complete in 2.1 sec
[                  2%                  ] 67 of 3000 complete in 2.6 sec
[-                 2%                  ] 81 of 3000 complete in 3.1 sec
[-                 3%                  ] 94 of 3000 complete in 3.6 sec
[-                 3%                  ] 107 of 3000 complete in 4.2 sec
[-                 3%                  ] 119 of 3000 complete in 4.7 sec
[-                 4%                  ] 131 of 3000 complete in 5.2 sec
[-                 4%                  ] 144 of 3000 complete in 5.7 sec
[--                5%                  ] 158 of 3000 complete in 6.2 sec
[--                5%                  ] 172 of 3000 complete in 6.7 sec
[--                6%                  ] 185 of 3000 complete in 7.2 sec
[--                6%                  ] 197 of 3000 complete in 7.8 sec
[--                7%                  ] 210 of 3000 complete in 8.3 sec
[--                7%                  ] 223 of 3000 complete in 8.8 sec
[--                7%                  ] 235 of 3000 complete in 9.3 sec
[---               8%                  ] 246 of 3000 complete in 9.9 sec
[---               8%                  ] 256 of 3000 complete in 10.4 sec
[---               8%                  ] 266 of 3000 complete in 10.9 sec
[---               9%                  ] 276 of 3000 complete in 11.4 sec
[---               9%                  ] 285 of 3000 complete in 12.0 sec
[---               9%                  ] 293 of 3000 complete in 12.5 sec
[---              10%                  ] 301 of 3000 complete in 13.0 sec
[---              10%                  ] 309 of 3000 complete in 13.6 sec
[----             10%                  ] 317 of 3000 complete in 14.1 sec
[----             10%                  ] 325 of 3000 complete in 14.7 sec
[----             11%                  ] 333 of 3000 complete in 15.2 sec
[----             11%                  ] 341 of 3000 complete in 15.8 sec
[----             11%                  ] 349 of 3000 complete in 16.3 sec
[----             11%                  ] 357 of 3000 complete in 16.8 sec
[----             12%                  ] 365 of 3000 complete in 17.3 sec
[----             12%                  ] 373 of 3000 complete in 17.9 sec
[----             12%                  ] 382 of 3000 complete in 18.4 sec
[----             13%                  ] 390 of 3000 complete in 19.0 sec
[-----            13%                  ] 398 of 3000 complete in 19.5 sec
[-----            13%                  ] 406 of 3000 complete in 20.0 sec
[-----            13%                  ] 414 of 3000 complete in 20.5 sec
[-----            14%                  ] 422 of 3000 complete in 21.0 sec
[-----            14%                  ] 430 of 3000 complete in 21.6 sec
[-----            14%                  ] 438 of 3000 complete in 22.1 sec
[-----            14%                  ] 445 of 3000 complete in 22.6 sec
[-----            15%                  ] 453 of 3000 complete in 23.2 sec
[-----            15%                  ] 461 of 3000 complete in 23.7 sec
[-----            15%                  ] 468 of 3000 complete in 24.2 sec
[------           15%                  ] 475 of 3000 complete in 24.8 sec
[------           16%                  ] 482 of 3000 complete in 25.4 sec
[------           16%                  ] 489 of 3000 complete in 25.9 sec
[------           16%                  ] 496 of 3000 complete in 26.4 sec
[------           16%                  ] 503 of 3000 complete in 27.0 sec
[------           16%                  ] 509 of 3000 complete in 27.5 sec
[------           17%                  ] 516 of 3000 complete in 28.1 sec
[------           17%                  ] 522 of 3000 complete in 28.6 sec
[------           17%                  ] 528 of 3000 complete in 29.1 sec
[------           17%                  ] 534 of 3000 complete in 29.6 sec
[------           18%                  ] 540 of 3000 complete in 30.2 sec
[------           18%                  ] 546 of 3000 complete in 30.7 sec
[------           18%                  ] 552 of 3000 complete in 31.2 sec
[-------          18%                  ] 558 of 3000 complete in 31.7 sec
[-------          18%                  ] 564 of 3000 complete in 32.3 sec
[-------          19%                  ] 570 of 3000 complete in 32.9 sec
[-------          19%                  ] 576 of 3000 complete in 33.4 sec
[-------          19%                  ] 583 of 3000 complete in 33.9 sec
[-------          19%                  ] 589 of 3000 complete in 34.5 sec
[-------          19%                  ] 595 of 3000 complete in 35.0 sec
[-------          20%                  ] 601 of 3000 complete in 35.5 sec
[-------          20%                  ] 607 of 3000 complete in 36.0 sec
[-------          20%                  ] 613 of 3000 complete in 36.6 sec
[-------          20%                  ] 619 of 3000 complete in 37.1 sec
[-------          20%                  ] 625 of 3000 complete in 37.6 sec
[-------          21%                  ] 631 of 3000 complete in 38.2 sec
[--------         21%                  ] 637 of 3000 complete in 38.7 sec
[--------         21%                  ] 643 of 3000 complete in 39.2 sec
[--------         21%                  ] 649 of 3000 complete in 39.8 sec
[--------         21%                  ] 655 of 3000 complete in 40.3 sec
[--------         22%                  ] 661 of 3000 complete in 40.9 sec
[--------         22%                  ] 667 of 3000 complete in 41.4 sec
[--------         22%                  ] 673 of 3000 complete in 41.9 sec
[--------         22%                  ] 679 of 3000 complete in 42.4 sec
[--------         22%                  ] 685 of 3000 complete in 43.0 sec
[--------         23%                  ] 691 of 3000 complete in 43.6 sec
[--------         23%                  ] 697 of 3000 complete in 44.1 sec
[--------         23%                  ] 703 of 3000 complete in 44.7 sec
[--------         23%                  ] 709 of 3000 complete in 45.2 sec
[---------        23%                  ] 715 of 3000 complete in 45.8 sec
[---------        24%                  ] 721 of 3000 complete in 46.3 sec
[---------        24%                  ] 727 of 3000 complete in 46.9 sec
[---------        24%                  ] 733 of 3000 complete in 47.5 sec
[---------        24%                  ] 739 of 3000 complete in 48.0 sec
[---------        24%                  ] 745 of 3000 complete in 48.6 sec
[---------        25%                  ] 750 of 3000 complete in 49.1 sec
[---------        25%                  ] 756 of 3000 complete in 49.6 sec
[---------        25%                  ] 762 of 3000 complete in 50.2 sec
[---------        25%                  ] 768 of 3000 complete in 50.8 sec
[---------        25%                  ] 774 of 3000 complete in 51.3 sec
[---------        26%                  ] 780 of 3000 complete in 51.8 sec
[---------        26%                  ] 786 of 3000 complete in 52.4 sec
[----------       26%                  ] 792 of 3000 complete in 52.9 sec
[----------       26%                  ] 798 of 3000 complete in 53.5 sec
[----------       26%                  ] 804 of 3000 complete in 54.0 sec
[----------       27%                  ] 810 of 3000 complete in 54.5 sec
[----------       27%                  ] 816 of 3000 complete in 55.1 sec
[----------       27%                  ] 822 of 3000 complete in 55.6 sec
[----------       27%                  ] 828 of 3000 complete in 56.1 sec
[----------       27%                  ] 834 of 3000 complete in 56.7 sec
[----------       28%                  ] 840 of 3000 complete in 57.3 sec
[----------       28%                  ] 846 of 3000 complete in 57.9 sec
/opt/conda/lib/python3.9/site-packages/hddm/models/base.py:1214: RuntimeWarning: overflow encountered in double_scalars
  eval=lambda x, y: (x**2) / (y**2),
/opt/conda/lib/python3.9/site-packages/hddm/models/base.py:1225: RuntimeWarning: overflow encountered in divide
  eval=lambda x, y: x / (y**2),
[----------       28%                  ] 852 of 3000 complete in 58.4 sec
[----------       28%                  ] 858 of 3000 complete in 59.0 sec
[----------       28%                  ] 864 of 3000 complete in 59.5 sec
[-----------      29%                  ] 870 of 3000 complete in 60.1 sec
[-----------      29%                  ] 875 of 3000 complete in 60.6 sec
[-----------      29%                  ] 881 of 3000 complete in 61.1 sec
[-----------      29%                  ] 887 of 3000 complete in 61.6 sec
[-----------      29%                  ] 893 of 3000 complete in 62.2 sec
[-----------      29%                  ] 899 of 3000 complete in 62.8 sec
[-----------      30%                  ] 905 of 3000 complete in 63.3 sec
[-----------      30%                  ] 911 of 3000 complete in 63.9 sec
[-----------      30%                  ] 917 of 3000 complete in 64.4 sec
[-----------      30%                  ] 923 of 3000 complete in 65.0 sec
[-----------      30%                  ] 929 of 3000 complete in 65.5 sec
[-----------      31%                  ] 935 of 3000 complete in 66.1 sec
[-----------      31%                  ] 941 of 3000 complete in 66.6 sec
[-----------      31%                  ] 947 of 3000 complete in 67.2 sec
[------------     31%                  ] 953 of 3000 complete in 67.7 sec
[------------     31%                  ] 959 of 3000 complete in 68.3 sec
[------------     32%                  ] 964 of 3000 complete in 68.8 sec
[------------     32%                  ] 969 of 3000 complete in 69.3 sec
[------------     32%                  ] 975 of 3000 complete in 69.9 sec
[------------     32%                  ] 981 of 3000 complete in 70.5 sec
[------------     32%                  ] 987 of 3000 complete in 71.0 sec
[------------     33%                  ] 993 of 3000 complete in 71.6 sec
[------------     33%                  ] 998 of 3000 complete in 72.2 sec
[------------     33%                  ] 1003 of 3000 complete in 72.7 sec
[------------     33%                  ] 1008 of 3000 complete in 73.2 sec
[------------     33%                  ] 1014 of 3000 complete in 73.8 sec
[------------     33%                  ] 1019 of 3000 complete in 74.4 sec
[------------     34%                  ] 1024 of 3000 complete in 74.9 sec
[-------------    34%                  ] 1029 of 3000 complete in 75.5 sec
[-------------    34%                  ] 1034 of 3000 complete in 76.0 sec
[-------------    34%                  ] 1040 of 3000 complete in 76.6 sec
[-------------    34%                  ] 1045 of 3000 complete in 77.1 sec
[-------------    35%                  ] 1051 of 3000 complete in 77.7 sec
[-------------    35%                  ] 1057 of 3000 complete in 78.3 sec
[-------------    35%                  ] 1063 of 3000 complete in 78.9 sec
[-------------    35%                  ] 1069 of 3000 complete in 79.5 sec
[-------------    35%                  ] 1075 of 3000 complete in 80.0 sec
[-------------    36%                  ] 1081 of 3000 complete in 80.6 sec
[-------------    36%                  ] 1087 of 3000 complete in 81.2 sec
[-------------    36%                  ] 1093 of 3000 complete in 81.8 sec
[-------------    36%                  ] 1098 of 3000 complete in 82.3 sec
[-------------    36%                  ] 1103 of 3000 complete in 82.8 sec
[--------------   36%                  ] 1108 of 3000 complete in 83.3 sec
[--------------   37%                  ] 1114 of 3000 complete in 83.9 sec
[--------------   37%                  ] 1119 of 3000 complete in 84.4 sec
[--------------   37%                  ] 1125 of 3000 complete in 84.9 sec
[--------------   37%                  ] 1131 of 3000 complete in 85.5 sec
[--------------   37%                  ] 1136 of 3000 complete in 86.1 sec
[--------------   38%                  ] 1142 of 3000 complete in 86.6 sec
[--------------   38%                  ] 1148 of 3000 complete in 87.2 sec
[--------------   38%                  ] 1154 of 3000 complete in 87.7 sec
[--------------   38%                  ] 1160 of 3000 complete in 88.3 sec
[--------------   38%                  ] 1166 of 3000 complete in 88.9 sec
[--------------   39%                  ] 1172 of 3000 complete in 89.4 sec
[--------------   39%                  ] 1178 of 3000 complete in 90.0 sec
[--------------   39%                  ] 1184 of 3000 complete in 90.5 sec
[---------------  39%                  ] 1190 of 3000 complete in 91.1 sec
[---------------  39%                  ] 1196 of 3000 complete in 91.7 sec
[---------------  40%                  ] 1202 of 3000 complete in 92.3 sec
[---------------  40%                  ] 1208 of 3000 complete in 92.8 sec
[---------------  40%                  ] 1214 of 3000 complete in 93.4 sec
[---------------  40%                  ] 1219 of 3000 complete in 93.9 sec
[---------------  40%                  ] 1225 of 3000 complete in 94.5 sec
[---------------  41%                  ] 1230 of 3000 complete in 95.1 sec
[---------------  41%                  ] 1236 of 3000 complete in 95.7 sec
[---------------  41%                  ] 1242 of 3000 complete in 96.3 sec
[---------------  41%                  ] 1247 of 3000 complete in 96.8 sec
[---------------  41%                  ] 1252 of 3000 complete in 97.3 sec
[---------------  41%                  ] 1257 of 3000 complete in 97.8 sec
[---------------  42%                  ] 1263 of 3000 complete in 98.4 sec
[---------------- 42%                  ] 1268 of 3000 complete in 98.9 sec
[---------------- 42%                  ] 1273 of 3000 complete in 99.5 sec
[---------------- 42%                  ] 1278 of 3000 complete in 100.0 sec
[---------------- 42%                  ] 1283 of 3000 complete in 100.5 sec
[---------------- 42%                  ] 1288 of 3000 complete in 101.0 sec
[---------------- 43%                  ] 1293 of 3000 complete in 101.5 sec
[---------------- 43%                  ] 1298 of 3000 complete in 102.1 sec
[---------------- 43%                  ] 1303 of 3000 complete in 102.7 sec
[---------------- 43%                  ] 1308 of 3000 complete in 103.2 sec
[---------------- 43%                  ] 1313 of 3000 complete in 103.8 sec
[---------------- 43%                  ] 1317 of 3000 complete in 104.3 sec
[---------------- 44%                  ] 1322 of 3000 complete in 104.9 sec
[---------------- 44%                  ] 1327 of 3000 complete in 105.5 sec
[---------------- 44%                  ] 1332 of 3000 complete in 106.1 sec
[---------------- 44%                  ] 1337 of 3000 complete in 106.6 sec
[---------------- 44%                  ] 1342 of 3000 complete in 107.2 sec
[-----------------44%                  ] 1347 of 3000 complete in 107.8 sec
[-----------------45%                  ] 1352 of 3000 complete in 108.4 sec
[-----------------45%                  ] 1357 of 3000 complete in 108.9 sec
[-----------------45%                  ] 1362 of 3000 complete in 109.4 sec
[-----------------45%                  ] 1367 of 3000 complete in 110.0 sec
[-----------------45%                  ] 1372 of 3000 complete in 110.6 sec
[-----------------45%                  ] 1377 of 3000 complete in 111.1 sec
[-----------------46%                  ] 1382 of 3000 complete in 111.7 sec
[-----------------46%                  ] 1387 of 3000 complete in 112.3 sec
[-----------------46%                  ] 1392 of 3000 complete in 112.9 sec
[-----------------46%                  ] 1397 of 3000 complete in 113.4 sec
[-----------------46%                  ] 1402 of 3000 complete in 114.0 sec
[-----------------46%                  ] 1407 of 3000 complete in 114.6 sec
[-----------------47%                  ] 1412 of 3000 complete in 115.2 sec
[-----------------47%                  ] 1417 of 3000 complete in 115.8 sec
[-----------------47%                  ] 1422 of 3000 complete in 116.3 sec
[-----------------47%                  ] 1427 of 3000 complete in 116.9 sec
[-----------------47%                  ] 1432 of 3000 complete in 117.5 sec
[-----------------47%                  ] 1437 of 3000 complete in 118.0 sec
[-----------------48%                  ] 1442 of 3000 complete in 118.6 sec
[-----------------48%                  ] 1447 of 3000 complete in 119.2 sec
[-----------------48%                  ] 1452 of 3000 complete in 119.8 sec
[-----------------48%                  ] 1457 of 3000 complete in 120.3 sec
[-----------------48%                  ] 1462 of 3000 complete in 120.9 sec
[-----------------48%                  ] 1467 of 3000 complete in 121.4 sec
[-----------------49%                  ] 1472 of 3000 complete in 121.9 sec
[-----------------49%                  ] 1477 of 3000 complete in 122.4 sec
[-----------------49%                  ] 1483 of 3000 complete in 123.0 sec
[-----------------49%                  ] 1488 of 3000 complete in 123.5 sec
[-----------------49%                  ] 1493 of 3000 complete in 124.0 sec
[-----------------49%                  ] 1498 of 3000 complete in 124.6 sec
[-----------------50%                  ] 1503 of 3000 complete in 125.1 sec
[-----------------50%                  ] 1508 of 3000 complete in 125.6 sec
[-----------------50%                  ] 1513 of 3000 complete in 126.1 sec
[-----------------50%                  ] 1518 of 3000 complete in 126.6 sec
[-----------------50%                  ] 1523 of 3000 complete in 127.1 sec
[-----------------50%                  ] 1528 of 3000 complete in 127.7 sec
[-----------------51%                  ] 1533 of 3000 complete in 128.2 sec
[-----------------51%                  ] 1538 of 3000 complete in 128.7 sec
[-----------------51%                  ] 1543 of 3000 complete in 129.2 sec
[-----------------51%                  ] 1549 of 3000 complete in 129.8 sec
[-----------------51%                  ] 1554 of 3000 complete in 130.4 sec
[-----------------51%                  ] 1559 of 3000 complete in 130.9 sec
[-----------------52%                  ] 1564 of 3000 complete in 131.4 sec
[-----------------52%                  ] 1569 of 3000 complete in 132.0 sec
[-----------------52%                  ] 1574 of 3000 complete in 132.5 sec
[-----------------52%                  ] 1579 of 3000 complete in 133.0 sec
[-----------------52%                  ] 1584 of 3000 complete in 133.6 sec
[-----------------52%                  ] 1589 of 3000 complete in 134.1 sec
[-----------------53%                  ] 1594 of 3000 complete in 134.6 sec
[-----------------53%                  ] 1599 of 3000 complete in 135.1 sec
[-----------------53%                  ] 1604 of 3000 complete in 135.7 sec
[-----------------53%                  ] 1609 of 3000 complete in 136.2 sec
[-----------------53%                  ] 1614 of 3000 complete in 136.8 sec
[-----------------53%                  ] 1619 of 3000 complete in 137.3 sec
[-----------------54%                  ] 1624 of 3000 complete in 137.8 sec
[-----------------54%                  ] 1629 of 3000 complete in 138.3 sec
[-----------------54%                  ] 1635 of 3000 complete in 138.9 sec
[-----------------54%                  ] 1640 of 3000 complete in 139.5 sec
[-----------------54%                  ] 1645 of 3000 complete in 140.0 sec
[-----------------55%                  ] 1650 of 3000 complete in 140.5 sec
[-----------------55%                  ] 1655 of 3000 complete in 141.1 sec
[-----------------55%-                 ] 1660 of 3000 complete in 141.6 sec
[-----------------55%-                 ] 1665 of 3000 complete in 142.1 sec
[-----------------55%-                 ] 1670 of 3000 complete in 142.7 sec
[-----------------55%-                 ] 1675 of 3000 complete in 143.2 sec
[-----------------56%-                 ] 1680 of 3000 complete in 143.7 sec
[-----------------56%-                 ] 1685 of 3000 complete in 144.3 sec
[-----------------56%-                 ] 1690 of 3000 complete in 144.8 sec
[-----------------56%-                 ] 1695 of 3000 complete in 145.3 sec
[-----------------56%-                 ] 1700 of 3000 complete in 145.8 sec
[-----------------56%-                 ] 1705 of 3000 complete in 146.3 sec
[-----------------57%-                 ] 1710 of 3000 complete in 146.8 sec
[-----------------57%-                 ] 1716 of 3000 complete in 147.4 sec
[-----------------57%-                 ] 1721 of 3000 complete in 147.9 sec
[-----------------57%-                 ] 1727 of 3000 complete in 148.5 sec
[-----------------57%-                 ] 1732 of 3000 complete in 149.1 sec
[-----------------57%--                ] 1737 of 3000 complete in 149.6 sec
[-----------------58%--                ] 1742 of 3000 complete in 150.1 sec
[-----------------58%--                ] 1747 of 3000 complete in 150.7 sec
[-----------------58%--                ] 1753 of 3000 complete in 151.3 sec
[-----------------58%--                ] 1758 of 3000 complete in 151.8 sec
[-----------------58%--                ] 1763 of 3000 complete in 152.3 sec
[-----------------58%--                ] 1768 of 3000 complete in 152.8 sec
[-----------------59%--                ] 1773 of 3000 complete in 153.4 sec
[-----------------59%--                ] 1778 of 3000 complete in 153.9 sec
[-----------------59%--                ] 1783 of 3000 complete in 154.4 sec
[-----------------59%--                ] 1788 of 3000 complete in 155.0 sec
[-----------------59%--                ] 1793 of 3000 complete in 155.5 sec
[-----------------59%--                ] 1798 of 3000 complete in 156.0 sec
[-----------------60%--                ] 1803 of 3000 complete in 156.6 sec
[-----------------60%--                ] 1808 of 3000 complete in 157.2 sec
[-----------------60%--                ] 1813 of 3000 complete in 157.7 sec
[-----------------60%---               ] 1818 of 3000 complete in 158.2 sec
[-----------------60%---               ] 1823 of 3000 complete in 158.8 sec
[-----------------60%---               ] 1828 of 3000 complete in 159.3 sec
[-----------------61%---               ] 1833 of 3000 complete in 159.8 sec
[-----------------61%---               ] 1838 of 3000 complete in 160.4 sec
[-----------------61%---               ] 1843 of 3000 complete in 160.9 sec
[-----------------61%---               ] 1848 of 3000 complete in 161.4 sec
[-----------------61%---               ] 1853 of 3000 complete in 161.9 sec
[-----------------61%---               ] 1858 of 3000 complete in 162.4 sec
[-----------------62%---               ] 1863 of 3000 complete in 163.0 sec
[-----------------62%---               ] 1868 of 3000 complete in 163.5 sec
[-----------------62%---               ] 1873 of 3000 complete in 164.1 sec
[-----------------62%---               ] 1878 of 3000 complete in 164.6 sec
[-----------------62%---               ] 1883 of 3000 complete in 165.1 sec
[-----------------62%---               ] 1888 of 3000 complete in 165.7 sec
[-----------------63%---               ] 1894 of 3000 complete in 166.2 sec
[-----------------63%----              ] 1899 of 3000 complete in 166.8 sec
[-----------------63%----              ] 1904 of 3000 complete in 167.3 sec
[-----------------63%----              ] 1909 of 3000 complete in 167.8 sec
[-----------------63%----              ] 1914 of 3000 complete in 168.3 sec
[-----------------63%----              ] 1919 of 3000 complete in 168.8 sec
[-----------------64%----              ] 1924 of 3000 complete in 169.3 sec
[-----------------64%----              ] 1929 of 3000 complete in 169.8 sec
[-----------------64%----              ] 1934 of 3000 complete in 170.4 sec
[-----------------64%----              ] 1939 of 3000 complete in 170.9 sec
[-----------------64%----              ] 1944 of 3000 complete in 171.4 sec
[-----------------64%----              ] 1949 of 3000 complete in 172.0 sec
[-----------------65%----              ] 1954 of 3000 complete in 172.6 sec
[-----------------65%----              ] 1959 of 3000 complete in 173.1 sec
[-----------------65%----              ] 1964 of 3000 complete in 173.7 sec
[-----------------65%----              ] 1969 of 3000 complete in 174.2 sec
[-----------------65%-----             ] 1974 of 3000 complete in 174.8 sec
[-----------------65%-----             ] 1979 of 3000 complete in 175.4 sec
[-----------------66%-----             ] 1984 of 3000 complete in 175.9 sec
[-----------------66%-----             ] 1989 of 3000 complete in 176.4 sec
[-----------------66%-----             ] 1994 of 3000 complete in 177.0 sec
[-----------------66%-----             ] 1999 of 3000 complete in 177.5 sec
[-----------------66%-----             ] 2004 of 3000 complete in 178.1 sec
[-----------------66%-----             ] 2009 of 3000 complete in 178.6 sec
[-----------------67%-----             ] 2014 of 3000 complete in 179.2 sec
[-----------------67%-----             ] 2019 of 3000 complete in 179.8 sec
[-----------------67%-----             ] 2024 of 3000 complete in 180.4 sec
[-----------------67%-----             ] 2029 of 3000 complete in 181.0 sec
[-----------------67%-----             ] 2034 of 3000 complete in 181.5 sec
[-----------------67%-----             ] 2039 of 3000 complete in 182.1 sec
[-----------------68%-----             ] 2044 of 3000 complete in 182.6 sec
[-----------------68%-----             ] 2049 of 3000 complete in 183.2 sec
[-----------------68%------            ] 2054 of 3000 complete in 183.7 sec
[-----------------68%------            ] 2059 of 3000 complete in 184.3 sec
[-----------------68%------            ] 2064 of 3000 complete in 184.9 sec
[-----------------68%------            ] 2069 of 3000 complete in 185.4 sec
[-----------------69%------            ] 2074 of 3000 complete in 186.0 sec
[-----------------69%------            ] 2079 of 3000 complete in 186.5 sec
[-----------------69%------            ] 2084 of 3000 complete in 187.1 sec
[-----------------69%------            ] 2089 of 3000 complete in 187.7 sec
[-----------------69%------            ] 2094 of 3000 complete in 188.3 sec
[-----------------69%------            ] 2099 of 3000 complete in 188.8 sec
[-----------------70%------            ] 2104 of 3000 complete in 189.4 sec
[-----------------70%------            ] 2109 of 3000 complete in 189.9 sec
[-----------------70%------            ] 2114 of 3000 complete in 190.4 sec
[-----------------70%------            ] 2119 of 3000 complete in 190.9 sec
[-----------------70%------            ] 2124 of 3000 complete in 191.4 sec
[-----------------70%------            ] 2129 of 3000 complete in 192.0 sec
[-----------------71%-------           ] 2134 of 3000 complete in 192.5 sec
[-----------------71%-------           ] 2139 of 3000 complete in 193.1 sec
[-----------------71%-------           ] 2144 of 3000 complete in 193.6 sec
[-----------------71%-------           ] 2149 of 3000 complete in 194.2 sec
[-----------------71%-------           ] 2154 of 3000 complete in 194.7 sec
[-----------------71%-------           ] 2159 of 3000 complete in 195.3 sec
[-----------------72%-------           ] 2165 of 3000 complete in 195.9 sec
[-----------------72%-------           ] 2170 of 3000 complete in 196.5 sec
[-----------------72%-------           ] 2175 of 3000 complete in 197.0 sec
[-----------------72%-------           ] 2180 of 3000 complete in 197.5 sec
[-----------------72%-------           ] 2185 of 3000 complete in 198.0 sec
[-----------------73%-------           ] 2190 of 3000 complete in 198.5 sec
[-----------------73%-------           ] 2195 of 3000 complete in 199.1 sec
[-----------------73%-------           ] 2200 of 3000 complete in 199.6 sec
[-----------------73%-------           ] 2205 of 3000 complete in 200.1 sec
[-----------------73%-------           ] 2210 of 3000 complete in 200.6 sec
[-----------------73%--------          ] 2215 of 3000 complete in 201.1 sec
[-----------------74%--------          ] 2220 of 3000 complete in 201.7 sec
[-----------------74%--------          ] 2225 of 3000 complete in 202.2 sec
[-----------------74%--------          ] 2230 of 3000 complete in 202.8 sec
[-----------------74%--------          ] 2235 of 3000 complete in 203.3 sec
[-----------------74%--------          ] 2240 of 3000 complete in 203.9 sec
[-----------------74%--------          ] 2245 of 3000 complete in 204.4 sec
[-----------------75%--------          ] 2250 of 3000 complete in 205.0 sec
[-----------------75%--------          ] 2255 of 3000 complete in 205.5 sec
[-----------------75%--------          ] 2260 of 3000 complete in 206.1 sec
[-----------------75%--------          ] 2265 of 3000 complete in 206.6 sec
[-----------------75%--------          ] 2270 of 3000 complete in 207.2 sec
[-----------------75%--------          ] 2275 of 3000 complete in 207.8 sec
[-----------------76%--------          ] 2280 of 3000 complete in 208.3 sec
[-----------------76%--------          ] 2285 of 3000 complete in 208.9 sec
[-----------------76%---------         ] 2290 of 3000 complete in 209.5 sec
[-----------------76%---------         ] 2295 of 3000 complete in 210.0 sec
[-----------------76%---------         ] 2300 of 3000 complete in 210.6 sec
[-----------------76%---------         ] 2305 of 3000 complete in 211.2 sec
[-----------------77%---------         ] 2310 of 3000 complete in 211.7 sec
[-----------------77%---------         ] 2315 of 3000 complete in 212.3 sec
[-----------------77%---------         ] 2320 of 3000 complete in 212.9 sec
[-----------------77%---------         ] 2325 of 3000 complete in 213.4 sec
[-----------------77%---------         ] 2330 of 3000 complete in 214.0 sec
[-----------------77%---------         ] 2335 of 3000 complete in 214.6 sec
[-----------------78%---------         ] 2340 of 3000 complete in 215.1 sec
[-----------------78%---------         ] 2345 of 3000 complete in 215.7 sec
[-----------------78%---------         ] 2350 of 3000 complete in 216.2 sec
[-----------------78%---------         ] 2355 of 3000 complete in 216.8 sec
[-----------------78%---------         ] 2360 of 3000 complete in 217.4 sec
[-----------------78%---------         ] 2365 of 3000 complete in 217.9 sec
[-----------------79%----------        ] 2370 of 3000 complete in 218.5 sec
[-----------------79%----------        ] 2375 of 3000 complete in 219.1 sec
[-----------------79%----------        ] 2380 of 3000 complete in 219.7 sec
[-----------------79%----------        ] 2385 of 3000 complete in 220.2 sec
[-----------------79%----------        ] 2390 of 3000 complete in 220.8 sec
[-----------------79%----------        ] 2395 of 3000 complete in 221.4 sec
[-----------------80%----------        ] 2400 of 3000 complete in 222.0 sec
[-----------------80%----------        ] 2405 of 3000 complete in 222.6 sec
[-----------------80%----------        ] 2410 of 3000 complete in 223.1 sec
[-----------------80%----------        ] 2415 of 3000 complete in 223.7 sec
[-----------------80%----------        ] 2420 of 3000 complete in 224.3 sec
[-----------------80%----------        ] 2425 of 3000 complete in 224.9 sec
[-----------------81%----------        ] 2430 of 3000 complete in 225.5 sec
[-----------------81%----------        ] 2435 of 3000 complete in 226.1 sec
[-----------------81%----------        ] 2440 of 3000 complete in 226.6 sec
[-----------------81%----------        ] 2445 of 3000 complete in 227.2 sec
[-----------------81%-----------       ] 2450 of 3000 complete in 227.7 sec
[-----------------81%-----------       ] 2455 of 3000 complete in 228.3 sec
[-----------------82%-----------       ] 2460 of 3000 complete in 228.9 sec
[-----------------82%-----------       ] 2465 of 3000 complete in 229.5 sec
[-----------------82%-----------       ] 2470 of 3000 complete in 230.0 sec
[-----------------82%-----------       ] 2475 of 3000 complete in 230.6 sec
[-----------------82%-----------       ] 2480 of 3000 complete in 231.2 sec
[-----------------82%-----------       ] 2485 of 3000 complete in 231.7 sec
[-----------------83%-----------       ] 2490 of 3000 complete in 232.4 sec
[-----------------83%-----------       ] 2495 of 3000 complete in 233.0 sec
[-----------------83%-----------       ] 2500 of 3000 complete in 233.5 sec
[-----------------83%-----------       ] 2505 of 3000 complete in 234.1 sec
[-----------------83%-----------       ] 2510 of 3000 complete in 234.7 sec
[-----------------83%-----------       ] 2515 of 3000 complete in 235.2 sec
[-----------------84%-----------       ] 2520 of 3000 complete in 235.8 sec
[-----------------84%-----------       ] 2525 of 3000 complete in 236.3 sec
[-----------------84%------------      ] 2530 of 3000 complete in 236.9 sec
[-----------------84%------------      ] 2535 of 3000 complete in 237.5 sec
[-----------------84%------------      ] 2540 of 3000 complete in 238.0 sec
[-----------------84%------------      ] 2545 of 3000 complete in 238.6 sec
[-----------------85%------------      ] 2550 of 3000 complete in 239.2 sec
[-----------------85%------------      ] 2555 of 3000 complete in 239.7 sec
[-----------------85%------------      ] 2560 of 3000 complete in 240.3 sec
[-----------------85%------------      ] 2565 of 3000 complete in 240.8 sec
[-----------------85%------------      ] 2570 of 3000 complete in 241.4 sec
[-----------------85%------------      ] 2575 of 3000 complete in 241.9 sec
[-----------------86%------------      ] 2580 of 3000 complete in 242.5 sec
[-----------------86%------------      ] 2585 of 3000 complete in 243.0 sec
[-----------------86%------------      ] 2590 of 3000 complete in 243.6 sec
[-----------------86%------------      ] 2595 of 3000 complete in 244.1 sec
[-----------------86%------------      ] 2600 of 3000 complete in 244.7 sec
[-----------------86%------------      ] 2605 of 3000 complete in 245.3 sec
[-----------------86%-------------     ] 2609 of 3000 complete in 245.8 sec
[-----------------87%-------------     ] 2614 of 3000 complete in 246.4 sec
[-----------------87%-------------     ] 2619 of 3000 complete in 246.9 sec
[-----------------87%-------------     ] 2624 of 3000 complete in 247.5 sec
[-----------------87%-------------     ] 2629 of 3000 complete in 248.1 sec
[-----------------87%-------------     ] 2634 of 3000 complete in 248.6 sec
[-----------------87%-------------     ] 2639 of 3000 complete in 249.2 sec
[-----------------88%-------------     ] 2644 of 3000 complete in 249.8 sec
[-----------------88%-------------     ] 2649 of 3000 complete in 250.3 sec
[-----------------88%-------------     ] 2654 of 3000 complete in 250.9 sec
[-----------------88%-------------     ] 2659 of 3000 complete in 251.5 sec
[-----------------88%-------------     ] 2664 of 3000 complete in 252.1 sec
[-----------------88%-------------     ] 2669 of 3000 complete in 252.6 sec
[-----------------89%-------------     ] 2674 of 3000 complete in 253.2 sec
[-----------------89%-------------     ] 2679 of 3000 complete in 253.8 sec
[-----------------89%-------------     ] 2684 of 3000 complete in 254.4 sec
[-----------------89%--------------    ] 2689 of 3000 complete in 254.9 sec
[-----------------89%--------------    ] 2694 of 3000 complete in 255.5 sec
[-----------------89%--------------    ] 2699 of 3000 complete in 256.0 sec
[-----------------90%--------------    ] 2704 of 3000 complete in 256.6 sec
[-----------------90%--------------    ] 2709 of 3000 complete in 257.2 sec
[-----------------90%--------------    ] 2714 of 3000 complete in 257.8 sec
[-----------------90%--------------    ] 2719 of 3000 complete in 258.3 sec
[-----------------90%--------------    ] 2724 of 3000 complete in 258.9 sec
[-----------------90%--------------    ] 2729 of 3000 complete in 259.5 sec
[-----------------91%--------------    ] 2734 of 3000 complete in 260.0 sec
[-----------------91%--------------    ] 2739 of 3000 complete in 260.6 sec
[-----------------91%--------------    ] 2744 of 3000 complete in 261.1 sec
[-----------------91%--------------    ] 2749 of 3000 complete in 261.7 sec
[-----------------91%--------------    ] 2754 of 3000 complete in 262.3 sec
[-----------------91%--------------    ] 2759 of 3000 complete in 262.8 sec
[-----------------92%---------------   ] 2764 of 3000 complete in 263.3 sec
[-----------------92%---------------   ] 2769 of 3000 complete in 263.9 sec
[-----------------92%---------------   ] 2774 of 3000 complete in 264.4 sec
[-----------------92%---------------   ] 2779 of 3000 complete in 264.9 sec
[-----------------92%---------------   ] 2784 of 3000 complete in 265.5 sec
[-----------------92%---------------   ] 2789 of 3000 complete in 266.0 sec
[-----------------93%---------------   ] 2794 of 3000 complete in 266.6 sec
[-----------------93%---------------   ] 2799 of 3000 complete in 267.1 sec
[-----------------93%---------------   ] 2804 of 3000 complete in 267.7 sec
[-----------------93%---------------   ] 2809 of 3000 complete in 268.2 sec
[-----------------93%---------------   ] 2814 of 3000 complete in 268.7 sec
[-----------------93%---------------   ] 2819 of 3000 complete in 269.3 sec
[-----------------94%---------------   ] 2824 of 3000 complete in 269.9 sec
[-----------------94%---------------   ] 2829 of 3000 complete in 270.4 sec
[-----------------94%---------------   ] 2834 of 3000 complete in 271.0 sec
[-----------------94%---------------   ] 2839 of 3000 complete in 271.5 sec
[-----------------94%----------------  ] 2844 of 3000 complete in 272.1 sec
[-----------------94%----------------  ] 2849 of 3000 complete in 272.7 sec
[-----------------95%----------------  ] 2854 of 3000 complete in 273.3 sec
[-----------------95%----------------  ] 2859 of 3000 complete in 273.8 sec
[-----------------95%----------------  ] 2864 of 3000 complete in 274.4 sec
[-----------------95%----------------  ] 2869 of 3000 complete in 275.0 sec
[-----------------95%----------------  ] 2874 of 3000 complete in 275.6 sec
[-----------------95%----------------  ] 2879 of 3000 complete in 276.1 sec
[-----------------96%----------------  ] 2884 of 3000 complete in 276.7 sec
[-----------------96%----------------  ] 2889 of 3000 complete in 277.3 sec
[-----------------96%----------------  ] 2894 of 3000 complete in 277.8 sec
[-----------------96%----------------  ] 2899 of 3000 complete in 278.4 sec
[-----------------96%----------------  ] 2904 of 3000 complete in 278.9 sec
[-----------------96%----------------  ] 2909 of 3000 complete in 279.5 sec
[-----------------97%----------------  ] 2914 of 3000 complete in 280.1 sec
[-----------------97%----------------  ] 2919 of 3000 complete in 280.6 sec
[-----------------97%----------------- ] 2924 of 3000 complete in 281.2 sec
[-----------------97%----------------- ] 2929 of 3000 complete in 281.8 sec
[-----------------97%----------------- ] 2934 of 3000 complete in 282.4 sec
[-----------------97%----------------- ] 2939 of 3000 complete in 283.0 sec
[-----------------98%----------------- ] 2944 of 3000 complete in 283.5 sec
[-----------------98%----------------- ] 2949 of 3000 complete in 284.1 sec
[-----------------98%----------------- ] 2954 of 3000 complete in 284.7 sec
[-----------------98%----------------- ] 2959 of 3000 complete in 285.3 sec
[-----------------98%----------------- ] 2964 of 3000 complete in 285.9 sec
[-----------------98%----------------- ] 2969 of 3000 complete in 286.4 sec
[-----------------99%----------------- ] 2974 of 3000 complete in 287.0 sec
[-----------------99%----------------- ] 2979 of 3000 complete in 287.6 sec
[-----------------99%----------------- ] 2984 of 3000 complete in 288.1 sec
[-----------------99%----------------- ] 2989 of 3000 complete in 288.7 sec
[-----------------99%----------------- ] 2994 of 3000 complete in 289.3 sec
[-----------------99%----------------- ] 2999 of 3000 complete in 289.8 sec
[-----------------100%-----------------] 3000 of 3000 complete in 290.0 sec
hddm sampling elpased time:  290.122 s
[fit_one_hddm] 完成 curve15_rep1_drop（4.8 分钟）→ /home/jovyan/work/2_Data/Generate_Data/TenRules_Revision_20260912/param_recovery/fits/drop
