[fit_one_hddm] curve35_rep1_drop: 12 被试 / 2093 试次 / omission=0.000 / p_outlier=0.05
[fit_one_hddm] 设置 z 默认值失败（忽略）：'z'
No model attribute --> setting up standard HDDM
Set model to ddm
[                  0%                  ] 13 of 3000 complete in 0.5 sec
[                  0%                  ] 28 of 3000 complete in 1.0 sec
[                  1%                  ] 43 of 3000 complete in 1.6 sec
[                  1%                  ] 58 of 3000 complete in 2.1 sec
[                  2%                  ] 73 of 3000 complete in 2.6 sec
[-                 2%                  ] 88 of 3000 complete in 3.1 sec
[-                 3%                  ] 103 of 3000 complete in 3.6 sec
[-                 3%                  ] 117 of 3000 complete in 4.2 sec
[-                 4%                  ] 128 of 3000 complete in 4.7 sec
[-                 4%                  ] 140 of 3000 complete in 5.2 sec
[-                 5%                  ] 152 of 3000 complete in 5.7 sec
[--                5%                  ] 164 of 3000 complete in 6.2 sec
[--                5%                  ] 176 of 3000 complete in 6.7 sec
[--                6%                  ] 188 of 3000 complete in 7.3 sec
[--                6%                  ] 199 of 3000 complete in 7.8 sec
[--                7%                  ] 211 of 3000 complete in 8.3 sec
[--                7%                  ] 224 of 3000 complete in 8.8 sec
[---               7%                  ] 237 of 3000 complete in 9.4 sec
[---               8%                  ] 249 of 3000 complete in 9.9 sec
[---               8%                  ] 260 of 3000 complete in 10.4 sec
[---               9%                  ] 272 of 3000 complete in 10.9 sec
[---               9%                  ] 283 of 3000 complete in 11.4 sec
[---               9%                  ] 294 of 3000 complete in 11.9 sec
[---              10%                  ] 306 of 3000 complete in 12.5 sec
[----             10%                  ] 320 of 3000 complete in 13.0 sec
[----             11%                  ] 333 of 3000 complete in 13.5 sec
[----             11%                  ] 345 of 3000 complete in 14.0 sec
[----             11%                  ] 359 of 3000 complete in 14.6 sec
[----             12%                  ] 372 of 3000 complete in 15.1 sec
[----             12%                  ] 384 of 3000 complete in 15.6 sec
[-----            13%                  ] 397 of 3000 complete in 16.1 sec
[-----            13%                  ] 410 of 3000 complete in 16.6 sec
[-----            14%                  ] 424 of 3000 complete in 17.1 sec
[-----            14%                  ] 438 of 3000 complete in 17.6 sec
[-----            15%                  ] 451 of 3000 complete in 18.2 sec
[-----            15%                  ] 464 of 3000 complete in 18.7 sec
[------           15%                  ] 477 of 3000 complete in 19.2 sec
[------           16%                  ] 489 of 3000 complete in 19.8 sec
[------           16%                  ] 499 of 3000 complete in 20.3 sec
[------           17%                  ] 510 of 3000 complete in 20.8 sec
[------           17%                  ] 522 of 3000 complete in 21.3 sec
[------           17%                  ] 535 of 3000 complete in 21.8 sec
[------           18%                  ] 548 of 3000 complete in 22.4 sec
[-------          18%                  ] 561 of 3000 complete in 22.9 sec
[-------          19%                  ] 574 of 3000 complete in 23.4 sec
[-------          19%                  ] 586 of 3000 complete in 23.9 sec
[-------          19%                  ] 598 of 3000 complete in 24.5 sec
[-------          20%                  ] 609 of 3000 complete in 25.0 sec
[-------          20%                  ] 621 of 3000 complete in 25.5 sec
[--------         21%                  ] 632 of 3000 complete in 26.0 sec
[--------         21%                  ] 645 of 3000 complete in 26.5 sec
[--------         21%                  ] 659 of 3000 complete in 27.0 sec
[--------         22%                  ] 674 of 3000 complete in 27.5 sec
[--------         22%                  ] 685 of 3000 complete in 28.1 sec
[--------         23%                  ] 696 of 3000 complete in 28.6 sec
[--------         23%                  ] 707 of 3000 complete in 29.1 sec
[---------        23%                  ] 718 of 3000 complete in 29.7 sec
[---------        24%                  ] 728 of 3000 complete in 30.2 sec
[---------        24%                  ] 738 of 3000 complete in 30.7 sec
[---------        24%                  ] 749 of 3000 complete in 31.2 sec
[---------        25%                  ] 761 of 3000 complete in 31.7 sec
[---------        25%                  ] 773 of 3000 complete in 32.2 sec
[---------        26%                  ] 785 of 3000 complete in 32.7 sec
[----------       26%                  ] 798 of 3000 complete in 33.3 sec
[----------       27%                  ] 812 of 3000 complete in 33.8 sec
[----------       27%                  ] 826 of 3000 complete in 34.3 sec
[----------       27%                  ] 838 of 3000 complete in 34.8 sec
[----------       28%                  ] 850 of 3000 complete in 35.3 sec
[----------       28%                  ] 863 of 3000 complete in 35.8 sec
[-----------      29%                  ] 877 of 3000 complete in 36.4 sec
[-----------      29%                  ] 890 of 3000 complete in 36.9 sec
[-----------      30%                  ] 902 of 3000 complete in 37.4 sec
[-----------      30%                  ] 914 of 3000 complete in 37.9 sec
[-----------      30%                  ] 928 of 3000 complete in 38.4 sec
[-----------      31%                  ] 941 of 3000 complete in 38.9 sec
[------------     31%                  ] 954 of 3000 complete in 39.5 sec
[------------     32%                  ] 966 of 3000 complete in 40.0 sec
[------------     32%                  ] 978 of 3000 complete in 40.5 sec
[------------     33%                  ] 990 of 3000 complete in 41.0 sec
[------------     33%                  ] 1001 of 3000 complete in 41.5 sec
[------------     33%                  ] 1013 of 3000 complete in 42.1 sec
[------------     34%                  ] 1023 of 3000 complete in 42.6 sec
[-------------    34%                  ] 1035 of 3000 complete in 43.1 sec
[-------------    34%                  ] 1048 of 3000 complete in 43.6 sec
[-------------    35%                  ] 1062 of 3000 complete in 44.1 sec
[-------------    35%                  ] 1076 of 3000 complete in 44.6 sec
[-------------    36%                  ] 1089 of 3000 complete in 45.2 sec
[-------------    36%                  ] 1102 of 3000 complete in 45.7 sec
[--------------   37%                  ] 1115 of 3000 complete in 46.2 sec
[--------------   37%                  ] 1128 of 3000 complete in 46.7 sec
[--------------   38%                  ] 1141 of 3000 complete in 47.3 sec
[--------------   38%                  ] 1154 of 3000 complete in 47.8 sec
[--------------   38%                  ] 1166 of 3000 complete in 48.3 sec
[--------------   39%                  ] 1179 of 3000 complete in 48.8 sec
[---------------  39%                  ] 1192 of 3000 complete in 49.4 sec
[---------------  40%                  ] 1204 of 3000 complete in 49.9 sec
[---------------  40%                  ] 1217 of 3000 complete in 50.4 sec
[---------------  40%                  ] 1229 of 3000 complete in 50.9 sec
[---------------  41%                  ] 1242 of 3000 complete in 51.4 sec
[---------------  41%                  ] 1255 of 3000 complete in 52.0 sec
[---------------- 42%                  ] 1267 of 3000 complete in 52.5 sec
[---------------- 42%                  ] 1279 of 3000 complete in 53.0 sec
[---------------- 43%                  ] 1292 of 3000 complete in 53.5 sec
[---------------- 43%                  ] 1304 of 3000 complete in 54.0 sec
[---------------- 43%                  ] 1316 of 3000 complete in 54.6 sec
[---------------- 44%                  ] 1329 of 3000 complete in 55.1 sec
[-----------------44%                  ] 1343 of 3000 complete in 55.6 sec
[-----------------45%                  ] 1358 of 3000 complete in 56.2 sec
[-----------------45%                  ] 1370 of 3000 complete in 56.7 sec
[-----------------46%                  ] 1384 of 3000 complete in 57.2 sec
[-----------------46%                  ] 1398 of 3000 complete in 57.7 sec
[-----------------47%                  ] 1412 of 3000 complete in 58.2 sec
[-----------------47%                  ] 1426 of 3000 complete in 58.7 sec
[-----------------48%                  ] 1441 of 3000 complete in 59.3 sec
[-----------------48%                  ] 1455 of 3000 complete in 59.8 sec
[-----------------48%                  ] 1468 of 3000 complete in 60.3 sec
[-----------------49%                  ] 1481 of 3000 complete in 60.8 sec
[-----------------49%                  ] 1494 of 3000 complete in 61.4 sec
[-----------------50%                  ] 1508 of 3000 complete in 61.9 sec
[-----------------50%                  ] 1520 of 3000 complete in 62.4 sec
[-----------------51%                  ] 1532 of 3000 complete in 62.9 sec
[-----------------51%                  ] 1545 of 3000 complete in 63.4 sec
[-----------------51%                  ] 1558 of 3000 complete in 63.9 sec
[-----------------52%                  ] 1571 of 3000 complete in 64.4 sec
[-----------------52%                  ] 1584 of 3000 complete in 64.9 sec
[-----------------53%                  ] 1597 of 3000 complete in 65.4 sec
[-----------------53%                  ] 1610 of 3000 complete in 66.0 sec
[-----------------54%                  ] 1623 of 3000 complete in 66.5 sec
[-----------------54%                  ] 1635 of 3000 complete in 67.0 sec
[-----------------54%                  ] 1648 of 3000 complete in 67.5 sec
[-----------------55%-                 ] 1661 of 3000 complete in 68.0 sec
[-----------------55%-                 ] 1673 of 3000 complete in 68.6 sec
[-----------------56%-                 ] 1685 of 3000 complete in 69.1 sec
[-----------------56%-                 ] 1698 of 3000 complete in 69.6 sec
[-----------------57%-                 ] 1711 of 3000 complete in 70.1 sec
[-----------------57%-                 ] 1725 of 3000 complete in 70.6 sec
[-----------------57%--                ] 1738 of 3000 complete in 71.1 sec
[-----------------58%--                ] 1750 of 3000 complete in 71.7 sec
[-----------------58%--                ] 1761 of 3000 complete in 72.2 sec
[-----------------59%--                ] 1772 of 3000 complete in 72.7 sec
[-----------------59%--                ] 1785 of 3000 complete in 73.2 sec
[-----------------59%--                ] 1798 of 3000 complete in 73.8 sec
[-----------------60%--                ] 1812 of 3000 complete in 74.3 sec
[-----------------60%---               ] 1826 of 3000 complete in 74.8 sec
[-----------------61%---               ] 1841 of 3000 complete in 75.3 sec
[-----------------61%---               ] 1856 of 3000 complete in 75.8 sec
[-----------------62%---               ] 1870 of 3000 complete in 76.4 sec
[-----------------62%---               ] 1885 of 3000 complete in 76.9 sec
[-----------------63%----              ] 1899 of 3000 complete in 77.4 sec
[-----------------63%----              ] 1913 of 3000 complete in 77.9 sec
[-----------------64%----              ] 1928 of 3000 complete in 78.5 sec
[-----------------64%----              ] 1941 of 3000 complete in 79.0 sec
[-----------------65%----              ] 1954 of 3000 complete in 79.5 sec
[-----------------65%----              ] 1969 of 3000 complete in 80.0 sec
[-----------------66%-----             ] 1982 of 3000 complete in 80.5 sec
[-----------------66%-----             ] 1995 of 3000 complete in 81.0 sec
[-----------------66%-----             ] 2009 of 3000 complete in 81.5 sec
[-----------------67%-----             ] 2023 of 3000 complete in 82.0 sec
[-----------------67%-----             ] 2037 of 3000 complete in 82.6 sec
[-----------------68%-----             ] 2050 of 3000 complete in 83.1 sec
[-----------------68%------            ] 2063 of 3000 complete in 83.6 sec
[-----------------69%------            ] 2076 of 3000 complete in 84.1 sec
[-----------------69%------            ] 2090 of 3000 complete in 84.6 sec
[-----------------70%------            ] 2103 of 3000 complete in 85.1 sec
[-----------------70%------            ] 2115 of 3000 complete in 85.7 sec
[-----------------70%------            ] 2126 of 3000 complete in 86.2 sec
[-----------------71%-------           ] 2137 of 3000 complete in 86.7 sec
[-----------------71%-------           ] 2149 of 3000 complete in 87.3 sec
[-----------------72%-------           ] 2161 of 3000 complete in 87.8 sec
[-----------------72%-------           ] 2172 of 3000 complete in 88.3 sec
[-----------------72%-------           ] 2183 of 3000 complete in 88.9 sec
[-----------------73%-------           ] 2194 of 3000 complete in 89.4 sec
[-----------------73%-------           ] 2206 of 3000 complete in 89.9 sec
[-----------------73%--------          ] 2217 of 3000 complete in 90.5 sec
[-----------------74%--------          ] 2229 of 3000 complete in 91.0 sec
[-----------------74%--------          ] 2241 of 3000 complete in 91.5 sec
[-----------------75%--------          ] 2252 of 3000 complete in 92.0 sec
[-----------------75%--------          ] 2265 of 3000 complete in 92.5 sec
[-----------------75%--------          ] 2279 of 3000 complete in 93.1 sec
[-----------------76%---------         ] 2292 of 3000 complete in 93.6 sec
[-----------------76%---------         ] 2306 of 3000 complete in 94.1 sec
[-----------------77%---------         ] 2319 of 3000 complete in 94.6 sec
[-----------------77%---------         ] 2332 of 3000 complete in 95.2 sec
[-----------------78%---------         ] 2345 of 3000 complete in 95.7 sec
[-----------------78%---------         ] 2359 of 3000 complete in 96.2 sec
[-----------------79%----------        ] 2373 of 3000 complete in 96.7 sec
[-----------------79%----------        ] 2385 of 3000 complete in 97.2 sec
[-----------------79%----------        ] 2398 of 3000 complete in 97.7 sec
[-----------------80%----------        ] 2411 of 3000 complete in 98.3 sec
[-----------------80%----------        ] 2424 of 3000 complete in 98.8 sec
[-----------------81%----------        ] 2437 of 3000 complete in 99.4 sec
[-----------------81%-----------       ] 2451 of 3000 complete in 99.9 sec
[-----------------82%-----------       ] 2465 of 3000 complete in 100.4 sec
[-----------------82%-----------       ] 2478 of 3000 complete in 100.9 sec
[-----------------83%-----------       ] 2491 of 3000 complete in 101.4 sec
[-----------------83%-----------       ] 2506 of 3000 complete in 102.0 sec
[-----------------84%-----------       ] 2520 of 3000 complete in 102.5 sec
[-----------------84%------------      ] 2535 of 3000 complete in 103.0 sec
[-----------------84%------------      ] 2549 of 3000 complete in 103.5 sec
[-----------------85%------------      ] 2562 of 3000 complete in 104.1 sec
[-----------------85%------------      ] 2576 of 3000 complete in 104.6 sec
[-----------------86%------------      ] 2589 of 3000 complete in 105.1 sec
[-----------------86%------------      ] 2602 of 3000 complete in 105.7 sec
[-----------------87%-------------     ] 2614 of 3000 complete in 106.2 sec
[-----------------87%-------------     ] 2625 of 3000 complete in 106.7 sec
[-----------------87%-------------     ] 2637 of 3000 complete in 107.3 sec
[-----------------88%-------------     ] 2649 of 3000 complete in 107.8 sec
[-----------------88%-------------     ] 2662 of 3000 complete in 108.3 sec
[-----------------89%-------------     ] 2675 of 3000 complete in 108.9 sec
[-----------------89%--------------    ] 2688 of 3000 complete in 109.4 sec
[-----------------90%--------------    ] 2701 of 3000 complete in 109.9 sec
[-----------------90%--------------    ] 2714 of 3000 complete in 110.4 sec
[-----------------90%--------------    ] 2726 of 3000 complete in 111.0 sec
[-----------------91%--------------    ] 2739 of 3000 complete in 111.5 sec
[-----------------91%--------------    ] 2753 of 3000 complete in 112.0 sec
[-----------------92%---------------   ] 2766 of 3000 complete in 112.5 sec
[-----------------92%---------------   ] 2780 of 3000 complete in 113.0 sec
[-----------------93%---------------   ] 2792 of 3000 complete in 113.6 sec
[-----------------93%---------------   ] 2806 of 3000 complete in 114.1 sec
[-----------------94%---------------   ] 2820 of 3000 complete in 114.6 sec
[-----------------94%---------------   ] 2833 of 3000 complete in 115.1 sec
[-----------------94%----------------  ] 2846 of 3000 complete in 115.6 sec
[-----------------95%----------------  ] 2860 of 3000 complete in 116.1 sec
[-----------------95%----------------  ] 2873 of 3000 complete in 116.7 sec
[-----------------96%----------------  ] 2885 of 3000 complete in 117.2 sec
[-----------------96%----------------  ] 2897 of 3000 complete in 117.7 sec
[-----------------97%----------------  ] 2910 of 3000 complete in 118.3 sec
[-----------------97%----------------- ] 2922 of 3000 complete in 118.8 sec
[-----------------97%----------------- ] 2933 of 3000 complete in 119.3 sec
[-----------------98%----------------- ] 2946 of 3000 complete in 119.8 sec
[-----------------98%----------------- ] 2958 of 3000 complete in 120.3 sec
[-----------------99%----------------- ] 2971 of 3000 complete in 120.9 sec
[-----------------99%----------------- ] 2982 of 3000 complete in 121.4 sec
[-----------------99%----------------- ] 2994 of 3000 complete in 121.9 sec
[-----------------100%-----------------] 3000 of 3000 complete in 122.2 sec
hddm sampling elpased time:  122.259 s
[fit_one_hddm] 完成 curve35_rep1_drop（2.0 分钟）→ /home/jovyan/work/2_Data/Generate_Data/TenRules_Revision_20260912/param_recovery/fits/drop
