[fit_one_hddm] curve70_rep1_drop: 12 被试 / 928 试次 / omission=0.000 / p_outlier=0.05
[fit_one_hddm] 设置 z 默认值失败（忽略）：'z'
No model attribute --> setting up standard HDDM
Set model to ddm
[                  0%                  ] 12 of 3000 complete in 0.5 sec
[                  0%                  ] 29 of 3000 complete in 1.0 sec
[                  1%                  ] 46 of 3000 complete in 1.5 sec
[                  2%                  ] 62 of 3000 complete in 2.0 sec
[                  2%                  ] 76 of 3000 complete in 2.6 sec
[-                 3%                  ] 91 of 3000 complete in 3.1 sec
[-                 3%                  ] 107 of 3000 complete in 3.6 sec
[-                 4%                  ] 123 of 3000 complete in 4.1 sec
[-                 4%                  ] 138 of 3000 complete in 4.6 sec
[-                 5%                  ] 154 of 3000 complete in 5.1 sec
[--                5%                  ] 170 of 3000 complete in 5.6 sec
[--                6%                  ] 184 of 3000 complete in 6.1 sec
[--                6%                  ] 199 of 3000 complete in 6.7 sec
[--                7%                  ] 213 of 3000 complete in 7.2 sec
[--                7%                  ] 227 of 3000 complete in 7.7 sec
[---               8%                  ] 241 of 3000 complete in 8.2 sec
[---               8%                  ] 256 of 3000 complete in 8.7 sec
[---               9%                  ] 271 of 3000 complete in 9.2 sec
[---               9%                  ] 287 of 3000 complete in 9.8 sec
[---              10%                  ] 304 of 3000 complete in 10.3 sec
[----             10%                  ] 319 of 3000 complete in 10.8 sec
[----             11%                  ] 334 of 3000 complete in 11.3 sec
[----             11%                  ] 349 of 3000 complete in 11.9 sec
[----             12%                  ] 365 of 3000 complete in 12.4 sec
[----             12%                  ] 379 of 3000 complete in 12.9 sec
[----             13%                  ] 394 of 3000 complete in 13.4 sec
[-----            13%                  ] 409 of 3000 complete in 14.0 sec
[-----            14%                  ] 424 of 3000 complete in 14.5 sec
[-----            14%                  ] 437 of 3000 complete in 15.0 sec
[-----            15%                  ] 450 of 3000 complete in 15.5 sec
[-----            15%                  ] 464 of 3000 complete in 16.0 sec
[------           15%                  ] 476 of 3000 complete in 16.6 sec
[------           16%                  ] 489 of 3000 complete in 17.1 sec
[------           16%                  ] 503 of 3000 complete in 17.6 sec
[------           17%                  ] 519 of 3000 complete in 18.1 sec
[------           17%                  ] 536 of 3000 complete in 18.6 sec
[------           18%                  ] 551 of 3000 complete in 19.1 sec
[-------          18%                  ] 565 of 3000 complete in 19.7 sec
[-------          19%                  ] 579 of 3000 complete in 20.2 sec
[-------          19%                  ] 594 of 3000 complete in 20.7 sec
[-------          20%                  ] 609 of 3000 complete in 21.2 sec
[-------          20%                  ] 625 of 3000 complete in 21.8 sec
[--------         21%                  ] 640 of 3000 complete in 22.3 sec
[--------         21%                  ] 655 of 3000 complete in 22.8 sec
[--------         22%                  ] 670 of 3000 complete in 23.3 sec
[--------         22%                  ] 686 of 3000 complete in 23.8 sec
[--------         23%                  ] 702 of 3000 complete in 24.4 sec
[---------        23%                  ] 718 of 3000 complete in 24.9 sec
[---------        24%                  ] 733 of 3000 complete in 25.4 sec
[---------        24%                  ] 748 of 3000 complete in 25.9 sec
[---------        25%                  ] 764 of 3000 complete in 26.5 sec
[---------        25%                  ] 779 of 3000 complete in 27.0 sec
[----------       26%                  ] 793 of 3000 complete in 27.5 sec
[----------       26%                  ] 808 of 3000 complete in 28.0 sec
[----------       27%                  ] 824 of 3000 complete in 28.5 sec
[----------       28%                  ] 840 of 3000 complete in 29.1 sec
[----------       28%                  ] 856 of 3000 complete in 29.6 sec
[-----------      29%                  ] 872 of 3000 complete in 30.1 sec
[-----------      29%                  ] 888 of 3000 complete in 30.6 sec
[-----------      30%                  ] 905 of 3000 complete in 31.1 sec
[-----------      30%                  ] 921 of 3000 complete in 31.7 sec
[-----------      31%                  ] 938 of 3000 complete in 32.2 sec
[------------     31%                  ] 953 of 3000 complete in 32.7 sec
[------------     32%                  ] 968 of 3000 complete in 33.2 sec
[------------     32%                  ] 984 of 3000 complete in 33.7 sec
[------------     33%                  ] 1000 of 3000 complete in 34.2 sec
[------------     33%                  ] 1015 of 3000 complete in 34.7 sec
[-------------    34%                  ] 1029 of 3000 complete in 35.3 sec
[-------------    34%                  ] 1043 of 3000 complete in 35.8 sec
[-------------    35%                  ] 1059 of 3000 complete in 36.3 sec
[-------------    35%                  ] 1076 of 3000 complete in 36.8 sec
[-------------    36%                  ] 1092 of 3000 complete in 37.3 sec
[--------------   36%                  ] 1108 of 3000 complete in 37.9 sec
[--------------   37%                  ] 1122 of 3000 complete in 38.4 sec
[--------------   37%                  ] 1138 of 3000 complete in 38.9 sec
[--------------   38%                  ] 1155 of 3000 complete in 39.4 sec
[--------------   39%                  ] 1171 of 3000 complete in 39.9 sec
[---------------  39%                  ] 1186 of 3000 complete in 40.4 sec
[---------------  40%                  ] 1200 of 3000 complete in 40.9 sec
[---------------  40%                  ] 1215 of 3000 complete in 41.5 sec
[---------------  40%                  ] 1229 of 3000 complete in 42.0 sec
[---------------  41%                  ] 1242 of 3000 complete in 42.5 sec
[---------------  41%                  ] 1257 of 3000 complete in 43.0 sec
[---------------- 42%                  ] 1272 of 3000 complete in 43.5 sec
[---------------- 42%                  ] 1287 of 3000 complete in 44.0 sec
[---------------- 43%                  ] 1303 of 3000 complete in 44.6 sec
[---------------- 44%                  ] 1320 of 3000 complete in 45.1 sec
[---------------- 44%                  ] 1337 of 3000 complete in 45.6 sec
[-----------------45%                  ] 1353 of 3000 complete in 46.1 sec
[-----------------45%                  ] 1368 of 3000 complete in 46.6 sec
[-----------------46%                  ] 1383 of 3000 complete in 47.2 sec
[-----------------46%                  ] 1400 of 3000 complete in 47.7 sec
[-----------------47%                  ] 1416 of 3000 complete in 48.2 sec
[-----------------47%                  ] 1433 of 3000 complete in 48.7 sec
[-----------------48%                  ] 1450 of 3000 complete in 49.2 sec
[-----------------48%                  ] 1467 of 3000 complete in 49.8 sec
[-----------------49%                  ] 1483 of 3000 complete in 50.3 sec
[-----------------49%                  ] 1499 of 3000 complete in 50.8 sec
[-----------------50%                  ] 1516 of 3000 complete in 51.3 sec
[-----------------51%                  ] 1531 of 3000 complete in 51.8 sec
[-----------------51%                  ] 1548 of 3000 complete in 52.3 sec
[-----------------52%                  ] 1564 of 3000 complete in 52.9 sec
[-----------------52%                  ] 1581 of 3000 complete in 53.4 sec
[-----------------53%                  ] 1596 of 3000 complete in 53.9 sec
[-----------------53%                  ] 1611 of 3000 complete in 54.4 sec
[-----------------54%                  ] 1624 of 3000 complete in 54.9 sec
[-----------------54%                  ] 1637 of 3000 complete in 55.4 sec
[-----------------55%                  ] 1650 of 3000 complete in 56.0 sec
[-----------------55%-                 ] 1664 of 3000 complete in 56.5 sec
[-----------------55%-                 ] 1678 of 3000 complete in 57.0 sec
[-----------------56%-                 ] 1693 of 3000 complete in 57.5 sec
[-----------------57%-                 ] 1710 of 3000 complete in 58.0 sec
[-----------------57%-                 ] 1725 of 3000 complete in 58.6 sec
[-----------------57%--                ] 1739 of 3000 complete in 59.1 sec
[-----------------58%--                ] 1754 of 3000 complete in 59.6 sec
[-----------------59%--                ] 1770 of 3000 complete in 60.1 sec
[-----------------59%--                ] 1785 of 3000 complete in 60.6 sec
[-----------------60%--                ] 1800 of 3000 complete in 61.1 sec
[-----------------60%--                ] 1815 of 3000 complete in 61.7 sec
[-----------------60%---               ] 1829 of 3000 complete in 62.2 sec
[-----------------61%---               ] 1843 of 3000 complete in 62.7 sec
[-----------------61%---               ] 1858 of 3000 complete in 63.2 sec
[-----------------62%---               ] 1870 of 3000 complete in 63.7 sec
[-----------------62%---               ] 1882 of 3000 complete in 64.2 sec
[-----------------63%----              ] 1897 of 3000 complete in 64.8 sec
[-----------------63%----              ] 1913 of 3000 complete in 65.3 sec
[-----------------64%----              ] 1928 of 3000 complete in 65.8 sec
[-----------------64%----              ] 1944 of 3000 complete in 66.3 sec
[-----------------65%----              ] 1958 of 3000 complete in 66.9 sec
[-----------------65%----              ] 1972 of 3000 complete in 67.4 sec
[-----------------66%-----             ] 1986 of 3000 complete in 67.9 sec
[-----------------66%-----             ] 2000 of 3000 complete in 68.4 sec
[-----------------67%-----             ] 2016 of 3000 complete in 68.9 sec
[-----------------67%-----             ] 2031 of 3000 complete in 69.4 sec
[-----------------68%-----             ] 2047 of 3000 complete in 70.0 sec
[-----------------68%------            ] 2062 of 3000 complete in 70.5 sec
[-----------------69%------            ] 2078 of 3000 complete in 71.0 sec
[-----------------69%------            ] 2093 of 3000 complete in 71.5 sec
[-----------------70%------            ] 2108 of 3000 complete in 72.0 sec
[-----------------70%------            ] 2124 of 3000 complete in 72.5 sec
[-----------------71%-------           ] 2139 of 3000 complete in 73.0 sec
[-----------------71%-------           ] 2154 of 3000 complete in 73.5 sec
[-----------------72%-------           ] 2170 of 3000 complete in 74.1 sec
[-----------------72%-------           ] 2186 of 3000 complete in 74.6 sec
[-----------------73%-------           ] 2202 of 3000 complete in 75.1 sec
[-----------------73%--------          ] 2219 of 3000 complete in 75.6 sec
[-----------------74%--------          ] 2236 of 3000 complete in 76.1 sec
[-----------------75%--------          ] 2251 of 3000 complete in 76.7 sec
[-----------------75%--------          ] 2266 of 3000 complete in 77.2 sec
[-----------------76%--------          ] 2282 of 3000 complete in 77.7 sec
[-----------------76%---------         ] 2296 of 3000 complete in 78.2 sec
[-----------------77%---------         ] 2311 of 3000 complete in 78.7 sec
[-----------------77%---------         ] 2328 of 3000 complete in 79.3 sec
[-----------------78%---------         ] 2343 of 3000 complete in 79.8 sec
[-----------------78%---------         ] 2359 of 3000 complete in 80.3 sec
[-----------------79%----------        ] 2376 of 3000 complete in 80.8 sec
[-----------------79%----------        ] 2392 of 3000 complete in 81.3 sec
[-----------------80%----------        ] 2407 of 3000 complete in 81.8 sec
[-----------------80%----------        ] 2422 of 3000 complete in 82.4 sec
[-----------------81%----------        ] 2438 of 3000 complete in 82.9 sec
[-----------------81%-----------       ] 2454 of 3000 complete in 83.4 sec
[-----------------82%-----------       ] 2469 of 3000 complete in 83.9 sec
[-----------------82%-----------       ] 2485 of 3000 complete in 84.4 sec
[-----------------83%-----------       ] 2500 of 3000 complete in 84.9 sec
[-----------------83%-----------       ] 2514 of 3000 complete in 85.4 sec
[-----------------84%------------      ] 2529 of 3000 complete in 85.9 sec
[-----------------84%------------      ] 2544 of 3000 complete in 86.5 sec
[-----------------85%------------      ] 2559 of 3000 complete in 87.0 sec
[-----------------85%------------      ] 2574 of 3000 complete in 87.5 sec
[-----------------86%------------      ] 2590 of 3000 complete in 88.0 sec
[-----------------86%-------------     ] 2606 of 3000 complete in 88.5 sec
[-----------------87%-------------     ] 2621 of 3000 complete in 89.1 sec
[-----------------87%-------------     ] 2635 of 3000 complete in 89.6 sec
[-----------------88%-------------     ] 2649 of 3000 complete in 90.1 sec
[-----------------88%-------------     ] 2663 of 3000 complete in 90.6 sec
[-----------------89%-------------     ] 2677 of 3000 complete in 91.1 sec
[-----------------89%--------------    ] 2691 of 3000 complete in 91.6 sec
[-----------------90%--------------    ] 2705 of 3000 complete in 92.1 sec
[-----------------90%--------------    ] 2720 of 3000 complete in 92.6 sec
[-----------------91%--------------    ] 2735 of 3000 complete in 93.1 sec
[-----------------91%--------------    ] 2749 of 3000 complete in 93.6 sec
[-----------------92%---------------   ] 2764 of 3000 complete in 94.2 sec
[-----------------92%---------------   ] 2779 of 3000 complete in 94.7 sec
[-----------------93%---------------   ] 2795 of 3000 complete in 95.2 sec
[-----------------93%---------------   ] 2811 of 3000 complete in 95.8 sec
[-----------------94%---------------   ] 2826 of 3000 complete in 96.3 sec
[-----------------94%---------------   ] 2840 of 3000 complete in 96.8 sec
[-----------------95%----------------  ] 2854 of 3000 complete in 97.3 sec
[-----------------95%----------------  ] 2866 of 3000 complete in 97.9 sec
[-----------------95%----------------  ] 2879 of 3000 complete in 98.4 sec
[-----------------96%----------------  ] 2892 of 3000 complete in 98.9 sec
[-----------------96%----------------  ] 2906 of 3000 complete in 99.4 sec
[-----------------97%----------------  ] 2920 of 3000 complete in 99.9 sec
[-----------------97%----------------- ] 2933 of 3000 complete in 100.4 sec
[-----------------98%----------------- ] 2943 of 3000 complete in 100.9 sec
[-----------------98%----------------- ] 2955 of 3000 complete in 101.4 sec
[-----------------98%----------------- ] 2968 of 3000 complete in 102.0 sec
[-----------------99%----------------- ] 2980 of 3000 complete in 102.5 sec
[-----------------99%----------------- ] 2993 of 3000 complete in 103.1 sec
[-----------------100%-----------------] 3000 of 3000 complete in 103.4 sec
hddm sampling elpased time:  103.517 s
[fit_one_hddm] 完成 curve70_rep1_drop（1.7 分钟）→ /home/jovyan/work/2_Data/Generate_Data/TenRules_Revision_20260912/param_recovery/fits/drop
