[fit_one_hddm] curve20_rep1_drop: 12 被试 / 2476 试次 / omission=0.000 / p_outlier=0.05
[fit_one_hddm] 设置 z 默认值失败（忽略）：'z'
No model attribute --> setting up standard HDDM
Set model to ddm
[                  0%                  ] 10 of 3000 complete in 0.5 sec
[                  0%                  ] 24 of 3000 complete in 1.0 sec
[                  1%                  ] 38 of 3000 complete in 1.5 sec
[                  1%                  ] 51 of 3000 complete in 2.0 sec
[                  2%                  ] 64 of 3000 complete in 2.5 sec
[                  2%                  ] 76 of 3000 complete in 3.0 sec
[-                 2%                  ] 88 of 3000 complete in 3.6 sec
[-                 3%                  ] 99 of 3000 complete in 4.1 sec
[-                 3%                  ] 111 of 3000 complete in 4.6 sec
[-                 4%                  ] 123 of 3000 complete in 5.1 sec
[-                 4%                  ] 135 of 3000 complete in 5.7 sec
[-                 4%                  ] 147 of 3000 complete in 6.2 sec
[--                5%                  ] 159 of 3000 complete in 6.8 sec
[--                5%                  ] 171 of 3000 complete in 7.3 sec
[--                6%                  ] 182 of 3000 complete in 7.8 sec
[--                6%                  ] 194 of 3000 complete in 8.3 sec
[--                6%                  ] 206 of 3000 complete in 8.8 sec
[--                7%                  ] 220 of 3000 complete in 9.3 sec
[--                7%                  ] 232 of 3000 complete in 9.8 sec
[---               8%                  ] 244 of 3000 complete in 10.4 sec
[---               8%                  ] 257 of 3000 complete in 10.9 sec
[---               8%                  ] 269 of 3000 complete in 11.4 sec
[---               9%                  ] 281 of 3000 complete in 12.0 sec
[---               9%                  ] 294 of 3000 complete in 12.5 sec
[---              10%                  ] 306 of 3000 complete in 13.0 sec
[----             10%                  ] 318 of 3000 complete in 13.5 sec
[----             11%                  ] 330 of 3000 complete in 14.1 sec
[----             11%                  ] 342 of 3000 complete in 14.6 sec
[----             11%                  ] 354 of 3000 complete in 15.1 sec
[----             12%                  ] 366 of 3000 complete in 15.6 sec
[----             12%                  ] 377 of 3000 complete in 16.1 sec
[----             12%                  ] 389 of 3000 complete in 16.7 sec
[-----            13%                  ] 401 of 3000 complete in 17.2 sec
[-----            13%                  ] 413 of 3000 complete in 17.7 sec
[-----            14%                  ] 425 of 3000 complete in 18.3 sec
[-----            14%                  ] 437 of 3000 complete in 18.8 sec
[-----            15%                  ] 450 of 3000 complete in 19.3 sec
[-----            15%                  ] 463 of 3000 complete in 19.8 sec
[------           15%                  ] 476 of 3000 complete in 20.3 sec
[------           16%                  ] 488 of 3000 complete in 20.9 sec
[------           16%                  ] 498 of 3000 complete in 21.4 sec
[------           16%                  ] 508 of 3000 complete in 21.9 sec
[------           17%                  ] 519 of 3000 complete in 22.4 sec
[------           17%                  ] 529 of 3000 complete in 22.9 sec
[------           17%                  ] 539 of 3000 complete in 23.5 sec
[------           18%                  ] 549 of 3000 complete in 24.0 sec
[-------          18%                  ] 560 of 3000 complete in 24.5 sec
[-------          19%                  ] 571 of 3000 complete in 25.0 sec
[-------          19%                  ] 584 of 3000 complete in 25.6 sec
[-------          19%                  ] 597 of 3000 complete in 26.1 sec
[-------          20%                  ] 610 of 3000 complete in 26.6 sec
[-------          20%                  ] 622 of 3000 complete in 27.1 sec
[--------         21%                  ] 634 of 3000 complete in 27.6 sec
[--------         21%                  ] 647 of 3000 complete in 28.2 sec
[--------         22%                  ] 660 of 3000 complete in 28.7 sec
[--------         22%                  ] 672 of 3000 complete in 29.2 sec
[--------         22%                  ] 684 of 3000 complete in 29.7 sec
[--------         23%                  ] 697 of 3000 complete in 30.2 sec
[--------         23%                  ] 710 of 3000 complete in 30.7 sec
[---------        24%                  ] 722 of 3000 complete in 31.2 sec
[---------        24%                  ] 733 of 3000 complete in 31.8 sec
[---------        24%                  ] 746 of 3000 complete in 32.3 sec
[---------        25%                  ] 758 of 3000 complete in 32.8 sec
[---------        25%                  ] 770 of 3000 complete in 33.3 sec
[---------        26%                  ] 783 of 3000 complete in 33.9 sec
[----------       26%                  ] 796 of 3000 complete in 34.4 sec
[----------       26%                  ] 808 of 3000 complete in 34.9 sec
[----------       27%                  ] 820 of 3000 complete in 35.4 sec
[----------       27%                  ] 833 of 3000 complete in 36.0 sec
[----------       28%                  ] 846 of 3000 complete in 36.5 sec
[----------       28%                  ] 859 of 3000 complete in 37.0 sec
[-----------      29%                  ] 871 of 3000 complete in 37.5 sec
[-----------      29%                  ] 883 of 3000 complete in 38.1 sec
[-----------      29%                  ] 895 of 3000 complete in 38.6 sec
[-----------      30%                  ] 907 of 3000 complete in 39.1 sec
[-----------      30%                  ] 920 of 3000 complete in 39.7 sec
[-----------      31%                  ] 933 of 3000 complete in 40.2 sec
[-----------      31%                  ] 946 of 3000 complete in 40.7 sec
[------------     31%                  ] 959 of 3000 complete in 41.2 sec
[------------     32%                  ] 971 of 3000 complete in 41.7 sec
[------------     32%                  ] 984 of 3000 complete in 42.2 sec
[------------     33%                  ] 996 of 3000 complete in 42.7 sec
[------------     33%                  ] 1007 of 3000 complete in 43.2 sec
[------------     33%                  ] 1018 of 3000 complete in 43.7 sec
[-------------    34%                  ] 1029 of 3000 complete in 44.2 sec
[-------------    34%                  ] 1040 of 3000 complete in 44.8 sec
[-------------    35%                  ] 1052 of 3000 complete in 45.3 sec
[-------------    35%                  ] 1064 of 3000 complete in 45.8 sec
[-------------    35%                  ] 1077 of 3000 complete in 46.4 sec
[-------------    36%                  ] 1090 of 3000 complete in 46.9 sec
[-------------    36%                  ] 1103 of 3000 complete in 47.4 sec
[--------------   37%                  ] 1116 of 3000 complete in 47.9 sec
[--------------   37%                  ] 1130 of 3000 complete in 48.5 sec
[--------------   38%                  ] 1143 of 3000 complete in 49.0 sec
[--------------   38%                  ] 1155 of 3000 complete in 49.5 sec
[--------------   38%                  ] 1168 of 3000 complete in 50.0 sec
[--------------   39%                  ] 1182 of 3000 complete in 50.6 sec
[---------------  39%                  ] 1194 of 3000 complete in 51.1 sec
[---------------  40%                  ] 1206 of 3000 complete in 51.6 sec
[---------------  40%                  ] 1218 of 3000 complete in 52.1 sec
[---------------  41%                  ] 1230 of 3000 complete in 52.6 sec
[---------------  41%                  ] 1243 of 3000 complete in 53.2 sec
[---------------  41%                  ] 1255 of 3000 complete in 53.7 sec
[---------------- 42%                  ] 1266 of 3000 complete in 54.2 sec
[---------------- 42%                  ] 1278 of 3000 complete in 54.7 sec
[---------------- 43%                  ] 1291 of 3000 complete in 55.2 sec
[---------------- 43%                  ] 1302 of 3000 complete in 55.8 sec
[---------------- 43%                  ] 1313 of 3000 complete in 56.3 sec
[---------------- 44%                  ] 1324 of 3000 complete in 56.8 sec
[---------------- 44%                  ] 1334 of 3000 complete in 57.3 sec
[-----------------44%                  ] 1345 of 3000 complete in 57.9 sec
[-----------------45%                  ] 1356 of 3000 complete in 58.4 sec
[-----------------45%                  ] 1366 of 3000 complete in 59.0 sec
[-----------------45%                  ] 1377 of 3000 complete in 59.5 sec
[-----------------46%                  ] 1389 of 3000 complete in 60.0 sec
[-----------------46%                  ] 1401 of 3000 complete in 60.5 sec
[-----------------47%                  ] 1413 of 3000 complete in 61.1 sec
[-----------------47%                  ] 1424 of 3000 complete in 61.6 sec
[-----------------47%                  ] 1435 of 3000 complete in 62.1 sec
[-----------------48%                  ] 1445 of 3000 complete in 62.6 sec
[-----------------48%                  ] 1456 of 3000 complete in 63.1 sec
[-----------------48%                  ] 1467 of 3000 complete in 63.6 sec
[-----------------49%                  ] 1479 of 3000 complete in 64.2 sec
[-----------------49%                  ] 1491 of 3000 complete in 64.7 sec
[-----------------50%                  ] 1503 of 3000 complete in 65.2 sec
[-----------------50%                  ] 1516 of 3000 complete in 65.7 sec
[-----------------50%                  ] 1528 of 3000 complete in 66.2 sec
[-----------------51%                  ] 1539 of 3000 complete in 66.8 sec
[-----------------51%                  ] 1550 of 3000 complete in 67.3 sec
[-----------------52%                  ] 1560 of 3000 complete in 67.8 sec
[-----------------52%                  ] 1571 of 3000 complete in 68.4 sec
[-----------------52%                  ] 1581 of 3000 complete in 68.9 sec
[-----------------53%                  ] 1592 of 3000 complete in 69.4 sec
[-----------------53%                  ] 1603 of 3000 complete in 69.9 sec
[-----------------53%                  ] 1616 of 3000 complete in 70.5 sec
[-----------------54%                  ] 1628 of 3000 complete in 71.0 sec
[-----------------54%                  ] 1639 of 3000 complete in 71.5 sec
[-----------------55%                  ] 1651 of 3000 complete in 72.1 sec
[-----------------55%-                 ] 1664 of 3000 complete in 72.6 sec
[-----------------55%-                 ] 1676 of 3000 complete in 73.1 sec
[-----------------56%-                 ] 1687 of 3000 complete in 73.6 sec
[-----------------56%-                 ] 1698 of 3000 complete in 74.2 sec
[-----------------56%-                 ] 1709 of 3000 complete in 74.7 sec
[-----------------57%-                 ] 1720 of 3000 complete in 75.2 sec
[-----------------57%-                 ] 1731 of 3000 complete in 75.8 sec
[-----------------58%--                ] 1742 of 3000 complete in 76.3 sec
[-----------------58%--                ] 1753 of 3000 complete in 76.8 sec
[-----------------58%--                ] 1764 of 3000 complete in 77.3 sec
[-----------------59%--                ] 1775 of 3000 complete in 77.9 sec
[-----------------59%--                ] 1786 of 3000 complete in 78.4 sec
[-----------------59%--                ] 1798 of 3000 complete in 78.9 sec
[-----------------60%--                ] 1811 of 3000 complete in 79.4 sec
[-----------------60%---               ] 1823 of 3000 complete in 79.9 sec
[-----------------61%---               ] 1835 of 3000 complete in 80.5 sec
[-----------------61%---               ] 1846 of 3000 complete in 81.0 sec
[-----------------61%---               ] 1858 of 3000 complete in 81.5 sec
[-----------------62%---               ] 1870 of 3000 complete in 82.0 sec
[-----------------62%---               ] 1881 of 3000 complete in 82.5 sec
[-----------------63%---               ] 1892 of 3000 complete in 83.0 sec
[-----------------63%----              ] 1902 of 3000 complete in 83.5 sec
[-----------------63%----              ] 1913 of 3000 complete in 84.1 sec
[-----------------64%----              ] 1925 of 3000 complete in 84.6 sec
[-----------------64%----              ] 1939 of 3000 complete in 85.1 sec
[-----------------65%----              ] 1953 of 3000 complete in 85.6 sec
[-----------------65%----              ] 1967 of 3000 complete in 86.1 sec
[-----------------66%-----             ] 1981 of 3000 complete in 86.7 sec
[-----------------66%-----             ] 1995 of 3000 complete in 87.2 sec
[-----------------66%-----             ] 2009 of 3000 complete in 87.7 sec
[-----------------67%-----             ] 2022 of 3000 complete in 88.2 sec
[-----------------67%-----             ] 2034 of 3000 complete in 88.7 sec
[-----------------68%-----             ] 2047 of 3000 complete in 89.3 sec
[-----------------68%------            ] 2059 of 3000 complete in 89.8 sec
[-----------------69%------            ] 2071 of 3000 complete in 90.3 sec
[-----------------69%------            ] 2085 of 3000 complete in 90.8 sec
[-----------------69%------            ] 2098 of 3000 complete in 91.4 sec
[-----------------70%------            ] 2110 of 3000 complete in 91.9 sec
[-----------------70%------            ] 2122 of 3000 complete in 92.4 sec
[-----------------71%-------           ] 2134 of 3000 complete in 92.9 sec
[-----------------71%-------           ] 2146 of 3000 complete in 93.5 sec
[-----------------71%-------           ] 2157 of 3000 complete in 94.0 sec
[-----------------72%-------           ] 2169 of 3000 complete in 94.5 sec
[-----------------72%-------           ] 2182 of 3000 complete in 95.0 sec
[-----------------73%-------           ] 2195 of 3000 complete in 95.6 sec
[-----------------73%-------           ] 2207 of 3000 complete in 96.1 sec
[-----------------74%--------          ] 2220 of 3000 complete in 96.6 sec
[-----------------74%--------          ] 2232 of 3000 complete in 97.1 sec
[-----------------74%--------          ] 2244 of 3000 complete in 97.6 sec
[-----------------75%--------          ] 2256 of 3000 complete in 98.2 sec
[-----------------75%--------          ] 2268 of 3000 complete in 98.7 sec
[-----------------76%--------          ] 2281 of 3000 complete in 99.2 sec
[-----------------76%---------         ] 2294 of 3000 complete in 99.7 sec
[-----------------76%---------         ] 2306 of 3000 complete in 100.3 sec
[-----------------77%---------         ] 2318 of 3000 complete in 100.8 sec
[-----------------77%---------         ] 2330 of 3000 complete in 101.3 sec
[-----------------78%---------         ] 2341 of 3000 complete in 101.8 sec
[-----------------78%---------         ] 2353 of 3000 complete in 102.3 sec
[-----------------78%---------         ] 2366 of 3000 complete in 102.8 sec
[-----------------79%----------        ] 2378 of 3000 complete in 103.3 sec
[-----------------79%----------        ] 2390 of 3000 complete in 103.9 sec
[-----------------80%----------        ] 2402 of 3000 complete in 104.4 sec
[-----------------80%----------        ] 2413 of 3000 complete in 104.9 sec
[-----------------80%----------        ] 2424 of 3000 complete in 105.4 sec
[-----------------81%----------        ] 2437 of 3000 complete in 106.0 sec
[-----------------81%-----------       ] 2450 of 3000 complete in 106.5 sec
[-----------------82%-----------       ] 2464 of 3000 complete in 107.0 sec
[-----------------82%-----------       ] 2477 of 3000 complete in 107.5 sec
[-----------------82%-----------       ] 2489 of 3000 complete in 108.0 sec
[-----------------83%-----------       ] 2501 of 3000 complete in 108.6 sec
[-----------------83%-----------       ] 2513 of 3000 complete in 109.1 sec
[-----------------84%-----------       ] 2525 of 3000 complete in 109.7 sec
[-----------------84%------------      ] 2536 of 3000 complete in 110.2 sec
[-----------------84%------------      ] 2547 of 3000 complete in 110.7 sec
[-----------------85%------------      ] 2558 of 3000 complete in 111.2 sec
[-----------------85%------------      ] 2569 of 3000 complete in 111.8 sec
[-----------------86%------------      ] 2580 of 3000 complete in 112.3 sec
[-----------------86%------------      ] 2590 of 3000 complete in 112.8 sec
[-----------------86%------------      ] 2601 of 3000 complete in 113.3 sec
[-----------------87%-------------     ] 2612 of 3000 complete in 113.8 sec
[-----------------87%-------------     ] 2624 of 3000 complete in 114.3 sec
[-----------------87%-------------     ] 2637 of 3000 complete in 114.9 sec
[-----------------88%-------------     ] 2649 of 3000 complete in 115.4 sec
[-----------------88%-------------     ] 2662 of 3000 complete in 115.9 sec
[-----------------89%-------------     ] 2673 of 3000 complete in 116.4 sec
[-----------------89%-------------     ] 2684 of 3000 complete in 116.9 sec
[-----------------89%--------------    ] 2697 of 3000 complete in 117.4 sec
[-----------------90%--------------    ] 2709 of 3000 complete in 118.0 sec
[-----------------90%--------------    ] 2721 of 3000 complete in 118.5 sec
[-----------------91%--------------    ] 2734 of 3000 complete in 119.0 sec
[-----------------91%--------------    ] 2747 of 3000 complete in 119.6 sec
[-----------------92%--------------    ] 2760 of 3000 complete in 120.1 sec
[-----------------92%---------------   ] 2772 of 3000 complete in 120.6 sec
[-----------------92%---------------   ] 2785 of 3000 complete in 121.1 sec
[-----------------93%---------------   ] 2797 of 3000 complete in 121.6 sec
[-----------------93%---------------   ] 2808 of 3000 complete in 122.1 sec
[-----------------93%---------------   ] 2819 of 3000 complete in 122.6 sec
[-----------------94%---------------   ] 2830 of 3000 complete in 123.1 sec
[-----------------94%---------------   ] 2842 of 3000 complete in 123.7 sec
[-----------------95%----------------  ] 2854 of 3000 complete in 124.2 sec
[-----------------95%----------------  ] 2866 of 3000 complete in 124.7 sec
[-----------------95%----------------  ] 2877 of 3000 complete in 125.2 sec
[-----------------96%----------------  ] 2888 of 3000 complete in 125.8 sec
[-----------------96%----------------  ] 2900 of 3000 complete in 126.3 sec
[-----------------97%----------------  ] 2912 of 3000 complete in 126.8 sec
[-----------------97%----------------- ] 2926 of 3000 complete in 127.4 sec
[-----------------97%----------------- ] 2938 of 3000 complete in 127.9 sec
[-----------------98%----------------- ] 2951 of 3000 complete in 128.4 sec
[-----------------98%----------------- ] 2963 of 3000 complete in 128.9 sec
[-----------------99%----------------- ] 2975 of 3000 complete in 129.5 sec
[-----------------99%----------------- ] 2987 of 3000 complete in 130.0 sec
[-----------------100%-----------------] 3001 of 3000 complete in 130.5 sec
hddm sampling elpased time:  130.621 s
[fit_one_hddm] 完成 curve20_rep1_drop（2.2 分钟）→ /home/jovyan/work/2_Data/Generate_Data/TenRules_Revision_20260912/param_recovery/fits/drop
