[fit_one_hddm] curve15_rep2_drop: 12 被试 / 2662 试次 / omission=0.000 / p_outlier=0.05
[fit_one_hddm] 设置 z 默认值失败（忽略）：'z'
No model attribute --> setting up standard HDDM
Set model to ddm
[                  0%                  ] 11 of 3000 complete in 0.5 sec
[                  0%                  ] 25 of 3000 complete in 1.0 sec
[                  1%                  ] 39 of 3000 complete in 1.5 sec
[                  1%                  ] 53 of 3000 complete in 2.0 sec
[                  2%                  ] 66 of 3000 complete in 2.5 sec
[-                 2%                  ] 79 of 3000 complete in 3.1 sec
[-                 3%                  ] 92 of 3000 complete in 3.6 sec
[-                 3%                  ] 104 of 3000 complete in 4.1 sec
[-                 3%                  ] 117 of 3000 complete in 4.6 sec
[-                 4%                  ] 130 of 3000 complete in 5.1 sec
[-                 4%                  ] 141 of 3000 complete in 5.7 sec
[-                 5%                  ] 154 of 3000 complete in 6.2 sec
[--                5%                  ] 167 of 3000 complete in 6.7 sec
[--                5%                  ] 179 of 3000 complete in 7.2 sec
[--                6%                  ] 191 of 3000 complete in 7.7 sec
[--                6%                  ] 204 of 3000 complete in 8.2 sec
[--                7%                  ] 216 of 3000 complete in 8.8 sec
[--                7%                  ] 227 of 3000 complete in 9.3 sec
[---               7%                  ] 238 of 3000 complete in 9.8 sec
[---               8%                  ] 249 of 3000 complete in 10.4 sec
[---               8%                  ] 260 of 3000 complete in 10.9 sec
[---               9%                  ] 271 of 3000 complete in 11.5 sec
[---               9%                  ] 283 of 3000 complete in 12.0 sec
[---               9%                  ] 294 of 3000 complete in 12.5 sec
[---              10%                  ] 305 of 3000 complete in 13.1 sec
[----             10%                  ] 317 of 3000 complete in 13.6 sec
[----             10%                  ] 329 of 3000 complete in 14.1 sec
[----             11%                  ] 340 of 3000 complete in 14.6 sec
[----             11%                  ] 350 of 3000 complete in 15.2 sec
[----             12%                  ] 360 of 3000 complete in 15.7 sec
[----             12%                  ] 370 of 3000 complete in 16.2 sec
[----             12%                  ] 379 of 3000 complete in 16.7 sec
[----             12%                  ] 388 of 3000 complete in 17.3 sec
[-----            13%                  ] 397 of 3000 complete in 17.8 sec
[-----            13%                  ] 406 of 3000 complete in 18.3 sec
[-----            13%                  ] 415 of 3000 complete in 18.9 sec
[-----            14%                  ] 424 of 3000 complete in 19.4 sec
[-----            14%                  ] 432 of 3000 complete in 19.9 sec
[-----            14%                  ] 440 of 3000 complete in 20.4 sec
[-----            14%                  ] 448 of 3000 complete in 20.9 sec
[-----            15%                  ] 456 of 3000 complete in 21.5 sec
[-----            15%                  ] 463 of 3000 complete in 22.0 sec
[-----            15%                  ] 470 of 3000 complete in 22.5 sec
[------           15%                  ] 477 of 3000 complete in 23.1 sec
[------           16%                  ] 483 of 3000 complete in 23.6 sec
[------           16%                  ] 490 of 3000 complete in 24.1 sec
[------           16%                  ] 496 of 3000 complete in 24.7 sec
[------           16%                  ] 502 of 3000 complete in 25.2 sec
[------           16%                  ] 509 of 3000 complete in 25.8 sec
[------           17%                  ] 515 of 3000 complete in 26.3 sec
[------           17%                  ] 521 of 3000 complete in 26.8 sec
[------           17%                  ] 527 of 3000 complete in 27.3 sec
[------           17%                  ] 533 of 3000 complete in 27.9 sec
[------           17%                  ] 539 of 3000 complete in 28.4 sec
[------           18%                  ] 546 of 3000 complete in 29.0 sec
[------           18%                  ] 552 of 3000 complete in 29.5 sec
[-------          18%                  ] 558 of 3000 complete in 30.0 sec
[-------          18%                  ] 564 of 3000 complete in 30.5 sec
[-------          19%                  ] 570 of 3000 complete in 31.1 sec
[-------          19%                  ] 576 of 3000 complete in 31.6 sec
[-------          19%                  ] 582 of 3000 complete in 32.1 sec
[-------          19%                  ] 588 of 3000 complete in 32.7 sec
[-------          19%                  ] 594 of 3000 complete in 33.3 sec
[-------          20%                  ] 600 of 3000 complete in 33.8 sec
[-------          20%                  ] 606 of 3000 complete in 34.4 sec
[-------          20%                  ] 612 of 3000 complete in 34.9 sec
[-------          20%                  ] 618 of 3000 complete in 35.5 sec
[-------          20%                  ] 624 of 3000 complete in 36.0 sec
[-------          21%                  ] 630 of 3000 complete in 36.5 sec
[--------         21%                  ] 636 of 3000 complete in 37.1 sec
[--------         21%                  ] 643 of 3000 complete in 37.7 sec
[--------         21%                  ] 649 of 3000 complete in 38.2 sec
[--------         21%                  ] 655 of 3000 complete in 38.8 sec
[--------         22%                  ] 662 of 3000 complete in 39.3 sec
[--------         22%                  ] 668 of 3000 complete in 39.8 sec
[--------         22%                  ] 674 of 3000 complete in 40.3 sec
[--------         22%                  ] 680 of 3000 complete in 40.9 sec
[--------         22%                  ] 686 of 3000 complete in 41.4 sec
[--------         23%                  ] 692 of 3000 complete in 41.9 sec
[--------         23%                  ] 698 of 3000 complete in 42.5 sec
[--------         23%                  ] 704 of 3000 complete in 43.0 sec
[--------         23%                  ] 710 of 3000 complete in 43.5 sec
[---------        23%                  ] 716 of 3000 complete in 44.1 sec
[---------        24%                  ] 721 of 3000 complete in 44.6 sec
[---------        24%                  ] 727 of 3000 complete in 45.1 sec
[---------        24%                  ] 733 of 3000 complete in 45.7 sec
[---------        24%                  ] 739 of 3000 complete in 46.2 sec
[---------        24%                  ] 745 of 3000 complete in 46.8 sec
[---------        25%                  ] 751 of 3000 complete in 47.3 sec
[---------        25%                  ] 757 of 3000 complete in 47.9 sec
[---------        25%                  ] 763 of 3000 complete in 48.4 sec
[---------        25%                  ] 769 of 3000 complete in 48.9 sec
[---------        25%                  ] 775 of 3000 complete in 49.5 sec
[---------        26%                  ] 781 of 3000 complete in 50.1 sec
[---------        26%                  ] 787 of 3000 complete in 50.7 sec
[----------       26%                  ] 793 of 3000 complete in 51.3 sec
[----------       26%                  ] 799 of 3000 complete in 51.8 sec
[----------       26%                  ] 805 of 3000 complete in 52.3 sec
[----------       27%                  ] 811 of 3000 complete in 52.8 sec
[----------       27%                  ] 817 of 3000 complete in 53.4 sec
[----------       27%                  ] 823 of 3000 complete in 53.9 sec
[----------       27%                  ] 829 of 3000 complete in 54.4 sec
[----------       27%                  ] 835 of 3000 complete in 54.9 sec
[----------       28%                  ] 841 of 3000 complete in 55.5 sec
[----------       28%                  ] 847 of 3000 complete in 56.0 sec
[----------       28%                  ] 853 of 3000 complete in 56.6 sec
[----------       28%                  ] 860 of 3000 complete in 57.2 sec
[----------       28%                  ] 866 of 3000 complete in 57.7 sec
/opt/conda/lib/python3.9/site-packages/hddm/models/base.py:1225: RuntimeWarning: overflow encountered in divide
  eval=lambda x, y: x / (y**2),
/opt/conda/lib/python3.9/site-packages/hddm/models/base.py:1214: RuntimeWarning: overflow encountered in double_scalars
  eval=lambda x, y: (x**2) / (y**2),
[-----------      29%                  ] 872 of 3000 complete in 58.2 sec
[-----------      29%                  ] 878 of 3000 complete in 58.7 sec
[-----------      29%                  ] 884 of 3000 complete in 59.2 sec
[-----------      29%                  ] 890 of 3000 complete in 59.8 sec
[-----------      29%                  ] 896 of 3000 complete in 60.3 sec
[-----------      30%                  ] 902 of 3000 complete in 60.8 sec
[-----------      30%                  ] 908 of 3000 complete in 61.4 sec
[-----------      30%                  ] 914 of 3000 complete in 61.9 sec
[-----------      30%                  ] 920 of 3000 complete in 62.4 sec
[-----------      30%                  ] 926 of 3000 complete in 63.0 sec
[-----------      31%                  ] 932 of 3000 complete in 63.5 sec
[-----------      31%                  ] 938 of 3000 complete in 64.1 sec
[-----------      31%                  ] 943 of 3000 complete in 64.6 sec
[------------     31%                  ] 948 of 3000 complete in 65.1 sec
[------------     31%                  ] 954 of 3000 complete in 65.7 sec
[------------     32%                  ] 960 of 3000 complete in 66.3 sec
[------------     32%                  ] 966 of 3000 complete in 66.9 sec
[------------     32%                  ] 972 of 3000 complete in 67.4 sec
[------------     32%                  ] 977 of 3000 complete in 67.9 sec
[------------     32%                  ] 983 of 3000 complete in 68.5 sec
[------------     32%                  ] 989 of 3000 complete in 69.0 sec
[------------     33%                  ] 994 of 3000 complete in 69.5 sec
[------------     33%                  ] 1000 of 3000 complete in 70.1 sec
[------------     33%                  ] 1007 of 3000 complete in 70.6 sec
[------------     33%                  ] 1013 of 3000 complete in 71.2 sec
[------------     33%                  ] 1019 of 3000 complete in 71.7 sec
[------------     34%                  ] 1025 of 3000 complete in 72.2 sec
[-------------    34%                  ] 1031 of 3000 complete in 72.8 sec
[-------------    34%                  ] 1037 of 3000 complete in 73.3 sec
[-------------    34%                  ] 1044 of 3000 complete in 73.9 sec
[-------------    35%                  ] 1050 of 3000 complete in 74.4 sec
[-------------    35%                  ] 1056 of 3000 complete in 75.0 sec
[-------------    35%                  ] 1062 of 3000 complete in 75.6 sec
[-------------    35%                  ] 1069 of 3000 complete in 76.1 sec
[-------------    35%                  ] 1075 of 3000 complete in 76.7 sec
[-------------    36%                  ] 1081 of 3000 complete in 77.2 sec
[-------------    36%                  ] 1087 of 3000 complete in 77.8 sec
[-------------    36%                  ] 1093 of 3000 complete in 78.3 sec
[-------------    36%                  ] 1099 of 3000 complete in 78.8 sec
[-------------    36%                  ] 1105 of 3000 complete in 79.4 sec
[--------------   37%                  ] 1111 of 3000 complete in 79.9 sec
[--------------   37%                  ] 1117 of 3000 complete in 80.4 sec
[--------------   37%                  ] 1123 of 3000 complete in 80.9 sec
[--------------   37%                  ] 1129 of 3000 complete in 81.5 sec
[--------------   37%                  ] 1135 of 3000 complete in 82.0 sec
[--------------   38%                  ] 1141 of 3000 complete in 82.5 sec
[--------------   38%                  ] 1147 of 3000 complete in 83.1 sec
[--------------   38%                  ] 1153 of 3000 complete in 83.6 sec
[--------------   38%                  ] 1159 of 3000 complete in 84.1 sec
[--------------   38%                  ] 1165 of 3000 complete in 84.7 sec
[--------------   39%                  ] 1171 of 3000 complete in 85.3 sec
[--------------   39%                  ] 1177 of 3000 complete in 85.9 sec
[--------------   39%                  ] 1183 of 3000 complete in 86.5 sec
[---------------  39%                  ] 1189 of 3000 complete in 87.0 sec
[---------------  39%                  ] 1195 of 3000 complete in 87.6 sec
[---------------  40%                  ] 1201 of 3000 complete in 88.2 sec
[---------------  40%                  ] 1206 of 3000 complete in 88.7 sec
[---------------  40%                  ] 1212 of 3000 complete in 89.3 sec
Traceback (most recent call last):
  File "/home/jovyan/work/1_Code/Python_for_Check/TenRules_Revision_20260912/fit_one_hddm.py", line 138, in <module>
    main()
  File "/home/jovyan/work/1_Code/Python_for_Check/TenRules_Revision_20260912/fit_one_hddm.py", line 88, in main
    model.sample(args.draws, burn=args.burn, dbname=str(db_name), db="pickle")
  File "/opt/conda/lib/python3.9/site-packages/kabuki/hierarchical.py", line 856, in sample
    self.mc.sample(*args, **kwargs)
  File "/opt/conda/lib/python3.9/site-packages/pymc/MCMC.py", line 286, in sample
    Sampler.sample(self, iter, length, verbose)
  File "/opt/conda/lib/python3.9/site-packages/pymc/Model.py", line 245, in sample
    self._loop()
  File "/opt/conda/lib/python3.9/site-packages/pymc/MCMC.py", line 322, in _loop
    step_method.step()
  File "/opt/conda/lib/python3.9/site-packages/kabuki/step_methods.py", line 408, in step
    assert iter < self.maxiter, "Step-out procedure failed"
AssertionError: Step-out procedure failed
