[fit_one_hddm] cond6_rep2_drop: 10 被试 / 2543 试次 / omission=0.000 / p_outlier=0.05
[fit_one_hddm] 设置 z 默认值失败（忽略）：'z'
No model attribute --> setting up standard HDDM
Set model to ddm
[                  0%                  ] 11 of 3000 complete in 0.5 sec
[                  0%                  ] 27 of 3000 complete in 1.0 sec
[                  1%                  ] 43 of 3000 complete in 1.6 sec
[                  1%                  ] 59 of 3000 complete in 2.1 sec
[                  2%                  ] 75 of 3000 complete in 2.6 sec
[-                 3%                  ] 90 of 3000 complete in 3.2 sec
[-                 3%                  ] 104 of 3000 complete in 3.7 sec
[-                 3%                  ] 119 of 3000 complete in 4.2 sec
[-                 4%                  ] 132 of 3000 complete in 4.7 sec
[-                 4%                  ] 145 of 3000 complete in 5.2 sec
[--                5%                  ] 159 of 3000 complete in 5.7 sec
[--                5%                  ] 172 of 3000 complete in 6.2 sec
[--                6%                  ] 186 of 3000 complete in 6.8 sec
[--                6%                  ] 201 of 3000 complete in 7.3 sec
[--                7%                  ] 215 of 3000 complete in 7.8 sec
[--                7%                  ] 228 of 3000 complete in 8.3 sec
[---               8%                  ] 241 of 3000 complete in 8.8 sec
[---               8%                  ] 255 of 3000 complete in 9.4 sec
[---               8%                  ] 268 of 3000 complete in 9.9 sec
[---               9%                  ] 281 of 3000 complete in 10.4 sec
[---               9%                  ] 294 of 3000 complete in 10.9 sec
[---              10%                  ] 308 of 3000 complete in 11.4 sec
[----             10%                  ] 322 of 3000 complete in 11.9 sec
[----             11%                  ] 335 of 3000 complete in 12.4 sec
[----             11%                  ] 348 of 3000 complete in 13.0 sec
[----             12%                  ] 360 of 3000 complete in 13.5 sec
[----             12%                  ] 373 of 3000 complete in 14.0 sec
[----             12%                  ] 386 of 3000 complete in 14.5 sec
[-----            13%                  ] 398 of 3000 complete in 15.0 sec
[-----            13%                  ] 410 of 3000 complete in 15.5 sec
[-----            14%                  ] 421 of 3000 complete in 16.0 sec
[-----            14%                  ] 432 of 3000 complete in 16.5 sec
[-----            14%                  ] 443 of 3000 complete in 17.1 sec
[-----            15%                  ] 454 of 3000 complete in 17.6 sec
[-----            15%                  ] 465 of 3000 complete in 18.2 sec
[------           15%                  ] 476 of 3000 complete in 18.7 sec
[------           16%                  ] 488 of 3000 complete in 19.2 sec
[------           16%                  ] 499 of 3000 complete in 19.7 sec
[------           17%                  ] 511 of 3000 complete in 20.2 sec
[------           17%                  ] 522 of 3000 complete in 20.8 sec
[------           17%                  ] 534 of 3000 complete in 21.3 sec
[------           18%                  ] 545 of 3000 complete in 21.8 sec
[-------          18%                  ] 556 of 3000 complete in 22.3 sec
[-------          18%                  ] 567 of 3000 complete in 22.9 sec
[-------          19%                  ] 578 of 3000 complete in 23.4 sec
[-------          19%                  ] 589 of 3000 complete in 23.9 sec
[-------          20%                  ] 601 of 3000 complete in 24.4 sec
[-------          20%                  ] 612 of 3000 complete in 24.9 sec
[-------          20%                  ] 624 of 3000 complete in 25.4 sec
[--------         21%                  ] 636 of 3000 complete in 26.0 sec
[--------         21%                  ] 648 of 3000 complete in 26.5 sec
[--------         22%                  ] 660 of 3000 complete in 27.0 sec
[--------         22%                  ] 673 of 3000 complete in 27.5 sec
[--------         22%                  ] 686 of 3000 complete in 28.1 sec
[--------         23%                  ] 699 of 3000 complete in 28.6 sec
[---------        23%                  ] 712 of 3000 complete in 29.1 sec
[---------        24%                  ] 724 of 3000 complete in 29.6 sec
[---------        24%                  ] 736 of 3000 complete in 30.1 sec
[---------        24%                  ] 748 of 3000 complete in 30.7 sec
[---------        25%                  ] 759 of 3000 complete in 31.2 sec
[---------        25%                  ] 769 of 3000 complete in 31.7 sec
[---------        26%                  ] 781 of 3000 complete in 32.2 sec
[----------       26%                  ] 793 of 3000 complete in 32.7 sec
[----------       26%                  ] 804 of 3000 complete in 33.2 sec
[----------       27%                  ] 815 of 3000 complete in 33.7 sec
[----------       27%                  ] 826 of 3000 complete in 34.3 sec
[----------       27%                  ] 836 of 3000 complete in 34.8 sec
[----------       28%                  ] 847 of 3000 complete in 35.4 sec
[----------       28%                  ] 858 of 3000 complete in 35.9 sec
[-----------      28%                  ] 869 of 3000 complete in 36.5 sec
[-----------      29%                  ] 879 of 3000 complete in 37.0 sec
[-----------      29%                  ] 890 of 3000 complete in 37.5 sec
[-----------      30%                  ] 903 of 3000 complete in 38.0 sec
[-----------      30%                  ] 915 of 3000 complete in 38.5 sec
[-----------      30%                  ] 929 of 3000 complete in 39.1 sec
[-----------      31%                  ] 944 of 3000 complete in 39.6 sec
[------------     31%                  ] 958 of 3000 complete in 40.1 sec
[------------     32%                  ] 972 of 3000 complete in 40.6 sec
[------------     32%                  ] 986 of 3000 complete in 41.1 sec
[------------     33%                  ] 1001 of 3000 complete in 41.6 sec
[------------     33%                  ] 1014 of 3000 complete in 42.1 sec
[-------------    34%                  ] 1027 of 3000 complete in 42.7 sec
[-------------    34%                  ] 1041 of 3000 complete in 43.2 sec
[-------------    35%                  ] 1056 of 3000 complete in 43.7 sec
[-------------    35%                  ] 1069 of 3000 complete in 44.2 sec
[-------------    36%                  ] 1082 of 3000 complete in 44.8 sec
[-------------    36%                  ] 1096 of 3000 complete in 45.3 sec
[--------------   36%                  ] 1109 of 3000 complete in 45.8 sec
[--------------   37%                  ] 1122 of 3000 complete in 46.3 sec
[--------------   37%                  ] 1137 of 3000 complete in 46.8 sec
[--------------   38%                  ] 1150 of 3000 complete in 47.3 sec
[--------------   38%                  ] 1163 of 3000 complete in 47.9 sec
[--------------   39%                  ] 1177 of 3000 complete in 48.4 sec
[---------------  39%                  ] 1190 of 3000 complete in 48.9 sec
[---------------  40%                  ] 1203 of 3000 complete in 49.4 sec
[---------------  40%                  ] 1217 of 3000 complete in 50.0 sec
[---------------  41%                  ] 1232 of 3000 complete in 50.5 sec
[---------------  41%                  ] 1248 of 3000 complete in 51.0 sec
[---------------- 42%                  ] 1264 of 3000 complete in 51.5 sec
[---------------- 42%                  ] 1279 of 3000 complete in 52.0 sec
[---------------- 43%                  ] 1294 of 3000 complete in 52.6 sec
[---------------- 43%                  ] 1306 of 3000 complete in 53.1 sec
[---------------- 43%                  ] 1318 of 3000 complete in 53.6 sec
[---------------- 44%                  ] 1331 of 3000 complete in 54.1 sec
[-----------------44%                  ] 1343 of 3000 complete in 54.6 sec
[-----------------45%                  ] 1355 of 3000 complete in 55.1 sec
[-----------------45%                  ] 1368 of 3000 complete in 55.7 sec
[-----------------46%                  ] 1381 of 3000 complete in 56.2 sec
[-----------------46%                  ] 1393 of 3000 complete in 56.7 sec
[-----------------46%                  ] 1405 of 3000 complete in 57.2 sec
[-----------------47%                  ] 1416 of 3000 complete in 57.7 sec
[-----------------47%                  ] 1427 of 3000 complete in 58.2 sec
[-----------------47%                  ] 1438 of 3000 complete in 58.8 sec
[-----------------48%                  ] 1450 of 3000 complete in 59.3 sec
[-----------------48%                  ] 1463 of 3000 complete in 59.8 sec
[-----------------49%                  ] 1476 of 3000 complete in 60.3 sec
[-----------------49%                  ] 1490 of 3000 complete in 60.8 sec
[-----------------50%                  ] 1503 of 3000 complete in 61.3 sec
[-----------------50%                  ] 1517 of 3000 complete in 61.8 sec
[-----------------51%                  ] 1532 of 3000 complete in 62.4 sec
[-----------------51%                  ] 1546 of 3000 complete in 62.9 sec
[-----------------52%                  ] 1561 of 3000 complete in 63.4 sec
[-----------------52%                  ] 1575 of 3000 complete in 63.9 sec
[-----------------52%                  ] 1586 of 3000 complete in 64.4 sec
[-----------------53%                  ] 1597 of 3000 complete in 64.9 sec
[-----------------53%                  ] 1608 of 3000 complete in 65.5 sec
[-----------------54%                  ] 1620 of 3000 complete in 66.0 sec
[-----------------54%                  ] 1633 of 3000 complete in 66.5 sec
[-----------------54%                  ] 1644 of 3000 complete in 67.0 sec
[-----------------55%                  ] 1656 of 3000 complete in 67.6 sec
[-----------------55%-                 ] 1668 of 3000 complete in 68.1 sec
[-----------------56%-                 ] 1681 of 3000 complete in 68.6 sec
[-----------------56%-                 ] 1694 of 3000 complete in 69.1 sec
[-----------------56%-                 ] 1707 of 3000 complete in 69.7 sec
[-----------------57%-                 ] 1720 of 3000 complete in 70.2 sec
[-----------------57%-                 ] 1734 of 3000 complete in 70.7 sec
[-----------------58%--                ] 1747 of 3000 complete in 71.2 sec
[-----------------58%--                ] 1760 of 3000 complete in 71.7 sec
[-----------------59%--                ] 1773 of 3000 complete in 72.3 sec
[-----------------59%--                ] 1786 of 3000 complete in 72.8 sec
[-----------------60%--                ] 1800 of 3000 complete in 73.3 sec
[-----------------60%--                ] 1813 of 3000 complete in 73.8 sec
[-----------------60%---               ] 1827 of 3000 complete in 74.3 sec
[-----------------61%---               ] 1841 of 3000 complete in 74.9 sec
[-----------------61%---               ] 1856 of 3000 complete in 75.4 sec
[-----------------62%---               ] 1871 of 3000 complete in 75.9 sec
[-----------------62%---               ] 1885 of 3000 complete in 76.4 sec
[-----------------63%----              ] 1899 of 3000 complete in 76.9 sec
[-----------------63%----              ] 1914 of 3000 complete in 77.5 sec
[-----------------64%----              ] 1929 of 3000 complete in 78.0 sec
[-----------------64%----              ] 1944 of 3000 complete in 78.5 sec
[-----------------65%----              ] 1958 of 3000 complete in 79.0 sec
[-----------------65%-----             ] 1974 of 3000 complete in 79.5 sec
[-----------------66%-----             ] 1988 of 3000 complete in 80.0 sec
[-----------------66%-----             ] 2002 of 3000 complete in 80.5 sec
[-----------------67%-----             ] 2016 of 3000 complete in 81.0 sec
[-----------------67%-----             ] 2030 of 3000 complete in 81.6 sec
[-----------------68%-----             ] 2044 of 3000 complete in 82.1 sec
[-----------------68%------            ] 2059 of 3000 complete in 82.6 sec
[-----------------69%------            ] 2075 of 3000 complete in 83.1 sec
[-----------------69%------            ] 2090 of 3000 complete in 83.6 sec
[-----------------70%------            ] 2105 of 3000 complete in 84.2 sec
[-----------------70%------            ] 2119 of 3000 complete in 84.7 sec
[-----------------71%-------           ] 2132 of 3000 complete in 85.2 sec
[-----------------71%-------           ] 2146 of 3000 complete in 85.7 sec
[-----------------71%-------           ] 2159 of 3000 complete in 86.2 sec
[-----------------72%-------           ] 2172 of 3000 complete in 86.7 sec
[-----------------72%-------           ] 2186 of 3000 complete in 87.2 sec
[-----------------73%-------           ] 2201 of 3000 complete in 87.8 sec
[-----------------73%--------          ] 2215 of 3000 complete in 88.3 sec
[-----------------74%--------          ] 2229 of 3000 complete in 88.8 sec
[-----------------74%--------          ] 2244 of 3000 complete in 89.3 sec
[-----------------75%--------          ] 2259 of 3000 complete in 89.8 sec
[-----------------75%--------          ] 2275 of 3000 complete in 90.4 sec
[-----------------76%--------          ] 2289 of 3000 complete in 90.9 sec
[-----------------76%---------         ] 2300 of 3000 complete in 91.4 sec
[-----------------77%---------         ] 2313 of 3000 complete in 91.9 sec
[-----------------77%---------         ] 2325 of 3000 complete in 92.4 sec
[-----------------77%---------         ] 2338 of 3000 complete in 92.9 sec
[-----------------78%---------         ] 2351 of 3000 complete in 93.4 sec
[-----------------78%---------         ] 2364 of 3000 complete in 93.9 sec
[-----------------79%----------        ] 2379 of 3000 complete in 94.5 sec
[-----------------79%----------        ] 2393 of 3000 complete in 95.0 sec
[-----------------80%----------        ] 2409 of 3000 complete in 95.5 sec
[-----------------80%----------        ] 2424 of 3000 complete in 96.0 sec
[-----------------81%----------        ] 2438 of 3000 complete in 96.5 sec
[-----------------81%-----------       ] 2454 of 3000 complete in 97.0 sec
[-----------------82%-----------       ] 2469 of 3000 complete in 97.6 sec
[-----------------82%-----------       ] 2483 of 3000 complete in 98.1 sec
[-----------------83%-----------       ] 2497 of 3000 complete in 98.6 sec
[-----------------83%-----------       ] 2512 of 3000 complete in 99.2 sec
[-----------------84%------------      ] 2527 of 3000 complete in 99.7 sec
[-----------------84%------------      ] 2541 of 3000 complete in 100.2 sec
[-----------------85%------------      ] 2556 of 3000 complete in 100.7 sec
[-----------------85%------------      ] 2571 of 3000 complete in 101.2 sec
[-----------------86%------------      ] 2585 of 3000 complete in 101.7 sec
[-----------------86%------------      ] 2599 of 3000 complete in 102.2 sec
[-----------------87%-------------     ] 2614 of 3000 complete in 102.8 sec
[-----------------87%-------------     ] 2630 of 3000 complete in 103.3 sec
[-----------------88%-------------     ] 2645 of 3000 complete in 103.8 sec
[-----------------88%-------------     ] 2658 of 3000 complete in 104.3 sec
[-----------------89%-------------     ] 2670 of 3000 complete in 104.8 sec
[-----------------89%-------------     ] 2684 of 3000 complete in 105.3 sec
[-----------------89%--------------    ] 2699 of 3000 complete in 105.8 sec
[-----------------90%--------------    ] 2714 of 3000 complete in 106.4 sec
[-----------------90%--------------    ] 2729 of 3000 complete in 106.9 sec
[-----------------91%--------------    ] 2744 of 3000 complete in 107.4 sec
[-----------------91%--------------    ] 2757 of 3000 complete in 107.9 sec
[-----------------92%---------------   ] 2770 of 3000 complete in 108.4 sec
[-----------------92%---------------   ] 2782 of 3000 complete in 109.0 sec
[-----------------93%---------------   ] 2795 of 3000 complete in 109.5 sec
[-----------------93%---------------   ] 2810 of 3000 complete in 110.0 sec
[-----------------94%---------------   ] 2826 of 3000 complete in 110.5 sec
[-----------------94%---------------   ] 2842 of 3000 complete in 111.0 sec
[-----------------95%----------------  ] 2857 of 3000 complete in 111.5 sec
[-----------------95%----------------  ] 2871 of 3000 complete in 112.1 sec
[-----------------96%----------------  ] 2883 of 3000 complete in 112.6 sec
[-----------------96%----------------  ] 2894 of 3000 complete in 113.1 sec
[-----------------96%----------------  ] 2906 of 3000 complete in 113.6 sec
[-----------------97%----------------  ] 2917 of 3000 complete in 114.2 sec
[-----------------97%----------------- ] 2928 of 3000 complete in 114.7 sec
[-----------------97%----------------- ] 2939 of 3000 complete in 115.2 sec
[-----------------98%----------------- ] 2950 of 3000 complete in 115.8 sec
[-----------------98%----------------- ] 2962 of 3000 complete in 116.3 sec
[-----------------99%----------------- ] 2974 of 3000 complete in 116.8 sec
[-----------------99%----------------- ] 2987 of 3000 complete in 117.3 sec
[-----------------99%----------------- ] 2999 of 3000 complete in 117.8 sec
[-----------------100%-----------------] 3000 of 3000 complete in 117.9 sec
hddm sampling elpased time:  118.011 s
[fit_one_hddm] 完成 cond6_rep2_drop（2.0 分钟）→ /home/jovyan/work/2_Data/Generate_Data/TenRules_Revision_20260912/param_recovery/fits/drop
