[fit_one_hddm] cond8_rep1_drop: 11 被试 / 2244 试次 / omission=0.000 / p_outlier=0.05
[fit_one_hddm] 设置 z 默认值失败（忽略）：'z'
No model attribute --> setting up standard HDDM
Set model to ddm
[                  0%                  ] 14 of 3000 complete in 0.5 sec
[                  0%                  ] 29 of 3000 complete in 1.0 sec
[                  1%                  ] 45 of 3000 complete in 1.5 sec
[                  2%                  ] 61 of 3000 complete in 2.1 sec
[                  2%                  ] 76 of 3000 complete in 2.6 sec
[-                 3%                  ] 92 of 3000 complete in 3.1 sec
[-                 3%                  ] 107 of 3000 complete in 3.6 sec
[-                 4%                  ] 121 of 3000 complete in 4.1 sec
[-                 4%                  ] 135 of 3000 complete in 4.7 sec
[-                 4%                  ] 149 of 3000 complete in 5.2 sec
[--                5%                  ] 163 of 3000 complete in 5.7 sec
[--                5%                  ] 177 of 3000 complete in 6.2 sec
[--                6%                  ] 192 of 3000 complete in 6.7 sec
[--                6%                  ] 208 of 3000 complete in 7.3 sec
[--                7%                  ] 223 of 3000 complete in 7.8 sec
[---               7%                  ] 238 of 3000 complete in 8.3 sec
[---               8%                  ] 253 of 3000 complete in 8.8 sec
[---               8%                  ] 266 of 3000 complete in 9.3 sec
[---               9%                  ] 281 of 3000 complete in 9.8 sec
[---               9%                  ] 294 of 3000 complete in 10.4 sec
[---              10%                  ] 307 of 3000 complete in 10.9 sec
[----             10%                  ] 319 of 3000 complete in 11.4 sec
[----             11%                  ] 331 of 3000 complete in 11.9 sec
[----             11%                  ] 344 of 3000 complete in 12.5 sec
[----             11%                  ] 357 of 3000 complete in 13.0 sec
[----             12%                  ] 371 of 3000 complete in 13.5 sec
[----             12%                  ] 384 of 3000 complete in 14.0 sec
[-----            13%                  ] 397 of 3000 complete in 14.6 sec
[-----            13%                  ] 409 of 3000 complete in 15.1 sec
[-----            14%                  ] 422 of 3000 complete in 15.6 sec
[-----            14%                  ] 434 of 3000 complete in 16.1 sec
[-----            14%                  ] 446 of 3000 complete in 16.6 sec
[-----            15%                  ] 458 of 3000 complete in 17.1 sec
[-----            15%                  ] 472 of 3000 complete in 17.7 sec
[------           16%                  ] 485 of 3000 complete in 18.2 sec
[------           16%                  ] 499 of 3000 complete in 18.7 sec
[------           17%                  ] 511 of 3000 complete in 19.2 sec
[------           17%                  ] 524 of 3000 complete in 19.7 sec
[------           17%                  ] 536 of 3000 complete in 20.2 sec
[------           18%                  ] 548 of 3000 complete in 20.7 sec
[-------          18%                  ] 560 of 3000 complete in 21.2 sec
[-------          19%                  ] 572 of 3000 complete in 21.7 sec
[-------          19%                  ] 584 of 3000 complete in 22.3 sec
[-------          19%                  ] 595 of 3000 complete in 22.8 sec
[-------          20%                  ] 606 of 3000 complete in 23.3 sec
[-------          20%                  ] 618 of 3000 complete in 23.9 sec
[-------          20%                  ] 629 of 3000 complete in 24.4 sec
[--------         21%                  ] 640 of 3000 complete in 24.9 sec
[--------         21%                  ] 652 of 3000 complete in 25.4 sec
[--------         22%                  ] 664 of 3000 complete in 26.0 sec
[--------         22%                  ] 675 of 3000 complete in 26.5 sec
[--------         22%                  ] 686 of 3000 complete in 27.0 sec
[--------         23%                  ] 697 of 3000 complete in 27.5 sec
[--------         23%                  ] 709 of 3000 complete in 28.0 sec
[---------        24%                  ] 722 of 3000 complete in 28.5 sec
[---------        24%                  ] 735 of 3000 complete in 29.1 sec
[---------        24%                  ] 749 of 3000 complete in 29.6 sec
[---------        25%                  ] 762 of 3000 complete in 30.1 sec
[---------        25%                  ] 776 of 3000 complete in 30.7 sec
[---------        26%                  ] 788 of 3000 complete in 31.2 sec
[----------       26%                  ] 801 of 3000 complete in 31.7 sec
[----------       27%                  ] 812 of 3000 complete in 32.2 sec
[----------       27%                  ] 824 of 3000 complete in 32.8 sec
[----------       27%                  ] 837 of 3000 complete in 33.3 sec
[----------       28%                  ] 851 of 3000 complete in 33.8 sec
[----------       28%                  ] 864 of 3000 complete in 34.3 sec
[-----------      29%                  ] 878 of 3000 complete in 34.9 sec
[-----------      29%                  ] 891 of 3000 complete in 35.4 sec
[-----------      30%                  ] 905 of 3000 complete in 35.9 sec
[-----------      30%                  ] 919 of 3000 complete in 36.4 sec
[-----------      31%                  ] 932 of 3000 complete in 36.9 sec
[-----------      31%                  ] 946 of 3000 complete in 37.4 sec
[------------     32%                  ] 960 of 3000 complete in 37.9 sec
[------------     32%                  ] 974 of 3000 complete in 38.5 sec
[------------     32%                  ] 987 of 3000 complete in 39.0 sec
[------------     33%                  ] 1001 of 3000 complete in 39.5 sec
[------------     33%                  ] 1014 of 3000 complete in 40.0 sec
[-------------    34%                  ] 1027 of 3000 complete in 40.5 sec
[-------------    34%                  ] 1041 of 3000 complete in 41.0 sec
[-------------    35%                  ] 1056 of 3000 complete in 41.5 sec
[-------------    35%                  ] 1071 of 3000 complete in 42.1 sec
[-------------    36%                  ] 1085 of 3000 complete in 42.6 sec
[-------------    36%                  ] 1099 of 3000 complete in 43.1 sec
[--------------   37%                  ] 1112 of 3000 complete in 43.6 sec
[--------------   37%                  ] 1126 of 3000 complete in 44.2 sec
[--------------   38%                  ] 1141 of 3000 complete in 44.7 sec
[--------------   38%                  ] 1156 of 3000 complete in 45.2 sec
[--------------   39%                  ] 1171 of 3000 complete in 45.8 sec
[---------------  39%                  ] 1185 of 3000 complete in 46.3 sec
[---------------  39%                  ] 1199 of 3000 complete in 46.8 sec
[---------------  40%                  ] 1213 of 3000 complete in 47.3 sec
[---------------  40%                  ] 1228 of 3000 complete in 47.8 sec
[---------------  41%                  ] 1243 of 3000 complete in 48.4 sec
[---------------  41%                  ] 1258 of 3000 complete in 48.9 sec
[---------------- 42%                  ] 1272 of 3000 complete in 49.4 sec
[---------------- 42%                  ] 1287 of 3000 complete in 49.9 sec
[---------------- 43%                  ] 1302 of 3000 complete in 50.5 sec
[---------------- 43%                  ] 1317 of 3000 complete in 51.0 sec
[---------------- 44%                  ] 1332 of 3000 complete in 51.5 sec
[-----------------44%                  ] 1347 of 3000 complete in 52.0 sec
[-----------------45%                  ] 1361 of 3000 complete in 52.5 sec
[-----------------45%                  ] 1374 of 3000 complete in 53.0 sec
[-----------------46%                  ] 1388 of 3000 complete in 53.5 sec
[-----------------46%                  ] 1402 of 3000 complete in 54.1 sec
[-----------------47%                  ] 1416 of 3000 complete in 54.6 sec
[-----------------47%                  ] 1429 of 3000 complete in 55.1 sec
[-----------------48%                  ] 1440 of 3000 complete in 55.6 sec
[-----------------48%                  ] 1452 of 3000 complete in 56.1 sec
[-----------------48%                  ] 1465 of 3000 complete in 56.7 sec
[-----------------49%                  ] 1477 of 3000 complete in 57.2 sec
[-----------------49%                  ] 1490 of 3000 complete in 57.7 sec
[-----------------50%                  ] 1503 of 3000 complete in 58.2 sec
[-----------------50%                  ] 1516 of 3000 complete in 58.7 sec
[-----------------50%                  ] 1529 of 3000 complete in 59.2 sec
[-----------------51%                  ] 1541 of 3000 complete in 59.7 sec
[-----------------51%                  ] 1553 of 3000 complete in 60.3 sec
[-----------------52%                  ] 1565 of 3000 complete in 60.8 sec
[-----------------52%                  ] 1578 of 3000 complete in 61.3 sec
[-----------------53%                  ] 1591 of 3000 complete in 61.8 sec
[-----------------53%                  ] 1605 of 3000 complete in 62.4 sec
[-----------------53%                  ] 1618 of 3000 complete in 62.9 sec
[-----------------54%                  ] 1631 of 3000 complete in 63.4 sec
[-----------------54%                  ] 1642 of 3000 complete in 64.0 sec
[-----------------55%                  ] 1653 of 3000 complete in 64.5 sec
[-----------------55%-                 ] 1666 of 3000 complete in 65.0 sec
[-----------------55%-                 ] 1679 of 3000 complete in 65.5 sec
[-----------------56%-                 ] 1693 of 3000 complete in 66.0 sec
[-----------------56%-                 ] 1706 of 3000 complete in 66.6 sec
[-----------------57%-                 ] 1720 of 3000 complete in 67.1 sec
[-----------------57%-                 ] 1735 of 3000 complete in 67.6 sec
[-----------------58%--                ] 1750 of 3000 complete in 68.1 sec
[-----------------58%--                ] 1765 of 3000 complete in 68.6 sec
[-----------------59%--                ] 1779 of 3000 complete in 69.1 sec
[-----------------59%--                ] 1793 of 3000 complete in 69.6 sec
[-----------------60%--                ] 1807 of 3000 complete in 70.1 sec
[-----------------60%---               ] 1819 of 3000 complete in 70.6 sec
[-----------------61%---               ] 1832 of 3000 complete in 71.2 sec
[-----------------61%---               ] 1844 of 3000 complete in 71.7 sec
[-----------------61%---               ] 1857 of 3000 complete in 72.2 sec
[-----------------62%---               ] 1871 of 3000 complete in 72.8 sec
[-----------------62%---               ] 1884 of 3000 complete in 73.3 sec
[-----------------63%----              ] 1896 of 3000 complete in 73.8 sec
[-----------------63%----              ] 1908 of 3000 complete in 74.3 sec
[-----------------64%----              ] 1921 of 3000 complete in 74.8 sec
[-----------------64%----              ] 1936 of 3000 complete in 75.4 sec
[-----------------65%----              ] 1951 of 3000 complete in 75.9 sec
[-----------------65%----              ] 1966 of 3000 complete in 76.4 sec
[-----------------66%-----             ] 1982 of 3000 complete in 76.9 sec
[-----------------66%-----             ] 1997 of 3000 complete in 77.4 sec
[-----------------67%-----             ] 2011 of 3000 complete in 78.0 sec
[-----------------67%-----             ] 2026 of 3000 complete in 78.5 sec
[-----------------68%-----             ] 2041 of 3000 complete in 79.0 sec
[-----------------68%------            ] 2055 of 3000 complete in 79.5 sec
[-----------------69%------            ] 2070 of 3000 complete in 80.1 sec
[-----------------69%------            ] 2084 of 3000 complete in 80.6 sec
[-----------------69%------            ] 2098 of 3000 complete in 81.1 sec
[-----------------70%------            ] 2111 of 3000 complete in 81.6 sec
[-----------------70%------            ] 2123 of 3000 complete in 82.2 sec
[-----------------71%-------           ] 2133 of 3000 complete in 82.7 sec
[-----------------71%-------           ] 2144 of 3000 complete in 83.2 sec
[-----------------71%-------           ] 2155 of 3000 complete in 83.7 sec
[-----------------72%-------           ] 2167 of 3000 complete in 84.3 sec
[-----------------72%-------           ] 2178 of 3000 complete in 84.8 sec
[-----------------73%-------           ] 2190 of 3000 complete in 85.3 sec
[-----------------73%-------           ] 2202 of 3000 complete in 85.8 sec
[-----------------73%--------          ] 2215 of 3000 complete in 86.4 sec
[-----------------74%--------          ] 2228 of 3000 complete in 86.9 sec
[-----------------74%--------          ] 2242 of 3000 complete in 87.4 sec
[-----------------75%--------          ] 2257 of 3000 complete in 87.9 sec
[-----------------75%--------          ] 2273 of 3000 complete in 88.5 sec
[-----------------76%--------          ] 2288 of 3000 complete in 89.0 sec
[-----------------76%---------         ] 2303 of 3000 complete in 89.5 sec
[-----------------77%---------         ] 2317 of 3000 complete in 90.0 sec
[-----------------77%---------         ] 2331 of 3000 complete in 90.5 sec
[-----------------78%---------         ] 2343 of 3000 complete in 91.0 sec
[-----------------78%---------         ] 2355 of 3000 complete in 91.6 sec
[-----------------78%---------         ] 2367 of 3000 complete in 92.1 sec
[-----------------79%----------        ] 2379 of 3000 complete in 92.6 sec
[-----------------79%----------        ] 2390 of 3000 complete in 93.2 sec
[-----------------80%----------        ] 2401 of 3000 complete in 93.7 sec
[-----------------80%----------        ] 2413 of 3000 complete in 94.2 sec
[-----------------80%----------        ] 2425 of 3000 complete in 94.8 sec
[-----------------81%----------        ] 2436 of 3000 complete in 95.3 sec
[-----------------81%-----------       ] 2448 of 3000 complete in 95.8 sec
[-----------------82%-----------       ] 2460 of 3000 complete in 96.3 sec
[-----------------82%-----------       ] 2473 of 3000 complete in 96.9 sec
[-----------------82%-----------       ] 2485 of 3000 complete in 97.4 sec
[-----------------83%-----------       ] 2498 of 3000 complete in 97.9 sec
[-----------------83%-----------       ] 2511 of 3000 complete in 98.5 sec
[-----------------84%-----------       ] 2524 of 3000 complete in 99.0 sec
[-----------------84%------------      ] 2537 of 3000 complete in 99.5 sec
[-----------------85%------------      ] 2550 of 3000 complete in 100.0 sec
[-----------------85%------------      ] 2564 of 3000 complete in 100.5 sec
[-----------------85%------------      ] 2578 of 3000 complete in 101.0 sec
[-----------------86%------------      ] 2592 of 3000 complete in 101.5 sec
[-----------------86%-------------     ] 2606 of 3000 complete in 102.1 sec
[-----------------87%-------------     ] 2620 of 3000 complete in 102.6 sec
[-----------------87%-------------     ] 2634 of 3000 complete in 103.1 sec
[-----------------88%-------------     ] 2647 of 3000 complete in 103.6 sec
[-----------------88%-------------     ] 2661 of 3000 complete in 104.2 sec
[-----------------89%-------------     ] 2676 of 3000 complete in 104.7 sec
[-----------------89%--------------    ] 2691 of 3000 complete in 105.2 sec
[-----------------90%--------------    ] 2706 of 3000 complete in 105.7 sec
[-----------------90%--------------    ] 2720 of 3000 complete in 106.2 sec
[-----------------91%--------------    ] 2733 of 3000 complete in 106.7 sec
[-----------------91%--------------    ] 2747 of 3000 complete in 107.2 sec
[-----------------92%--------------    ] 2760 of 3000 complete in 107.7 sec
[-----------------92%---------------   ] 2775 of 3000 complete in 108.3 sec
[-----------------92%---------------   ] 2789 of 3000 complete in 108.8 sec
[-----------------93%---------------   ] 2802 of 3000 complete in 109.3 sec
[-----------------93%---------------   ] 2816 of 3000 complete in 109.9 sec
[-----------------94%---------------   ] 2829 of 3000 complete in 110.4 sec
[-----------------94%----------------  ] 2844 of 3000 complete in 110.9 sec
[-----------------95%----------------  ] 2859 of 3000 complete in 111.4 sec
[-----------------95%----------------  ] 2874 of 3000 complete in 111.9 sec
[-----------------96%----------------  ] 2888 of 3000 complete in 112.4 sec
[-----------------96%----------------  ] 2903 of 3000 complete in 112.9 sec
[-----------------97%----------------  ] 2918 of 3000 complete in 113.5 sec
[-----------------97%----------------- ] 2933 of 3000 complete in 114.0 sec
[-----------------98%----------------- ] 2948 of 3000 complete in 114.5 sec
[-----------------98%----------------- ] 2962 of 3000 complete in 115.0 sec
[-----------------99%----------------- ] 2976 of 3000 complete in 115.5 sec
[-----------------99%----------------- ] 2991 of 3000 complete in 116.1 sec
[-----------------100%-----------------] 3000 of 3000 complete in 116.4 sec
hddm sampling elpased time:  116.513 s
[fit_one_hddm] 完成 cond8_rep1_drop（1.9 分钟）→ /home/jovyan/work/2_Data/Generate_Data/TenRules_Revision_20260912/param_recovery/fits/drop
