[fit_one_hddm] cond5_rep2_drop: 11 被试 / 2445 试次 / omission=0.000 / p_outlier=0.05
[fit_one_hddm] 设置 z 默认值失败（忽略）：'z'
No model attribute --> setting up standard HDDM
Set model to ddm
[                  0%                  ] 13 of 3000 complete in 0.5 sec
[                  0%                  ] 27 of 3000 complete in 1.0 sec
[                  1%                  ] 42 of 3000 complete in 1.6 sec
[                  1%                  ] 56 of 3000 complete in 2.1 sec
[                  2%                  ] 71 of 3000 complete in 2.6 sec
[-                 2%                  ] 85 of 3000 complete in 3.1 sec
[-                 3%                  ] 98 of 3000 complete in 3.7 sec
[-                 3%                  ] 111 of 3000 complete in 4.2 sec
[-                 4%                  ] 123 of 3000 complete in 4.7 sec
[-                 4%                  ] 135 of 3000 complete in 5.2 sec
[-                 4%                  ] 147 of 3000 complete in 5.7 sec
[--                5%                  ] 159 of 3000 complete in 6.2 sec
[--                5%                  ] 172 of 3000 complete in 6.7 sec
[--                6%                  ] 185 of 3000 complete in 7.2 sec
[--                6%                  ] 199 of 3000 complete in 7.7 sec
[--                7%                  ] 213 of 3000 complete in 8.2 sec
[--                7%                  ] 227 of 3000 complete in 8.8 sec
[---               8%                  ] 241 of 3000 complete in 9.3 sec
[---               8%                  ] 254 of 3000 complete in 9.8 sec
[---               8%                  ] 266 of 3000 complete in 10.3 sec
[---               9%                  ] 278 of 3000 complete in 10.8 sec
[---               9%                  ] 291 of 3000 complete in 11.4 sec
[---              10%                  ] 303 of 3000 complete in 11.9 sec
[----             10%                  ] 316 of 3000 complete in 12.4 sec
[----             10%                  ] 328 of 3000 complete in 12.9 sec
[----             11%                  ] 340 of 3000 complete in 13.5 sec
[----             11%                  ] 353 of 3000 complete in 14.0 sec
[----             12%                  ] 367 of 3000 complete in 14.5 sec
[----             12%                  ] 380 of 3000 complete in 15.0 sec
[----             13%                  ] 393 of 3000 complete in 15.6 sec
[-----            13%                  ] 405 of 3000 complete in 16.1 sec
[-----            13%                  ] 416 of 3000 complete in 16.6 sec
[-----            14%                  ] 426 of 3000 complete in 17.2 sec
[-----            14%                  ] 436 of 3000 complete in 17.7 sec
[-----            14%                  ] 446 of 3000 complete in 18.2 sec
[-----            15%                  ] 455 of 3000 complete in 18.7 sec
[-----            15%                  ] 465 of 3000 complete in 19.2 sec
[------           15%                  ] 475 of 3000 complete in 19.8 sec
[------           16%                  ] 485 of 3000 complete in 20.3 sec
[------           16%                  ] 496 of 3000 complete in 20.8 sec
[------           16%                  ] 506 of 3000 complete in 21.3 sec
[------           17%                  ] 517 of 3000 complete in 21.9 sec
[------           17%                  ] 528 of 3000 complete in 22.4 sec
[------           18%                  ] 540 of 3000 complete in 22.9 sec
[------           18%                  ] 552 of 3000 complete in 23.5 sec
[-------          18%                  ] 565 of 3000 complete in 24.0 sec
[-------          19%                  ] 578 of 3000 complete in 24.5 sec
[-------          19%                  ] 592 of 3000 complete in 25.0 sec
[-------          20%                  ] 606 of 3000 complete in 25.6 sec
[-------          20%                  ] 620 of 3000 complete in 26.1 sec
[--------         21%                  ] 634 of 3000 complete in 26.6 sec
[--------         21%                  ] 647 of 3000 complete in 27.1 sec
[--------         22%                  ] 661 of 3000 complete in 27.6 sec
[--------         22%                  ] 675 of 3000 complete in 28.2 sec
[--------         22%                  ] 687 of 3000 complete in 28.7 sec
[--------         23%                  ] 700 of 3000 complete in 29.2 sec
[---------        23%                  ] 712 of 3000 complete in 29.7 sec
[---------        24%                  ] 723 of 3000 complete in 30.2 sec
[---------        24%                  ] 735 of 3000 complete in 30.8 sec
[---------        24%                  ] 747 of 3000 complete in 31.3 sec
[---------        25%                  ] 759 of 3000 complete in 31.9 sec
[---------        25%                  ] 769 of 3000 complete in 32.4 sec
[---------        26%                  ] 782 of 3000 complete in 32.9 sec
[----------       26%                  ] 796 of 3000 complete in 33.4 sec
[----------       27%                  ] 810 of 3000 complete in 33.9 sec
[----------       27%                  ] 824 of 3000 complete in 34.4 sec
[----------       27%                  ] 839 of 3000 complete in 35.0 sec
[----------       28%                  ] 852 of 3000 complete in 35.5 sec
[----------       28%                  ] 866 of 3000 complete in 36.0 sec
[-----------      29%                  ] 880 of 3000 complete in 36.5 sec
[-----------      29%                  ] 894 of 3000 complete in 37.0 sec
[-----------      30%                  ] 908 of 3000 complete in 37.5 sec
[-----------      30%                  ] 922 of 3000 complete in 38.1 sec
[-----------      31%                  ] 936 of 3000 complete in 38.6 sec
[------------     31%                  ] 950 of 3000 complete in 39.1 sec
[------------     32%                  ] 963 of 3000 complete in 39.6 sec
[------------     32%                  ] 976 of 3000 complete in 40.1 sec
[------------     33%                  ] 990 of 3000 complete in 40.6 sec
[------------     33%                  ] 1004 of 3000 complete in 41.2 sec
[------------     33%                  ] 1017 of 3000 complete in 41.7 sec
[-------------    34%                  ] 1030 of 3000 complete in 42.2 sec
[-------------    34%                  ] 1044 of 3000 complete in 42.7 sec
[-------------    35%                  ] 1057 of 3000 complete in 43.2 sec
[-------------    35%                  ] 1070 of 3000 complete in 43.7 sec
[-------------    36%                  ] 1084 of 3000 complete in 44.2 sec
[-------------    36%                  ] 1098 of 3000 complete in 44.8 sec
[--------------   37%                  ] 1111 of 3000 complete in 45.3 sec
[--------------   37%                  ] 1124 of 3000 complete in 45.8 sec
[--------------   37%                  ] 1138 of 3000 complete in 46.3 sec
[--------------   38%                  ] 1151 of 3000 complete in 46.8 sec
[--------------   38%                  ] 1164 of 3000 complete in 47.3 sec
[--------------   39%                  ] 1177 of 3000 complete in 47.8 sec
[---------------  39%                  ] 1191 of 3000 complete in 48.4 sec
[---------------  40%                  ] 1202 of 3000 complete in 48.9 sec
[---------------  40%                  ] 1214 of 3000 complete in 49.4 sec
[---------------  40%                  ] 1227 of 3000 complete in 49.9 sec
[---------------  41%                  ] 1239 of 3000 complete in 50.4 sec
[---------------  41%                  ] 1251 of 3000 complete in 51.0 sec
[---------------  42%                  ] 1263 of 3000 complete in 51.5 sec
[---------------- 42%                  ] 1274 of 3000 complete in 52.0 sec
[---------------- 42%                  ] 1285 of 3000 complete in 52.5 sec
[---------------- 43%                  ] 1297 of 3000 complete in 53.0 sec
[---------------- 43%                  ] 1308 of 3000 complete in 53.6 sec
[---------------- 43%                  ] 1319 of 3000 complete in 54.1 sec
[---------------- 44%                  ] 1331 of 3000 complete in 54.6 sec
[---------------- 44%                  ] 1342 of 3000 complete in 55.1 sec
[-----------------45%                  ] 1354 of 3000 complete in 55.7 sec
[-----------------45%                  ] 1366 of 3000 complete in 56.2 sec
[-----------------45%                  ] 1377 of 3000 complete in 56.7 sec
[-----------------46%                  ] 1388 of 3000 complete in 57.3 sec
[-----------------46%                  ] 1400 of 3000 complete in 57.8 sec
[-----------------47%                  ] 1413 of 3000 complete in 58.3 sec
[-----------------47%                  ] 1426 of 3000 complete in 58.8 sec
[-----------------47%                  ] 1439 of 3000 complete in 59.4 sec
[-----------------48%                  ] 1453 of 3000 complete in 59.9 sec
[-----------------48%                  ] 1466 of 3000 complete in 60.4 sec
[-----------------49%                  ] 1479 of 3000 complete in 60.9 sec
[-----------------49%                  ] 1493 of 3000 complete in 61.5 sec
[-----------------50%                  ] 1506 of 3000 complete in 62.0 sec
[-----------------50%                  ] 1519 of 3000 complete in 62.5 sec
[-----------------51%                  ] 1532 of 3000 complete in 63.1 sec
[-----------------51%                  ] 1545 of 3000 complete in 63.6 sec
[-----------------51%                  ] 1558 of 3000 complete in 64.1 sec
[-----------------52%                  ] 1570 of 3000 complete in 64.6 sec
[-----------------52%                  ] 1582 of 3000 complete in 65.1 sec
[-----------------53%                  ] 1594 of 3000 complete in 65.7 sec
[-----------------53%                  ] 1605 of 3000 complete in 66.2 sec
[-----------------53%                  ] 1616 of 3000 complete in 66.7 sec
[-----------------54%                  ] 1628 of 3000 complete in 67.2 sec
[-----------------54%                  ] 1641 of 3000 complete in 67.7 sec
[-----------------55%                  ] 1653 of 3000 complete in 68.3 sec
[-----------------55%-                 ] 1665 of 3000 complete in 68.8 sec
[-----------------55%-                 ] 1678 of 3000 complete in 69.3 sec
[-----------------56%-                 ] 1691 of 3000 complete in 69.8 sec
[-----------------56%-                 ] 1705 of 3000 complete in 70.3 sec
[-----------------57%-                 ] 1719 of 3000 complete in 70.8 sec
[-----------------57%-                 ] 1733 of 3000 complete in 71.4 sec
[-----------------58%--                ] 1747 of 3000 complete in 71.9 sec
[-----------------58%--                ] 1761 of 3000 complete in 72.4 sec
[-----------------59%--                ] 1775 of 3000 complete in 73.0 sec
[-----------------59%--                ] 1788 of 3000 complete in 73.5 sec
[-----------------60%--                ] 1801 of 3000 complete in 74.0 sec
[-----------------60%--                ] 1814 of 3000 complete in 74.5 sec
[-----------------60%---               ] 1827 of 3000 complete in 75.0 sec
[-----------------61%---               ] 1841 of 3000 complete in 75.5 sec
[-----------------61%---               ] 1855 of 3000 complete in 76.0 sec
[-----------------62%---               ] 1870 of 3000 complete in 76.6 sec
[-----------------62%---               ] 1884 of 3000 complete in 77.1 sec
[-----------------63%----              ] 1898 of 3000 complete in 77.6 sec
[-----------------63%----              ] 1913 of 3000 complete in 78.1 sec
[-----------------64%----              ] 1927 of 3000 complete in 78.6 sec
[-----------------64%----              ] 1939 of 3000 complete in 79.1 sec
[-----------------65%----              ] 1952 of 3000 complete in 79.7 sec
[-----------------65%----              ] 1964 of 3000 complete in 80.2 sec
[-----------------65%-----             ] 1975 of 3000 complete in 80.7 sec
[-----------------66%-----             ] 1987 of 3000 complete in 81.2 sec
[-----------------66%-----             ] 2000 of 3000 complete in 81.8 sec
[-----------------67%-----             ] 2013 of 3000 complete in 82.3 sec
[-----------------67%-----             ] 2025 of 3000 complete in 82.8 sec
[-----------------67%-----             ] 2037 of 3000 complete in 83.3 sec
[-----------------68%-----             ] 2050 of 3000 complete in 83.9 sec
[-----------------68%------            ] 2062 of 3000 complete in 84.4 sec
[-----------------69%------            ] 2074 of 3000 complete in 84.9 sec
[-----------------69%------            ] 2086 of 3000 complete in 85.4 sec
[-----------------69%------            ] 2098 of 3000 complete in 86.0 sec
[-----------------70%------            ] 2110 of 3000 complete in 86.5 sec
[-----------------70%------            ] 2123 of 3000 complete in 87.0 sec
[-----------------71%-------           ] 2136 of 3000 complete in 87.5 sec
[-----------------71%-------           ] 2150 of 3000 complete in 88.1 sec
[-----------------72%-------           ] 2164 of 3000 complete in 88.6 sec
[-----------------72%-------           ] 2177 of 3000 complete in 89.1 sec
[-----------------73%-------           ] 2190 of 3000 complete in 89.6 sec
[-----------------73%-------           ] 2204 of 3000 complete in 90.2 sec
[-----------------73%--------          ] 2217 of 3000 complete in 90.7 sec
[-----------------74%--------          ] 2231 of 3000 complete in 91.2 sec
[-----------------74%--------          ] 2244 of 3000 complete in 91.7 sec
[-----------------75%--------          ] 2258 of 3000 complete in 92.2 sec
[-----------------75%--------          ] 2272 of 3000 complete in 92.7 sec
[-----------------76%--------          ] 2285 of 3000 complete in 93.2 sec
[-----------------76%---------         ] 2299 of 3000 complete in 93.7 sec
[-----------------77%---------         ] 2314 of 3000 complete in 94.3 sec
[-----------------77%---------         ] 2328 of 3000 complete in 94.8 sec
[-----------------78%---------         ] 2340 of 3000 complete in 95.3 sec
[-----------------78%---------         ] 2352 of 3000 complete in 95.8 sec
[-----------------78%---------         ] 2365 of 3000 complete in 96.3 sec
[-----------------79%----------        ] 2378 of 3000 complete in 96.9 sec
[-----------------79%----------        ] 2391 of 3000 complete in 97.4 sec
[-----------------80%----------        ] 2404 of 3000 complete in 98.0 sec
[-----------------80%----------        ] 2417 of 3000 complete in 98.5 sec
[-----------------81%----------        ] 2432 of 3000 complete in 99.0 sec
[-----------------81%----------        ] 2447 of 3000 complete in 99.5 sec
[-----------------82%-----------       ] 2462 of 3000 complete in 100.1 sec
[-----------------82%-----------       ] 2476 of 3000 complete in 100.6 sec
[-----------------83%-----------       ] 2490 of 3000 complete in 101.1 sec
[-----------------83%-----------       ] 2504 of 3000 complete in 101.6 sec
[-----------------83%-----------       ] 2517 of 3000 complete in 102.1 sec
[-----------------84%------------      ] 2531 of 3000 complete in 102.7 sec
[-----------------84%------------      ] 2545 of 3000 complete in 103.2 sec
[-----------------85%------------      ] 2559 of 3000 complete in 103.7 sec
[-----------------85%------------      ] 2572 of 3000 complete in 104.2 sec
[-----------------86%------------      ] 2585 of 3000 complete in 104.7 sec
[-----------------86%------------      ] 2598 of 3000 complete in 105.3 sec
[-----------------87%-------------     ] 2612 of 3000 complete in 105.8 sec
[-----------------87%-------------     ] 2624 of 3000 complete in 106.3 sec
[-----------------87%-------------     ] 2637 of 3000 complete in 106.8 sec
[-----------------88%-------------     ] 2651 of 3000 complete in 107.4 sec
[-----------------88%-------------     ] 2665 of 3000 complete in 107.9 sec
[-----------------89%-------------     ] 2679 of 3000 complete in 108.4 sec
[-----------------89%--------------    ] 2691 of 3000 complete in 108.9 sec
[-----------------90%--------------    ] 2704 of 3000 complete in 109.4 sec
[-----------------90%--------------    ] 2716 of 3000 complete in 110.0 sec
[-----------------90%--------------    ] 2729 of 3000 complete in 110.5 sec
[-----------------91%--------------    ] 2742 of 3000 complete in 111.0 sec
[-----------------91%--------------    ] 2754 of 3000 complete in 111.5 sec
[-----------------92%---------------   ] 2767 of 3000 complete in 112.0 sec
[-----------------92%---------------   ] 2780 of 3000 complete in 112.5 sec
[-----------------93%---------------   ] 2794 of 3000 complete in 113.1 sec
[-----------------93%---------------   ] 2808 of 3000 complete in 113.6 sec
[-----------------94%---------------   ] 2822 of 3000 complete in 114.1 sec
[-----------------94%---------------   ] 2836 of 3000 complete in 114.6 sec
[-----------------95%----------------  ] 2851 of 3000 complete in 115.1 sec
[-----------------95%----------------  ] 2865 of 3000 complete in 115.6 sec
[-----------------96%----------------  ] 2880 of 3000 complete in 116.2 sec
[-----------------96%----------------  ] 2894 of 3000 complete in 116.7 sec
[-----------------96%----------------  ] 2907 of 3000 complete in 117.2 sec
[-----------------97%----------------  ] 2920 of 3000 complete in 117.8 sec
[-----------------97%----------------- ] 2932 of 3000 complete in 118.3 sec
[-----------------98%----------------- ] 2946 of 3000 complete in 118.8 sec
[-----------------98%----------------- ] 2961 of 3000 complete in 119.3 sec
[-----------------99%----------------- ] 2975 of 3000 complete in 119.9 sec
[-----------------99%----------------- ] 2989 of 3000 complete in 120.4 sec
[-----------------100%-----------------] 3000 of 3000 complete in 120.8 sec
hddm sampling elpased time:  120.914 s
[fit_one_hddm] 完成 cond5_rep2_drop（2.0 分钟）→ /home/jovyan/work/2_Data/Generate_Data/TenRules_Revision_20260912/param_recovery/fits/drop
