[fit_one_hddm] cond1_rep1_drop: 7 被试 / 13 试次 / omission=0.000 / p_outlier=0.05
[fit_one_hddm] 设置 z 默认值失败（忽略）：'z'
No model attribute --> setting up standard HDDM
Set model to ddm
[                  0%                  ] 7 of 3000 complete in 0.6 sec
[                  1%                  ] 31 of 3000 complete in 1.1 sec
[                  2%                  ] 62 of 3000 complete in 1.6 sec
[-                 3%                  ] 90 of 3000 complete in 2.1 sec
[-                 4%                  ] 120 of 3000 complete in 2.6 sec
[-                 4%                  ] 148 of 3000 complete in 3.1 sec
[--                5%                  ] 177 of 3000 complete in 3.6 sec
[--                6%                  ] 203 of 3000 complete in 4.1 sec
[--                7%                  ] 230 of 3000 complete in 4.7 sec
[---               8%                  ] 257 of 3000 complete in 5.2 sec
[---               9%                  ] 282 of 3000 complete in 5.7 sec
[---              10%                  ] 314 of 3000 complete in 6.2 sec
[----             11%                  ] 345 of 3000 complete in 6.7 sec
[----             12%                  ] 378 of 3000 complete in 7.2 sec
[-----            13%                  ] 412 of 3000 complete in 7.7 sec
[-----            14%                  ] 442 of 3000 complete in 8.2 sec
[-----            15%                  ] 470 of 3000 complete in 8.7 sec
[------           16%                  ] 500 of 3000 complete in 9.2 sec
[------           17%                  ] 533 of 3000 complete in 9.7 sec
[-------          18%                  ] 566 of 3000 complete in 10.2 sec
[-------          20%                  ] 602 of 3000 complete in 10.7 sec
[--------         21%                  ] 633 of 3000 complete in 11.3 sec
[--------         22%                  ] 663 of 3000 complete in 11.8 sec
[--------         23%                  ] 696 of 3000 complete in 12.3 sec
[---------        24%                  ] 727 of 3000 complete in 12.8 sec
[---------        25%                  ] 760 of 3000 complete in 13.3 sec
[----------       26%                  ] 792 of 3000 complete in 13.8 sec
[----------       27%                  ] 820 of 3000 complete in 14.3 sec
[----------       28%                  ] 849 of 3000 complete in 14.8 sec
[-----------      29%                  ] 887 of 3000 complete in 15.3 sec
[-----------      30%                  ] 926 of 3000 complete in 15.8 sec
[------------     32%                  ] 963 of 3000 complete in 16.3 sec
[------------     33%                  ] 1005 of 3000 complete in 16.8 sec
[-------------    34%                  ] 1043 of 3000 complete in 17.3 sec
[-------------    36%                  ] 1087 of 3000 complete in 17.8 sec
[--------------   37%                  ] 1127 of 3000 complete in 18.4 sec
[--------------   38%                  ] 1162 of 3000 complete in 18.9 sec
[---------------  39%                  ] 1197 of 3000 complete in 19.4 sec
[---------------  41%                  ] 1237 of 3000 complete in 19.9 sec
[---------------- 42%                  ] 1270 of 3000 complete in 20.4 sec
[---------------- 43%                  ] 1306 of 3000 complete in 20.9 sec
[---------------- 44%                  ] 1342 of 3000 complete in 21.4 sec
[-----------------45%                  ] 1377 of 3000 complete in 21.9 sec
[-----------------47%                  ] 1410 of 3000 complete in 22.4 sec
[-----------------48%                  ] 1446 of 3000 complete in 22.9 sec
[-----------------49%                  ] 1478 of 3000 complete in 23.5 sec
[-----------------50%                  ] 1514 of 3000 complete in 24.0 sec
[-----------------51%                  ] 1555 of 3000 complete in 24.5 sec
[-----------------53%                  ] 1597 of 3000 complete in 25.0 sec
[-----------------54%                  ] 1639 of 3000 complete in 25.5 sec
[-----------------55%-                 ] 1678 of 3000 complete in 26.0 sec
[-----------------57%-                 ] 1723 of 3000 complete in 26.5 sec
[-----------------58%--                ] 1763 of 3000 complete in 27.0 sec
[-----------------60%--                ] 1802 of 3000 complete in 27.5 sec
[-----------------61%---               ] 1842 of 3000 complete in 28.0 sec
[-----------------62%---               ] 1882 of 3000 complete in 28.5 sec
[-----------------63%----              ] 1914 of 3000 complete in 29.0 sec
[-----------------64%----              ] 1946 of 3000 complete in 29.5 sec
[-----------------66%-----             ] 1980 of 3000 complete in 30.0 sec
[-----------------67%-----             ] 2018 of 3000 complete in 30.6 sec
[-----------------68%-----             ] 2052 of 3000 complete in 31.1 sec
[-----------------69%------            ] 2082 of 3000 complete in 31.6 sec
[-----------------70%------            ] 2117 of 3000 complete in 32.1 sec
[-----------------71%-------           ] 2147 of 3000 complete in 32.6 sec
[-----------------72%-------           ] 2183 of 3000 complete in 33.1 sec
[-----------------73%--------          ] 2216 of 3000 complete in 33.6 sec
[-----------------74%--------          ] 2249 of 3000 complete in 34.1 sec
[-----------------75%--------          ] 2278 of 3000 complete in 34.6 sec
[-----------------77%---------         ] 2315 of 3000 complete in 35.1 sec
[-----------------78%---------         ] 2353 of 3000 complete in 35.6 sec
[-----------------79%----------        ] 2392 of 3000 complete in 36.1 sec
[-----------------80%----------        ] 2427 of 3000 complete in 36.6 sec
[-----------------82%-----------       ] 2464 of 3000 complete in 37.2 sec
[-----------------83%-----------       ] 2503 of 3000 complete in 37.7 sec
[-----------------84%------------      ] 2543 of 3000 complete in 38.2 sec
[-----------------86%------------      ] 2583 of 3000 complete in 38.7 sec
[-----------------87%-------------     ] 2622 of 3000 complete in 39.2 sec
[-----------------88%-------------     ] 2665 of 3000 complete in 39.7 sec
[-----------------90%--------------    ] 2709 of 3000 complete in 40.2 sec
[-----------------91%--------------    ] 2749 of 3000 complete in 40.7 sec
[-----------------93%---------------   ] 2791 of 3000 complete in 41.2 sec
[-----------------94%---------------   ] 2831 of 3000 complete in 41.7 sec
[-----------------95%----------------  ] 2870 of 3000 complete in 42.2 sec
[-----------------96%----------------  ] 2909 of 3000 complete in 42.7 sec
[-----------------98%----------------- ] 2953 of 3000 complete in 43.2 sec
[-----------------99%----------------- ] 2993 of 3000 complete in 43.7 sec
[-----------------100%-----------------] 3000 of 3000 complete in 43.8 sec
hddm sampling elpased time:  43.906 s
[fit_one_hddm] 完成 cond1_rep1_drop（0.7 分钟）→ /home/jovyan/work/2_Data/Generate_Data/TenRules_Revision_20260912/param_recovery/fits/drop
