[fit_one_hddm] cond7_rep3_drop: 12 被试 / 2364 试次 / omission=0.000 / p_outlier=0.05
[fit_one_hddm] 设置 z 默认值失败（忽略）：'z'
No model attribute --> setting up standard HDDM
Set model to ddm
[                  0%                  ] 13 of 3000 complete in 0.5 sec
[                  0%                  ] 27 of 3000 complete in 1.0 sec
[                  1%                  ] 41 of 3000 complete in 1.5 sec
[                  1%                  ] 56 of 3000 complete in 2.1 sec
[                  2%                  ] 70 of 3000 complete in 2.6 sec
[-                 2%                  ] 82 of 3000 complete in 3.1 sec
[-                 3%                  ] 95 of 3000 complete in 3.6 sec
[-                 3%                  ] 109 of 3000 complete in 4.1 sec
[-                 4%                  ] 123 of 3000 complete in 4.6 sec
[-                 4%                  ] 137 of 3000 complete in 5.1 sec
[-                 5%                  ] 151 of 3000 complete in 5.7 sec
[--                5%                  ] 165 of 3000 complete in 6.2 sec
[--                5%                  ] 178 of 3000 complete in 6.7 sec
[--                6%                  ] 190 of 3000 complete in 7.2 sec
[--                6%                  ] 202 of 3000 complete in 7.7 sec
[--                7%                  ] 214 of 3000 complete in 8.2 sec
[--                7%                  ] 226 of 3000 complete in 8.8 sec
[---               7%                  ] 239 of 3000 complete in 9.3 sec
[---               8%                  ] 251 of 3000 complete in 9.8 sec
[---               8%                  ] 263 of 3000 complete in 10.3 sec
[---               9%                  ] 276 of 3000 complete in 10.8 sec
[---               9%                  ] 289 of 3000 complete in 11.3 sec
[---              10%                  ] 301 of 3000 complete in 11.8 sec
[---              10%                  ] 312 of 3000 complete in 12.4 sec
[----             10%                  ] 324 of 3000 complete in 12.9 sec
[----             11%                  ] 336 of 3000 complete in 13.4 sec
[----             11%                  ] 349 of 3000 complete in 13.9 sec
[----             12%                  ] 362 of 3000 complete in 14.4 sec
[----             12%                  ] 375 of 3000 complete in 14.9 sec
[----             12%                  ] 387 of 3000 complete in 15.5 sec
[-----            13%                  ] 399 of 3000 complete in 16.0 sec
[-----            13%                  ] 410 of 3000 complete in 16.5 sec
[-----            14%                  ] 422 of 3000 complete in 17.0 sec
[-----            14%                  ] 434 of 3000 complete in 17.5 sec
[-----            14%                  ] 446 of 3000 complete in 18.1 sec
[-----            15%                  ] 458 of 3000 complete in 18.6 sec
[-----            15%                  ] 469 of 3000 complete in 19.1 sec
[------           16%                  ] 481 of 3000 complete in 19.6 sec
[------           16%                  ] 494 of 3000 complete in 20.1 sec
[------           16%                  ] 507 of 3000 complete in 20.6 sec
[------           17%                  ] 519 of 3000 complete in 21.1 sec
[------           17%                  ] 532 of 3000 complete in 21.6 sec
[------           18%                  ] 545 of 3000 complete in 22.1 sec
[-------          18%                  ] 557 of 3000 complete in 22.7 sec
[-------          19%                  ] 570 of 3000 complete in 23.2 sec
[-------          19%                  ] 583 of 3000 complete in 23.7 sec
[-------          19%                  ] 595 of 3000 complete in 24.2 sec
[-------          20%                  ] 607 of 3000 complete in 24.7 sec
[-------          20%                  ] 619 of 3000 complete in 25.3 sec
[-------          21%                  ] 631 of 3000 complete in 25.8 sec
[--------         21%                  ] 644 of 3000 complete in 26.3 sec
[--------         21%                  ] 656 of 3000 complete in 26.8 sec
[--------         22%                  ] 667 of 3000 complete in 27.3 sec
[--------         22%                  ] 677 of 3000 complete in 27.8 sec
[--------         22%                  ] 687 of 3000 complete in 28.4 sec
[--------         23%                  ] 697 of 3000 complete in 28.9 sec
[--------         23%                  ] 708 of 3000 complete in 29.4 sec
[---------        24%                  ] 721 of 3000 complete in 29.9 sec
[---------        24%                  ] 733 of 3000 complete in 30.4 sec
[---------        24%                  ] 746 of 3000 complete in 31.0 sec
[---------        25%                  ] 758 of 3000 complete in 31.5 sec
[---------        25%                  ] 772 of 3000 complete in 32.0 sec
[---------        26%                  ] 785 of 3000 complete in 32.5 sec
[----------       26%                  ] 797 of 3000 complete in 33.0 sec
[----------       26%                  ] 807 of 3000 complete in 33.6 sec
[----------       27%                  ] 819 of 3000 complete in 34.1 sec
[----------       27%                  ] 831 of 3000 complete in 34.6 sec
[----------       28%                  ] 844 of 3000 complete in 35.1 sec
[----------       28%                  ] 855 of 3000 complete in 35.6 sec
[----------       28%                  ] 866 of 3000 complete in 36.2 sec
[-----------      29%                  ] 877 of 3000 complete in 36.7 sec
[-----------      29%                  ] 889 of 3000 complete in 37.2 sec
[-----------      30%                  ] 902 of 3000 complete in 37.8 sec
[-----------      30%                  ] 915 of 3000 complete in 38.3 sec
[-----------      30%                  ] 927 of 3000 complete in 38.8 sec
[-----------      31%                  ] 940 of 3000 complete in 39.3 sec
[------------     31%                  ] 952 of 3000 complete in 39.8 sec
[------------     32%                  ] 963 of 3000 complete in 40.3 sec
[------------     32%                  ] 974 of 3000 complete in 40.8 sec
[------------     32%                  ] 985 of 3000 complete in 41.4 sec
[------------     33%                  ] 996 of 3000 complete in 41.9 sec
[------------     33%                  ] 1007 of 3000 complete in 42.5 sec
[------------     33%                  ] 1019 of 3000 complete in 43.0 sec
[-------------    34%                  ] 1032 of 3000 complete in 43.5 sec
[-------------    34%                  ] 1046 of 3000 complete in 44.0 sec
[-------------    35%                  ] 1060 of 3000 complete in 44.5 sec
[-------------    35%                  ] 1073 of 3000 complete in 45.1 sec
[-------------    36%                  ] 1086 of 3000 complete in 45.6 sec
[-------------    36%                  ] 1099 of 3000 complete in 46.1 sec
[--------------   37%                  ] 1112 of 3000 complete in 46.6 sec
[--------------   37%                  ] 1125 of 3000 complete in 47.1 sec
[--------------   37%                  ] 1137 of 3000 complete in 47.6 sec
[--------------   38%                  ] 1149 of 3000 complete in 48.2 sec
[--------------   38%                  ] 1161 of 3000 complete in 48.7 sec
[--------------   39%                  ] 1173 of 3000 complete in 49.2 sec
[---------------  39%                  ] 1186 of 3000 complete in 49.7 sec
[---------------  39%                  ] 1199 of 3000 complete in 50.3 sec
[---------------  40%                  ] 1212 of 3000 complete in 50.8 sec
[---------------  40%                  ] 1225 of 3000 complete in 51.3 sec
[---------------  41%                  ] 1238 of 3000 complete in 51.8 sec
[---------------  41%                  ] 1252 of 3000 complete in 52.3 sec
[---------------- 42%                  ] 1266 of 3000 complete in 52.9 sec
[---------------- 42%                  ] 1279 of 3000 complete in 53.4 sec
[---------------- 43%                  ] 1293 of 3000 complete in 53.9 sec
[---------------- 43%                  ] 1306 of 3000 complete in 54.4 sec
[---------------- 44%                  ] 1320 of 3000 complete in 55.0 sec
[---------------- 44%                  ] 1332 of 3000 complete in 55.5 sec
[-----------------44%                  ] 1344 of 3000 complete in 56.0 sec
[-----------------45%                  ] 1356 of 3000 complete in 56.5 sec
[-----------------45%                  ] 1367 of 3000 complete in 57.0 sec
[-----------------45%                  ] 1379 of 3000 complete in 57.5 sec
[-----------------46%                  ] 1393 of 3000 complete in 58.1 sec
[-----------------46%                  ] 1406 of 3000 complete in 58.6 sec
[-----------------47%                  ] 1420 of 3000 complete in 59.1 sec
[-----------------47%                  ] 1433 of 3000 complete in 59.6 sec
[-----------------48%                  ] 1446 of 3000 complete in 60.2 sec
[-----------------48%                  ] 1460 of 3000 complete in 60.7 sec
[-----------------49%                  ] 1473 of 3000 complete in 61.2 sec
[-----------------49%                  ] 1486 of 3000 complete in 61.7 sec
[-----------------49%                  ] 1499 of 3000 complete in 62.3 sec
[-----------------50%                  ] 1512 of 3000 complete in 62.8 sec
[-----------------50%                  ] 1523 of 3000 complete in 63.3 sec
[-----------------51%                  ] 1534 of 3000 complete in 63.8 sec
[-----------------51%                  ] 1546 of 3000 complete in 64.3 sec
[-----------------51%                  ] 1558 of 3000 complete in 64.9 sec
[-----------------52%                  ] 1570 of 3000 complete in 65.4 sec
[-----------------52%                  ] 1583 of 3000 complete in 65.9 sec
[-----------------53%                  ] 1595 of 3000 complete in 66.4 sec
[-----------------53%                  ] 1606 of 3000 complete in 66.9 sec
[-----------------53%                  ] 1618 of 3000 complete in 67.4 sec
[-----------------54%                  ] 1630 of 3000 complete in 68.0 sec
[-----------------54%                  ] 1642 of 3000 complete in 68.5 sec
[-----------------55%                  ] 1654 of 3000 complete in 69.0 sec
[-----------------55%-                 ] 1665 of 3000 complete in 69.5 sec
[-----------------55%-                 ] 1677 of 3000 complete in 70.1 sec
[-----------------56%-                 ] 1689 of 3000 complete in 70.6 sec
[-----------------56%-                 ] 1701 of 3000 complete in 71.1 sec
[-----------------57%-                 ] 1714 of 3000 complete in 71.6 sec
[-----------------57%-                 ] 1727 of 3000 complete in 72.2 sec
[-----------------57%--                ] 1739 of 3000 complete in 72.7 sec
[-----------------58%--                ] 1751 of 3000 complete in 73.2 sec
[-----------------58%--                ] 1763 of 3000 complete in 73.7 sec
[-----------------59%--                ] 1775 of 3000 complete in 74.3 sec
[-----------------59%--                ] 1788 of 3000 complete in 74.8 sec
[-----------------60%--                ] 1800 of 3000 complete in 75.3 sec
[-----------------60%--                ] 1813 of 3000 complete in 75.8 sec
[-----------------60%---               ] 1825 of 3000 complete in 76.3 sec
[-----------------61%---               ] 1837 of 3000 complete in 76.9 sec
[-----------------61%---               ] 1849 of 3000 complete in 77.4 sec
[-----------------62%---               ] 1860 of 3000 complete in 78.0 sec
[-----------------62%---               ] 1871 of 3000 complete in 78.5 sec
[-----------------62%---               ] 1882 of 3000 complete in 79.0 sec
[-----------------63%----              ] 1895 of 3000 complete in 79.5 sec
[-----------------63%----              ] 1908 of 3000 complete in 80.1 sec
[-----------------64%----              ] 1920 of 3000 complete in 80.6 sec
[-----------------64%----              ] 1933 of 3000 complete in 81.1 sec
[-----------------64%----              ] 1945 of 3000 complete in 81.6 sec
[-----------------65%----              ] 1957 of 3000 complete in 82.1 sec
[-----------------65%----              ] 1969 of 3000 complete in 82.6 sec
[-----------------66%-----             ] 1981 of 3000 complete in 83.1 sec
[-----------------66%-----             ] 1993 of 3000 complete in 83.7 sec
[-----------------66%-----             ] 2006 of 3000 complete in 84.2 sec
[-----------------67%-----             ] 2019 of 3000 complete in 84.7 sec
[-----------------67%-----             ] 2032 of 3000 complete in 85.3 sec
[-----------------68%-----             ] 2043 of 3000 complete in 85.8 sec
[-----------------68%------            ] 2054 of 3000 complete in 86.4 sec
[-----------------68%------            ] 2064 of 3000 complete in 86.9 sec
[-----------------69%------            ] 2074 of 3000 complete in 87.4 sec
[-----------------69%------            ] 2085 of 3000 complete in 87.9 sec
[-----------------69%------            ] 2096 of 3000 complete in 88.5 sec
[-----------------70%------            ] 2108 of 3000 complete in 89.0 sec
[-----------------70%------            ] 2118 of 3000 complete in 89.5 sec
[-----------------71%------            ] 2130 of 3000 complete in 90.0 sec
[-----------------71%-------           ] 2140 of 3000 complete in 90.5 sec
[-----------------71%-------           ] 2151 of 3000 complete in 91.1 sec
[-----------------72%-------           ] 2161 of 3000 complete in 91.6 sec
[-----------------72%-------           ] 2172 of 3000 complete in 92.1 sec
[-----------------72%-------           ] 2183 of 3000 complete in 92.6 sec
[-----------------73%-------           ] 2195 of 3000 complete in 93.1 sec
[-----------------73%-------           ] 2206 of 3000 complete in 93.7 sec
[-----------------73%--------          ] 2218 of 3000 complete in 94.2 sec
[-----------------74%--------          ] 2230 of 3000 complete in 94.7 sec
[-----------------74%--------          ] 2242 of 3000 complete in 95.2 sec
[-----------------75%--------          ] 2254 of 3000 complete in 95.8 sec
[-----------------75%--------          ] 2267 of 3000 complete in 96.3 sec
[-----------------76%--------          ] 2280 of 3000 complete in 96.8 sec
[-----------------76%---------         ] 2293 of 3000 complete in 97.4 sec
[-----------------76%---------         ] 2305 of 3000 complete in 97.9 sec
[-----------------77%---------         ] 2318 of 3000 complete in 98.4 sec
[-----------------77%---------         ] 2330 of 3000 complete in 98.9 sec
[-----------------78%---------         ] 2342 of 3000 complete in 99.4 sec
[-----------------78%---------         ] 2353 of 3000 complete in 99.9 sec
[-----------------78%---------         ] 2364 of 3000 complete in 100.5 sec
[-----------------79%----------        ] 2376 of 3000 complete in 101.0 sec
[-----------------79%----------        ] 2387 of 3000 complete in 101.5 sec
[-----------------79%----------        ] 2398 of 3000 complete in 102.1 sec
[-----------------80%----------        ] 2409 of 3000 complete in 102.6 sec
[-----------------80%----------        ] 2422 of 3000 complete in 103.1 sec
[-----------------81%----------        ] 2436 of 3000 complete in 103.6 sec
[-----------------81%-----------       ] 2449 of 3000 complete in 104.2 sec
[-----------------82%-----------       ] 2463 of 3000 complete in 104.7 sec
[-----------------82%-----------       ] 2477 of 3000 complete in 105.2 sec
[-----------------83%-----------       ] 2490 of 3000 complete in 105.7 sec
[-----------------83%-----------       ] 2504 of 3000 complete in 106.3 sec
[-----------------83%-----------       ] 2516 of 3000 complete in 106.8 sec
[-----------------84%------------      ] 2528 of 3000 complete in 107.3 sec
[-----------------84%------------      ] 2539 of 3000 complete in 107.8 sec
[-----------------85%------------      ] 2551 of 3000 complete in 108.4 sec
[-----------------85%------------      ] 2563 of 3000 complete in 108.9 sec
[-----------------85%------------      ] 2574 of 3000 complete in 109.4 sec
[-----------------86%------------      ] 2586 of 3000 complete in 109.9 sec
[-----------------86%------------      ] 2596 of 3000 complete in 110.4 sec
[-----------------86%-------------     ] 2606 of 3000 complete in 111.0 sec
[-----------------87%-------------     ] 2615 of 3000 complete in 111.5 sec
[-----------------87%-------------     ] 2624 of 3000 complete in 112.0 sec
[-----------------87%-------------     ] 2634 of 3000 complete in 112.5 sec
[-----------------88%-------------     ] 2644 of 3000 complete in 113.1 sec
[-----------------88%-------------     ] 2654 of 3000 complete in 113.6 sec
[-----------------88%-------------     ] 2664 of 3000 complete in 114.1 sec
[-----------------89%-------------     ] 2674 of 3000 complete in 114.7 sec
[-----------------89%--------------    ] 2686 of 3000 complete in 115.2 sec
[-----------------89%--------------    ] 2698 of 3000 complete in 115.7 sec
[-----------------90%--------------    ] 2709 of 3000 complete in 116.2 sec
[-----------------90%--------------    ] 2720 of 3000 complete in 116.8 sec
[-----------------91%--------------    ] 2731 of 3000 complete in 117.3 sec
[-----------------91%--------------    ] 2743 of 3000 complete in 117.8 sec
[-----------------91%--------------    ] 2755 of 3000 complete in 118.3 sec
[-----------------92%---------------   ] 2768 of 3000 complete in 118.9 sec
[-----------------92%---------------   ] 2781 of 3000 complete in 119.4 sec
[-----------------93%---------------   ] 2794 of 3000 complete in 119.9 sec
[-----------------93%---------------   ] 2807 of 3000 complete in 120.4 sec
[-----------------94%---------------   ] 2821 of 3000 complete in 121.0 sec
[-----------------94%---------------   ] 2834 of 3000 complete in 121.5 sec
[-----------------94%----------------  ] 2846 of 3000 complete in 122.0 sec
[-----------------95%----------------  ] 2859 of 3000 complete in 122.5 sec
[-----------------95%----------------  ] 2872 of 3000 complete in 123.0 sec
[-----------------96%----------------  ] 2885 of 3000 complete in 123.6 sec
[-----------------96%----------------  ] 2899 of 3000 complete in 124.1 sec
[-----------------97%----------------  ] 2912 of 3000 complete in 124.6 sec
[-----------------97%----------------- ] 2924 of 3000 complete in 125.1 sec
[-----------------97%----------------- ] 2935 of 3000 complete in 125.6 sec
[-----------------98%----------------- ] 2946 of 3000 complete in 126.2 sec
[-----------------98%----------------- ] 2957 of 3000 complete in 126.7 sec
[-----------------98%----------------- ] 2969 of 3000 complete in 127.2 sec
[-----------------99%----------------- ] 2982 of 3000 complete in 127.7 sec
[-----------------99%----------------- ] 2994 of 3000 complete in 128.2 sec
[-----------------100%-----------------] 3000 of 3000 complete in 128.5 sec
hddm sampling elpased time:  128.635 s
[fit_one_hddm] 完成 cond7_rep3_drop（2.1 分钟）→ /home/jovyan/work/2_Data/Generate_Data/TenRules_Revision_20260912/param_recovery/fits/drop
