[fit_one_hddm] cond6_rep3_drop: 10 被试 / 2560 试次 / omission=0.000 / p_outlier=0.05
[fit_one_hddm] 设置 z 默认值失败（忽略）：'z'
No model attribute --> setting up standard HDDM
Set model to ddm
[                  0%                  ] 12 of 3000 complete in 0.5 sec
[                  0%                  ] 28 of 3000 complete in 1.1 sec
[                  1%                  ] 44 of 3000 complete in 1.6 sec
[                  2%                  ] 60 of 3000 complete in 2.1 sec
[                  2%                  ] 76 of 3000 complete in 2.6 sec
[-                 3%                  ] 93 of 3000 complete in 3.1 sec
[-                 3%                  ] 110 of 3000 complete in 3.6 sec
[-                 4%                  ] 128 of 3000 complete in 4.2 sec
[-                 4%                  ] 144 of 3000 complete in 4.7 sec
[--                5%                  ] 159 of 3000 complete in 5.2 sec
[--                5%                  ] 174 of 3000 complete in 5.7 sec
[--                6%                  ] 189 of 3000 complete in 6.2 sec
[--                6%                  ] 204 of 3000 complete in 6.8 sec
[--                7%                  ] 218 of 3000 complete in 7.3 sec
[--                7%                  ] 232 of 3000 complete in 7.8 sec
[---               8%                  ] 244 of 3000 complete in 8.3 sec
[---               8%                  ] 258 of 3000 complete in 8.8 sec
[---               9%                  ] 273 of 3000 complete in 9.4 sec
[---               9%                  ] 287 of 3000 complete in 9.9 sec
[---              10%                  ] 300 of 3000 complete in 10.4 sec
[---              10%                  ] 313 of 3000 complete in 10.9 sec
[----             10%                  ] 326 of 3000 complete in 11.4 sec
[----             11%                  ] 338 of 3000 complete in 12.0 sec
[----             11%                  ] 350 of 3000 complete in 12.5 sec
[----             12%                  ] 363 of 3000 complete in 13.0 sec
[----             12%                  ] 375 of 3000 complete in 13.6 sec
[----             12%                  ] 386 of 3000 complete in 14.1 sec
[-----            13%                  ] 397 of 3000 complete in 14.6 sec
[-----            13%                  ] 407 of 3000 complete in 15.1 sec
[-----            13%                  ] 417 of 3000 complete in 15.6 sec
[-----            14%                  ] 428 of 3000 complete in 16.2 sec
[-----            14%                  ] 439 of 3000 complete in 16.7 sec
[-----            15%                  ] 451 of 3000 complete in 17.2 sec
[-----            15%                  ] 462 of 3000 complete in 17.8 sec
[-----            15%                  ] 473 of 3000 complete in 18.3 sec
[------           16%                  ] 485 of 3000 complete in 18.8 sec
[------           16%                  ] 497 of 3000 complete in 19.4 sec
[------           16%                  ] 509 of 3000 complete in 19.9 sec
[------           17%                  ] 520 of 3000 complete in 20.4 sec
[------           17%                  ] 532 of 3000 complete in 20.9 sec
[------           18%                  ] 544 of 3000 complete in 21.4 sec
[-------          18%                  ] 556 of 3000 complete in 21.9 sec
[-------          18%                  ] 567 of 3000 complete in 22.4 sec
[-------          19%                  ] 578 of 3000 complete in 22.9 sec
[-------          19%                  ] 589 of 3000 complete in 23.5 sec
[-------          20%                  ] 601 of 3000 complete in 24.0 sec
[-------          20%                  ] 613 of 3000 complete in 24.6 sec
[-------          20%                  ] 625 of 3000 complete in 25.1 sec
[--------         21%                  ] 637 of 3000 complete in 25.6 sec
[--------         21%                  ] 650 of 3000 complete in 26.1 sec
[--------         22%                  ] 662 of 3000 complete in 26.6 sec
[--------         22%                  ] 674 of 3000 complete in 27.2 sec
[--------         22%                  ] 686 of 3000 complete in 27.7 sec
[--------         23%                  ] 698 of 3000 complete in 28.2 sec
[--------         23%                  ] 710 of 3000 complete in 28.7 sec
[---------        24%                  ] 721 of 3000 complete in 29.2 sec
[---------        24%                  ] 732 of 3000 complete in 29.7 sec
[---------        24%                  ] 746 of 3000 complete in 30.2 sec
[---------        25%                  ] 759 of 3000 complete in 30.8 sec
[---------        25%                  ] 773 of 3000 complete in 31.3 sec
[---------        26%                  ] 787 of 3000 complete in 31.8 sec
[----------       26%                  ] 801 of 3000 complete in 32.3 sec
[----------       27%                  ] 815 of 3000 complete in 32.8 sec
[----------       27%                  ] 830 of 3000 complete in 33.3 sec
[----------       28%                  ] 845 of 3000 complete in 33.8 sec
[----------       28%                  ] 860 of 3000 complete in 34.3 sec
[-----------      29%                  ] 875 of 3000 complete in 34.9 sec
[-----------      29%                  ] 890 of 3000 complete in 35.4 sec
[-----------      30%                  ] 904 of 3000 complete in 36.0 sec
[-----------      30%                  ] 916 of 3000 complete in 36.5 sec
[-----------      30%                  ] 929 of 3000 complete in 37.0 sec
[-----------      31%                  ] 942 of 3000 complete in 37.5 sec
[------------     31%                  ] 955 of 3000 complete in 38.0 sec
[------------     32%                  ] 967 of 3000 complete in 38.6 sec
[------------     32%                  ] 979 of 3000 complete in 39.1 sec
[------------     33%                  ] 993 of 3000 complete in 39.6 sec
[------------     33%                  ] 1007 of 3000 complete in 40.1 sec
[------------     34%                  ] 1020 of 3000 complete in 40.6 sec
[-------------    34%                  ] 1033 of 3000 complete in 41.2 sec
[-------------    34%                  ] 1047 of 3000 complete in 41.7 sec
[-------------    35%                  ] 1062 of 3000 complete in 42.2 sec
[-------------    35%                  ] 1077 of 3000 complete in 42.7 sec
[-------------    36%                  ] 1092 of 3000 complete in 43.2 sec
[--------------   36%                  ] 1107 of 3000 complete in 43.8 sec
[--------------   37%                  ] 1121 of 3000 complete in 44.3 sec
[--------------   37%                  ] 1134 of 3000 complete in 44.8 sec
[--------------   38%                  ] 1146 of 3000 complete in 45.3 sec
[--------------   38%                  ] 1159 of 3000 complete in 45.9 sec
[--------------   39%                  ] 1171 of 3000 complete in 46.4 sec
[--------------   39%                  ] 1183 of 3000 complete in 46.9 sec
[---------------  39%                  ] 1196 of 3000 complete in 47.5 sec
[---------------  40%                  ] 1209 of 3000 complete in 48.0 sec
[---------------  40%                  ] 1221 of 3000 complete in 48.5 sec
[---------------  41%                  ] 1235 of 3000 complete in 49.0 sec
[---------------  41%                  ] 1250 of 3000 complete in 49.5 sec
[---------------- 42%                  ] 1264 of 3000 complete in 50.0 sec
[---------------- 42%                  ] 1278 of 3000 complete in 50.6 sec
[---------------- 43%                  ] 1291 of 3000 complete in 51.1 sec
[---------------- 43%                  ] 1303 of 3000 complete in 51.6 sec
[---------------- 43%                  ] 1316 of 3000 complete in 52.1 sec
[---------------- 44%                  ] 1330 of 3000 complete in 52.6 sec
[-----------------44%                  ] 1343 of 3000 complete in 53.1 sec
[-----------------45%                  ] 1357 of 3000 complete in 53.6 sec
[-----------------45%                  ] 1371 of 3000 complete in 54.2 sec
[-----------------46%                  ] 1384 of 3000 complete in 54.7 sec
[-----------------46%                  ] 1398 of 3000 complete in 55.2 sec
[-----------------47%                  ] 1414 of 3000 complete in 55.8 sec
[-----------------47%                  ] 1428 of 3000 complete in 56.3 sec
[-----------------48%                  ] 1442 of 3000 complete in 56.8 sec
[-----------------48%                  ] 1456 of 3000 complete in 57.3 sec
[-----------------49%                  ] 1471 of 3000 complete in 57.8 sec
[-----------------49%                  ] 1486 of 3000 complete in 58.3 sec
[-----------------50%                  ] 1502 of 3000 complete in 58.8 sec
[-----------------50%                  ] 1518 of 3000 complete in 59.4 sec
[-----------------51%                  ] 1534 of 3000 complete in 59.9 sec
[-----------------51%                  ] 1549 of 3000 complete in 60.4 sec
[-----------------52%                  ] 1564 of 3000 complete in 60.9 sec
[-----------------52%                  ] 1578 of 3000 complete in 61.4 sec
[-----------------53%                  ] 1593 of 3000 complete in 62.0 sec
[-----------------53%                  ] 1608 of 3000 complete in 62.5 sec
[-----------------54%                  ] 1622 of 3000 complete in 63.0 sec
[-----------------54%                  ] 1636 of 3000 complete in 63.5 sec
[-----------------55%                  ] 1652 of 3000 complete in 64.0 sec
[-----------------55%-                 ] 1667 of 3000 complete in 64.5 sec
[-----------------56%-                 ] 1682 of 3000 complete in 65.1 sec
[-----------------56%-                 ] 1696 of 3000 complete in 65.6 sec
[-----------------57%-                 ] 1710 of 3000 complete in 66.1 sec
[-----------------57%-                 ] 1725 of 3000 complete in 66.6 sec
[-----------------57%--                ] 1739 of 3000 complete in 67.1 sec
[-----------------58%--                ] 1752 of 3000 complete in 67.6 sec
[-----------------58%--                ] 1766 of 3000 complete in 68.2 sec
[-----------------59%--                ] 1779 of 3000 complete in 68.7 sec
[-----------------59%--                ] 1792 of 3000 complete in 69.2 sec
[-----------------60%--                ] 1805 of 3000 complete in 69.7 sec
[-----------------60%---               ] 1818 of 3000 complete in 70.2 sec
[-----------------61%---               ] 1832 of 3000 complete in 70.7 sec
[-----------------61%---               ] 1846 of 3000 complete in 71.3 sec
[-----------------62%---               ] 1861 of 3000 complete in 71.8 sec
[-----------------62%---               ] 1875 of 3000 complete in 72.3 sec
[-----------------62%---               ] 1889 of 3000 complete in 72.8 sec
[-----------------63%----              ] 1904 of 3000 complete in 73.3 sec
[-----------------63%----              ] 1919 of 3000 complete in 73.9 sec
[-----------------64%----              ] 1934 of 3000 complete in 74.4 sec
[-----------------64%----              ] 1948 of 3000 complete in 74.9 sec
[-----------------65%----              ] 1961 of 3000 complete in 75.5 sec
[-----------------65%-----             ] 1974 of 3000 complete in 76.0 sec
[-----------------66%-----             ] 1987 of 3000 complete in 76.5 sec
[-----------------66%-----             ] 2000 of 3000 complete in 77.0 sec
[-----------------67%-----             ] 2014 of 3000 complete in 77.6 sec
[-----------------67%-----             ] 2027 of 3000 complete in 78.1 sec
[-----------------67%-----             ] 2039 of 3000 complete in 78.6 sec
[-----------------68%-----             ] 2052 of 3000 complete in 79.1 sec
[-----------------68%------            ] 2066 of 3000 complete in 79.6 sec
[-----------------69%------            ] 2080 of 3000 complete in 80.1 sec
[-----------------69%------            ] 2093 of 3000 complete in 80.6 sec
[-----------------70%------            ] 2106 of 3000 complete in 81.2 sec
[-----------------70%------            ] 2119 of 3000 complete in 81.7 sec
[-----------------71%-------           ] 2132 of 3000 complete in 82.2 sec
[-----------------71%-------           ] 2145 of 3000 complete in 82.7 sec
[-----------------71%-------           ] 2158 of 3000 complete in 83.3 sec
[-----------------72%-------           ] 2171 of 3000 complete in 83.8 sec
[-----------------72%-------           ] 2184 of 3000 complete in 84.3 sec
[-----------------73%-------           ] 2197 of 3000 complete in 84.8 sec
[-----------------73%-------           ] 2210 of 3000 complete in 85.4 sec
[-----------------74%--------          ] 2223 of 3000 complete in 85.9 sec
[-----------------74%--------          ] 2237 of 3000 complete in 86.4 sec
[-----------------75%--------          ] 2252 of 3000 complete in 86.9 sec
[-----------------75%--------          ] 2267 of 3000 complete in 87.5 sec
[-----------------76%--------          ] 2282 of 3000 complete in 88.0 sec
[-----------------76%---------         ] 2296 of 3000 complete in 88.5 sec
[-----------------76%---------         ] 2309 of 3000 complete in 89.0 sec
[-----------------77%---------         ] 2321 of 3000 complete in 89.5 sec
[-----------------77%---------         ] 2333 of 3000 complete in 90.0 sec
[-----------------78%---------         ] 2345 of 3000 complete in 90.6 sec
[-----------------78%---------         ] 2357 of 3000 complete in 91.1 sec
[-----------------78%----------        ] 2369 of 3000 complete in 91.6 sec
[-----------------79%----------        ] 2381 of 3000 complete in 92.2 sec
[-----------------79%----------        ] 2394 of 3000 complete in 92.7 sec
[-----------------80%----------        ] 2407 of 3000 complete in 93.2 sec
[-----------------80%----------        ] 2420 of 3000 complete in 93.7 sec
[-----------------81%----------        ] 2435 of 3000 complete in 94.2 sec
[-----------------81%-----------       ] 2449 of 3000 complete in 94.7 sec
[-----------------82%-----------       ] 2463 of 3000 complete in 95.3 sec
[-----------------82%-----------       ] 2479 of 3000 complete in 95.8 sec
[-----------------83%-----------       ] 2494 of 3000 complete in 96.3 sec
[-----------------83%-----------       ] 2510 of 3000 complete in 96.8 sec
[-----------------84%-----------       ] 2524 of 3000 complete in 97.3 sec
[-----------------84%------------      ] 2539 of 3000 complete in 97.9 sec
[-----------------85%------------      ] 2553 of 3000 complete in 98.4 sec
[-----------------85%------------      ] 2567 of 3000 complete in 98.9 sec
[-----------------86%------------      ] 2582 of 3000 complete in 99.4 sec
[-----------------86%------------      ] 2595 of 3000 complete in 99.9 sec
[-----------------86%-------------     ] 2609 of 3000 complete in 100.5 sec
[-----------------87%-------------     ] 2621 of 3000 complete in 101.0 sec
[-----------------87%-------------     ] 2634 of 3000 complete in 101.5 sec
[-----------------88%-------------     ] 2647 of 3000 complete in 102.0 sec
[-----------------88%-------------     ] 2661 of 3000 complete in 102.6 sec
[-----------------89%-------------     ] 2674 of 3000 complete in 103.1 sec
[-----------------89%--------------    ] 2687 of 3000 complete in 103.6 sec
[-----------------90%--------------    ] 2700 of 3000 complete in 104.1 sec
[-----------------90%--------------    ] 2713 of 3000 complete in 104.7 sec
[-----------------90%--------------    ] 2725 of 3000 complete in 105.2 sec
[-----------------91%--------------    ] 2737 of 3000 complete in 105.7 sec
[-----------------91%--------------    ] 2750 of 3000 complete in 106.2 sec
[-----------------92%--------------    ] 2763 of 3000 complete in 106.8 sec
[-----------------92%---------------   ] 2775 of 3000 complete in 107.3 sec
[-----------------92%---------------   ] 2786 of 3000 complete in 107.8 sec
[-----------------93%---------------   ] 2797 of 3000 complete in 108.4 sec
[-----------------93%---------------   ] 2809 of 3000 complete in 108.9 sec
[-----------------94%---------------   ] 2821 of 3000 complete in 109.4 sec
[-----------------94%---------------   ] 2832 of 3000 complete in 109.9 sec
[-----------------94%----------------  ] 2844 of 3000 complete in 110.4 sec
[-----------------95%----------------  ] 2857 of 3000 complete in 111.0 sec
[-----------------95%----------------  ] 2871 of 3000 complete in 111.5 sec
[-----------------96%----------------  ] 2886 of 3000 complete in 112.0 sec
[-----------------96%----------------  ] 2900 of 3000 complete in 112.5 sec
[-----------------97%----------------  ] 2915 of 3000 complete in 113.0 sec
[-----------------97%----------------- ] 2931 of 3000 complete in 113.5 sec
[-----------------98%----------------- ] 2946 of 3000 complete in 114.0 sec
[-----------------98%----------------- ] 2960 of 3000 complete in 114.6 sec
[-----------------99%----------------- ] 2973 of 3000 complete in 115.1 sec
[-----------------99%----------------- ] 2986 of 3000 complete in 115.6 sec
[-----------------99%----------------- ] 2999 of 3000 complete in 116.1 sec
[-----------------100%-----------------] 3000 of 3000 complete in 116.2 sec
hddm sampling elpased time:  116.31 s
[fit_one_hddm] 完成 cond6_rep3_drop（1.9 分钟）→ /home/jovyan/work/2_Data/Generate_Data/TenRules_Revision_20260912/param_recovery/fits/drop
