[fit_one_hddm] cond4_rep2_drop: 11 被试 / 1769 试次 / omission=0.000 / p_outlier=0.05
[fit_one_hddm] 设置 z 默认值失败（忽略）：'z'
No model attribute --> setting up standard HDDM
Set model to ddm
[                  0%                  ] 15 of 3000 complete in 0.5 sec
[                  1%                  ] 31 of 3000 complete in 1.0 sec
[                  1%                  ] 46 of 3000 complete in 1.6 sec
[                  2%                  ] 62 of 3000 complete in 2.1 sec
[                  2%                  ] 77 of 3000 complete in 2.6 sec
[-                 3%                  ] 91 of 3000 complete in 3.1 sec
[-                 3%                  ] 103 of 3000 complete in 3.6 sec
[-                 3%                  ] 114 of 3000 complete in 4.1 sec
[-                 4%                  ] 126 of 3000 complete in 4.7 sec
[-                 4%                  ] 139 of 3000 complete in 5.2 sec
[-                 5%                  ] 152 of 3000 complete in 5.7 sec
[--                5%                  ] 165 of 3000 complete in 6.2 sec
[--                5%                  ] 178 of 3000 complete in 6.7 sec
[--                6%                  ] 190 of 3000 complete in 7.2 sec
[--                6%                  ] 204 of 3000 complete in 7.7 sec
[--                7%                  ] 220 of 3000 complete in 8.3 sec
[--                7%                  ] 234 of 3000 complete in 8.8 sec
[---               8%                  ] 248 of 3000 complete in 9.3 sec
[---               8%                  ] 264 of 3000 complete in 9.8 sec
[---               9%                  ] 279 of 3000 complete in 10.4 sec
[---               9%                  ] 294 of 3000 complete in 10.9 sec
[---              10%                  ] 309 of 3000 complete in 11.4 sec
[----             10%                  ] 323 of 3000 complete in 11.9 sec
[----             11%                  ] 338 of 3000 complete in 12.4 sec
[----             11%                  ] 354 of 3000 complete in 12.9 sec
[----             12%                  ] 369 of 3000 complete in 13.4 sec
[----             12%                  ] 383 of 3000 complete in 13.9 sec
[-----            13%                  ] 398 of 3000 complete in 14.5 sec
[-----            13%                  ] 412 of 3000 complete in 15.0 sec
[-----            14%                  ] 426 of 3000 complete in 15.5 sec
[-----            14%                  ] 441 of 3000 complete in 16.0 sec
[-----            15%                  ] 455 of 3000 complete in 16.5 sec
[-----            15%                  ] 470 of 3000 complete in 17.1 sec
[------           16%                  ] 483 of 3000 complete in 17.6 sec
[------           16%                  ] 496 of 3000 complete in 18.1 sec
[------           17%                  ] 510 of 3000 complete in 18.6 sec
[------           17%                  ] 524 of 3000 complete in 19.1 sec
[------           17%                  ] 537 of 3000 complete in 19.6 sec
[------           18%                  ] 550 of 3000 complete in 20.2 sec
[-------          18%                  ] 563 of 3000 complete in 20.7 sec
[-------          19%                  ] 578 of 3000 complete in 21.2 sec
[-------          19%                  ] 593 of 3000 complete in 21.7 sec
[-------          20%                  ] 608 of 3000 complete in 22.2 sec
[-------          20%                  ] 624 of 3000 complete in 22.7 sec
[--------         21%                  ] 639 of 3000 complete in 23.3 sec
[--------         21%                  ] 654 of 3000 complete in 23.8 sec
[--------         22%                  ] 668 of 3000 complete in 24.3 sec
[--------         22%                  ] 682 of 3000 complete in 24.8 sec
[--------         23%                  ] 696 of 3000 complete in 25.3 sec
[--------         23%                  ] 709 of 3000 complete in 25.8 sec
[---------        24%                  ] 721 of 3000 complete in 26.3 sec
[---------        24%                  ] 734 of 3000 complete in 26.8 sec
[---------        25%                  ] 750 of 3000 complete in 27.4 sec
[---------        25%                  ] 765 of 3000 complete in 27.9 sec
[---------        26%                  ] 780 of 3000 complete in 28.4 sec
[----------       26%                  ] 796 of 3000 complete in 28.9 sec
[----------       27%                  ] 810 of 3000 complete in 29.4 sec
[----------       27%                  ] 823 of 3000 complete in 29.9 sec
[----------       27%                  ] 836 of 3000 complete in 30.5 sec
[----------       28%                  ] 849 of 3000 complete in 31.0 sec
[----------       28%                  ] 862 of 3000 complete in 31.5 sec
[-----------      29%                  ] 875 of 3000 complete in 32.1 sec
[-----------      29%                  ] 890 of 3000 complete in 32.6 sec
[-----------      30%                  ] 905 of 3000 complete in 33.1 sec
[-----------      30%                  ] 919 of 3000 complete in 33.7 sec
[-----------      31%                  ] 932 of 3000 complete in 34.2 sec
[-----------      31%                  ] 944 of 3000 complete in 34.7 sec
[------------     31%                  ] 956 of 3000 complete in 35.2 sec
[------------     32%                  ] 967 of 3000 complete in 35.7 sec
[------------     32%                  ] 979 of 3000 complete in 36.2 sec
[------------     33%                  ] 992 of 3000 complete in 36.8 sec
[------------     33%                  ] 1006 of 3000 complete in 37.3 sec
[------------     33%                  ] 1019 of 3000 complete in 37.8 sec
[-------------    34%                  ] 1031 of 3000 complete in 38.4 sec
[-------------    34%                  ] 1043 of 3000 complete in 38.9 sec
[-------------    35%                  ] 1054 of 3000 complete in 39.4 sec
[-------------    35%                  ] 1065 of 3000 complete in 40.0 sec
[-------------    35%                  ] 1076 of 3000 complete in 40.5 sec
[-------------    36%                  ] 1087 of 3000 complete in 41.0 sec
[-------------    36%                  ] 1097 of 3000 complete in 41.6 sec
[--------------   36%                  ] 1107 of 3000 complete in 42.1 sec
[--------------   37%                  ] 1116 of 3000 complete in 42.6 sec
[--------------   37%                  ] 1126 of 3000 complete in 43.1 sec
[--------------   37%                  ] 1136 of 3000 complete in 43.7 sec
[--------------   38%                  ] 1146 of 3000 complete in 44.2 sec
[--------------   38%                  ] 1156 of 3000 complete in 44.8 sec
[--------------   38%                  ] 1166 of 3000 complete in 45.3 sec
[--------------   39%                  ] 1177 of 3000 complete in 45.8 sec
[---------------  39%                  ] 1189 of 3000 complete in 46.4 sec
[---------------  40%                  ] 1200 of 3000 complete in 46.9 sec
[---------------  40%                  ] 1210 of 3000 complete in 47.4 sec
[---------------  40%                  ] 1220 of 3000 complete in 47.9 sec
[---------------  41%                  ] 1231 of 3000 complete in 48.5 sec
[---------------  41%                  ] 1241 of 3000 complete in 49.0 sec
[---------------  41%                  ] 1252 of 3000 complete in 49.5 sec
[---------------  42%                  ] 1263 of 3000 complete in 50.0 sec
[---------------- 42%                  ] 1275 of 3000 complete in 50.6 sec
[---------------- 42%                  ] 1287 of 3000 complete in 51.1 sec
[---------------- 43%                  ] 1298 of 3000 complete in 51.6 sec
[---------------- 43%                  ] 1309 of 3000 complete in 52.1 sec
[---------------- 44%                  ] 1320 of 3000 complete in 52.7 sec
[---------------- 44%                  ] 1332 of 3000 complete in 53.2 sec
[-----------------44%                  ] 1345 of 3000 complete in 53.7 sec
[-----------------45%                  ] 1358 of 3000 complete in 54.2 sec
[-----------------45%                  ] 1371 of 3000 complete in 54.8 sec
[-----------------46%                  ] 1383 of 3000 complete in 55.3 sec
[-----------------46%                  ] 1395 of 3000 complete in 55.8 sec
[-----------------46%                  ] 1406 of 3000 complete in 56.4 sec
[-----------------47%                  ] 1416 of 3000 complete in 56.9 sec
[-----------------47%                  ] 1427 of 3000 complete in 57.4 sec
[-----------------47%                  ] 1437 of 3000 complete in 58.0 sec
[-----------------48%                  ] 1448 of 3000 complete in 58.5 sec
[-----------------48%                  ] 1458 of 3000 complete in 59.0 sec
[-----------------48%                  ] 1469 of 3000 complete in 59.6 sec
[-----------------49%                  ] 1479 of 3000 complete in 60.1 sec
[-----------------49%                  ] 1490 of 3000 complete in 60.6 sec
[-----------------50%                  ] 1501 of 3000 complete in 61.1 sec
[-----------------50%                  ] 1512 of 3000 complete in 61.7 sec
[-----------------50%                  ] 1523 of 3000 complete in 62.2 sec
[-----------------51%                  ] 1535 of 3000 complete in 62.7 sec
[-----------------51%                  ] 1547 of 3000 complete in 63.2 sec
[-----------------51%                  ] 1558 of 3000 complete in 63.7 sec
[-----------------52%                  ] 1569 of 3000 complete in 64.3 sec
[-----------------52%                  ] 1581 of 3000 complete in 64.8 sec
[-----------------53%                  ] 1593 of 3000 complete in 65.3 sec
[-----------------53%                  ] 1604 of 3000 complete in 65.9 sec
[-----------------53%                  ] 1616 of 3000 complete in 66.4 sec
[-----------------54%                  ] 1629 of 3000 complete in 66.9 sec
[-----------------54%                  ] 1642 of 3000 complete in 67.4 sec
[-----------------55%                  ] 1654 of 3000 complete in 68.0 sec
[-----------------55%-                 ] 1666 of 3000 complete in 68.5 sec
[-----------------55%-                 ] 1678 of 3000 complete in 69.0 sec
[-----------------56%-                 ] 1691 of 3000 complete in 69.5 sec
[-----------------56%-                 ] 1704 of 3000 complete in 70.1 sec
[-----------------57%-                 ] 1717 of 3000 complete in 70.6 sec
[-----------------57%-                 ] 1731 of 3000 complete in 71.1 sec
[-----------------58%--                ] 1745 of 3000 complete in 71.6 sec
[-----------------58%--                ] 1758 of 3000 complete in 72.1 sec
[-----------------59%--                ] 1772 of 3000 complete in 72.6 sec
[-----------------59%--                ] 1786 of 3000 complete in 73.2 sec
[-----------------60%--                ] 1800 of 3000 complete in 73.7 sec
[-----------------60%--                ] 1814 of 3000 complete in 74.2 sec
[-----------------60%---               ] 1827 of 3000 complete in 74.7 sec
[-----------------61%---               ] 1840 of 3000 complete in 75.2 sec
[-----------------61%---               ] 1855 of 3000 complete in 75.8 sec
[-----------------62%---               ] 1870 of 3000 complete in 76.3 sec
[-----------------62%---               ] 1885 of 3000 complete in 76.8 sec
[-----------------63%----              ] 1901 of 3000 complete in 77.3 sec
[-----------------63%----              ] 1917 of 3000 complete in 77.9 sec
[-----------------64%----              ] 1932 of 3000 complete in 78.4 sec
[-----------------64%----              ] 1945 of 3000 complete in 78.9 sec
[-----------------65%----              ] 1958 of 3000 complete in 79.4 sec
[-----------------65%----              ] 1972 of 3000 complete in 80.0 sec
[-----------------66%-----             ] 1984 of 3000 complete in 80.5 sec
[-----------------66%-----             ] 1998 of 3000 complete in 81.0 sec
[-----------------67%-----             ] 2012 of 3000 complete in 81.5 sec
[-----------------67%-----             ] 2026 of 3000 complete in 82.0 sec
[-----------------68%-----             ] 2042 of 3000 complete in 82.6 sec
[-----------------68%------            ] 2057 of 3000 complete in 83.1 sec
[-----------------69%------            ] 2072 of 3000 complete in 83.6 sec
[-----------------69%------            ] 2088 of 3000 complete in 84.1 sec
[-----------------70%------            ] 2103 of 3000 complete in 84.6 sec
[-----------------70%------            ] 2117 of 3000 complete in 85.1 sec
[-----------------71%------            ] 2131 of 3000 complete in 85.6 sec
[-----------------71%-------           ] 2146 of 3000 complete in 86.1 sec
[-----------------72%-------           ] 2160 of 3000 complete in 86.6 sec
[-----------------72%-------           ] 2174 of 3000 complete in 87.2 sec
[-----------------72%-------           ] 2187 of 3000 complete in 87.7 sec
[-----------------73%-------           ] 2200 of 3000 complete in 88.2 sec
[-----------------73%--------          ] 2212 of 3000 complete in 88.8 sec
[-----------------74%--------          ] 2224 of 3000 complete in 89.3 sec
[-----------------74%--------          ] 2236 of 3000 complete in 89.8 sec
[-----------------74%--------          ] 2248 of 3000 complete in 90.3 sec
[-----------------75%--------          ] 2260 of 3000 complete in 90.9 sec
[-----------------75%--------          ] 2272 of 3000 complete in 91.4 sec
[-----------------76%--------          ] 2284 of 3000 complete in 91.9 sec
[-----------------76%---------         ] 2297 of 3000 complete in 92.4 sec
[-----------------76%---------         ] 2309 of 3000 complete in 92.9 sec
[-----------------77%---------         ] 2323 of 3000 complete in 93.4 sec
[-----------------77%---------         ] 2337 of 3000 complete in 93.9 sec
[-----------------78%---------         ] 2353 of 3000 complete in 94.5 sec
[-----------------78%---------         ] 2368 of 3000 complete in 95.0 sec
[-----------------79%----------        ] 2384 of 3000 complete in 95.5 sec
[-----------------79%----------        ] 2399 of 3000 complete in 96.0 sec
[-----------------80%----------        ] 2414 of 3000 complete in 96.5 sec
[-----------------80%----------        ] 2429 of 3000 complete in 97.0 sec
[-----------------81%----------        ] 2444 of 3000 complete in 97.5 sec
[-----------------81%-----------       ] 2459 of 3000 complete in 98.0 sec
[-----------------82%-----------       ] 2473 of 3000 complete in 98.6 sec
[-----------------82%-----------       ] 2487 of 3000 complete in 99.1 sec
[-----------------83%-----------       ] 2501 of 3000 complete in 99.6 sec
[-----------------83%-----------       ] 2514 of 3000 complete in 100.1 sec
[-----------------84%------------      ] 2527 of 3000 complete in 100.6 sec
[-----------------84%------------      ] 2540 of 3000 complete in 101.1 sec
[-----------------85%------------      ] 2552 of 3000 complete in 101.7 sec
[-----------------85%------------      ] 2563 of 3000 complete in 102.2 sec
[-----------------85%------------      ] 2575 of 3000 complete in 102.7 sec
[-----------------86%------------      ] 2588 of 3000 complete in 103.2 sec
[-----------------86%------------      ] 2601 of 3000 complete in 103.8 sec
[-----------------87%-------------     ] 2614 of 3000 complete in 104.3 sec
[-----------------87%-------------     ] 2627 of 3000 complete in 104.8 sec
[-----------------87%-------------     ] 2639 of 3000 complete in 105.3 sec
[-----------------88%-------------     ] 2651 of 3000 complete in 105.8 sec
[-----------------88%-------------     ] 2664 of 3000 complete in 106.3 sec
[-----------------89%-------------     ] 2677 of 3000 complete in 106.8 sec
[-----------------89%--------------    ] 2690 of 3000 complete in 107.4 sec
[-----------------90%--------------    ] 2702 of 3000 complete in 107.9 sec
[-----------------90%--------------    ] 2714 of 3000 complete in 108.4 sec
[-----------------90%--------------    ] 2726 of 3000 complete in 108.9 sec
[-----------------91%--------------    ] 2739 of 3000 complete in 109.4 sec
[-----------------91%--------------    ] 2753 of 3000 complete in 110.0 sec
[-----------------92%---------------   ] 2766 of 3000 complete in 110.5 sec
[-----------------92%---------------   ] 2780 of 3000 complete in 111.0 sec
[-----------------93%---------------   ] 2794 of 3000 complete in 111.6 sec
[-----------------93%---------------   ] 2807 of 3000 complete in 112.1 sec
[-----------------94%---------------   ] 2820 of 3000 complete in 112.6 sec
[-----------------94%---------------   ] 2834 of 3000 complete in 113.1 sec
[-----------------94%----------------  ] 2849 of 3000 complete in 113.6 sec
[-----------------95%----------------  ] 2864 of 3000 complete in 114.1 sec
[-----------------95%----------------  ] 2878 of 3000 complete in 114.6 sec
[-----------------96%----------------  ] 2894 of 3000 complete in 115.1 sec
[-----------------96%----------------  ] 2909 of 3000 complete in 115.6 sec
[-----------------97%----------------- ] 2923 of 3000 complete in 116.1 sec
[-----------------97%----------------- ] 2938 of 3000 complete in 116.7 sec
[-----------------98%----------------- ] 2954 of 3000 complete in 117.2 sec
[-----------------99%----------------- ] 2970 of 3000 complete in 117.7 sec
[-----------------99%----------------- ] 2985 of 3000 complete in 118.2 sec
[-----------------100%-----------------] 3000 of 3000 complete in 118.7 sec
[-----------------100%-----------------] 3000 of 3000 complete in 118.8 sec
hddm sampling elpased time:  118.868 s
[fit_one_hddm] 完成 cond4_rep2_drop（2.0 分钟）→ /home/jovyan/work/2_Data/Generate_Data/TenRules_Revision_20260912/param_recovery/fits/drop
