[fit_one_hddm] curve35_rep2_drop: 12 被试 / 1999 试次 / omission=0.000 / p_outlier=0.05
[fit_one_hddm] 设置 z 默认值失败（忽略）：'z'
No model attribute --> setting up standard HDDM
Set model to ddm
[                  0%                  ] 12 of 3000 complete in 0.5 sec
[                  0%                  ] 26 of 3000 complete in 1.1 sec
[                  1%                  ] 39 of 3000 complete in 1.6 sec
[                  1%                  ] 52 of 3000 complete in 2.1 sec
[                  2%                  ] 65 of 3000 complete in 2.6 sec
[-                 2%                  ] 79 of 3000 complete in 3.1 sec
[-                 3%                  ] 92 of 3000 complete in 3.7 sec
[-                 3%                  ] 105 of 3000 complete in 4.2 sec
[-                 3%                  ] 117 of 3000 complete in 4.7 sec
[-                 4%                  ] 129 of 3000 complete in 5.2 sec
[-                 4%                  ] 141 of 3000 complete in 5.7 sec
[-                 5%                  ] 154 of 3000 complete in 6.2 sec
[--                5%                  ] 168 of 3000 complete in 6.8 sec
[--                6%                  ] 182 of 3000 complete in 7.3 sec
[--                6%                  ] 195 of 3000 complete in 7.8 sec
[--                6%                  ] 208 of 3000 complete in 8.3 sec
[--                7%                  ] 221 of 3000 complete in 8.8 sec
[--                7%                  ] 234 of 3000 complete in 9.4 sec
[---               8%                  ] 246 of 3000 complete in 9.9 sec
[---               8%                  ] 259 of 3000 complete in 10.4 sec
[---               9%                  ] 272 of 3000 complete in 10.9 sec
[---               9%                  ] 286 of 3000 complete in 11.4 sec
[---               9%                  ] 299 of 3000 complete in 12.0 sec
[---              10%                  ] 313 of 3000 complete in 12.5 sec
[----             10%                  ] 327 of 3000 complete in 13.0 sec
[----             11%                  ] 341 of 3000 complete in 13.5 sec
[----             11%                  ] 355 of 3000 complete in 14.0 sec
[----             12%                  ] 368 of 3000 complete in 14.5 sec
[----             12%                  ] 381 of 3000 complete in 15.1 sec
[----             13%                  ] 394 of 3000 complete in 15.6 sec
[-----            13%                  ] 407 of 3000 complete in 16.1 sec
[-----            14%                  ] 420 of 3000 complete in 16.6 sec
[-----            14%                  ] 434 of 3000 complete in 17.2 sec
[-----            14%                  ] 447 of 3000 complete in 17.7 sec
[-----            15%                  ] 460 of 3000 complete in 18.2 sec
[-----            15%                  ] 471 of 3000 complete in 18.8 sec
[------           16%                  ] 482 of 3000 complete in 19.3 sec
[------           16%                  ] 494 of 3000 complete in 19.8 sec
[------           16%                  ] 507 of 3000 complete in 20.3 sec
[------           17%                  ] 521 of 3000 complete in 20.8 sec
[------           17%                  ] 535 of 3000 complete in 21.4 sec
[------           18%                  ] 548 of 3000 complete in 21.9 sec
[-------          18%                  ] 561 of 3000 complete in 22.4 sec
[-------          19%                  ] 574 of 3000 complete in 23.0 sec
[-------          19%                  ] 587 of 3000 complete in 23.5 sec
[-------          19%                  ] 599 of 3000 complete in 24.0 sec
[-------          20%                  ] 611 of 3000 complete in 24.5 sec
[-------          20%                  ] 623 of 3000 complete in 25.0 sec
[--------         21%                  ] 635 of 3000 complete in 25.6 sec
[--------         21%                  ] 647 of 3000 complete in 26.1 sec
[--------         22%                  ] 661 of 3000 complete in 26.6 sec
[--------         22%                  ] 675 of 3000 complete in 27.1 sec
[--------         23%                  ] 690 of 3000 complete in 27.6 sec
[--------         23%                  ] 703 of 3000 complete in 28.2 sec
[---------        23%                  ] 714 of 3000 complete in 28.7 sec
[---------        24%                  ] 726 of 3000 complete in 29.2 sec
[---------        24%                  ] 738 of 3000 complete in 29.7 sec
[---------        25%                  ] 751 of 3000 complete in 30.3 sec
[---------        25%                  ] 763 of 3000 complete in 30.8 sec
[---------        25%                  ] 776 of 3000 complete in 31.3 sec
[---------        26%                  ] 789 of 3000 complete in 31.8 sec
[----------       26%                  ] 803 of 3000 complete in 32.4 sec
[----------       27%                  ] 816 of 3000 complete in 32.9 sec
[----------       27%                  ] 830 of 3000 complete in 33.4 sec
[----------       28%                  ] 844 of 3000 complete in 33.9 sec
[----------       28%                  ] 858 of 3000 complete in 34.4 sec
[-----------      29%                  ] 870 of 3000 complete in 35.0 sec
[-----------      29%                  ] 883 of 3000 complete in 35.5 sec
[-----------      29%                  ] 896 of 3000 complete in 36.0 sec
[-----------      30%                  ] 910 of 3000 complete in 36.5 sec
[-----------      30%                  ] 923 of 3000 complete in 37.0 sec
[-----------      31%                  ] 937 of 3000 complete in 37.6 sec
[------------     31%                  ] 951 of 3000 complete in 38.1 sec
[------------     32%                  ] 965 of 3000 complete in 38.6 sec
[------------     32%                  ] 978 of 3000 complete in 39.1 sec
[------------     33%                  ] 991 of 3000 complete in 39.7 sec
[------------     33%                  ] 1004 of 3000 complete in 40.2 sec
[------------     33%                  ] 1018 of 3000 complete in 40.7 sec
[-------------    34%                  ] 1032 of 3000 complete in 41.2 sec
[-------------    34%                  ] 1045 of 3000 complete in 41.7 sec
[-------------    35%                  ] 1059 of 3000 complete in 42.3 sec
[-------------    35%                  ] 1073 of 3000 complete in 42.8 sec
[-------------    36%                  ] 1086 of 3000 complete in 43.3 sec
[-------------    36%                  ] 1098 of 3000 complete in 43.8 sec
[--------------   37%                  ] 1110 of 3000 complete in 44.3 sec
[--------------   37%                  ] 1123 of 3000 complete in 44.9 sec
[--------------   37%                  ] 1136 of 3000 complete in 45.4 sec
[--------------   38%                  ] 1149 of 3000 complete in 45.9 sec
[--------------   38%                  ] 1163 of 3000 complete in 46.4 sec
[--------------   39%                  ] 1177 of 3000 complete in 47.0 sec
[---------------  39%                  ] 1191 of 3000 complete in 47.5 sec
[---------------  40%                  ] 1205 of 3000 complete in 48.0 sec
[---------------  40%                  ] 1219 of 3000 complete in 48.5 sec
[---------------  41%                  ] 1233 of 3000 complete in 49.1 sec
[---------------  41%                  ] 1247 of 3000 complete in 49.6 sec
[---------------  42%                  ] 1261 of 3000 complete in 50.1 sec
[---------------- 42%                  ] 1275 of 3000 complete in 50.6 sec
[---------------- 42%                  ] 1287 of 3000 complete in 51.1 sec
[---------------- 43%                  ] 1298 of 3000 complete in 51.7 sec
[---------------- 43%                  ] 1309 of 3000 complete in 52.2 sec
[---------------- 43%                  ] 1319 of 3000 complete in 52.7 sec
[---------------- 44%                  ] 1330 of 3000 complete in 53.3 sec
[---------------- 44%                  ] 1339 of 3000 complete in 53.8 sec
[-----------------44%                  ] 1348 of 3000 complete in 54.3 sec
[-----------------45%                  ] 1357 of 3000 complete in 54.8 sec
[-----------------45%                  ] 1366 of 3000 complete in 55.3 sec
[-----------------45%                  ] 1376 of 3000 complete in 55.8 sec
[-----------------46%                  ] 1385 of 3000 complete in 56.3 sec
[-----------------46%                  ] 1394 of 3000 complete in 56.8 sec
[-----------------46%                  ] 1403 of 3000 complete in 57.4 sec
[-----------------47%                  ] 1412 of 3000 complete in 57.9 sec
[-----------------47%                  ] 1421 of 3000 complete in 58.4 sec
[-----------------47%                  ] 1429 of 3000 complete in 58.9 sec
[-----------------47%                  ] 1438 of 3000 complete in 59.5 sec
[-----------------48%                  ] 1446 of 3000 complete in 60.0 sec
[-----------------48%                  ] 1454 of 3000 complete in 60.5 sec
[-----------------48%                  ] 1463 of 3000 complete in 61.1 sec
[-----------------49%                  ] 1472 of 3000 complete in 61.6 sec
[-----------------49%                  ] 1482 of 3000 complete in 62.1 sec
[-----------------49%                  ] 1491 of 3000 complete in 62.6 sec
[-----------------50%                  ] 1501 of 3000 complete in 63.2 sec
[-----------------50%                  ] 1512 of 3000 complete in 63.7 sec
[-----------------50%                  ] 1522 of 3000 complete in 64.2 sec
[-----------------51%                  ] 1533 of 3000 complete in 64.8 sec
[-----------------51%                  ] 1544 of 3000 complete in 65.3 sec
[-----------------51%                  ] 1554 of 3000 complete in 65.8 sec
[-----------------52%                  ] 1565 of 3000 complete in 66.4 sec
[-----------------52%                  ] 1575 of 3000 complete in 66.9 sec
[-----------------52%                  ] 1585 of 3000 complete in 67.4 sec
[-----------------53%                  ] 1596 of 3000 complete in 67.9 sec
[-----------------53%                  ] 1607 of 3000 complete in 68.4 sec
[-----------------53%                  ] 1618 of 3000 complete in 68.9 sec
[-----------------54%                  ] 1630 of 3000 complete in 69.5 sec
[-----------------54%                  ] 1641 of 3000 complete in 70.0 sec
[-----------------55%                  ] 1651 of 3000 complete in 70.5 sec
[-----------------55%-                 ] 1661 of 3000 complete in 71.0 sec
[-----------------55%-                 ] 1673 of 3000 complete in 71.5 sec
[-----------------56%-                 ] 1686 of 3000 complete in 72.1 sec
[-----------------56%-                 ] 1700 of 3000 complete in 72.6 sec
[-----------------57%-                 ] 1713 of 3000 complete in 73.1 sec
[-----------------57%-                 ] 1727 of 3000 complete in 73.6 sec
[-----------------58%--                ] 1740 of 3000 complete in 74.1 sec
[-----------------58%--                ] 1754 of 3000 complete in 74.6 sec
[-----------------58%--                ] 1767 of 3000 complete in 75.2 sec
[-----------------59%--                ] 1780 of 3000 complete in 75.7 sec
[-----------------59%--                ] 1794 of 3000 complete in 76.2 sec
[-----------------60%--                ] 1807 of 3000 complete in 76.7 sec
[-----------------60%---               ] 1820 of 3000 complete in 77.3 sec
[-----------------61%---               ] 1832 of 3000 complete in 77.8 sec
[-----------------61%---               ] 1846 of 3000 complete in 78.3 sec
[-----------------61%---               ] 1859 of 3000 complete in 78.8 sec
[-----------------62%---               ] 1872 of 3000 complete in 79.4 sec
[-----------------62%---               ] 1886 of 3000 complete in 79.9 sec
[-----------------63%----              ] 1900 of 3000 complete in 80.4 sec
[-----------------63%----              ] 1913 of 3000 complete in 80.9 sec
[-----------------64%----              ] 1925 of 3000 complete in 81.4 sec
[-----------------64%----              ] 1938 of 3000 complete in 81.9 sec
[-----------------65%----              ] 1952 of 3000 complete in 82.5 sec
[-----------------65%----              ] 1966 of 3000 complete in 83.0 sec
[-----------------66%-----             ] 1980 of 3000 complete in 83.5 sec
[-----------------66%-----             ] 1993 of 3000 complete in 84.0 sec
[-----------------66%-----             ] 2007 of 3000 complete in 84.6 sec
[-----------------67%-----             ] 2021 of 3000 complete in 85.1 sec
[-----------------67%-----             ] 2035 of 3000 complete in 85.6 sec
[-----------------68%-----             ] 2049 of 3000 complete in 86.1 sec
[-----------------68%------            ] 2062 of 3000 complete in 86.6 sec
[-----------------69%------            ] 2076 of 3000 complete in 87.1 sec
[-----------------69%------            ] 2090 of 3000 complete in 87.6 sec
[-----------------70%------            ] 2104 of 3000 complete in 88.2 sec
[-----------------70%------            ] 2117 of 3000 complete in 88.7 sec
[-----------------70%------            ] 2129 of 3000 complete in 89.2 sec
[-----------------71%-------           ] 2142 of 3000 complete in 89.7 sec
[-----------------71%-------           ] 2155 of 3000 complete in 90.3 sec
[-----------------72%-------           ] 2168 of 3000 complete in 90.8 sec
[-----------------72%-------           ] 2181 of 3000 complete in 91.3 sec
[-----------------73%-------           ] 2194 of 3000 complete in 91.8 sec
[-----------------73%-------           ] 2206 of 3000 complete in 92.3 sec
[-----------------73%--------          ] 2217 of 3000 complete in 92.8 sec
[-----------------74%--------          ] 2230 of 3000 complete in 93.4 sec
[-----------------74%--------          ] 2242 of 3000 complete in 93.9 sec
[-----------------75%--------          ] 2254 of 3000 complete in 94.4 sec
[-----------------75%--------          ] 2265 of 3000 complete in 94.9 sec
[-----------------75%--------          ] 2278 of 3000 complete in 95.5 sec
[-----------------76%---------         ] 2291 of 3000 complete in 96.0 sec
[-----------------76%---------         ] 2305 of 3000 complete in 96.5 sec
[-----------------77%---------         ] 2318 of 3000 complete in 97.1 sec
[-----------------77%---------         ] 2331 of 3000 complete in 97.6 sec
[-----------------78%---------         ] 2343 of 3000 complete in 98.1 sec
[-----------------78%---------         ] 2354 of 3000 complete in 98.6 sec
[-----------------78%---------         ] 2365 of 3000 complete in 99.2 sec
[-----------------79%----------        ] 2377 of 3000 complete in 99.7 sec
[-----------------79%----------        ] 2390 of 3000 complete in 100.2 sec
[-----------------80%----------        ] 2401 of 3000 complete in 100.7 sec
[-----------------80%----------        ] 2412 of 3000 complete in 101.2 sec
[-----------------80%----------        ] 2423 of 3000 complete in 101.8 sec
[-----------------81%----------        ] 2434 of 3000 complete in 102.3 sec
[-----------------81%----------        ] 2445 of 3000 complete in 102.8 sec
[-----------------81%-----------       ] 2456 of 3000 complete in 103.4 sec
[-----------------82%-----------       ] 2466 of 3000 complete in 103.9 sec
[-----------------82%-----------       ] 2477 of 3000 complete in 104.4 sec
[-----------------82%-----------       ] 2487 of 3000 complete in 104.9 sec
[-----------------83%-----------       ] 2497 of 3000 complete in 105.4 sec
[-----------------83%-----------       ] 2507 of 3000 complete in 105.9 sec
[-----------------83%-----------       ] 2517 of 3000 complete in 106.5 sec
[-----------------84%-----------       ] 2526 of 3000 complete in 107.0 sec
[-----------------84%------------      ] 2535 of 3000 complete in 107.5 sec
[-----------------84%------------      ] 2544 of 3000 complete in 108.0 sec
[-----------------85%------------      ] 2553 of 3000 complete in 108.6 sec
[-----------------85%------------      ] 2563 of 3000 complete in 109.1 sec
[-----------------85%------------      ] 2574 of 3000 complete in 109.6 sec
[-----------------86%------------      ] 2584 of 3000 complete in 110.2 sec
[-----------------86%------------      ] 2594 of 3000 complete in 110.7 sec
[-----------------86%------------      ] 2605 of 3000 complete in 111.2 sec
[-----------------87%-------------     ] 2616 of 3000 complete in 111.7 sec
[-----------------87%-------------     ] 2627 of 3000 complete in 112.2 sec
[-----------------87%-------------     ] 2637 of 3000 complete in 112.7 sec
[-----------------88%-------------     ] 2648 of 3000 complete in 113.2 sec
[-----------------88%-------------     ] 2660 of 3000 complete in 113.8 sec
[-----------------89%-------------     ] 2671 of 3000 complete in 114.3 sec
[-----------------89%-------------     ] 2681 of 3000 complete in 114.8 sec
[-----------------89%--------------    ] 2691 of 3000 complete in 115.3 sec
[-----------------90%--------------    ] 2701 of 3000 complete in 115.9 sec
[-----------------90%--------------    ] 2711 of 3000 complete in 116.4 sec
[-----------------90%--------------    ] 2722 of 3000 complete in 116.9 sec
[-----------------91%--------------    ] 2733 of 3000 complete in 117.5 sec
[-----------------91%--------------    ] 2744 of 3000 complete in 118.0 sec
[-----------------91%--------------    ] 2756 of 3000 complete in 118.5 sec
[-----------------92%---------------   ] 2769 of 3000 complete in 119.1 sec
[-----------------92%---------------   ] 2781 of 3000 complete in 119.6 sec
[-----------------93%---------------   ] 2793 of 3000 complete in 120.1 sec
[-----------------93%---------------   ] 2804 of 3000 complete in 120.6 sec
[-----------------93%---------------   ] 2816 of 3000 complete in 121.1 sec
[-----------------94%---------------   ] 2828 of 3000 complete in 121.7 sec
[-----------------94%---------------   ] 2841 of 3000 complete in 122.2 sec
[-----------------95%----------------  ] 2854 of 3000 complete in 122.7 sec
[-----------------95%----------------  ] 2867 of 3000 complete in 123.2 sec
[-----------------96%----------------  ] 2880 of 3000 complete in 123.8 sec
[-----------------96%----------------  ] 2892 of 3000 complete in 124.3 sec
[-----------------96%----------------  ] 2903 of 3000 complete in 124.8 sec
[-----------------97%----------------  ] 2914 of 3000 complete in 125.3 sec
[-----------------97%----------------- ] 2926 of 3000 complete in 125.8 sec
[-----------------97%----------------- ] 2938 of 3000 complete in 126.4 sec
[-----------------98%----------------- ] 2949 of 3000 complete in 126.9 sec
[-----------------98%----------------- ] 2960 of 3000 complete in 127.4 sec
[-----------------99%----------------- ] 2971 of 3000 complete in 127.9 sec
[-----------------99%----------------- ] 2982 of 3000 complete in 128.4 sec
[-----------------99%----------------- ] 2993 of 3000 complete in 129.0 sec
[-----------------100%-----------------] 3000 of 3000 complete in 129.4 sec
hddm sampling elpased time:  129.5 s
[fit_one_hddm] 完成 curve35_rep2_drop（2.2 分钟）→ /home/jovyan/work/2_Data/Generate_Data/TenRules_Revision_20260912/param_recovery/fits/drop
