[fit_one_hddm] curve05_rep1_drop: 12 被试 / 2985 试次 / omission=0.000 / p_outlier=0.05
[fit_one_hddm] 设置 z 默认值失败（忽略）：'z'
No model attribute --> setting up standard HDDM
Set model to ddm
[                  0%                  ] 10 of 3000 complete in 0.5 sec
[                  0%                  ] 22 of 3000 complete in 1.0 sec
[                  1%                  ] 34 of 3000 complete in 1.5 sec
[                  1%                  ] 47 of 3000 complete in 2.1 sec
[                  1%                  ] 59 of 3000 complete in 2.6 sec
[                  2%                  ] 70 of 3000 complete in 3.1 sec
[-                 2%                  ] 81 of 3000 complete in 3.6 sec
[-                 3%                  ] 91 of 3000 complete in 4.1 sec
[-                 3%                  ] 102 of 3000 complete in 4.7 sec
[-                 3%                  ] 113 of 3000 complete in 5.2 sec
[-                 4%                  ] 125 of 3000 complete in 5.7 sec
[-                 4%                  ] 136 of 3000 complete in 6.2 sec
[-                 4%                  ] 147 of 3000 complete in 6.7 sec
[--                5%                  ] 159 of 3000 complete in 7.2 sec
[--                5%                  ] 172 of 3000 complete in 7.8 sec
[--                6%                  ] 184 of 3000 complete in 8.3 sec
[--                6%                  ] 196 of 3000 complete in 8.8 sec
[--                6%                  ] 208 of 3000 complete in 9.3 sec
[--                7%                  ] 222 of 3000 complete in 9.8 sec
[--                7%                  ] 235 of 3000 complete in 10.3 sec
[---               8%                  ] 247 of 3000 complete in 10.8 sec
[---               8%                  ] 260 of 3000 complete in 11.4 sec
[---               9%                  ] 273 of 3000 complete in 11.9 sec
[---               9%                  ] 285 of 3000 complete in 12.4 sec
[---               9%                  ] 296 of 3000 complete in 12.9 sec
[---              10%                  ] 307 of 3000 complete in 13.4 sec
[----             10%                  ] 318 of 3000 complete in 13.9 sec
[----             10%                  ] 328 of 3000 complete in 14.5 sec
[----             11%                  ] 337 of 3000 complete in 15.0 sec
[----             11%                  ] 346 of 3000 complete in 15.6 sec
[----             11%                  ] 356 of 3000 complete in 16.1 sec
[----             12%                  ] 367 of 3000 complete in 16.6 sec
[----             12%                  ] 379 of 3000 complete in 17.2 sec
[----             13%                  ] 390 of 3000 complete in 17.7 sec
[-----            13%                  ] 401 of 3000 complete in 18.2 sec
[-----            13%                  ] 413 of 3000 complete in 18.7 sec
[-----            14%                  ] 425 of 3000 complete in 19.3 sec
[-----            14%                  ] 437 of 3000 complete in 19.8 sec
[-----            14%                  ] 449 of 3000 complete in 20.3 sec
[-----            15%                  ] 461 of 3000 complete in 20.8 sec
[-----            15%                  ] 472 of 3000 complete in 21.3 sec
[------           16%                  ] 484 of 3000 complete in 21.8 sec
[------           16%                  ] 496 of 3000 complete in 22.4 sec
[------           16%                  ] 508 of 3000 complete in 22.9 sec
[------           17%                  ] 521 of 3000 complete in 23.4 sec
[------           17%                  ] 533 of 3000 complete in 23.9 sec
[------           18%                  ] 545 of 3000 complete in 24.4 sec
[-------          18%                  ] 556 of 3000 complete in 24.9 sec
[-------          18%                  ] 567 of 3000 complete in 25.4 sec
[-------          19%                  ] 579 of 3000 complete in 25.9 sec
[-------          19%                  ] 590 of 3000 complete in 26.4 sec
[-------          20%                  ] 600 of 3000 complete in 27.0 sec
[-------          20%                  ] 611 of 3000 complete in 27.5 sec
[-------          20%                  ] 623 of 3000 complete in 28.0 sec
[--------         21%                  ] 636 of 3000 complete in 28.6 sec
[--------         21%                  ] 647 of 3000 complete in 29.1 sec
[--------         21%                  ] 658 of 3000 complete in 29.6 sec
[--------         22%                  ] 669 of 3000 complete in 30.1 sec
[--------         22%                  ] 679 of 3000 complete in 30.6 sec
[--------         22%                  ] 689 of 3000 complete in 31.1 sec
[--------         23%                  ] 699 of 3000 complete in 31.7 sec
[--------         23%                  ] 710 of 3000 complete in 32.2 sec
[---------        24%                  ] 721 of 3000 complete in 32.7 sec
[---------        24%                  ] 732 of 3000 complete in 33.2 sec
[---------        24%                  ] 744 of 3000 complete in 33.8 sec
[---------        25%                  ] 754 of 3000 complete in 34.3 sec
[---------        25%                  ] 765 of 3000 complete in 34.8 sec
[---------        25%                  ] 776 of 3000 complete in 35.3 sec
[---------        26%                  ] 788 of 3000 complete in 35.8 sec
[----------       26%                  ] 800 of 3000 complete in 36.3 sec
[----------       27%                  ] 812 of 3000 complete in 36.9 sec
[----------       27%                  ] 823 of 3000 complete in 37.4 sec
[----------       27%                  ] 833 of 3000 complete in 37.9 sec
[----------       28%                  ] 843 of 3000 complete in 38.4 sec
[----------       28%                  ] 853 of 3000 complete in 39.0 sec
[----------       28%                  ] 863 of 3000 complete in 39.5 sec
[-----------      29%                  ] 875 of 3000 complete in 40.0 sec
[-----------      29%                  ] 887 of 3000 complete in 40.5 sec
[-----------      29%                  ] 899 of 3000 complete in 41.1 sec
[-----------      30%                  ] 910 of 3000 complete in 41.6 sec
[-----------      30%                  ] 921 of 3000 complete in 42.1 sec
[-----------      31%                  ] 932 of 3000 complete in 42.7 sec
[-----------      31%                  ] 943 of 3000 complete in 43.2 sec
[------------     31%                  ] 955 of 3000 complete in 43.7 sec
[------------     32%                  ] 966 of 3000 complete in 44.2 sec
[------------     32%                  ] 977 of 3000 complete in 44.8 sec
[------------     32%                  ] 989 of 3000 complete in 45.3 sec
[------------     33%                  ] 1001 of 3000 complete in 45.8 sec
[------------     33%                  ] 1012 of 3000 complete in 46.4 sec
[------------     34%                  ] 1023 of 3000 complete in 46.9 sec
[-------------    34%                  ] 1035 of 3000 complete in 47.4 sec
[-------------    34%                  ] 1048 of 3000 complete in 47.9 sec
[-------------    35%                  ] 1061 of 3000 complete in 48.5 sec
[-------------    35%                  ] 1073 of 3000 complete in 49.0 sec
[-------------    36%                  ] 1085 of 3000 complete in 49.5 sec
[-------------    36%                  ] 1098 of 3000 complete in 50.0 sec
[--------------   37%                  ] 1111 of 3000 complete in 50.5 sec
[--------------   37%                  ] 1123 of 3000 complete in 51.0 sec
[--------------   37%                  ] 1134 of 3000 complete in 51.5 sec
[--------------   38%                  ] 1146 of 3000 complete in 52.1 sec
[--------------   38%                  ] 1157 of 3000 complete in 52.6 sec
[--------------   38%                  ] 1167 of 3000 complete in 53.1 sec
[--------------   39%                  ] 1177 of 3000 complete in 53.6 sec
[---------------  39%                  ] 1188 of 3000 complete in 54.2 sec
[---------------  39%                  ] 1197 of 3000 complete in 54.7 sec
[---------------  40%                  ] 1206 of 3000 complete in 55.2 sec
[---------------  40%                  ] 1215 of 3000 complete in 55.7 sec
[---------------  40%                  ] 1224 of 3000 complete in 56.3 sec
[---------------  41%                  ] 1234 of 3000 complete in 56.8 sec
[---------------  41%                  ] 1243 of 3000 complete in 57.3 sec
[---------------  41%                  ] 1253 of 3000 complete in 57.8 sec
[---------------  42%                  ] 1263 of 3000 complete in 58.4 sec
[---------------- 42%                  ] 1273 of 3000 complete in 58.9 sec
[---------------- 42%                  ] 1284 of 3000 complete in 59.4 sec
[---------------- 43%                  ] 1295 of 3000 complete in 59.9 sec
[---------------- 43%                  ] 1305 of 3000 complete in 60.4 sec
[---------------- 43%                  ] 1316 of 3000 complete in 61.0 sec
[---------------- 44%                  ] 1325 of 3000 complete in 61.5 sec
[---------------- 44%                  ] 1336 of 3000 complete in 62.0 sec
[-----------------44%                  ] 1346 of 3000 complete in 62.5 sec
[-----------------45%                  ] 1356 of 3000 complete in 63.1 sec
[-----------------45%                  ] 1366 of 3000 complete in 63.6 sec
[-----------------45%                  ] 1376 of 3000 complete in 64.1 sec
[-----------------46%                  ] 1387 of 3000 complete in 64.6 sec
[-----------------46%                  ] 1398 of 3000 complete in 65.2 sec
[-----------------46%                  ] 1409 of 3000 complete in 65.7 sec
[-----------------47%                  ] 1419 of 3000 complete in 66.2 sec
[-----------------47%                  ] 1430 of 3000 complete in 66.7 sec
[-----------------48%                  ] 1441 of 3000 complete in 67.3 sec
[-----------------48%                  ] 1452 of 3000 complete in 67.8 sec
[-----------------48%                  ] 1463 of 3000 complete in 68.3 sec
[-----------------49%                  ] 1474 of 3000 complete in 68.9 sec
[-----------------49%                  ] 1486 of 3000 complete in 69.4 sec
[-----------------49%                  ] 1497 of 3000 complete in 69.9 sec
[-----------------50%                  ] 1509 of 3000 complete in 70.4 sec
[-----------------50%                  ] 1520 of 3000 complete in 71.0 sec
[-----------------51%                  ] 1530 of 3000 complete in 71.5 sec
[-----------------51%                  ] 1542 of 3000 complete in 72.0 sec
[-----------------51%                  ] 1554 of 3000 complete in 72.6 sec
[-----------------52%                  ] 1568 of 3000 complete in 73.1 sec
[-----------------52%                  ] 1581 of 3000 complete in 73.6 sec
[-----------------53%                  ] 1594 of 3000 complete in 74.1 sec
[-----------------53%                  ] 1607 of 3000 complete in 74.7 sec
[-----------------54%                  ] 1620 of 3000 complete in 75.2 sec
[-----------------54%                  ] 1632 of 3000 complete in 75.7 sec
[-----------------54%                  ] 1644 of 3000 complete in 76.2 sec
[-----------------55%                  ] 1656 of 3000 complete in 76.8 sec
[-----------------55%-                 ] 1668 of 3000 complete in 77.3 sec
[-----------------56%-                 ] 1680 of 3000 complete in 77.8 sec
[-----------------56%-                 ] 1692 of 3000 complete in 78.3 sec
[-----------------56%-                 ] 1705 of 3000 complete in 78.8 sec
[-----------------57%-                 ] 1718 of 3000 complete in 79.4 sec
[-----------------57%-                 ] 1731 of 3000 complete in 79.9 sec
[-----------------58%--                ] 1744 of 3000 complete in 80.4 sec
[-----------------58%--                ] 1757 of 3000 complete in 81.0 sec
[-----------------59%--                ] 1770 of 3000 complete in 81.5 sec
[-----------------59%--                ] 1783 of 3000 complete in 82.0 sec
[-----------------59%--                ] 1796 of 3000 complete in 82.5 sec
[-----------------60%--                ] 1809 of 3000 complete in 83.0 sec
[-----------------60%---               ] 1821 of 3000 complete in 83.5 sec
[-----------------61%---               ] 1832 of 3000 complete in 84.0 sec
[-----------------61%---               ] 1844 of 3000 complete in 84.6 sec
[-----------------61%---               ] 1855 of 3000 complete in 85.1 sec
[-----------------62%---               ] 1867 of 3000 complete in 85.6 sec
[-----------------62%---               ] 1878 of 3000 complete in 86.2 sec
[-----------------63%---               ] 1890 of 3000 complete in 86.7 sec
[-----------------63%----              ] 1902 of 3000 complete in 87.2 sec
[-----------------63%----              ] 1914 of 3000 complete in 87.7 sec
[-----------------64%----              ] 1926 of 3000 complete in 88.2 sec
[-----------------64%----              ] 1939 of 3000 complete in 88.7 sec
[-----------------65%----              ] 1952 of 3000 complete in 89.2 sec
[-----------------65%----              ] 1966 of 3000 complete in 89.8 sec
[-----------------65%-----             ] 1979 of 3000 complete in 90.3 sec
[-----------------66%-----             ] 1991 of 3000 complete in 90.8 sec
[-----------------66%-----             ] 2002 of 3000 complete in 91.3 sec
[-----------------67%-----             ] 2013 of 3000 complete in 91.9 sec
[-----------------67%-----             ] 2024 of 3000 complete in 92.4 sec
[-----------------67%-----             ] 2034 of 3000 complete in 92.9 sec
[-----------------68%-----             ] 2044 of 3000 complete in 93.4 sec
[-----------------68%------            ] 2055 of 3000 complete in 94.0 sec
[-----------------68%------            ] 2067 of 3000 complete in 94.5 sec
[-----------------69%------            ] 2078 of 3000 complete in 95.0 sec
[-----------------69%------            ] 2090 of 3000 complete in 95.5 sec
[-----------------70%------            ] 2102 of 3000 complete in 96.0 sec
[-----------------70%------            ] 2114 of 3000 complete in 96.5 sec
[-----------------70%------            ] 2126 of 3000 complete in 97.0 sec
[-----------------71%-------           ] 2138 of 3000 complete in 97.6 sec
[-----------------71%-------           ] 2150 of 3000 complete in 98.1 sec
[-----------------72%-------           ] 2163 of 3000 complete in 98.6 sec
[-----------------72%-------           ] 2177 of 3000 complete in 99.1 sec
[-----------------72%-------           ] 2189 of 3000 complete in 99.7 sec
[-----------------73%-------           ] 2202 of 3000 complete in 100.2 sec
[-----------------73%--------          ] 2214 of 3000 complete in 100.7 sec
[-----------------74%--------          ] 2225 of 3000 complete in 101.2 sec
[-----------------74%--------          ] 2235 of 3000 complete in 101.7 sec
[-----------------74%--------          ] 2246 of 3000 complete in 102.2 sec
[-----------------75%--------          ] 2257 of 3000 complete in 102.8 sec
[-----------------75%--------          ] 2268 of 3000 complete in 103.3 sec
[-----------------75%--------          ] 2279 of 3000 complete in 103.8 sec
[-----------------76%---------         ] 2290 of 3000 complete in 104.4 sec
[-----------------76%---------         ] 2301 of 3000 complete in 104.9 sec
[-----------------77%---------         ] 2312 of 3000 complete in 105.4 sec
[-----------------77%---------         ] 2323 of 3000 complete in 105.9 sec
[-----------------77%---------         ] 2335 of 3000 complete in 106.4 sec
[-----------------78%---------         ] 2347 of 3000 complete in 106.9 sec
[-----------------78%---------         ] 2361 of 3000 complete in 107.5 sec
[-----------------79%----------        ] 2374 of 3000 complete in 108.0 sec
[-----------------79%----------        ] 2387 of 3000 complete in 108.5 sec
[-----------------80%----------        ] 2400 of 3000 complete in 109.0 sec
[-----------------80%----------        ] 2413 of 3000 complete in 109.6 sec
[-----------------80%----------        ] 2425 of 3000 complete in 110.1 sec
[-----------------81%----------        ] 2438 of 3000 complete in 110.6 sec
[-----------------81%-----------       ] 2450 of 3000 complete in 111.1 sec
[-----------------82%-----------       ] 2461 of 3000 complete in 111.6 sec
[-----------------82%-----------       ] 2473 of 3000 complete in 112.2 sec
[-----------------82%-----------       ] 2485 of 3000 complete in 112.7 sec
[-----------------83%-----------       ] 2498 of 3000 complete in 113.2 sec
[-----------------83%-----------       ] 2510 of 3000 complete in 113.7 sec
[-----------------84%-----------       ] 2522 of 3000 complete in 114.3 sec
[-----------------84%------------      ] 2535 of 3000 complete in 114.8 sec
[-----------------84%------------      ] 2548 of 3000 complete in 115.3 sec
[-----------------85%------------      ] 2561 of 3000 complete in 115.8 sec
[-----------------85%------------      ] 2573 of 3000 complete in 116.3 sec
[-----------------86%------------      ] 2586 of 3000 complete in 116.8 sec
[-----------------86%------------      ] 2598 of 3000 complete in 117.4 sec
[-----------------87%-------------     ] 2611 of 3000 complete in 117.9 sec
[-----------------87%-------------     ] 2624 of 3000 complete in 118.4 sec
[-----------------87%-------------     ] 2637 of 3000 complete in 119.0 sec
[-----------------88%-------------     ] 2649 of 3000 complete in 119.5 sec
[-----------------88%-------------     ] 2661 of 3000 complete in 120.0 sec
[-----------------89%-------------     ] 2673 of 3000 complete in 120.5 sec
[-----------------89%--------------    ] 2685 of 3000 complete in 121.0 sec
[-----------------89%--------------    ] 2697 of 3000 complete in 121.5 sec
[-----------------90%--------------    ] 2709 of 3000 complete in 122.1 sec
[-----------------90%--------------    ] 2721 of 3000 complete in 122.6 sec
[-----------------91%--------------    ] 2733 of 3000 complete in 123.1 sec
[-----------------91%--------------    ] 2744 of 3000 complete in 123.6 sec
[-----------------91%--------------    ] 2757 of 3000 complete in 124.2 sec
[-----------------92%---------------   ] 2768 of 3000 complete in 124.7 sec
[-----------------92%---------------   ] 2780 of 3000 complete in 125.2 sec
[-----------------93%---------------   ] 2793 of 3000 complete in 125.7 sec
[-----------------93%---------------   ] 2804 of 3000 complete in 126.2 sec
[-----------------93%---------------   ] 2816 of 3000 complete in 126.7 sec
[-----------------94%---------------   ] 2828 of 3000 complete in 127.3 sec
[-----------------94%---------------   ] 2841 of 3000 complete in 127.8 sec
[-----------------95%----------------  ] 2853 of 3000 complete in 128.3 sec
[-----------------95%----------------  ] 2864 of 3000 complete in 128.8 sec
[-----------------95%----------------  ] 2877 of 3000 complete in 129.4 sec
[-----------------96%----------------  ] 2889 of 3000 complete in 129.9 sec
[-----------------96%----------------  ] 2901 of 3000 complete in 130.4 sec
[-----------------97%----------------  ] 2914 of 3000 complete in 130.9 sec
[-----------------97%----------------- ] 2927 of 3000 complete in 131.4 sec
[-----------------97%----------------- ] 2939 of 3000 complete in 131.9 sec
[-----------------98%----------------- ] 2952 of 3000 complete in 132.5 sec
[-----------------98%----------------- ] 2965 of 3000 complete in 133.0 sec
[-----------------99%----------------- ] 2978 of 3000 complete in 133.5 sec
[-----------------99%----------------- ] 2990 of 3000 complete in 134.0 sec
[-----------------100%-----------------] 3000 of 3000 complete in 134.5 sec
hddm sampling elpased time:  134.568 s
[fit_one_hddm] 完成 curve05_rep1_drop（2.2 分钟）→ /home/jovyan/work/2_Data/Generate_Data/TenRules_Revision_20260912/param_recovery/fits/drop
