[fit_one_hddm] curve10_rep1_drop: 12 被试 / 2802 试次 / omission=0.000 / p_outlier=0.05
[fit_one_hddm] 设置 z 默认值失败（忽略）：'z'
No model attribute --> setting up standard HDDM
Set model to ddm
[                  0%                  ] 11 of 3000 complete in 0.5 sec
[                  0%                  ] 25 of 3000 complete in 1.0 sec
[                  1%                  ] 38 of 3000 complete in 1.6 sec
[                  1%                  ] 51 of 3000 complete in 2.1 sec
[                  2%                  ] 64 of 3000 complete in 2.6 sec
[                  2%                  ] 77 of 3000 complete in 3.2 sec
[-                 2%                  ] 89 of 3000 complete in 3.7 sec
[-                 3%                  ] 102 of 3000 complete in 4.2 sec
[-                 3%                  ] 115 of 3000 complete in 4.7 sec
[-                 4%                  ] 127 of 3000 complete in 5.3 sec
[-                 4%                  ] 141 of 3000 complete in 5.8 sec
[-                 5%                  ] 154 of 3000 complete in 6.3 sec
[--                5%                  ] 168 of 3000 complete in 6.8 sec
[--                6%                  ] 182 of 3000 complete in 7.4 sec
[--                6%                  ] 195 of 3000 complete in 7.9 sec
[--                6%                  ] 207 of 3000 complete in 8.4 sec
[--                7%                  ] 218 of 3000 complete in 8.9 sec
[--                7%                  ] 229 of 3000 complete in 9.4 sec
[---               8%                  ] 241 of 3000 complete in 10.0 sec
[---               8%                  ] 252 of 3000 complete in 10.5 sec
[---               8%                  ] 263 of 3000 complete in 11.0 sec
[---               9%                  ] 273 of 3000 complete in 11.5 sec
[---               9%                  ] 285 of 3000 complete in 12.1 sec
[---               9%                  ] 297 of 3000 complete in 12.6 sec
[---              10%                  ] 309 of 3000 complete in 13.2 sec
[----             10%                  ] 320 of 3000 complete in 13.7 sec
[----             11%                  ] 330 of 3000 complete in 14.2 sec
[----             11%                  ] 340 of 3000 complete in 14.7 sec
[----             11%                  ] 350 of 3000 complete in 15.3 sec
[----             12%                  ] 361 of 3000 complete in 15.8 sec
[----             12%                  ] 373 of 3000 complete in 16.3 sec
[----             12%                  ] 385 of 3000 complete in 16.8 sec
[-----            13%                  ] 397 of 3000 complete in 17.4 sec
[-----            13%                  ] 409 of 3000 complete in 17.9 sec
[-----            14%                  ] 421 of 3000 complete in 18.4 sec
[-----            14%                  ] 433 of 3000 complete in 18.9 sec
[-----            14%                  ] 446 of 3000 complete in 19.4 sec
[-----            15%                  ] 459 of 3000 complete in 19.9 sec
[-----            15%                  ] 472 of 3000 complete in 20.4 sec
[------           16%                  ] 486 of 3000 complete in 21.0 sec
[------           16%                  ] 500 of 3000 complete in 21.5 sec
[------           17%                  ] 513 of 3000 complete in 22.0 sec
[------           17%                  ] 526 of 3000 complete in 22.5 sec
[------           17%                  ] 538 of 3000 complete in 23.1 sec
[------           18%                  ] 550 of 3000 complete in 23.6 sec
[-------          18%                  ] 563 of 3000 complete in 24.1 sec
[-------          19%                  ] 574 of 3000 complete in 24.7 sec
[-------          19%                  ] 586 of 3000 complete in 25.2 sec
[-------          20%                  ] 600 of 3000 complete in 25.7 sec
[-------          20%                  ] 613 of 3000 complete in 26.2 sec
[-------          20%                  ] 627 of 3000 complete in 26.7 sec
[--------         21%                  ] 640 of 3000 complete in 27.3 sec
[--------         21%                  ] 653 of 3000 complete in 27.8 sec
[--------         22%                  ] 667 of 3000 complete in 28.3 sec
[--------         22%                  ] 680 of 3000 complete in 28.9 sec
[--------         23%                  ] 693 of 3000 complete in 29.4 sec
[--------         23%                  ] 706 of 3000 complete in 29.9 sec
[---------        23%                  ] 719 of 3000 complete in 30.4 sec
[---------        24%                  ] 731 of 3000 complete in 30.9 sec
[---------        24%                  ] 744 of 3000 complete in 31.4 sec
[---------        25%                  ] 757 of 3000 complete in 32.0 sec
[---------        25%                  ] 769 of 3000 complete in 32.5 sec
[---------        26%                  ] 783 of 3000 complete in 33.0 sec
[----------       26%                  ] 797 of 3000 complete in 33.6 sec
[----------       27%                  ] 811 of 3000 complete in 34.1 sec
[----------       27%                  ] 823 of 3000 complete in 34.6 sec
[----------       27%                  ] 836 of 3000 complete in 35.1 sec
[----------       28%                  ] 848 of 3000 complete in 35.6 sec
[----------       28%                  ] 861 of 3000 complete in 36.2 sec
[-----------      29%                  ] 874 of 3000 complete in 36.7 sec
[-----------      29%                  ] 886 of 3000 complete in 37.2 sec
[-----------      29%                  ] 899 of 3000 complete in 37.8 sec
[-----------      30%                  ] 912 of 3000 complete in 38.3 sec
[-----------      30%                  ] 924 of 3000 complete in 38.8 sec
[-----------      31%                  ] 936 of 3000 complete in 39.3 sec
[------------     31%                  ] 948 of 3000 complete in 39.8 sec
[------------     32%                  ] 961 of 3000 complete in 40.4 sec
[------------     32%                  ] 973 of 3000 complete in 40.9 sec
[------------     32%                  ] 985 of 3000 complete in 41.4 sec
[------------     33%                  ] 997 of 3000 complete in 42.0 sec
[------------     33%                  ] 1008 of 3000 complete in 42.5 sec
[------------     33%                  ] 1018 of 3000 complete in 43.1 sec
[-------------    34%                  ] 1028 of 3000 complete in 43.6 sec
[-------------    34%                  ] 1040 of 3000 complete in 44.1 sec
[-------------    35%                  ] 1053 of 3000 complete in 44.6 sec
[-------------    35%                  ] 1065 of 3000 complete in 45.2 sec
[-------------    35%                  ] 1077 of 3000 complete in 45.7 sec
[-------------    36%                  ] 1089 of 3000 complete in 46.2 sec
[-------------    36%                  ] 1102 of 3000 complete in 46.7 sec
[--------------   37%                  ] 1114 of 3000 complete in 47.2 sec
[--------------   37%                  ] 1127 of 3000 complete in 47.7 sec
[--------------   37%                  ] 1139 of 3000 complete in 48.2 sec
[--------------   38%                  ] 1153 of 3000 complete in 48.8 sec
[--------------   38%                  ] 1166 of 3000 complete in 49.3 sec
[--------------   39%                  ] 1178 of 3000 complete in 49.8 sec
[---------------  39%                  ] 1190 of 3000 complete in 50.3 sec
[---------------  40%                  ] 1202 of 3000 complete in 50.8 sec
[---------------  40%                  ] 1213 of 3000 complete in 51.3 sec
[---------------  40%                  ] 1224 of 3000 complete in 51.8 sec
[---------------  41%                  ] 1235 of 3000 complete in 52.3 sec
[---------------  41%                  ] 1247 of 3000 complete in 52.9 sec
[---------------  42%                  ] 1260 of 3000 complete in 53.4 sec
[---------------- 42%                  ] 1273 of 3000 complete in 53.9 sec
[---------------- 42%                  ] 1285 of 3000 complete in 54.4 sec
[---------------- 43%                  ] 1297 of 3000 complete in 55.0 sec
[---------------- 43%                  ] 1309 of 3000 complete in 55.5 sec
[---------------- 44%                  ] 1321 of 3000 complete in 56.0 sec
[---------------- 44%                  ] 1332 of 3000 complete in 56.5 sec
[-----------------44%                  ] 1344 of 3000 complete in 57.0 sec
[-----------------45%                  ] 1356 of 3000 complete in 57.5 sec
[-----------------45%                  ] 1368 of 3000 complete in 58.0 sec
[-----------------46%                  ] 1380 of 3000 complete in 58.6 sec
[-----------------46%                  ] 1390 of 3000 complete in 59.1 sec
[-----------------46%                  ] 1401 of 3000 complete in 59.6 sec
[-----------------47%                  ] 1412 of 3000 complete in 60.1 sec
[-----------------47%                  ] 1423 of 3000 complete in 60.7 sec
[-----------------47%                  ] 1433 of 3000 complete in 61.2 sec
[-----------------48%                  ] 1443 of 3000 complete in 61.7 sec
[-----------------48%                  ] 1454 of 3000 complete in 62.2 sec
[-----------------48%                  ] 1464 of 3000 complete in 62.8 sec
[-----------------49%                  ] 1474 of 3000 complete in 63.3 sec
[-----------------49%                  ] 1484 of 3000 complete in 63.8 sec
[-----------------49%                  ] 1494 of 3000 complete in 64.3 sec
[-----------------50%                  ] 1504 of 3000 complete in 64.8 sec
[-----------------50%                  ] 1514 of 3000 complete in 65.3 sec
[-----------------50%                  ] 1524 of 3000 complete in 65.8 sec
[-----------------51%                  ] 1534 of 3000 complete in 66.4 sec
[-----------------51%                  ] 1545 of 3000 complete in 66.9 sec
[-----------------51%                  ] 1556 of 3000 complete in 67.4 sec
[-----------------52%                  ] 1567 of 3000 complete in 68.0 sec
[-----------------52%                  ] 1579 of 3000 complete in 68.5 sec
[-----------------53%                  ] 1591 of 3000 complete in 69.0 sec
[-----------------53%                  ] 1603 of 3000 complete in 69.6 sec
[-----------------53%                  ] 1615 of 3000 complete in 70.1 sec
[-----------------54%                  ] 1628 of 3000 complete in 70.6 sec
[-----------------54%                  ] 1641 of 3000 complete in 71.1 sec
[-----------------55%                  ] 1653 of 3000 complete in 71.6 sec
[-----------------55%-                 ] 1664 of 3000 complete in 72.2 sec
[-----------------55%-                 ] 1674 of 3000 complete in 72.7 sec
[-----------------56%-                 ] 1685 of 3000 complete in 73.2 sec
[-----------------56%-                 ] 1697 of 3000 complete in 73.7 sec
[-----------------56%-                 ] 1709 of 3000 complete in 74.3 sec
[-----------------57%-                 ] 1721 of 3000 complete in 74.8 sec
[-----------------57%-                 ] 1733 of 3000 complete in 75.3 sec
[-----------------58%--                ] 1746 of 3000 complete in 75.8 sec
[-----------------58%--                ] 1759 of 3000 complete in 76.4 sec
[-----------------59%--                ] 1772 of 3000 complete in 76.9 sec
[-----------------59%--                ] 1784 of 3000 complete in 77.4 sec
[-----------------59%--                ] 1796 of 3000 complete in 77.9 sec
[-----------------60%--                ] 1808 of 3000 complete in 78.4 sec
[-----------------60%---               ] 1821 of 3000 complete in 79.0 sec
[-----------------61%---               ] 1834 of 3000 complete in 79.5 sec
[-----------------61%---               ] 1847 of 3000 complete in 80.0 sec
[-----------------62%---               ] 1860 of 3000 complete in 80.5 sec
[-----------------62%---               ] 1872 of 3000 complete in 81.0 sec
[-----------------62%---               ] 1884 of 3000 complete in 81.6 sec
[-----------------63%----              ] 1897 of 3000 complete in 82.1 sec
[-----------------63%----              ] 1910 of 3000 complete in 82.6 sec
[-----------------64%----              ] 1921 of 3000 complete in 83.1 sec
[-----------------64%----              ] 1932 of 3000 complete in 83.6 sec
[-----------------64%----              ] 1944 of 3000 complete in 84.1 sec
[-----------------65%----              ] 1957 of 3000 complete in 84.7 sec
[-----------------65%----              ] 1969 of 3000 complete in 85.2 sec
[-----------------66%-----             ] 1981 of 3000 complete in 85.7 sec
[-----------------66%-----             ] 1993 of 3000 complete in 86.2 sec
[-----------------66%-----             ] 2005 of 3000 complete in 86.8 sec
[-----------------67%-----             ] 2017 of 3000 complete in 87.3 sec
[-----------------67%-----             ] 2028 of 3000 complete in 87.8 sec
[-----------------67%-----             ] 2039 of 3000 complete in 88.4 sec
[-----------------68%-----             ] 2050 of 3000 complete in 88.9 sec
[-----------------68%------            ] 2062 of 3000 complete in 89.4 sec
[-----------------69%------            ] 2073 of 3000 complete in 89.9 sec
[-----------------69%------            ] 2084 of 3000 complete in 90.5 sec
[-----------------69%------            ] 2096 of 3000 complete in 91.0 sec
[-----------------70%------            ] 2108 of 3000 complete in 91.6 sec
[-----------------70%------            ] 2119 of 3000 complete in 92.1 sec
[-----------------71%------            ] 2130 of 3000 complete in 92.6 sec
[-----------------71%-------           ] 2141 of 3000 complete in 93.1 sec
[-----------------71%-------           ] 2153 of 3000 complete in 93.6 sec
[-----------------72%-------           ] 2166 of 3000 complete in 94.1 sec
[-----------------72%-------           ] 2178 of 3000 complete in 94.6 sec
[-----------------73%-------           ] 2191 of 3000 complete in 95.2 sec
[-----------------73%-------           ] 2204 of 3000 complete in 95.7 sec
[-----------------73%--------          ] 2218 of 3000 complete in 96.2 sec
[-----------------74%--------          ] 2231 of 3000 complete in 96.7 sec
[-----------------74%--------          ] 2245 of 3000 complete in 97.3 sec
[-----------------75%--------          ] 2259 of 3000 complete in 97.8 sec
[-----------------75%--------          ] 2272 of 3000 complete in 98.3 sec
[-----------------76%--------          ] 2285 of 3000 complete in 98.8 sec
[-----------------76%---------         ] 2298 of 3000 complete in 99.4 sec
[-----------------77%---------         ] 2311 of 3000 complete in 99.9 sec
[-----------------77%---------         ] 2324 of 3000 complete in 100.4 sec
[-----------------77%---------         ] 2338 of 3000 complete in 100.9 sec
[-----------------78%---------         ] 2350 of 3000 complete in 101.5 sec
[-----------------78%---------         ] 2362 of 3000 complete in 102.0 sec
[-----------------79%----------        ] 2373 of 3000 complete in 102.5 sec
[-----------------79%----------        ] 2385 of 3000 complete in 103.0 sec
[-----------------79%----------        ] 2397 of 3000 complete in 103.5 sec
[-----------------80%----------        ] 2409 of 3000 complete in 104.0 sec
[-----------------80%----------        ] 2422 of 3000 complete in 104.6 sec
[-----------------81%----------        ] 2434 of 3000 complete in 105.1 sec
[-----------------81%----------        ] 2446 of 3000 complete in 105.6 sec
[-----------------81%-----------       ] 2459 of 3000 complete in 106.1 sec
[-----------------82%-----------       ] 2471 of 3000 complete in 106.6 sec
[-----------------82%-----------       ] 2483 of 3000 complete in 107.2 sec
[-----------------83%-----------       ] 2496 of 3000 complete in 107.7 sec
[-----------------83%-----------       ] 2509 of 3000 complete in 108.2 sec
[-----------------84%-----------       ] 2522 of 3000 complete in 108.7 sec
[-----------------84%------------      ] 2533 of 3000 complete in 109.2 sec
[-----------------84%------------      ] 2544 of 3000 complete in 109.7 sec
[-----------------85%------------      ] 2555 of 3000 complete in 110.3 sec
[-----------------85%------------      ] 2566 of 3000 complete in 110.8 sec
[-----------------85%------------      ] 2577 of 3000 complete in 111.3 sec
[-----------------86%------------      ] 2588 of 3000 complete in 111.9 sec
[-----------------86%------------      ] 2598 of 3000 complete in 112.4 sec
[-----------------86%-------------     ] 2608 of 3000 complete in 112.9 sec
[-----------------87%-------------     ] 2618 of 3000 complete in 113.4 sec
[-----------------87%-------------     ] 2629 of 3000 complete in 113.9 sec
[-----------------88%-------------     ] 2641 of 3000 complete in 114.5 sec
[-----------------88%-------------     ] 2652 of 3000 complete in 115.0 sec
[-----------------88%-------------     ] 2662 of 3000 complete in 115.5 sec
[-----------------89%-------------     ] 2673 of 3000 complete in 116.0 sec
[-----------------89%--------------    ] 2685 of 3000 complete in 116.5 sec
[-----------------89%--------------    ] 2697 of 3000 complete in 117.1 sec
[-----------------90%--------------    ] 2708 of 3000 complete in 117.6 sec
[-----------------90%--------------    ] 2720 of 3000 complete in 118.1 sec
[-----------------91%--------------    ] 2732 of 3000 complete in 118.6 sec
[-----------------91%--------------    ] 2744 of 3000 complete in 119.2 sec
[-----------------91%--------------    ] 2756 of 3000 complete in 119.7 sec
[-----------------92%---------------   ] 2767 of 3000 complete in 120.2 sec
[-----------------92%---------------   ] 2778 of 3000 complete in 120.7 sec
[-----------------92%---------------   ] 2789 of 3000 complete in 121.2 sec
[-----------------93%---------------   ] 2800 of 3000 complete in 121.7 sec
[-----------------93%---------------   ] 2812 of 3000 complete in 122.2 sec
[-----------------94%---------------   ] 2824 of 3000 complete in 122.7 sec
[-----------------94%---------------   ] 2836 of 3000 complete in 123.2 sec
[-----------------94%----------------  ] 2848 of 3000 complete in 123.8 sec
[-----------------95%----------------  ] 2860 of 3000 complete in 124.3 sec
[-----------------95%----------------  ] 2873 of 3000 complete in 124.8 sec
[-----------------96%----------------  ] 2886 of 3000 complete in 125.3 sec
[-----------------96%----------------  ] 2898 of 3000 complete in 125.8 sec
[-----------------97%----------------  ] 2911 of 3000 complete in 126.4 sec
[-----------------97%----------------- ] 2922 of 3000 complete in 126.9 sec
[-----------------97%----------------- ] 2934 of 3000 complete in 127.4 sec
[-----------------98%----------------- ] 2946 of 3000 complete in 127.9 sec
[-----------------98%----------------- ] 2958 of 3000 complete in 128.5 sec
[-----------------99%----------------- ] 2970 of 3000 complete in 129.0 sec
[-----------------99%----------------- ] 2982 of 3000 complete in 129.5 sec
[-----------------99%----------------- ] 2994 of 3000 complete in 130.0 sec
[-----------------100%-----------------] 3000 of 3000 complete in 130.3 sec
hddm sampling elpased time:  130.424 s
[fit_one_hddm] 完成 curve10_rep1_drop（2.2 分钟）→ /home/jovyan/work/2_Data/Generate_Data/TenRules_Revision_20260912/param_recovery/fits/drop
