[fit_one_hddm] curve50_rep1_drop: 12 被试 / 1546 试次 / omission=0.000 / p_outlier=0.05
[fit_one_hddm] 设置 z 默认值失败（忽略）：'z'
No model attribute --> setting up standard HDDM
Set model to ddm
[                  0%                  ] 13 of 3000 complete in 0.5 sec
[                  0%                  ] 28 of 3000 complete in 1.0 sec
[                  1%                  ] 43 of 3000 complete in 1.6 sec
[                  1%                  ] 56 of 3000 complete in 2.1 sec
[                  2%                  ] 68 of 3000 complete in 2.6 sec
[-                 2%                  ] 79 of 3000 complete in 3.1 sec
[-                 3%                  ] 90 of 3000 complete in 3.6 sec
[-                 3%                  ] 101 of 3000 complete in 4.1 sec
[-                 3%                  ] 111 of 3000 complete in 4.7 sec
[-                 4%                  ] 120 of 3000 complete in 5.2 sec
[-                 4%                  ] 129 of 3000 complete in 5.8 sec
[-                 4%                  ] 137 of 3000 complete in 6.3 sec
[-                 4%                  ] 145 of 3000 complete in 6.8 sec
[-                 5%                  ] 154 of 3000 complete in 7.3 sec
[--                5%                  ] 164 of 3000 complete in 7.9 sec
[--                5%                  ] 175 of 3000 complete in 8.4 sec
[--                6%                  ] 187 of 3000 complete in 8.9 sec
[--                6%                  ] 200 of 3000 complete in 9.4 sec
[--                7%                  ] 213 of 3000 complete in 9.9 sec
[--                7%                  ] 225 of 3000 complete in 10.5 sec
[---               7%                  ] 238 of 3000 complete in 11.0 sec
[---               8%                  ] 250 of 3000 complete in 11.5 sec
[---               8%                  ] 263 of 3000 complete in 12.0 sec
[---               9%                  ] 276 of 3000 complete in 12.5 sec
[---               9%                  ] 290 of 3000 complete in 13.1 sec
[---              10%                  ] 304 of 3000 complete in 13.6 sec
[----             10%                  ] 317 of 3000 complete in 14.1 sec
[----             11%                  ] 331 of 3000 complete in 14.6 sec
[----             11%                  ] 343 of 3000 complete in 15.1 sec
[----             11%                  ] 356 of 3000 complete in 15.7 sec
[----             12%                  ] 368 of 3000 complete in 16.2 sec
[----             12%                  ] 380 of 3000 complete in 16.7 sec
[----             13%                  ] 394 of 3000 complete in 17.2 sec
[-----            13%                  ] 408 of 3000 complete in 17.7 sec
[-----            14%                  ] 422 of 3000 complete in 18.2 sec
[-----            14%                  ] 435 of 3000 complete in 18.7 sec
[-----            14%                  ] 448 of 3000 complete in 19.3 sec
[-----            15%                  ] 460 of 3000 complete in 19.8 sec
[-----            15%                  ] 472 of 3000 complete in 20.3 sec
[------           16%                  ] 484 of 3000 complete in 20.8 sec
[------           16%                  ] 496 of 3000 complete in 21.4 sec
[------           16%                  ] 509 of 3000 complete in 21.9 sec
[------           17%                  ] 523 of 3000 complete in 22.4 sec
[------           17%                  ] 537 of 3000 complete in 22.9 sec
[------           18%                  ] 549 of 3000 complete in 23.4 sec
[-------          18%                  ] 562 of 3000 complete in 24.0 sec
[-------          19%                  ] 576 of 3000 complete in 24.5 sec
[-------          19%                  ] 590 of 3000 complete in 25.0 sec
[-------          20%                  ] 604 of 3000 complete in 25.5 sec
[-------          20%                  ] 618 of 3000 complete in 26.0 sec
[--------         21%                  ] 632 of 3000 complete in 26.6 sec
[--------         21%                  ] 647 of 3000 complete in 27.1 sec
[--------         22%                  ] 662 of 3000 complete in 27.6 sec
[--------         22%                  ] 676 of 3000 complete in 28.1 sec
[--------         23%                  ] 692 of 3000 complete in 28.7 sec
[--------         23%                  ] 707 of 3000 complete in 29.2 sec
[---------        24%                  ] 723 of 3000 complete in 29.7 sec
[---------        24%                  ] 737 of 3000 complete in 30.2 sec
[---------        25%                  ] 751 of 3000 complete in 30.7 sec
[---------        25%                  ] 766 of 3000 complete in 31.3 sec
[---------        26%                  ] 781 of 3000 complete in 31.8 sec
[----------       26%                  ] 795 of 3000 complete in 32.3 sec
[----------       27%                  ] 810 of 3000 complete in 32.8 sec
[----------       27%                  ] 825 of 3000 complete in 33.3 sec
[----------       28%                  ] 840 of 3000 complete in 33.9 sec
[----------       28%                  ] 854 of 3000 complete in 34.4 sec
[----------       28%                  ] 868 of 3000 complete in 34.9 sec
[-----------      29%                  ] 882 of 3000 complete in 35.4 sec
[-----------      29%                  ] 895 of 3000 complete in 35.9 sec
[-----------      30%                  ] 909 of 3000 complete in 36.4 sec
[-----------      30%                  ] 922 of 3000 complete in 37.0 sec
[-----------      31%                  ] 936 of 3000 complete in 37.5 sec
[------------     31%                  ] 950 of 3000 complete in 38.0 sec
[------------     32%                  ] 964 of 3000 complete in 38.6 sec
[------------     32%                  ] 977 of 3000 complete in 39.1 sec
[------------     33%                  ] 990 of 3000 complete in 39.6 sec
[------------     33%                  ] 1004 of 3000 complete in 40.1 sec
[------------     33%                  ] 1017 of 3000 complete in 40.6 sec
[-------------    34%                  ] 1030 of 3000 complete in 41.1 sec
[-------------    34%                  ] 1043 of 3000 complete in 41.6 sec
[-------------    35%                  ] 1056 of 3000 complete in 42.2 sec
[-------------    35%                  ] 1069 of 3000 complete in 42.7 sec
[-------------    36%                  ] 1082 of 3000 complete in 43.2 sec
[-------------    36%                  ] 1094 of 3000 complete in 43.7 sec
[-------------    36%                  ] 1105 of 3000 complete in 44.2 sec
[--------------   37%                  ] 1117 of 3000 complete in 44.7 sec
[--------------   37%                  ] 1129 of 3000 complete in 45.2 sec
[--------------   38%                  ] 1143 of 3000 complete in 45.8 sec
[--------------   38%                  ] 1157 of 3000 complete in 46.3 sec
[--------------   39%                  ] 1171 of 3000 complete in 46.8 sec
[--------------   39%                  ] 1184 of 3000 complete in 47.3 sec
[---------------  39%                  ] 1198 of 3000 complete in 47.8 sec
[---------------  40%                  ] 1210 of 3000 complete in 48.3 sec
[---------------  40%                  ] 1223 of 3000 complete in 48.9 sec
[---------------  41%                  ] 1235 of 3000 complete in 49.4 sec
[---------------  41%                  ] 1249 of 3000 complete in 49.9 sec
[---------------  42%                  ] 1262 of 3000 complete in 50.4 sec
[---------------- 42%                  ] 1275 of 3000 complete in 50.9 sec
[---------------- 42%                  ] 1287 of 3000 complete in 51.5 sec
[---------------- 43%                  ] 1299 of 3000 complete in 52.0 sec
[---------------- 43%                  ] 1309 of 3000 complete in 52.5 sec
[---------------- 44%                  ] 1320 of 3000 complete in 53.0 sec
[---------------- 44%                  ] 1331 of 3000 complete in 53.5 sec
[---------------- 44%                  ] 1342 of 3000 complete in 54.1 sec
[-----------------45%                  ] 1353 of 3000 complete in 54.6 sec
[-----------------45%                  ] 1365 of 3000 complete in 55.1 sec
[-----------------45%                  ] 1378 of 3000 complete in 55.6 sec
[-----------------46%                  ] 1390 of 3000 complete in 56.2 sec
[-----------------46%                  ] 1403 of 3000 complete in 56.7 sec
[-----------------47%                  ] 1416 of 3000 complete in 57.2 sec
[-----------------47%                  ] 1429 of 3000 complete in 57.7 sec
[-----------------48%                  ] 1441 of 3000 complete in 58.2 sec
[-----------------48%                  ] 1453 of 3000 complete in 58.8 sec
[-----------------48%                  ] 1466 of 3000 complete in 59.3 sec
[-----------------49%                  ] 1477 of 3000 complete in 59.8 sec
[-----------------49%                  ] 1487 of 3000 complete in 60.3 sec
[-----------------49%                  ] 1498 of 3000 complete in 60.8 sec
[-----------------50%                  ] 1509 of 3000 complete in 61.4 sec
[-----------------50%                  ] 1521 of 3000 complete in 61.9 sec
[-----------------51%                  ] 1534 of 3000 complete in 62.4 sec
[-----------------51%                  ] 1548 of 3000 complete in 62.9 sec
[-----------------52%                  ] 1561 of 3000 complete in 63.5 sec
[-----------------52%                  ] 1572 of 3000 complete in 64.0 sec
[-----------------52%                  ] 1583 of 3000 complete in 64.5 sec
[-----------------53%                  ] 1594 of 3000 complete in 65.0 sec
[-----------------53%                  ] 1605 of 3000 complete in 65.5 sec
[-----------------53%                  ] 1616 of 3000 complete in 66.0 sec
[-----------------54%                  ] 1629 of 3000 complete in 66.5 sec
[-----------------54%                  ] 1642 of 3000 complete in 67.1 sec
[-----------------55%                  ] 1656 of 3000 complete in 67.6 sec
[-----------------55%-                 ] 1669 of 3000 complete in 68.1 sec
[-----------------56%-                 ] 1682 of 3000 complete in 68.6 sec
[-----------------56%-                 ] 1696 of 3000 complete in 69.1 sec
[-----------------56%-                 ] 1709 of 3000 complete in 69.6 sec
[-----------------57%-                 ] 1721 of 3000 complete in 70.2 sec
[-----------------57%-                 ] 1735 of 3000 complete in 70.7 sec
[-----------------58%--                ] 1749 of 3000 complete in 71.2 sec
[-----------------58%--                ] 1762 of 3000 complete in 71.7 sec
[-----------------59%--                ] 1777 of 3000 complete in 72.2 sec
[-----------------59%--                ] 1791 of 3000 complete in 72.7 sec
[-----------------60%--                ] 1806 of 3000 complete in 73.3 sec
[-----------------60%---               ] 1819 of 3000 complete in 73.8 sec
[-----------------61%---               ] 1832 of 3000 complete in 74.3 sec
[-----------------61%---               ] 1846 of 3000 complete in 74.8 sec
[-----------------62%---               ] 1861 of 3000 complete in 75.4 sec
[-----------------62%---               ] 1875 of 3000 complete in 75.9 sec
[-----------------62%---               ] 1888 of 3000 complete in 76.4 sec
[-----------------63%----              ] 1902 of 3000 complete in 76.9 sec
[-----------------63%----              ] 1916 of 3000 complete in 77.5 sec
[-----------------64%----              ] 1930 of 3000 complete in 78.0 sec
[-----------------64%----              ] 1945 of 3000 complete in 78.5 sec
[-----------------65%----              ] 1960 of 3000 complete in 79.0 sec
[-----------------65%----              ] 1973 of 3000 complete in 79.5 sec
[-----------------66%-----             ] 1987 of 3000 complete in 80.1 sec
[-----------------66%-----             ] 2001 of 3000 complete in 80.6 sec
[-----------------67%-----             ] 2015 of 3000 complete in 81.1 sec
[-----------------67%-----             ] 2029 of 3000 complete in 81.6 sec
[-----------------68%-----             ] 2042 of 3000 complete in 82.1 sec
[-----------------68%------            ] 2055 of 3000 complete in 82.6 sec
[-----------------68%------            ] 2069 of 3000 complete in 83.2 sec
[-----------------69%------            ] 2084 of 3000 complete in 83.7 sec
[-----------------69%------            ] 2099 of 3000 complete in 84.2 sec
[-----------------70%------            ] 2113 of 3000 complete in 84.7 sec
[-----------------70%------            ] 2126 of 3000 complete in 85.3 sec
[-----------------71%-------           ] 2140 of 3000 complete in 85.8 sec
[-----------------71%-------           ] 2152 of 3000 complete in 86.3 sec
[-----------------72%-------           ] 2164 of 3000 complete in 86.8 sec
[-----------------72%-------           ] 2177 of 3000 complete in 87.3 sec
[-----------------73%-------           ] 2190 of 3000 complete in 87.8 sec
[-----------------73%-------           ] 2204 of 3000 complete in 88.3 sec
[-----------------73%--------          ] 2218 of 3000 complete in 88.8 sec
[-----------------74%--------          ] 2233 of 3000 complete in 89.4 sec
[-----------------74%--------          ] 2248 of 3000 complete in 89.9 sec
[-----------------75%--------          ] 2262 of 3000 complete in 90.4 sec
[-----------------75%--------          ] 2276 of 3000 complete in 90.9 sec
[-----------------76%---------         ] 2291 of 3000 complete in 91.4 sec
[-----------------76%---------         ] 2305 of 3000 complete in 92.0 sec
[-----------------77%---------         ] 2317 of 3000 complete in 92.5 sec
[-----------------77%---------         ] 2331 of 3000 complete in 93.0 sec
[-----------------78%---------         ] 2345 of 3000 complete in 93.6 sec
[-----------------78%---------         ] 2360 of 3000 complete in 94.1 sec
[-----------------79%----------        ] 2374 of 3000 complete in 94.6 sec
[-----------------79%----------        ] 2387 of 3000 complete in 95.1 sec
[-----------------79%----------        ] 2399 of 3000 complete in 95.7 sec
[-----------------80%----------        ] 2409 of 3000 complete in 96.2 sec
[-----------------80%----------        ] 2419 of 3000 complete in 96.7 sec
[-----------------80%----------        ] 2429 of 3000 complete in 97.2 sec
[-----------------81%----------        ] 2440 of 3000 complete in 97.7 sec
[-----------------81%-----------       ] 2451 of 3000 complete in 98.3 sec
[-----------------82%-----------       ] 2462 of 3000 complete in 98.8 sec
[-----------------82%-----------       ] 2473 of 3000 complete in 99.3 sec
[-----------------82%-----------       ] 2483 of 3000 complete in 99.8 sec
[-----------------83%-----------       ] 2494 of 3000 complete in 100.4 sec
[-----------------83%-----------       ] 2506 of 3000 complete in 100.9 sec
[-----------------83%-----------       ] 2519 of 3000 complete in 101.4 sec
[-----------------84%------------      ] 2533 of 3000 complete in 102.0 sec
[-----------------84%------------      ] 2546 of 3000 complete in 102.5 sec
[-----------------85%------------      ] 2559 of 3000 complete in 103.0 sec
[-----------------85%------------      ] 2571 of 3000 complete in 103.5 sec
[-----------------86%------------      ] 2584 of 3000 complete in 104.1 sec
[-----------------86%------------      ] 2597 of 3000 complete in 104.6 sec
[-----------------87%-------------     ] 2611 of 3000 complete in 105.1 sec
[-----------------87%-------------     ] 2626 of 3000 complete in 105.6 sec
[-----------------88%-------------     ] 2640 of 3000 complete in 106.2 sec
[-----------------88%-------------     ] 2653 of 3000 complete in 106.7 sec
[-----------------88%-------------     ] 2668 of 3000 complete in 107.2 sec
[-----------------89%-------------     ] 2681 of 3000 complete in 107.7 sec
[-----------------89%--------------    ] 2694 of 3000 complete in 108.2 sec
[-----------------90%--------------    ] 2707 of 3000 complete in 108.7 sec
[-----------------90%--------------    ] 2720 of 3000 complete in 109.3 sec
[-----------------91%--------------    ] 2733 of 3000 complete in 109.8 sec
[-----------------91%--------------    ] 2745 of 3000 complete in 110.3 sec
[-----------------91%--------------    ] 2757 of 3000 complete in 110.9 sec
[-----------------92%---------------   ] 2768 of 3000 complete in 111.4 sec
[-----------------92%---------------   ] 2780 of 3000 complete in 111.9 sec
[-----------------93%---------------   ] 2792 of 3000 complete in 112.4 sec
[-----------------93%---------------   ] 2805 of 3000 complete in 112.9 sec
[-----------------93%---------------   ] 2817 of 3000 complete in 113.5 sec
[-----------------94%---------------   ] 2829 of 3000 complete in 114.0 sec
[-----------------94%---------------   ] 2841 of 3000 complete in 114.5 sec
[-----------------95%----------------  ] 2855 of 3000 complete in 115.0 sec
[-----------------95%----------------  ] 2867 of 3000 complete in 115.5 sec
[-----------------96%----------------  ] 2880 of 3000 complete in 116.1 sec
[-----------------96%----------------  ] 2894 of 3000 complete in 116.6 sec
[-----------------96%----------------  ] 2907 of 3000 complete in 117.1 sec
[-----------------97%----------------  ] 2921 of 3000 complete in 117.6 sec
[-----------------97%----------------- ] 2935 of 3000 complete in 118.1 sec
[-----------------98%----------------- ] 2949 of 3000 complete in 118.6 sec
[-----------------98%----------------- ] 2962 of 3000 complete in 119.1 sec
[-----------------99%----------------- ] 2976 of 3000 complete in 119.7 sec
[-----------------99%----------------- ] 2989 of 3000 complete in 120.2 sec
[-----------------100%-----------------] 3000 of 3000 complete in 120.6 sec
hddm sampling elpased time:  120.73 s
[fit_one_hddm] 完成 curve50_rep1_drop（2.0 分钟）→ /home/jovyan/work/2_Data/Generate_Data/TenRules_Revision_20260912/param_recovery/fits/drop
