[fit_one_hddm] curve35_rep1_drop: 12 被试 / 2033 试次 / omission=0.000 / p_outlier=0.05
[fit_one_hddm] 设置 z 默认值失败（忽略）：'z'
No model attribute --> setting up standard HDDM
Set model to ddm
[                  0%                  ] 12 of 3000 complete in 0.5 sec
[                  0%                  ] 27 of 3000 complete in 1.0 sec
[                  1%                  ] 41 of 3000 complete in 1.5 sec
[                  1%                  ] 55 of 3000 complete in 2.1 sec
[                  2%                  ] 69 of 3000 complete in 2.6 sec
[-                 2%                  ] 84 of 3000 complete in 3.1 sec
[-                 3%                  ] 99 of 3000 complete in 3.6 sec
[-                 3%                  ] 113 of 3000 complete in 4.2 sec
[-                 4%                  ] 127 of 3000 complete in 4.7 sec
[-                 4%                  ] 141 of 3000 complete in 5.2 sec
[-                 5%                  ] 154 of 3000 complete in 5.7 sec
[--                5%                  ] 166 of 3000 complete in 6.2 sec
[--                5%                  ] 177 of 3000 complete in 6.7 sec
[--                6%                  ] 190 of 3000 complete in 7.3 sec
[--                6%                  ] 201 of 3000 complete in 7.8 sec
[--                7%                  ] 212 of 3000 complete in 8.3 sec
[--                7%                  ] 223 of 3000 complete in 8.8 sec
[--                7%                  ] 234 of 3000 complete in 9.4 sec
[---               8%                  ] 245 of 3000 complete in 9.9 sec
[---               8%                  ] 256 of 3000 complete in 10.4 sec
[---               8%                  ] 266 of 3000 complete in 11.0 sec
[---               9%                  ] 276 of 3000 complete in 11.5 sec
[---               9%                  ] 287 of 3000 complete in 12.0 sec
[---               9%                  ] 298 of 3000 complete in 12.5 sec
[---              10%                  ] 309 of 3000 complete in 13.0 sec
[----             10%                  ] 320 of 3000 complete in 13.5 sec
[----             11%                  ] 332 of 3000 complete in 14.0 sec
[----             11%                  ] 344 of 3000 complete in 14.6 sec
[----             11%                  ] 354 of 3000 complete in 15.1 sec
[----             12%                  ] 363 of 3000 complete in 15.6 sec
[----             12%                  ] 372 of 3000 complete in 16.2 sec
[----             12%                  ] 380 of 3000 complete in 16.7 sec
[----             12%                  ] 389 of 3000 complete in 17.2 sec
[-----            13%                  ] 397 of 3000 complete in 17.7 sec
[-----            13%                  ] 406 of 3000 complete in 18.3 sec
[-----            13%                  ] 415 of 3000 complete in 18.8 sec
[-----            14%                  ] 423 of 3000 complete in 19.3 sec
[-----            14%                  ] 432 of 3000 complete in 19.8 sec
[-----            14%                  ] 442 of 3000 complete in 20.4 sec
[-----            15%                  ] 453 of 3000 complete in 20.9 sec
[-----            15%                  ] 464 of 3000 complete in 21.4 sec
[------           15%                  ] 476 of 3000 complete in 21.9 sec
[------           16%                  ] 488 of 3000 complete in 22.5 sec
[------           16%                  ] 499 of 3000 complete in 23.0 sec
[------           17%                  ] 510 of 3000 complete in 23.5 sec
[------           17%                  ] 521 of 3000 complete in 24.0 sec
[------           17%                  ] 531 of 3000 complete in 24.5 sec
[------           18%                  ] 541 of 3000 complete in 25.1 sec
[-------          18%                  ] 553 of 3000 complete in 25.6 sec
[-------          18%                  ] 564 of 3000 complete in 26.1 sec
[-------          19%                  ] 575 of 3000 complete in 26.7 sec
[-------          19%                  ] 586 of 3000 complete in 27.2 sec
[-------          19%                  ] 597 of 3000 complete in 27.7 sec
[-------          20%                  ] 608 of 3000 complete in 28.2 sec
[-------          20%                  ] 619 of 3000 complete in 28.7 sec
[-------          21%                  ] 630 of 3000 complete in 29.2 sec
[--------         21%                  ] 642 of 3000 complete in 29.8 sec
[--------         21%                  ] 653 of 3000 complete in 30.3 sec
[--------         22%                  ] 663 of 3000 complete in 30.8 sec
[--------         22%                  ] 673 of 3000 complete in 31.3 sec
[--------         22%                  ] 684 of 3000 complete in 31.8 sec
[--------         23%                  ] 697 of 3000 complete in 32.4 sec
[--------         23%                  ] 709 of 3000 complete in 32.9 sec
[---------        24%                  ] 723 of 3000 complete in 33.4 sec
[---------        24%                  ] 736 of 3000 complete in 33.9 sec
[---------        24%                  ] 749 of 3000 complete in 34.5 sec
[---------        25%                  ] 761 of 3000 complete in 35.0 sec
[---------        25%                  ] 774 of 3000 complete in 35.5 sec
[---------        26%                  ] 786 of 3000 complete in 36.1 sec
[----------       26%                  ] 799 of 3000 complete in 36.6 sec
[----------       27%                  ] 812 of 3000 complete in 37.1 sec
[----------       27%                  ] 825 of 3000 complete in 37.6 sec
[----------       27%                  ] 839 of 3000 complete in 38.1 sec
[----------       28%                  ] 853 of 3000 complete in 38.6 sec
[----------       28%                  ] 867 of 3000 complete in 39.1 sec
[-----------      29%                  ] 881 of 3000 complete in 39.7 sec
[-----------      29%                  ] 894 of 3000 complete in 40.2 sec
[-----------      30%                  ] 907 of 3000 complete in 40.7 sec
[-----------      30%                  ] 920 of 3000 complete in 41.2 sec
[-----------      31%                  ] 933 of 3000 complete in 41.8 sec
[-----------      31%                  ] 945 of 3000 complete in 42.3 sec
[------------     31%                  ] 957 of 3000 complete in 42.8 sec
[------------     32%                  ] 968 of 3000 complete in 43.4 sec
[------------     32%                  ] 980 of 3000 complete in 43.9 sec
[------------     33%                  ] 991 of 3000 complete in 44.4 sec
[------------     33%                  ] 1003 of 3000 complete in 44.9 sec
[------------     33%                  ] 1017 of 3000 complete in 45.5 sec
[-------------    34%                  ] 1030 of 3000 complete in 46.0 sec
[-------------    34%                  ] 1043 of 3000 complete in 46.5 sec
[-------------    35%                  ] 1056 of 3000 complete in 47.0 sec
[-------------    35%                  ] 1070 of 3000 complete in 47.5 sec
[-------------    36%                  ] 1084 of 3000 complete in 48.1 sec
[-------------    36%                  ] 1097 of 3000 complete in 48.6 sec
[--------------   37%                  ] 1110 of 3000 complete in 49.1 sec
[--------------   37%                  ] 1123 of 3000 complete in 49.6 sec
[--------------   37%                  ] 1134 of 3000 complete in 50.1 sec
[--------------   38%                  ] 1146 of 3000 complete in 50.7 sec
[--------------   38%                  ] 1157 of 3000 complete in 51.2 sec
[--------------   38%                  ] 1169 of 3000 complete in 51.7 sec
[--------------   39%                  ] 1181 of 3000 complete in 52.2 sec
[---------------  39%                  ] 1192 of 3000 complete in 52.8 sec
[---------------  40%                  ] 1204 of 3000 complete in 53.3 sec
[---------------  40%                  ] 1217 of 3000 complete in 53.8 sec
[---------------  41%                  ] 1230 of 3000 complete in 54.3 sec
[---------------  41%                  ] 1244 of 3000 complete in 54.9 sec
[---------------  41%                  ] 1257 of 3000 complete in 55.4 sec
[---------------- 42%                  ] 1270 of 3000 complete in 55.9 sec
[---------------- 42%                  ] 1283 of 3000 complete in 56.4 sec
[---------------- 43%                  ] 1296 of 3000 complete in 56.9 sec
[---------------- 43%                  ] 1309 of 3000 complete in 57.4 sec
[---------------- 44%                  ] 1320 of 3000 complete in 57.9 sec
[---------------- 44%                  ] 1333 of 3000 complete in 58.4 sec
[-----------------44%                  ] 1347 of 3000 complete in 59.0 sec
[-----------------45%                  ] 1360 of 3000 complete in 59.5 sec
[-----------------45%                  ] 1374 of 3000 complete in 60.0 sec
[-----------------46%                  ] 1387 of 3000 complete in 60.5 sec
[-----------------46%                  ] 1401 of 3000 complete in 61.1 sec
[-----------------47%                  ] 1414 of 3000 complete in 61.6 sec
[-----------------47%                  ] 1428 of 3000 complete in 62.1 sec
[-----------------48%                  ] 1442 of 3000 complete in 62.6 sec
[-----------------48%                  ] 1456 of 3000 complete in 63.2 sec
[-----------------48%                  ] 1469 of 3000 complete in 63.7 sec
[-----------------49%                  ] 1483 of 3000 complete in 64.2 sec
[-----------------49%                  ] 1497 of 3000 complete in 64.8 sec
[-----------------50%                  ] 1511 of 3000 complete in 65.3 sec
[-----------------50%                  ] 1525 of 3000 complete in 65.8 sec
[-----------------51%                  ] 1539 of 3000 complete in 66.3 sec
[-----------------51%                  ] 1553 of 3000 complete in 66.8 sec
[-----------------52%                  ] 1566 of 3000 complete in 67.3 sec
[-----------------52%                  ] 1579 of 3000 complete in 67.8 sec
[-----------------53%                  ] 1593 of 3000 complete in 68.3 sec
[-----------------53%                  ] 1607 of 3000 complete in 68.8 sec
[-----------------54%                  ] 1622 of 3000 complete in 69.4 sec
[-----------------54%                  ] 1636 of 3000 complete in 69.9 sec
[-----------------54%                  ] 1648 of 3000 complete in 70.4 sec
[-----------------55%-                 ] 1660 of 3000 complete in 70.9 sec
[-----------------55%-                 ] 1672 of 3000 complete in 71.4 sec
[-----------------56%-                 ] 1685 of 3000 complete in 71.9 sec
[-----------------56%-                 ] 1698 of 3000 complete in 72.5 sec
[-----------------57%-                 ] 1712 of 3000 complete in 73.0 sec
[-----------------57%-                 ] 1726 of 3000 complete in 73.5 sec
[-----------------58%--                ] 1740 of 3000 complete in 74.0 sec
[-----------------58%--                ] 1754 of 3000 complete in 74.6 sec
[-----------------58%--                ] 1767 of 3000 complete in 75.1 sec
[-----------------59%--                ] 1779 of 3000 complete in 75.6 sec
[-----------------59%--                ] 1791 of 3000 complete in 76.2 sec
[-----------------60%--                ] 1804 of 3000 complete in 76.7 sec
[-----------------60%---               ] 1817 of 3000 complete in 77.2 sec
[-----------------61%---               ] 1830 of 3000 complete in 77.7 sec
[-----------------61%---               ] 1843 of 3000 complete in 78.2 sec
[-----------------61%---               ] 1856 of 3000 complete in 78.7 sec
[-----------------62%---               ] 1868 of 3000 complete in 79.2 sec
[-----------------62%---               ] 1881 of 3000 complete in 79.7 sec
[-----------------63%---               ] 1894 of 3000 complete in 80.3 sec
[-----------------63%----              ] 1906 of 3000 complete in 80.8 sec
[-----------------63%----              ] 1917 of 3000 complete in 81.3 sec
[-----------------64%----              ] 1928 of 3000 complete in 81.8 sec
[-----------------64%----              ] 1940 of 3000 complete in 82.4 sec
[-----------------65%----              ] 1951 of 3000 complete in 82.9 sec
[-----------------65%----              ] 1961 of 3000 complete in 83.4 sec
[-----------------65%----              ] 1971 of 3000 complete in 84.0 sec
[-----------------66%-----             ] 1982 of 3000 complete in 84.5 sec
[-----------------66%-----             ] 1992 of 3000 complete in 85.0 sec
[-----------------66%-----             ] 2004 of 3000 complete in 85.5 sec
[-----------------67%-----             ] 2018 of 3000 complete in 86.1 sec
[-----------------67%-----             ] 2031 of 3000 complete in 86.6 sec
[-----------------68%-----             ] 2044 of 3000 complete in 87.1 sec
[-----------------68%------            ] 2057 of 3000 complete in 87.6 sec
[-----------------69%------            ] 2070 of 3000 complete in 88.2 sec
[-----------------69%------            ] 2082 of 3000 complete in 88.7 sec
[-----------------69%------            ] 2093 of 3000 complete in 89.3 sec
[-----------------70%------            ] 2105 of 3000 complete in 89.8 sec
[-----------------70%------            ] 2117 of 3000 complete in 90.3 sec
[-----------------71%------            ] 2130 of 3000 complete in 90.8 sec
[-----------------71%-------           ] 2142 of 3000 complete in 91.4 sec
[-----------------71%-------           ] 2154 of 3000 complete in 91.9 sec
[-----------------72%-------           ] 2167 of 3000 complete in 92.4 sec
[-----------------72%-------           ] 2180 of 3000 complete in 92.9 sec
[-----------------73%-------           ] 2194 of 3000 complete in 93.5 sec
[-----------------73%-------           ] 2207 of 3000 complete in 94.0 sec
[-----------------74%--------          ] 2220 of 3000 complete in 94.5 sec
[-----------------74%--------          ] 2231 of 3000 complete in 95.0 sec
[-----------------74%--------          ] 2242 of 3000 complete in 95.6 sec
[-----------------75%--------          ] 2255 of 3000 complete in 96.1 sec
[-----------------75%--------          ] 2267 of 3000 complete in 96.6 sec
[-----------------75%--------          ] 2279 of 3000 complete in 97.1 sec
[-----------------76%---------         ] 2291 of 3000 complete in 97.7 sec
[-----------------76%---------         ] 2302 of 3000 complete in 98.2 sec
[-----------------77%---------         ] 2313 of 3000 complete in 98.7 sec
[-----------------77%---------         ] 2324 of 3000 complete in 99.2 sec
[-----------------77%---------         ] 2336 of 3000 complete in 99.8 sec
[-----------------78%---------         ] 2347 of 3000 complete in 100.3 sec
[-----------------78%---------         ] 2358 of 3000 complete in 100.8 sec
[-----------------78%----------        ] 2369 of 3000 complete in 101.3 sec
[-----------------79%----------        ] 2380 of 3000 complete in 101.8 sec
[-----------------79%----------        ] 2391 of 3000 complete in 102.4 sec
[-----------------80%----------        ] 2404 of 3000 complete in 102.9 sec
[-----------------80%----------        ] 2417 of 3000 complete in 103.4 sec
[-----------------81%----------        ] 2431 of 3000 complete in 103.9 sec
[-----------------81%----------        ] 2444 of 3000 complete in 104.4 sec
[-----------------81%-----------       ] 2457 of 3000 complete in 105.0 sec
[-----------------82%-----------       ] 2471 of 3000 complete in 105.5 sec
[-----------------82%-----------       ] 2484 of 3000 complete in 106.0 sec
[-----------------83%-----------       ] 2497 of 3000 complete in 106.5 sec
[-----------------83%-----------       ] 2509 of 3000 complete in 107.1 sec
[-----------------84%-----------       ] 2521 of 3000 complete in 107.6 sec
[-----------------84%------------      ] 2533 of 3000 complete in 108.1 sec
[-----------------84%------------      ] 2545 of 3000 complete in 108.7 sec
[-----------------85%------------      ] 2556 of 3000 complete in 109.2 sec
[-----------------85%------------      ] 2567 of 3000 complete in 109.7 sec
[-----------------85%------------      ] 2577 of 3000 complete in 110.2 sec
[-----------------86%------------      ] 2588 of 3000 complete in 110.8 sec
[-----------------86%------------      ] 2600 of 3000 complete in 111.3 sec
[-----------------87%-------------     ] 2612 of 3000 complete in 111.8 sec
[-----------------87%-------------     ] 2624 of 3000 complete in 112.3 sec
[-----------------87%-------------     ] 2637 of 3000 complete in 112.9 sec
[-----------------88%-------------     ] 2650 of 3000 complete in 113.4 sec
[-----------------88%-------------     ] 2663 of 3000 complete in 113.9 sec
[-----------------89%-------------     ] 2677 of 3000 complete in 114.4 sec
[-----------------89%--------------    ] 2691 of 3000 complete in 114.9 sec
[-----------------90%--------------    ] 2704 of 3000 complete in 115.5 sec
[-----------------90%--------------    ] 2717 of 3000 complete in 116.0 sec
[-----------------90%--------------    ] 2729 of 3000 complete in 116.5 sec
[-----------------91%--------------    ] 2741 of 3000 complete in 117.1 sec
[-----------------91%--------------    ] 2752 of 3000 complete in 117.6 sec
[-----------------92%---------------   ] 2764 of 3000 complete in 118.1 sec
[-----------------92%---------------   ] 2775 of 3000 complete in 118.6 sec
[-----------------92%---------------   ] 2786 of 3000 complete in 119.2 sec
[-----------------93%---------------   ] 2797 of 3000 complete in 119.7 sec
[-----------------93%---------------   ] 2809 of 3000 complete in 120.2 sec
[-----------------94%---------------   ] 2820 of 3000 complete in 120.7 sec
[-----------------94%---------------   ] 2831 of 3000 complete in 121.2 sec
[-----------------94%---------------   ] 2842 of 3000 complete in 121.7 sec
[-----------------95%----------------  ] 2853 of 3000 complete in 122.2 sec
[-----------------95%----------------  ] 2865 of 3000 complete in 122.7 sec
[-----------------95%----------------  ] 2877 of 3000 complete in 123.3 sec
[-----------------96%----------------  ] 2888 of 3000 complete in 123.8 sec
[-----------------96%----------------  ] 2900 of 3000 complete in 124.3 sec
[-----------------97%----------------  ] 2913 of 3000 complete in 124.9 sec
[-----------------97%----------------- ] 2924 of 3000 complete in 125.4 sec
[-----------------97%----------------- ] 2936 of 3000 complete in 125.9 sec
[-----------------98%----------------- ] 2948 of 3000 complete in 126.4 sec
[-----------------98%----------------- ] 2960 of 3000 complete in 127.0 sec
[-----------------99%----------------- ] 2973 of 3000 complete in 127.5 sec
[-----------------99%----------------- ] 2985 of 3000 complete in 128.0 sec
[-----------------99%----------------- ] 2997 of 3000 complete in 128.5 sec
[-----------------100%-----------------] 3000 of 3000 complete in 128.7 sec
hddm sampling elpased time:  128.822 s
[fit_one_hddm] 完成 curve35_rep1_drop（2.1 分钟）→ /home/jovyan/work/2_Data/Generate_Data/TenRules_Revision_20260912/param_recovery/fits/drop
