[fit_one_hddm] cond8_rep1_censor: 11 被试 / 2860 试次 / omission=0.303 / p_outlier=0.0
[fit_one_hddm] 设置 z 默认值失败（忽略）：'z'
No model attribute --> setting up standard HDDM
Set model to ddm
[                  0%                  ] 12 of 3000 complete in 0.5 sec
[                  0%                  ] 27 of 3000 complete in 1.0 sec
[                  1%                  ] 42 of 3000 complete in 1.5 sec
[                  1%                  ] 57 of 3000 complete in 2.1 sec
[                  2%                  ] 72 of 3000 complete in 2.6 sec
[-                 2%                  ] 87 of 3000 complete in 3.1 sec
[-                 3%                  ] 102 of 3000 complete in 3.6 sec
[-                 3%                  ] 117 of 3000 complete in 4.2 sec
[-                 4%                  ] 132 of 3000 complete in 4.7 sec
[-                 4%                  ] 148 of 3000 complete in 5.2 sec
[--                5%                  ] 162 of 3000 complete in 5.7 sec
[--                5%                  ] 175 of 3000 complete in 6.3 sec
[--                6%                  ] 190 of 3000 complete in 6.8 sec
[--                6%                  ] 204 of 3000 complete in 7.3 sec
[--                7%                  ] 217 of 3000 complete in 7.8 sec
[--                7%                  ] 231 of 3000 complete in 8.4 sec
[---               8%                  ] 245 of 3000 complete in 8.9 sec
[---               8%                  ] 258 of 3000 complete in 9.4 sec
[---               9%                  ] 272 of 3000 complete in 9.9 sec
[---               9%                  ] 284 of 3000 complete in 10.4 sec
[---               9%                  ] 297 of 3000 complete in 11.0 sec
[---              10%                  ] 307 of 3000 complete in 11.5 sec
[----             10%                  ] 318 of 3000 complete in 12.0 sec
[----             11%                  ] 332 of 3000 complete in 12.6 sec
[----             11%                  ] 344 of 3000 complete in 13.1 sec
[----             11%                  ] 357 of 3000 complete in 13.6 sec
[----             12%                  ] 370 of 3000 complete in 14.1 sec
[----             12%                  ] 383 of 3000 complete in 14.6 sec
[-----            13%                  ] 395 of 3000 complete in 15.1 sec
[-----            13%                  ] 408 of 3000 complete in 15.7 sec
[-----            14%                  ] 420 of 3000 complete in 16.2 sec
[-----            14%                  ] 433 of 3000 complete in 16.7 sec
[-----            14%                  ] 447 of 3000 complete in 17.2 sec
[-----            15%                  ] 460 of 3000 complete in 17.7 sec
[-----            15%                  ] 473 of 3000 complete in 18.3 sec
[------           16%                  ] 486 of 3000 complete in 18.8 sec
[------           16%                  ] 499 of 3000 complete in 19.3 sec
[------           17%                  ] 511 of 3000 complete in 19.8 sec
[------           17%                  ] 523 of 3000 complete in 20.4 sec
[------           17%                  ] 536 of 3000 complete in 20.9 sec
[------           18%                  ] 549 of 3000 complete in 21.4 sec
[-------          18%                  ] 562 of 3000 complete in 21.9 sec
[-------          19%                  ] 574 of 3000 complete in 22.4 sec
[-------          19%                  ] 586 of 3000 complete in 22.9 sec
[-------          19%                  ] 598 of 3000 complete in 23.4 sec
[-------          20%                  ] 610 of 3000 complete in 24.0 sec
[-------          20%                  ] 622 of 3000 complete in 24.5 sec
[--------         21%                  ] 634 of 3000 complete in 25.0 sec
[--------         21%                  ] 647 of 3000 complete in 25.5 sec
[--------         22%                  ] 661 of 3000 complete in 26.1 sec
[--------         22%                  ] 674 of 3000 complete in 26.6 sec
[--------         22%                  ] 689 of 3000 complete in 27.1 sec
[--------         23%                  ] 703 of 3000 complete in 27.6 sec
[---------        23%                  ] 717 of 3000 complete in 28.2 sec
[---------        24%                  ] 732 of 3000 complete in 28.7 sec
[---------        24%                  ] 746 of 3000 complete in 29.2 sec
[---------        25%                  ] 759 of 3000 complete in 29.7 sec
[---------        25%                  ] 772 of 3000 complete in 30.3 sec
[---------        26%                  ] 786 of 3000 complete in 30.8 sec
[----------       26%                  ] 801 of 3000 complete in 31.3 sec
[----------       27%                  ] 816 of 3000 complete in 31.9 sec
[----------       27%                  ] 831 of 3000 complete in 32.4 sec
[----------       28%                  ] 846 of 3000 complete in 32.9 sec
[----------       28%                  ] 860 of 3000 complete in 33.4 sec
[-----------      29%                  ] 874 of 3000 complete in 33.9 sec
[-----------      29%                  ] 889 of 3000 complete in 34.5 sec
[-----------      30%                  ] 902 of 3000 complete in 35.0 sec
[-----------      30%                  ] 915 of 3000 complete in 35.5 sec
[-----------      30%                  ] 928 of 3000 complete in 36.0 sec
[-----------      31%                  ] 941 of 3000 complete in 36.5 sec
[------------     31%                  ] 954 of 3000 complete in 37.0 sec
[------------     32%                  ] 968 of 3000 complete in 37.5 sec
[------------     32%                  ] 981 of 3000 complete in 38.0 sec
[------------     33%                  ] 995 of 3000 complete in 38.6 sec
[------------     33%                  ] 1008 of 3000 complete in 39.1 sec
[------------     34%                  ] 1021 of 3000 complete in 39.6 sec
[-------------    34%                  ] 1036 of 3000 complete in 40.1 sec
[-------------    35%                  ] 1050 of 3000 complete in 40.6 sec
[-------------    35%                  ] 1064 of 3000 complete in 41.2 sec
[-------------    35%                  ] 1077 of 3000 complete in 41.7 sec
[-------------    36%                  ] 1090 of 3000 complete in 42.2 sec
[-------------    36%                  ] 1104 of 3000 complete in 42.7 sec
[--------------   37%                  ] 1116 of 3000 complete in 43.2 sec
[--------------   37%                  ] 1127 of 3000 complete in 43.7 sec
[--------------   38%                  ] 1140 of 3000 complete in 44.3 sec
[--------------   38%                  ] 1152 of 3000 complete in 44.8 sec
[--------------   38%                  ] 1166 of 3000 complete in 45.3 sec
[--------------   39%                  ] 1181 of 3000 complete in 45.8 sec
[---------------  39%                  ] 1195 of 3000 complete in 46.4 sec
[---------------  40%                  ] 1209 of 3000 complete in 46.9 sec
[---------------  40%                  ] 1223 of 3000 complete in 47.4 sec
[---------------  41%                  ] 1237 of 3000 complete in 47.9 sec
[---------------  41%                  ] 1252 of 3000 complete in 48.4 sec
[---------------- 42%                  ] 1265 of 3000 complete in 48.9 sec
[---------------- 42%                  ] 1279 of 3000 complete in 49.4 sec
[---------------- 43%                  ] 1294 of 3000 complete in 49.9 sec
[---------------- 43%                  ] 1309 of 3000 complete in 50.4 sec
[---------------- 44%                  ] 1323 of 3000 complete in 51.0 sec
[---------------- 44%                  ] 1338 of 3000 complete in 51.5 sec
[-----------------45%                  ] 1353 of 3000 complete in 52.0 sec
[-----------------45%                  ] 1368 of 3000 complete in 52.5 sec
[-----------------46%                  ] 1382 of 3000 complete in 53.0 sec
[-----------------46%                  ] 1395 of 3000 complete in 53.5 sec
[-----------------46%                  ] 1407 of 3000 complete in 54.0 sec
[-----------------47%                  ] 1420 of 3000 complete in 54.5 sec
[-----------------47%                  ] 1434 of 3000 complete in 55.1 sec
[-----------------48%                  ] 1450 of 3000 complete in 55.6 sec
[-----------------48%                  ] 1465 of 3000 complete in 56.1 sec
[-----------------49%                  ] 1480 of 3000 complete in 56.6 sec
[-----------------49%                  ] 1495 of 3000 complete in 57.1 sec
[-----------------50%                  ] 1509 of 3000 complete in 57.7 sec
[-----------------50%                  ] 1524 of 3000 complete in 58.2 sec
[-----------------51%                  ] 1539 of 3000 complete in 58.7 sec
[-----------------51%                  ] 1554 of 3000 complete in 59.2 sec
[-----------------52%                  ] 1569 of 3000 complete in 59.7 sec
[-----------------52%                  ] 1584 of 3000 complete in 60.2 sec
[-----------------53%                  ] 1599 of 3000 complete in 60.8 sec
[-----------------53%                  ] 1614 of 3000 complete in 61.3 sec
[-----------------54%                  ] 1628 of 3000 complete in 61.8 sec
[-----------------54%                  ] 1640 of 3000 complete in 62.3 sec
[-----------------55%                  ] 1651 of 3000 complete in 62.9 sec
[-----------------55%-                 ] 1663 of 3000 complete in 63.4 sec
[-----------------55%-                 ] 1675 of 3000 complete in 63.9 sec
[-----------------56%-                 ] 1688 of 3000 complete in 64.4 sec
[-----------------56%-                 ] 1702 of 3000 complete in 64.9 sec
[-----------------57%-                 ] 1714 of 3000 complete in 65.5 sec
[-----------------57%-                 ] 1725 of 3000 complete in 66.0 sec
[-----------------57%--                ] 1738 of 3000 complete in 66.5 sec
[-----------------58%--                ] 1751 of 3000 complete in 67.0 sec
[-----------------58%--                ] 1764 of 3000 complete in 67.5 sec
[-----------------59%--                ] 1777 of 3000 complete in 68.1 sec
[-----------------59%--                ] 1791 of 3000 complete in 68.6 sec
[-----------------60%--                ] 1806 of 3000 complete in 69.1 sec
[-----------------60%---               ] 1820 of 3000 complete in 69.7 sec
[-----------------61%---               ] 1835 of 3000 complete in 70.2 sec
[-----------------61%---               ] 1848 of 3000 complete in 70.7 sec
[-----------------62%---               ] 1862 of 3000 complete in 71.2 sec
[-----------------62%---               ] 1876 of 3000 complete in 71.8 sec
[-----------------63%---               ] 1890 of 3000 complete in 72.3 sec
[-----------------63%----              ] 1903 of 3000 complete in 72.8 sec
[-----------------63%----              ] 1915 of 3000 complete in 73.3 sec
[-----------------64%----              ] 1927 of 3000 complete in 73.9 sec
[-----------------64%----              ] 1940 of 3000 complete in 74.4 sec
[-----------------65%----              ] 1953 of 3000 complete in 74.9 sec
[-----------------65%----              ] 1967 of 3000 complete in 75.4 sec
[-----------------66%-----             ] 1981 of 3000 complete in 75.9 sec
[-----------------66%-----             ] 1995 of 3000 complete in 76.4 sec
[-----------------67%-----             ] 2010 of 3000 complete in 77.0 sec
[-----------------67%-----             ] 2024 of 3000 complete in 77.5 sec
[-----------------67%-----             ] 2038 of 3000 complete in 78.0 sec
[-----------------68%-----             ] 2052 of 3000 complete in 78.5 sec
[-----------------68%------            ] 2066 of 3000 complete in 79.0 sec
[-----------------69%------            ] 2080 of 3000 complete in 79.5 sec
[-----------------69%------            ] 2092 of 3000 complete in 80.1 sec
[-----------------70%------            ] 2105 of 3000 complete in 80.6 sec
[-----------------70%------            ] 2119 of 3000 complete in 81.1 sec
[-----------------71%-------           ] 2132 of 3000 complete in 81.6 sec
[-----------------71%-------           ] 2145 of 3000 complete in 82.1 sec
[-----------------71%-------           ] 2158 of 3000 complete in 82.6 sec
[-----------------72%-------           ] 2172 of 3000 complete in 83.2 sec
[-----------------72%-------           ] 2185 of 3000 complete in 83.7 sec
[-----------------73%-------           ] 2198 of 3000 complete in 84.2 sec
[-----------------73%--------          ] 2212 of 3000 complete in 84.7 sec
[-----------------74%--------          ] 2227 of 3000 complete in 85.3 sec
[-----------------74%--------          ] 2241 of 3000 complete in 85.8 sec
[-----------------75%--------          ] 2255 of 3000 complete in 86.3 sec
[-----------------75%--------          ] 2268 of 3000 complete in 86.8 sec
[-----------------76%--------          ] 2282 of 3000 complete in 87.3 sec
[-----------------76%---------         ] 2295 of 3000 complete in 87.8 sec
[-----------------76%---------         ] 2309 of 3000 complete in 88.3 sec
[-----------------77%---------         ] 2324 of 3000 complete in 88.9 sec
[-----------------77%---------         ] 2337 of 3000 complete in 89.4 sec
[-----------------78%---------         ] 2352 of 3000 complete in 89.9 sec
[-----------------78%---------         ] 2366 of 3000 complete in 90.4 sec
[-----------------79%----------        ] 2380 of 3000 complete in 90.9 sec
[-----------------79%----------        ] 2394 of 3000 complete in 91.5 sec
[-----------------80%----------        ] 2409 of 3000 complete in 92.0 sec
[-----------------80%----------        ] 2423 of 3000 complete in 92.5 sec
[-----------------81%----------        ] 2437 of 3000 complete in 93.0 sec
[-----------------81%-----------       ] 2451 of 3000 complete in 93.5 sec
[-----------------82%-----------       ] 2465 of 3000 complete in 94.0 sec
[-----------------82%-----------       ] 2479 of 3000 complete in 94.6 sec
[-----------------83%-----------       ] 2493 of 3000 complete in 95.1 sec
[-----------------83%-----------       ] 2506 of 3000 complete in 95.6 sec
[-----------------83%-----------       ] 2519 of 3000 complete in 96.1 sec
[-----------------84%------------      ] 2533 of 3000 complete in 96.6 sec
[-----------------84%------------      ] 2548 of 3000 complete in 97.1 sec
[-----------------85%------------      ] 2561 of 3000 complete in 97.7 sec
[-----------------85%------------      ] 2574 of 3000 complete in 98.2 sec
[-----------------86%------------      ] 2588 of 3000 complete in 98.7 sec
[-----------------86%------------      ] 2601 of 3000 complete in 99.2 sec
[-----------------87%-------------     ] 2615 of 3000 complete in 99.7 sec
[-----------------87%-------------     ] 2629 of 3000 complete in 100.2 sec
[-----------------88%-------------     ] 2642 of 3000 complete in 100.8 sec
[-----------------88%-------------     ] 2656 of 3000 complete in 101.3 sec
[-----------------89%-------------     ] 2670 of 3000 complete in 101.8 sec
[-----------------89%-------------     ] 2684 of 3000 complete in 102.3 sec
[-----------------89%--------------    ] 2697 of 3000 complete in 102.8 sec
[-----------------90%--------------    ] 2710 of 3000 complete in 103.4 sec
[-----------------90%--------------    ] 2722 of 3000 complete in 103.9 sec
[-----------------91%--------------    ] 2735 of 3000 complete in 104.4 sec
[-----------------91%--------------    ] 2748 of 3000 complete in 104.9 sec
[-----------------92%--------------    ] 2762 of 3000 complete in 105.5 sec
[-----------------92%---------------   ] 2775 of 3000 complete in 106.0 sec
[-----------------92%---------------   ] 2789 of 3000 complete in 106.5 sec
[-----------------93%---------------   ] 2803 of 3000 complete in 107.0 sec
[-----------------93%---------------   ] 2817 of 3000 complete in 107.5 sec
[-----------------94%---------------   ] 2832 of 3000 complete in 108.0 sec
[-----------------94%----------------  ] 2847 of 3000 complete in 108.6 sec
[-----------------95%----------------  ] 2862 of 3000 complete in 109.1 sec
[-----------------95%----------------  ] 2876 of 3000 complete in 109.6 sec
[-----------------96%----------------  ] 2890 of 3000 complete in 110.1 sec
[-----------------96%----------------  ] 2904 of 3000 complete in 110.6 sec
[-----------------97%----------------  ] 2919 of 3000 complete in 111.2 sec
[-----------------97%----------------- ] 2934 of 3000 complete in 111.7 sec
[-----------------98%----------------- ] 2946 of 3000 complete in 112.2 sec
[-----------------98%----------------- ] 2956 of 3000 complete in 112.7 sec
[-----------------98%----------------- ] 2969 of 3000 complete in 113.2 sec
[-----------------99%----------------- ] 2982 of 3000 complete in 113.8 sec
[-----------------99%----------------- ] 2995 of 3000 complete in 114.3 sec
[-----------------100%-----------------] 3000 of 3000 complete in 114.5 sec
hddm sampling elpased time:  114.652 s
[fit_one_hddm] 完成 cond8_rep1_censor（1.9 分钟）→ /home/jovyan/work/2_Data/Generate_Data/TenRules_Revision_20260912/param_recovery/fits/censor
