[fit_one_hddm] cond7_rep2_censor: 12 被试 / 3120 试次 / omission=0.219 / p_outlier=0.0
[fit_one_hddm] 设置 z 默认值失败（忽略）：'z'
No model attribute --> setting up standard HDDM
Set model to ddm
[                  0%                  ] 9 of 3000 complete in 0.5 sec
[                  0%                  ] 20 of 3000 complete in 1.0 sec
[                  1%                  ] 30 of 3000 complete in 1.6 sec
[                  1%                  ] 42 of 3000 complete in 2.1 sec
[                  1%                  ] 54 of 3000 complete in 2.6 sec
[                  2%                  ] 65 of 3000 complete in 3.1 sec
[                  2%                  ] 75 of 3000 complete in 3.6 sec
[-                 2%                  ] 85 of 3000 complete in 4.2 sec
[-                 3%                  ] 96 of 3000 complete in 4.7 sec
[-                 3%                  ] 108 of 3000 complete in 5.2 sec
[-                 3%                  ] 119 of 3000 complete in 5.7 sec
[-                 4%                  ] 131 of 3000 complete in 6.3 sec
[-                 4%                  ] 140 of 3000 complete in 6.8 sec
[-                 5%                  ] 152 of 3000 complete in 7.3 sec
[--                5%                  ] 164 of 3000 complete in 7.9 sec
[--                5%                  ] 175 of 3000 complete in 8.4 sec
[--                6%                  ] 185 of 3000 complete in 8.9 sec
[--                6%                  ] 194 of 3000 complete in 9.4 sec
[--                6%                  ] 204 of 3000 complete in 9.9 sec
[--                7%                  ] 214 of 3000 complete in 10.5 sec
[--                7%                  ] 223 of 3000 complete in 11.0 sec
[--                7%                  ] 232 of 3000 complete in 11.6 sec
[---               8%                  ] 241 of 3000 complete in 12.1 sec
[---               8%                  ] 250 of 3000 complete in 12.6 sec
[---               8%                  ] 260 of 3000 complete in 13.2 sec
[---               8%                  ] 269 of 3000 complete in 13.7 sec
[---               9%                  ] 278 of 3000 complete in 14.2 sec
[---               9%                  ] 287 of 3000 complete in 14.7 sec
[---               9%                  ] 297 of 3000 complete in 15.2 sec
[---              10%                  ] 307 of 3000 complete in 15.8 sec
[----             10%                  ] 317 of 3000 complete in 16.3 sec
[----             10%                  ] 327 of 3000 complete in 16.9 sec
[----             11%                  ] 337 of 3000 complete in 17.4 sec
[----             11%                  ] 346 of 3000 complete in 17.9 sec
[----             11%                  ] 356 of 3000 complete in 18.4 sec
[----             12%                  ] 366 of 3000 complete in 19.0 sec
[----             12%                  ] 376 of 3000 complete in 19.5 sec
[----             12%                  ] 386 of 3000 complete in 20.0 sec
[-----            13%                  ] 397 of 3000 complete in 20.5 sec
[-----            13%                  ] 409 of 3000 complete in 21.0 sec
[-----            14%                  ] 421 of 3000 complete in 21.6 sec
[-----            14%                  ] 431 of 3000 complete in 22.1 sec
[-----            14%                  ] 442 of 3000 complete in 22.6 sec
[-----            15%                  ] 455 of 3000 complete in 23.2 sec
[-----            15%                  ] 468 of 3000 complete in 23.7 sec
[------           16%                  ] 480 of 3000 complete in 24.2 sec
[------           16%                  ] 492 of 3000 complete in 24.7 sec
[------           16%                  ] 504 of 3000 complete in 25.2 sec
[------           17%                  ] 516 of 3000 complete in 25.8 sec
[------           17%                  ] 528 of 3000 complete in 26.3 sec
[------           18%                  ] 541 of 3000 complete in 26.8 sec
[-------          18%                  ] 553 of 3000 complete in 27.3 sec
[-------          18%                  ] 565 of 3000 complete in 27.8 sec
[-------          19%                  ] 577 of 3000 complete in 28.3 sec
[-------          19%                  ] 588 of 3000 complete in 28.8 sec
[-------          20%                  ] 600 of 3000 complete in 29.4 sec
[-------          20%                  ] 611 of 3000 complete in 29.9 sec
[-------          20%                  ] 621 of 3000 complete in 30.4 sec
[-------          21%                  ] 631 of 3000 complete in 30.9 sec
[--------         21%                  ] 642 of 3000 complete in 31.4 sec
[--------         21%                  ] 654 of 3000 complete in 31.9 sec
[--------         22%                  ] 666 of 3000 complete in 32.4 sec
[--------         22%                  ] 678 of 3000 complete in 32.9 sec
[--------         22%                  ] 689 of 3000 complete in 33.5 sec
[--------         23%                  ] 700 of 3000 complete in 34.0 sec
[---------        23%                  ] 711 of 3000 complete in 34.5 sec
[---------        24%                  ] 722 of 3000 complete in 35.1 sec
[---------        24%                  ] 732 of 3000 complete in 35.6 sec
[---------        24%                  ] 742 of 3000 complete in 36.1 sec
[---------        25%                  ] 754 of 3000 complete in 36.7 sec
[---------        25%                  ] 766 of 3000 complete in 37.2 sec
[---------        25%                  ] 778 of 3000 complete in 37.7 sec
[---------        26%                  ] 789 of 3000 complete in 38.2 sec
[----------       26%                  ] 801 of 3000 complete in 38.7 sec
[----------       27%                  ] 813 of 3000 complete in 39.3 sec
[----------       27%                  ] 825 of 3000 complete in 39.8 sec
[----------       27%                  ] 837 of 3000 complete in 40.3 sec
[----------       28%                  ] 849 of 3000 complete in 40.8 sec
[----------       28%                  ] 862 of 3000 complete in 41.3 sec
[-----------      29%                  ] 874 of 3000 complete in 41.8 sec
[-----------      29%                  ] 886 of 3000 complete in 42.4 sec
[-----------      29%                  ] 899 of 3000 complete in 42.9 sec
[-----------      30%                  ] 911 of 3000 complete in 43.4 sec
[-----------      30%                  ] 924 of 3000 complete in 43.9 sec
[-----------      31%                  ] 937 of 3000 complete in 44.4 sec
[------------     31%                  ] 950 of 3000 complete in 45.0 sec
[------------     32%                  ] 963 of 3000 complete in 45.5 sec
[------------     32%                  ] 976 of 3000 complete in 46.0 sec
[------------     32%                  ] 988 of 3000 complete in 46.5 sec
[------------     33%                  ] 999 of 3000 complete in 47.1 sec
[------------     33%                  ] 1011 of 3000 complete in 47.6 sec
[------------     34%                  ] 1024 of 3000 complete in 48.1 sec
[-------------    34%                  ] 1036 of 3000 complete in 48.6 sec
[-------------    34%                  ] 1048 of 3000 complete in 49.1 sec
[-------------    35%                  ] 1059 of 3000 complete in 49.6 sec
[-------------    35%                  ] 1072 of 3000 complete in 50.2 sec
[-------------    36%                  ] 1084 of 3000 complete in 50.7 sec
[-------------    36%                  ] 1096 of 3000 complete in 51.3 sec
[--------------   36%                  ] 1108 of 3000 complete in 51.8 sec
[--------------   37%                  ] 1119 of 3000 complete in 52.3 sec
[--------------   37%                  ] 1129 of 3000 complete in 52.9 sec
[--------------   37%                  ] 1138 of 3000 complete in 53.4 sec
[--------------   38%                  ] 1148 of 3000 complete in 53.9 sec
[--------------   38%                  ] 1158 of 3000 complete in 54.4 sec
[--------------   38%                  ] 1169 of 3000 complete in 55.0 sec
[--------------   39%                  ] 1179 of 3000 complete in 55.5 sec
[---------------  39%                  ] 1190 of 3000 complete in 56.0 sec
[---------------  40%                  ] 1201 of 3000 complete in 56.5 sec
[---------------  40%                  ] 1211 of 3000 complete in 57.1 sec
[---------------  40%                  ] 1222 of 3000 complete in 57.6 sec
[---------------  41%                  ] 1234 of 3000 complete in 58.1 sec
[---------------  41%                  ] 1245 of 3000 complete in 58.7 sec
[---------------  41%                  ] 1258 of 3000 complete in 59.2 sec
[---------------- 42%                  ] 1271 of 3000 complete in 59.7 sec
[---------------- 42%                  ] 1282 of 3000 complete in 60.2 sec
[---------------- 43%                  ] 1294 of 3000 complete in 60.8 sec
[---------------- 43%                  ] 1305 of 3000 complete in 61.3 sec
[---------------- 43%                  ] 1316 of 3000 complete in 61.8 sec
[---------------- 44%                  ] 1326 of 3000 complete in 62.4 sec
[---------------- 44%                  ] 1335 of 3000 complete in 62.9 sec
[-----------------44%                  ] 1345 of 3000 complete in 63.4 sec
[-----------------45%                  ] 1356 of 3000 complete in 63.9 sec
[-----------------45%                  ] 1368 of 3000 complete in 64.5 sec
[-----------------45%                  ] 1379 of 3000 complete in 65.0 sec
[-----------------46%                  ] 1390 of 3000 complete in 65.5 sec
[-----------------46%                  ] 1401 of 3000 complete in 66.0 sec
[-----------------47%                  ] 1412 of 3000 complete in 66.5 sec
[-----------------47%                  ] 1423 of 3000 complete in 67.1 sec
[-----------------47%                  ] 1435 of 3000 complete in 67.6 sec
[-----------------48%                  ] 1448 of 3000 complete in 68.1 sec
[-----------------48%                  ] 1460 of 3000 complete in 68.6 sec
[-----------------49%                  ] 1472 of 3000 complete in 69.2 sec
[-----------------49%                  ] 1483 of 3000 complete in 69.7 sec
[-----------------49%                  ] 1495 of 3000 complete in 70.2 sec
[-----------------50%                  ] 1506 of 3000 complete in 70.7 sec
[-----------------50%                  ] 1517 of 3000 complete in 71.3 sec
[-----------------50%                  ] 1529 of 3000 complete in 71.8 sec
[-----------------51%                  ] 1540 of 3000 complete in 72.3 sec
[-----------------51%                  ] 1552 of 3000 complete in 72.9 sec
[-----------------52%                  ] 1564 of 3000 complete in 73.4 sec
[-----------------52%                  ] 1574 of 3000 complete in 73.9 sec
[-----------------52%                  ] 1586 of 3000 complete in 74.4 sec
[-----------------53%                  ] 1598 of 3000 complete in 75.0 sec
[-----------------53%                  ] 1609 of 3000 complete in 75.5 sec
[-----------------53%                  ] 1618 of 3000 complete in 76.0 sec
[-----------------54%                  ] 1626 of 3000 complete in 76.6 sec
[-----------------54%                  ] 1634 of 3000 complete in 77.1 sec
[-----------------54%                  ] 1643 of 3000 complete in 77.6 sec
[-----------------55%                  ] 1653 of 3000 complete in 78.2 sec
[-----------------55%-                 ] 1663 of 3000 complete in 78.7 sec
[-----------------55%-                 ] 1673 of 3000 complete in 79.3 sec
[-----------------56%-                 ] 1685 of 3000 complete in 79.8 sec
[-----------------56%-                 ] 1697 of 3000 complete in 80.3 sec
[-----------------56%-                 ] 1709 of 3000 complete in 80.8 sec
[-----------------57%-                 ] 1721 of 3000 complete in 81.3 sec
[-----------------57%-                 ] 1733 of 3000 complete in 81.9 sec
[-----------------58%--                ] 1745 of 3000 complete in 82.4 sec
[-----------------58%--                ] 1758 of 3000 complete in 82.9 sec
[-----------------59%--                ] 1770 of 3000 complete in 83.4 sec
[-----------------59%--                ] 1783 of 3000 complete in 84.0 sec
[-----------------59%--                ] 1795 of 3000 complete in 84.5 sec
[-----------------60%--                ] 1807 of 3000 complete in 85.0 sec
[-----------------60%---               ] 1818 of 3000 complete in 85.6 sec
[-----------------60%---               ] 1828 of 3000 complete in 86.1 sec
[-----------------61%---               ] 1837 of 3000 complete in 86.6 sec
[-----------------61%---               ] 1849 of 3000 complete in 87.2 sec
[-----------------62%---               ] 1860 of 3000 complete in 87.7 sec
[-----------------62%---               ] 1870 of 3000 complete in 88.2 sec
[-----------------62%---               ] 1879 of 3000 complete in 88.7 sec
[-----------------62%---               ] 1888 of 3000 complete in 89.2 sec
[-----------------63%----              ] 1897 of 3000 complete in 89.7 sec
[-----------------63%----              ] 1907 of 3000 complete in 90.3 sec
[-----------------63%----              ] 1917 of 3000 complete in 90.8 sec
[-----------------64%----              ] 1927 of 3000 complete in 91.3 sec
[-----------------64%----              ] 1937 of 3000 complete in 91.8 sec
[-----------------64%----              ] 1947 of 3000 complete in 92.3 sec
[-----------------65%----              ] 1958 of 3000 complete in 92.9 sec
[-----------------65%----              ] 1968 of 3000 complete in 93.4 sec
[-----------------66%-----             ] 1980 of 3000 complete in 93.9 sec
[-----------------66%-----             ] 1993 of 3000 complete in 94.4 sec
[-----------------66%-----             ] 2005 of 3000 complete in 95.0 sec
[-----------------67%-----             ] 2016 of 3000 complete in 95.5 sec
[-----------------67%-----             ] 2028 of 3000 complete in 96.0 sec
[-----------------67%-----             ] 2039 of 3000 complete in 96.5 sec
[-----------------68%-----             ] 2051 of 3000 complete in 97.0 sec
[-----------------68%------            ] 2064 of 3000 complete in 97.5 sec
[-----------------69%------            ] 2076 of 3000 complete in 98.0 sec
[-----------------69%------            ] 2089 of 3000 complete in 98.6 sec
[-----------------70%------            ] 2102 of 3000 complete in 99.1 sec
[-----------------70%------            ] 2114 of 3000 complete in 99.6 sec
[-----------------70%------            ] 2127 of 3000 complete in 100.1 sec
[-----------------71%-------           ] 2140 of 3000 complete in 100.7 sec
[-----------------71%-------           ] 2153 of 3000 complete in 101.2 sec
[-----------------72%-------           ] 2166 of 3000 complete in 101.7 sec
[-----------------72%-------           ] 2178 of 3000 complete in 102.3 sec
[-----------------73%-------           ] 2190 of 3000 complete in 102.8 sec
[-----------------73%-------           ] 2201 of 3000 complete in 103.3 sec
[-----------------73%--------          ] 2211 of 3000 complete in 103.9 sec
[-----------------74%--------          ] 2220 of 3000 complete in 104.4 sec
[-----------------74%--------          ] 2230 of 3000 complete in 104.9 sec
[-----------------74%--------          ] 2240 of 3000 complete in 105.5 sec
[-----------------75%--------          ] 2250 of 3000 complete in 106.0 sec
[-----------------75%--------          ] 2259 of 3000 complete in 106.5 sec
[-----------------75%--------          ] 2269 of 3000 complete in 107.1 sec
[-----------------75%--------          ] 2279 of 3000 complete in 107.6 sec
[-----------------76%--------          ] 2289 of 3000 complete in 108.1 sec
[-----------------76%---------         ] 2300 of 3000 complete in 108.7 sec
[-----------------77%---------         ] 2312 of 3000 complete in 109.2 sec
[-----------------77%---------         ] 2324 of 3000 complete in 109.7 sec
[-----------------77%---------         ] 2336 of 3000 complete in 110.2 sec
[-----------------78%---------         ] 2348 of 3000 complete in 110.8 sec
[-----------------78%---------         ] 2359 of 3000 complete in 111.3 sec
[-----------------79%----------        ] 2371 of 3000 complete in 111.9 sec
[-----------------79%----------        ] 2383 of 3000 complete in 112.4 sec
[-----------------79%----------        ] 2395 of 3000 complete in 112.9 sec
[-----------------80%----------        ] 2407 of 3000 complete in 113.4 sec
[-----------------80%----------        ] 2418 of 3000 complete in 113.9 sec
[-----------------81%----------        ] 2430 of 3000 complete in 114.5 sec
[-----------------81%----------        ] 2442 of 3000 complete in 115.0 sec
[-----------------81%-----------       ] 2454 of 3000 complete in 115.5 sec
[-----------------82%-----------       ] 2466 of 3000 complete in 116.0 sec
[-----------------82%-----------       ] 2478 of 3000 complete in 116.6 sec
[-----------------83%-----------       ] 2490 of 3000 complete in 117.1 sec
[-----------------83%-----------       ] 2501 of 3000 complete in 117.6 sec
[-----------------83%-----------       ] 2512 of 3000 complete in 118.1 sec
[-----------------84%-----------       ] 2523 of 3000 complete in 118.7 sec
[-----------------84%------------      ] 2535 of 3000 complete in 119.2 sec
[-----------------84%------------      ] 2546 of 3000 complete in 119.7 sec
[-----------------85%------------      ] 2558 of 3000 complete in 120.2 sec
[-----------------85%------------      ] 2568 of 3000 complete in 120.7 sec
[-----------------86%------------      ] 2580 of 3000 complete in 121.3 sec
[-----------------86%------------      ] 2591 of 3000 complete in 121.8 sec
[-----------------86%------------      ] 2603 of 3000 complete in 122.3 sec
[-----------------87%-------------     ] 2615 of 3000 complete in 122.8 sec
[-----------------87%-------------     ] 2626 of 3000 complete in 123.3 sec
[-----------------87%-------------     ] 2638 of 3000 complete in 123.9 sec
[-----------------88%-------------     ] 2650 of 3000 complete in 124.4 sec
[-----------------88%-------------     ] 2662 of 3000 complete in 124.9 sec
[-----------------89%-------------     ] 2675 of 3000 complete in 125.4 sec
[-----------------89%--------------    ] 2688 of 3000 complete in 125.9 sec
[-----------------90%--------------    ] 2700 of 3000 complete in 126.5 sec
[-----------------90%--------------    ] 2711 of 3000 complete in 127.0 sec
[-----------------90%--------------    ] 2722 of 3000 complete in 127.5 sec
[-----------------91%--------------    ] 2733 of 3000 complete in 128.0 sec
[-----------------91%--------------    ] 2745 of 3000 complete in 128.5 sec
[-----------------91%--------------    ] 2758 of 3000 complete in 129.1 sec
[-----------------92%---------------   ] 2770 of 3000 complete in 129.6 sec
[-----------------92%---------------   ] 2783 of 3000 complete in 130.1 sec
[-----------------93%---------------   ] 2795 of 3000 complete in 130.6 sec
[-----------------93%---------------   ] 2808 of 3000 complete in 131.2 sec
[-----------------94%---------------   ] 2821 of 3000 complete in 131.7 sec
[-----------------94%---------------   ] 2834 of 3000 complete in 132.2 sec
[-----------------94%----------------  ] 2847 of 3000 complete in 132.7 sec
[-----------------95%----------------  ] 2861 of 3000 complete in 133.3 sec
[-----------------95%----------------  ] 2874 of 3000 complete in 133.8 sec
[-----------------96%----------------  ] 2886 of 3000 complete in 134.3 sec
[-----------------96%----------------  ] 2898 of 3000 complete in 134.8 sec
[-----------------97%----------------  ] 2910 of 3000 complete in 135.3 sec
[-----------------97%----------------  ] 2920 of 3000 complete in 135.8 sec
[-----------------97%----------------- ] 2930 of 3000 complete in 136.3 sec
[-----------------98%----------------- ] 2941 of 3000 complete in 136.9 sec
[-----------------98%----------------- ] 2951 of 3000 complete in 137.4 sec
[-----------------98%----------------- ] 2961 of 3000 complete in 137.9 sec
[-----------------99%----------------- ] 2971 of 3000 complete in 138.4 sec
[-----------------99%----------------- ] 2981 of 3000 complete in 138.9 sec
[-----------------99%----------------- ] 2992 of 3000 complete in 139.4 sec
[-----------------100%-----------------] 3000 of 3000 complete in 139.8 sec
hddm sampling elpased time:  139.921 s
[fit_one_hddm] 完成 cond7_rep2_censor（2.3 分钟）→ /home/jovyan/work/2_Data/Generate_Data/TenRules_Revision_20260912/param_recovery/fits/censor
