[fit_one_hddm] cond6_rep1_censor: 10 被试 / 2600 试次 / omission=0.009 / p_outlier=0.0
[fit_one_hddm] 设置 z 默认值失败（忽略）：'z'
No model attribute --> setting up standard HDDM
Set model to ddm
[                  0%                  ] 11 of 3000 complete in 0.5 sec
[                  0%                  ] 25 of 3000 complete in 1.0 sec
[                  1%                  ] 40 of 3000 complete in 1.5 sec
[                  1%                  ] 55 of 3000 complete in 2.1 sec
[                  2%                  ] 71 of 3000 complete in 2.6 sec
[-                 2%                  ] 85 of 3000 complete in 3.1 sec
[-                 3%                  ] 97 of 3000 complete in 3.6 sec
[-                 3%                  ] 111 of 3000 complete in 4.2 sec
[-                 4%                  ] 124 of 3000 complete in 4.7 sec
[-                 4%                  ] 137 of 3000 complete in 5.2 sec
[-                 5%                  ] 152 of 3000 complete in 5.7 sec
[--                5%                  ] 166 of 3000 complete in 6.3 sec
[--                6%                  ] 180 of 3000 complete in 6.8 sec
[--                6%                  ] 193 of 3000 complete in 7.3 sec
[--                6%                  ] 207 of 3000 complete in 7.8 sec
[--                7%                  ] 220 of 3000 complete in 8.3 sec
[--                7%                  ] 234 of 3000 complete in 8.8 sec
[---               8%                  ] 246 of 3000 complete in 9.4 sec
[---               8%                  ] 258 of 3000 complete in 9.9 sec
[---               8%                  ] 269 of 3000 complete in 10.4 sec
[---               9%                  ] 281 of 3000 complete in 10.9 sec
[---               9%                  ] 294 of 3000 complete in 11.5 sec
[---              10%                  ] 307 of 3000 complete in 12.0 sec
[----             10%                  ] 320 of 3000 complete in 12.5 sec
[----             11%                  ] 334 of 3000 complete in 13.1 sec
[----             11%                  ] 347 of 3000 complete in 13.6 sec
[----             12%                  ] 361 of 3000 complete in 14.1 sec
[----             12%                  ] 376 of 3000 complete in 14.6 sec
[----             13%                  ] 390 of 3000 complete in 15.2 sec
[-----            13%                  ] 405 of 3000 complete in 15.7 sec
[-----            14%                  ] 420 of 3000 complete in 16.2 sec
[-----            14%                  ] 434 of 3000 complete in 16.7 sec
[-----            14%                  ] 447 of 3000 complete in 17.2 sec
[-----            15%                  ] 459 of 3000 complete in 17.8 sec
[-----            15%                  ] 472 of 3000 complete in 18.3 sec
[------           16%                  ] 486 of 3000 complete in 18.8 sec
[------           16%                  ] 502 of 3000 complete in 19.3 sec
[------           17%                  ] 517 of 3000 complete in 19.8 sec
[------           17%                  ] 533 of 3000 complete in 20.4 sec
[------           18%                  ] 547 of 3000 complete in 20.9 sec
[-------          18%                  ] 561 of 3000 complete in 21.4 sec
[-------          19%                  ] 575 of 3000 complete in 21.9 sec
[-------          19%                  ] 590 of 3000 complete in 22.4 sec
[-------          20%                  ] 605 of 3000 complete in 22.9 sec
[-------          20%                  ] 620 of 3000 complete in 23.4 sec
[--------         21%                  ] 636 of 3000 complete in 24.0 sec
[--------         21%                  ] 653 of 3000 complete in 24.5 sec
[--------         22%                  ] 669 of 3000 complete in 25.0 sec
[--------         22%                  ] 684 of 3000 complete in 25.5 sec
[--------         23%                  ] 699 of 3000 complete in 26.1 sec
[---------        23%                  ] 715 of 3000 complete in 26.6 sec
[---------        24%                  ] 730 of 3000 complete in 27.1 sec
[---------        24%                  ] 745 of 3000 complete in 27.7 sec
[---------        25%                  ] 760 of 3000 complete in 28.2 sec
[---------        25%                  ] 775 of 3000 complete in 28.7 sec
[----------       26%                  ] 792 of 3000 complete in 29.2 sec
[----------       26%                  ] 808 of 3000 complete in 29.7 sec
[----------       27%                  ] 823 of 3000 complete in 30.2 sec
[----------       27%                  ] 838 of 3000 complete in 30.8 sec
[----------       28%                  ] 852 of 3000 complete in 31.3 sec
[----------       28%                  ] 867 of 3000 complete in 31.8 sec
[-----------      29%                  ] 883 of 3000 complete in 32.3 sec
[-----------      29%                  ] 899 of 3000 complete in 32.8 sec
[-----------      30%                  ] 913 of 3000 complete in 33.3 sec
[-----------      30%                  ] 927 of 3000 complete in 33.9 sec
[-----------      31%                  ] 941 of 3000 complete in 34.4 sec
[------------     31%                  ] 954 of 3000 complete in 34.9 sec
[------------     32%                  ] 967 of 3000 complete in 35.5 sec
[------------     32%                  ] 979 of 3000 complete in 36.0 sec
[------------     33%                  ] 992 of 3000 complete in 36.5 sec
[------------     33%                  ] 1006 of 3000 complete in 37.0 sec
[------------     33%                  ] 1019 of 3000 complete in 37.5 sec
[-------------    34%                  ] 1031 of 3000 complete in 38.0 sec
[-------------    34%                  ] 1043 of 3000 complete in 38.5 sec
[-------------    35%                  ] 1057 of 3000 complete in 39.1 sec
[-------------    35%                  ] 1072 of 3000 complete in 39.6 sec
[-------------    36%                  ] 1089 of 3000 complete in 40.1 sec
[--------------   36%                  ] 1106 of 3000 complete in 40.6 sec
[--------------   37%                  ] 1121 of 3000 complete in 41.1 sec
[--------------   37%                  ] 1135 of 3000 complete in 41.7 sec
[--------------   38%                  ] 1149 of 3000 complete in 42.2 sec
[--------------   38%                  ] 1163 of 3000 complete in 42.7 sec
[--------------   39%                  ] 1177 of 3000 complete in 43.2 sec
[---------------  39%                  ] 1189 of 3000 complete in 43.7 sec
[---------------  40%                  ] 1203 of 3000 complete in 44.2 sec
[---------------  40%                  ] 1217 of 3000 complete in 44.7 sec
[---------------  41%                  ] 1230 of 3000 complete in 45.3 sec
[---------------  41%                  ] 1243 of 3000 complete in 45.8 sec
[---------------  41%                  ] 1255 of 3000 complete in 46.3 sec
[---------------- 42%                  ] 1269 of 3000 complete in 46.9 sec
[---------------- 42%                  ] 1284 of 3000 complete in 47.4 sec
[---------------- 43%                  ] 1299 of 3000 complete in 47.9 sec
[---------------- 43%                  ] 1315 of 3000 complete in 48.4 sec
[---------------- 44%                  ] 1329 of 3000 complete in 48.9 sec
[-----------------44%                  ] 1343 of 3000 complete in 49.5 sec
[-----------------45%                  ] 1357 of 3000 complete in 50.0 sec
[-----------------45%                  ] 1371 of 3000 complete in 50.5 sec
[-----------------46%                  ] 1383 of 3000 complete in 51.0 sec
[-----------------46%                  ] 1395 of 3000 complete in 51.6 sec
[-----------------46%                  ] 1408 of 3000 complete in 52.1 sec
[-----------------47%                  ] 1420 of 3000 complete in 52.6 sec
[-----------------47%                  ] 1431 of 3000 complete in 53.1 sec
[-----------------48%                  ] 1442 of 3000 complete in 53.7 sec
[-----------------48%                  ] 1454 of 3000 complete in 54.2 sec
[-----------------48%                  ] 1467 of 3000 complete in 54.7 sec
[-----------------49%                  ] 1479 of 3000 complete in 55.2 sec
[-----------------49%                  ] 1491 of 3000 complete in 55.8 sec
[-----------------50%                  ] 1504 of 3000 complete in 56.3 sec
[-----------------50%                  ] 1517 of 3000 complete in 56.8 sec
[-----------------50%                  ] 1529 of 3000 complete in 57.3 sec
[-----------------51%                  ] 1542 of 3000 complete in 57.8 sec
[-----------------51%                  ] 1557 of 3000 complete in 58.3 sec
[-----------------52%                  ] 1573 of 3000 complete in 58.9 sec
[-----------------52%                  ] 1589 of 3000 complete in 59.4 sec
[-----------------53%                  ] 1604 of 3000 complete in 59.9 sec
[-----------------54%                  ] 1620 of 3000 complete in 60.4 sec
[-----------------54%                  ] 1635 of 3000 complete in 60.9 sec
[-----------------54%                  ] 1648 of 3000 complete in 61.5 sec
[-----------------55%-                 ] 1661 of 3000 complete in 62.0 sec
[-----------------55%-                 ] 1675 of 3000 complete in 62.5 sec
[-----------------56%-                 ] 1687 of 3000 complete in 63.0 sec
[-----------------56%-                 ] 1698 of 3000 complete in 63.5 sec
[-----------------57%-                 ] 1710 of 3000 complete in 64.0 sec
[-----------------57%-                 ] 1722 of 3000 complete in 64.5 sec
[-----------------57%-                 ] 1735 of 3000 complete in 65.0 sec
[-----------------58%--                ] 1748 of 3000 complete in 65.6 sec
[-----------------58%--                ] 1762 of 3000 complete in 66.1 sec
[-----------------59%--                ] 1775 of 3000 complete in 66.6 sec
[-----------------59%--                ] 1790 of 3000 complete in 67.1 sec
[-----------------60%--                ] 1805 of 3000 complete in 67.7 sec
[-----------------60%---               ] 1818 of 3000 complete in 68.2 sec
[-----------------61%---               ] 1831 of 3000 complete in 68.7 sec
[-----------------61%---               ] 1843 of 3000 complete in 69.2 sec
[-----------------61%---               ] 1855 of 3000 complete in 69.8 sec
[-----------------62%---               ] 1866 of 3000 complete in 70.3 sec
[-----------------62%---               ] 1877 of 3000 complete in 70.8 sec
[-----------------63%---               ] 1890 of 3000 complete in 71.3 sec
[-----------------63%----              ] 1904 of 3000 complete in 71.9 sec
[-----------------63%----              ] 1918 of 3000 complete in 72.4 sec
[-----------------64%----              ] 1933 of 3000 complete in 72.9 sec
[-----------------64%----              ] 1946 of 3000 complete in 73.5 sec
[-----------------65%----              ] 1957 of 3000 complete in 74.0 sec
[-----------------65%----              ] 1969 of 3000 complete in 74.5 sec
[-----------------66%-----             ] 1981 of 3000 complete in 75.0 sec
[-----------------66%-----             ] 1995 of 3000 complete in 75.5 sec
[-----------------66%-----             ] 2007 of 3000 complete in 76.0 sec
[-----------------67%-----             ] 2021 of 3000 complete in 76.6 sec
[-----------------67%-----             ] 2036 of 3000 complete in 77.1 sec
[-----------------68%-----             ] 2051 of 3000 complete in 77.6 sec
[-----------------68%------            ] 2065 of 3000 complete in 78.1 sec
[-----------------69%------            ] 2078 of 3000 complete in 78.7 sec
[-----------------69%------            ] 2089 of 3000 complete in 79.2 sec
[-----------------70%------            ] 2100 of 3000 complete in 79.7 sec
[-----------------70%------            ] 2113 of 3000 complete in 80.2 sec
[-----------------70%------            ] 2126 of 3000 complete in 80.7 sec
[-----------------71%-------           ] 2139 of 3000 complete in 81.3 sec
[-----------------71%-------           ] 2152 of 3000 complete in 81.8 sec
[-----------------72%-------           ] 2164 of 3000 complete in 82.3 sec
[-----------------72%-------           ] 2177 of 3000 complete in 82.8 sec
[-----------------73%-------           ] 2190 of 3000 complete in 83.3 sec
[-----------------73%-------           ] 2203 of 3000 complete in 83.9 sec
[-----------------73%--------          ] 2216 of 3000 complete in 84.4 sec
[-----------------74%--------          ] 2230 of 3000 complete in 84.9 sec
[-----------------74%--------          ] 2245 of 3000 complete in 85.5 sec
[-----------------75%--------          ] 2259 of 3000 complete in 86.0 sec
[-----------------75%--------          ] 2273 of 3000 complete in 86.5 sec
[-----------------76%--------          ] 2288 of 3000 complete in 87.0 sec
[-----------------76%---------         ] 2302 of 3000 complete in 87.5 sec
[-----------------77%---------         ] 2316 of 3000 complete in 88.0 sec
[-----------------77%---------         ] 2331 of 3000 complete in 88.6 sec
[-----------------78%---------         ] 2347 of 3000 complete in 89.1 sec
[-----------------78%---------         ] 2362 of 3000 complete in 89.6 sec
[-----------------79%----------        ] 2377 of 3000 complete in 90.1 sec
[-----------------79%----------        ] 2390 of 3000 complete in 90.6 sec
[-----------------80%----------        ] 2403 of 3000 complete in 91.1 sec
[-----------------80%----------        ] 2417 of 3000 complete in 91.7 sec
[-----------------81%----------        ] 2431 of 3000 complete in 92.2 sec
[-----------------81%----------        ] 2445 of 3000 complete in 92.7 sec
[-----------------81%-----------       ] 2459 of 3000 complete in 93.2 sec
[-----------------82%-----------       ] 2471 of 3000 complete in 93.8 sec
[-----------------82%-----------       ] 2485 of 3000 complete in 94.3 sec
[-----------------83%-----------       ] 2500 of 3000 complete in 94.8 sec
[-----------------83%-----------       ] 2513 of 3000 complete in 95.3 sec
[-----------------84%-----------       ] 2526 of 3000 complete in 95.8 sec
[-----------------84%------------      ] 2540 of 3000 complete in 96.3 sec
[-----------------85%------------      ] 2554 of 3000 complete in 96.8 sec
[-----------------85%------------      ] 2569 of 3000 complete in 97.4 sec
[-----------------86%------------      ] 2584 of 3000 complete in 97.9 sec
[-----------------86%------------      ] 2598 of 3000 complete in 98.4 sec
[-----------------87%-------------     ] 2613 of 3000 complete in 98.9 sec
[-----------------87%-------------     ] 2627 of 3000 complete in 99.4 sec
[-----------------88%-------------     ] 2641 of 3000 complete in 99.9 sec
[-----------------88%-------------     ] 2656 of 3000 complete in 100.4 sec
[-----------------89%-------------     ] 2671 of 3000 complete in 100.9 sec
[-----------------89%--------------    ] 2685 of 3000 complete in 101.5 sec
[-----------------89%--------------    ] 2699 of 3000 complete in 102.0 sec
[-----------------90%--------------    ] 2713 of 3000 complete in 102.5 sec
[-----------------90%--------------    ] 2726 of 3000 complete in 103.0 sec
[-----------------91%--------------    ] 2738 of 3000 complete in 103.5 sec
[-----------------91%--------------    ] 2751 of 3000 complete in 104.1 sec
[-----------------92%---------------   ] 2765 of 3000 complete in 104.6 sec
[-----------------92%---------------   ] 2779 of 3000 complete in 105.1 sec
[-----------------93%---------------   ] 2794 of 3000 complete in 105.6 sec
[-----------------93%---------------   ] 2809 of 3000 complete in 106.1 sec
[-----------------94%---------------   ] 2825 of 3000 complete in 106.7 sec
[-----------------94%---------------   ] 2839 of 3000 complete in 107.2 sec
[-----------------95%----------------  ] 2854 of 3000 complete in 107.7 sec
[-----------------95%----------------  ] 2869 of 3000 complete in 108.2 sec
[-----------------96%----------------  ] 2882 of 3000 complete in 108.8 sec
[-----------------96%----------------  ] 2895 of 3000 complete in 109.3 sec
[-----------------96%----------------  ] 2908 of 3000 complete in 109.8 sec
[-----------------97%----------------- ] 2923 of 3000 complete in 110.3 sec
[-----------------97%----------------- ] 2937 of 3000 complete in 110.8 sec
[-----------------98%----------------- ] 2949 of 3000 complete in 111.3 sec
[-----------------98%----------------- ] 2962 of 3000 complete in 111.9 sec
[-----------------99%----------------- ] 2976 of 3000 complete in 112.4 sec
[-----------------99%----------------- ] 2991 of 3000 complete in 112.9 sec
[-----------------100%-----------------] 3000 of 3000 complete in 113.3 sec
hddm sampling elpased time:  113.35 s
[fit_one_hddm] 完成 cond6_rep1_censor（1.9 分钟）→ /home/jovyan/work/2_Data/Generate_Data/TenRules_Revision_20260912/param_recovery/fits/censor
