[fit_one_hddm] curve20_rep1_censor: 12 被试 / 3120 试次 / omission=0.206 / p_outlier=0.0
[fit_one_hddm] 设置 z 默认值失败（忽略）：'z'
No model attribute --> setting up standard HDDM
Set model to ddm
[                  0%                  ] 8 of 3000 complete in 0.5 sec
[                  0%                  ] 20 of 3000 complete in 1.0 sec
[                  1%                  ] 33 of 3000 complete in 1.5 sec
[                  1%                  ] 45 of 3000 complete in 2.1 sec
[                  1%                  ] 58 of 3000 complete in 2.6 sec
[                  2%                  ] 71 of 3000 complete in 3.1 sec
[-                 2%                  ] 84 of 3000 complete in 3.6 sec
[-                 3%                  ] 96 of 3000 complete in 4.1 sec
[-                 3%                  ] 108 of 3000 complete in 4.7 sec
[-                 3%                  ] 119 of 3000 complete in 5.2 sec
[-                 4%                  ] 130 of 3000 complete in 5.7 sec
[-                 4%                  ] 141 of 3000 complete in 6.2 sec
[-                 5%                  ] 152 of 3000 complete in 6.8 sec
[--                5%                  ] 163 of 3000 complete in 7.3 sec
[--                5%                  ] 174 of 3000 complete in 7.8 sec
[--                6%                  ] 185 of 3000 complete in 8.4 sec
[--                6%                  ] 196 of 3000 complete in 8.9 sec
[--                6%                  ] 208 of 3000 complete in 9.4 sec
[--                7%                  ] 220 of 3000 complete in 9.9 sec
[--                7%                  ] 232 of 3000 complete in 10.4 sec
[---               8%                  ] 245 of 3000 complete in 11.0 sec
[---               8%                  ] 257 of 3000 complete in 11.5 sec
[---               8%                  ] 269 of 3000 complete in 12.0 sec
[---               9%                  ] 281 of 3000 complete in 12.5 sec
[---               9%                  ] 294 of 3000 complete in 13.0 sec
[---              10%                  ] 306 of 3000 complete in 13.5 sec
[----             10%                  ] 319 of 3000 complete in 14.0 sec
[----             11%                  ] 333 of 3000 complete in 14.6 sec
[----             11%                  ] 345 of 3000 complete in 15.1 sec
[----             11%                  ] 358 of 3000 complete in 15.6 sec
[----             12%                  ] 371 of 3000 complete in 16.1 sec
[----             12%                  ] 383 of 3000 complete in 16.6 sec
[-----            13%                  ] 396 of 3000 complete in 17.2 sec
[-----            13%                  ] 408 of 3000 complete in 17.7 sec
[-----            14%                  ] 420 of 3000 complete in 18.2 sec
[-----            14%                  ] 432 of 3000 complete in 18.8 sec
[-----            14%                  ] 443 of 3000 complete in 19.3 sec
[-----            15%                  ] 453 of 3000 complete in 19.8 sec
[-----            15%                  ] 464 of 3000 complete in 20.3 sec
[------           15%                  ] 475 of 3000 complete in 20.8 sec
[------           16%                  ] 485 of 3000 complete in 21.4 sec
[------           16%                  ] 496 of 3000 complete in 21.9 sec
[------           16%                  ] 508 of 3000 complete in 22.4 sec
[------           17%                  ] 519 of 3000 complete in 23.0 sec
[------           17%                  ] 531 of 3000 complete in 23.5 sec
[------           18%                  ] 542 of 3000 complete in 24.0 sec
[-------          18%                  ] 553 of 3000 complete in 24.5 sec
[-------          18%                  ] 565 of 3000 complete in 25.0 sec
[-------          19%                  ] 576 of 3000 complete in 25.6 sec
[-------          19%                  ] 588 of 3000 complete in 26.1 sec
[-------          20%                  ] 600 of 3000 complete in 26.6 sec
[-------          20%                  ] 612 of 3000 complete in 27.1 sec
[-------          20%                  ] 623 of 3000 complete in 27.6 sec
[--------         21%                  ] 635 of 3000 complete in 28.2 sec
[--------         21%                  ] 646 of 3000 complete in 28.7 sec
[--------         21%                  ] 656 of 3000 complete in 29.2 sec
[--------         22%                  ] 667 of 3000 complete in 29.7 sec
[--------         22%                  ] 677 of 3000 complete in 30.2 sec
[--------         22%                  ] 688 of 3000 complete in 30.7 sec
[--------         23%                  ] 699 of 3000 complete in 31.3 sec
[--------         23%                  ] 709 of 3000 complete in 31.8 sec
[---------        24%                  ] 720 of 3000 complete in 32.3 sec
[---------        24%                  ] 732 of 3000 complete in 32.9 sec
[---------        24%                  ] 743 of 3000 complete in 33.4 sec
[---------        25%                  ] 755 of 3000 complete in 33.9 sec
[---------        25%                  ] 766 of 3000 complete in 34.4 sec
[---------        25%                  ] 777 of 3000 complete in 35.0 sec
[---------        26%                  ] 788 of 3000 complete in 35.5 sec
[----------       26%                  ] 799 of 3000 complete in 36.0 sec
[----------       26%                  ] 809 of 3000 complete in 36.5 sec
[----------       27%                  ] 820 of 3000 complete in 37.1 sec
[----------       27%                  ] 829 of 3000 complete in 37.6 sec
[----------       27%                  ] 839 of 3000 complete in 38.1 sec
[----------       28%                  ] 850 of 3000 complete in 38.6 sec
[----------       28%                  ] 862 of 3000 complete in 39.2 sec
[-----------      29%                  ] 874 of 3000 complete in 39.7 sec
[-----------      29%                  ] 887 of 3000 complete in 40.2 sec
[-----------      29%                  ] 898 of 3000 complete in 40.7 sec
[-----------      30%                  ] 908 of 3000 complete in 41.2 sec
[-----------      30%                  ] 919 of 3000 complete in 41.8 sec
[-----------      30%                  ] 929 of 3000 complete in 42.3 sec
[-----------      31%                  ] 940 of 3000 complete in 42.8 sec
[------------     31%                  ] 951 of 3000 complete in 43.3 sec
[------------     32%                  ] 962 of 3000 complete in 43.8 sec
[------------     32%                  ] 973 of 3000 complete in 44.3 sec
[------------     32%                  ] 985 of 3000 complete in 44.9 sec
[------------     33%                  ] 996 of 3000 complete in 45.4 sec
[------------     33%                  ] 1007 of 3000 complete in 45.9 sec
[------------     33%                  ] 1019 of 3000 complete in 46.5 sec
[-------------    34%                  ] 1031 of 3000 complete in 47.0 sec
[-------------    34%                  ] 1042 of 3000 complete in 47.5 sec
[-------------    35%                  ] 1054 of 3000 complete in 48.0 sec
[-------------    35%                  ] 1064 of 3000 complete in 48.5 sec
[-------------    35%                  ] 1075 of 3000 complete in 49.1 sec
[-------------    36%                  ] 1086 of 3000 complete in 49.6 sec
[-------------    36%                  ] 1099 of 3000 complete in 50.1 sec
[--------------   37%                  ] 1112 of 3000 complete in 50.6 sec
[--------------   37%                  ] 1124 of 3000 complete in 51.1 sec
[--------------   37%                  ] 1136 of 3000 complete in 51.7 sec
[--------------   38%                  ] 1148 of 3000 complete in 52.2 sec
[--------------   38%                  ] 1161 of 3000 complete in 52.8 sec
[--------------   39%                  ] 1174 of 3000 complete in 53.3 sec
[--------------   39%                  ] 1184 of 3000 complete in 53.8 sec
[---------------  39%                  ] 1195 of 3000 complete in 54.3 sec
[---------------  40%                  ] 1206 of 3000 complete in 54.8 sec
[---------------  40%                  ] 1218 of 3000 complete in 55.4 sec
[---------------  40%                  ] 1229 of 3000 complete in 55.9 sec
[---------------  41%                  ] 1241 of 3000 complete in 56.4 sec
[---------------  41%                  ] 1253 of 3000 complete in 56.9 sec
[---------------- 42%                  ] 1266 of 3000 complete in 57.5 sec
[---------------- 42%                  ] 1279 of 3000 complete in 58.0 sec
[---------------- 43%                  ] 1291 of 3000 complete in 58.5 sec
[---------------- 43%                  ] 1302 of 3000 complete in 59.0 sec
[---------------- 43%                  ] 1313 of 3000 complete in 59.5 sec
[---------------- 44%                  ] 1324 of 3000 complete in 60.1 sec
[---------------- 44%                  ] 1335 of 3000 complete in 60.6 sec
[-----------------44%                  ] 1346 of 3000 complete in 61.1 sec
[-----------------45%                  ] 1357 of 3000 complete in 61.6 sec
[-----------------45%                  ] 1368 of 3000 complete in 62.2 sec
[-----------------46%                  ] 1380 of 3000 complete in 62.7 sec
[-----------------46%                  ] 1392 of 3000 complete in 63.3 sec
[-----------------46%                  ] 1403 of 3000 complete in 63.8 sec
[-----------------47%                  ] 1414 of 3000 complete in 64.4 sec
[-----------------47%                  ] 1425 of 3000 complete in 64.9 sec
[-----------------47%                  ] 1437 of 3000 complete in 65.4 sec
[-----------------48%                  ] 1449 of 3000 complete in 65.9 sec
[-----------------48%                  ] 1461 of 3000 complete in 66.4 sec
[-----------------49%                  ] 1473 of 3000 complete in 67.0 sec
[-----------------49%                  ] 1484 of 3000 complete in 67.5 sec
[-----------------49%                  ] 1495 of 3000 complete in 68.0 sec
[-----------------50%                  ] 1506 of 3000 complete in 68.5 sec
[-----------------50%                  ] 1518 of 3000 complete in 69.1 sec
[-----------------50%                  ] 1529 of 3000 complete in 69.6 sec
[-----------------51%                  ] 1542 of 3000 complete in 70.1 sec
[-----------------51%                  ] 1555 of 3000 complete in 70.6 sec
[-----------------52%                  ] 1568 of 3000 complete in 71.1 sec
[-----------------52%                  ] 1581 of 3000 complete in 71.7 sec
[-----------------53%                  ] 1593 of 3000 complete in 72.2 sec
[-----------------53%                  ] 1604 of 3000 complete in 72.7 sec
[-----------------53%                  ] 1614 of 3000 complete in 73.2 sec
[-----------------54%                  ] 1625 of 3000 complete in 73.7 sec
[-----------------54%                  ] 1636 of 3000 complete in 74.2 sec
[-----------------54%                  ] 1646 of 3000 complete in 74.8 sec
[-----------------55%                  ] 1656 of 3000 complete in 75.3 sec
[-----------------55%-                 ] 1667 of 3000 complete in 75.8 sec
[-----------------55%-                 ] 1677 of 3000 complete in 76.4 sec
[-----------------56%-                 ] 1687 of 3000 complete in 76.9 sec
[-----------------56%-                 ] 1696 of 3000 complete in 77.4 sec
[-----------------56%-                 ] 1705 of 3000 complete in 78.0 sec
[-----------------57%-                 ] 1715 of 3000 complete in 78.5 sec
[-----------------57%-                 ] 1726 of 3000 complete in 79.1 sec
[-----------------57%-                 ] 1736 of 3000 complete in 79.6 sec
[-----------------58%--                ] 1748 of 3000 complete in 80.1 sec
[-----------------58%--                ] 1758 of 3000 complete in 80.6 sec
[-----------------58%--                ] 1768 of 3000 complete in 81.2 sec
[-----------------59%--                ] 1778 of 3000 complete in 81.7 sec
[-----------------59%--                ] 1788 of 3000 complete in 82.3 sec
[-----------------59%--                ] 1798 of 3000 complete in 82.9 sec
[-----------------60%--                ] 1808 of 3000 complete in 83.4 sec
[-----------------60%---               ] 1818 of 3000 complete in 84.0 sec
[-----------------60%---               ] 1828 of 3000 complete in 84.5 sec
[-----------------61%---               ] 1839 of 3000 complete in 85.0 sec
[-----------------61%---               ] 1849 of 3000 complete in 85.5 sec
[-----------------61%---               ] 1859 of 3000 complete in 86.1 sec
[-----------------62%---               ] 1870 of 3000 complete in 86.6 sec
[-----------------62%---               ] 1881 of 3000 complete in 87.1 sec
[-----------------63%---               ] 1892 of 3000 complete in 87.6 sec
[-----------------63%----              ] 1902 of 3000 complete in 88.2 sec
[-----------------63%----              ] 1912 of 3000 complete in 88.7 sec
[-----------------64%----              ] 1922 of 3000 complete in 89.2 sec
[-----------------64%----              ] 1932 of 3000 complete in 89.7 sec
[-----------------64%----              ] 1941 of 3000 complete in 90.2 sec
[-----------------65%----              ] 1951 of 3000 complete in 90.7 sec
[-----------------65%----              ] 1962 of 3000 complete in 91.3 sec
[-----------------65%----              ] 1973 of 3000 complete in 91.8 sec
[-----------------66%-----             ] 1984 of 3000 complete in 92.3 sec
[-----------------66%-----             ] 1996 of 3000 complete in 92.9 sec
[-----------------66%-----             ] 2008 of 3000 complete in 93.4 sec
[-----------------67%-----             ] 2021 of 3000 complete in 93.9 sec
[-----------------67%-----             ] 2033 of 3000 complete in 94.4 sec
[-----------------68%-----             ] 2045 of 3000 complete in 95.0 sec
[-----------------68%------            ] 2057 of 3000 complete in 95.5 sec
[-----------------68%------            ] 2069 of 3000 complete in 96.0 sec
[-----------------69%------            ] 2081 of 3000 complete in 96.5 sec
[-----------------69%------            ] 2093 of 3000 complete in 97.0 sec
[-----------------70%------            ] 2105 of 3000 complete in 97.5 sec
[-----------------70%------            ] 2118 of 3000 complete in 98.0 sec
[-----------------71%------            ] 2131 of 3000 complete in 98.6 sec
[-----------------71%-------           ] 2143 of 3000 complete in 99.1 sec
[-----------------71%-------           ] 2156 of 3000 complete in 99.6 sec
[-----------------72%-------           ] 2170 of 3000 complete in 100.1 sec
[-----------------72%-------           ] 2183 of 3000 complete in 100.6 sec
[-----------------73%-------           ] 2196 of 3000 complete in 101.1 sec
[-----------------73%-------           ] 2210 of 3000 complete in 101.7 sec
[-----------------74%--------          ] 2223 of 3000 complete in 102.2 sec
[-----------------74%--------          ] 2235 of 3000 complete in 102.7 sec
[-----------------74%--------          ] 2248 of 3000 complete in 103.2 sec
[-----------------75%--------          ] 2261 of 3000 complete in 103.8 sec
[-----------------75%--------          ] 2274 of 3000 complete in 104.3 sec
[-----------------76%--------          ] 2286 of 3000 complete in 104.8 sec
[-----------------76%---------         ] 2298 of 3000 complete in 105.3 sec
[-----------------76%---------         ] 2309 of 3000 complete in 105.8 sec
[-----------------77%---------         ] 2321 of 3000 complete in 106.4 sec
[-----------------77%---------         ] 2333 of 3000 complete in 106.9 sec
[-----------------78%---------         ] 2344 of 3000 complete in 107.4 sec
[-----------------78%---------         ] 2356 of 3000 complete in 108.0 sec
[-----------------78%---------         ] 2368 of 3000 complete in 108.5 sec
[-----------------79%----------        ] 2380 of 3000 complete in 109.0 sec
[-----------------79%----------        ] 2391 of 3000 complete in 109.5 sec
[-----------------80%----------        ] 2402 of 3000 complete in 110.0 sec
[-----------------80%----------        ] 2415 of 3000 complete in 110.6 sec
[-----------------80%----------        ] 2427 of 3000 complete in 111.1 sec
[-----------------81%----------        ] 2438 of 3000 complete in 111.6 sec
[-----------------81%-----------       ] 2449 of 3000 complete in 112.1 sec
[-----------------82%-----------       ] 2460 of 3000 complete in 112.7 sec
[-----------------82%-----------       ] 2471 of 3000 complete in 113.2 sec
[-----------------82%-----------       ] 2482 of 3000 complete in 113.7 sec
[-----------------83%-----------       ] 2492 of 3000 complete in 114.2 sec
[-----------------83%-----------       ] 2502 of 3000 complete in 114.7 sec
[-----------------83%-----------       ] 2512 of 3000 complete in 115.3 sec
[-----------------84%-----------       ] 2521 of 3000 complete in 115.8 sec
[-----------------84%------------      ] 2531 of 3000 complete in 116.3 sec
[-----------------84%------------      ] 2542 of 3000 complete in 116.9 sec
[-----------------85%------------      ] 2553 of 3000 complete in 117.4 sec
[-----------------85%------------      ] 2564 of 3000 complete in 117.9 sec
[-----------------85%------------      ] 2575 of 3000 complete in 118.5 sec
[-----------------86%------------      ] 2585 of 3000 complete in 119.0 sec
[-----------------86%------------      ] 2596 of 3000 complete in 119.5 sec
[-----------------86%-------------     ] 2607 of 3000 complete in 120.0 sec
[-----------------87%-------------     ] 2618 of 3000 complete in 120.6 sec
[-----------------87%-------------     ] 2628 of 3000 complete in 121.1 sec
[-----------------87%-------------     ] 2638 of 3000 complete in 121.6 sec
[-----------------88%-------------     ] 2648 of 3000 complete in 122.1 sec
[-----------------88%-------------     ] 2659 of 3000 complete in 122.6 sec
[-----------------89%-------------     ] 2671 of 3000 complete in 123.2 sec
[-----------------89%-------------     ] 2681 of 3000 complete in 123.7 sec
[-----------------89%--------------    ] 2691 of 3000 complete in 124.2 sec
[-----------------90%--------------    ] 2702 of 3000 complete in 124.7 sec
[-----------------90%--------------    ] 2714 of 3000 complete in 125.2 sec
[-----------------90%--------------    ] 2725 of 3000 complete in 125.7 sec
[-----------------91%--------------    ] 2737 of 3000 complete in 126.3 sec
[-----------------91%--------------    ] 2748 of 3000 complete in 126.8 sec
[-----------------92%--------------    ] 2760 of 3000 complete in 127.3 sec
[-----------------92%---------------   ] 2771 of 3000 complete in 127.8 sec
[-----------------92%---------------   ] 2781 of 3000 complete in 128.3 sec
[-----------------93%---------------   ] 2793 of 3000 complete in 128.9 sec
[-----------------93%---------------   ] 2804 of 3000 complete in 129.4 sec
[-----------------93%---------------   ] 2816 of 3000 complete in 129.9 sec
[-----------------94%---------------   ] 2828 of 3000 complete in 130.4 sec
[-----------------94%---------------   ] 2839 of 3000 complete in 130.9 sec
[-----------------95%----------------  ] 2851 of 3000 complete in 131.5 sec
[-----------------95%----------------  ] 2863 of 3000 complete in 132.0 sec
[-----------------95%----------------  ] 2875 of 3000 complete in 132.5 sec
[-----------------96%----------------  ] 2887 of 3000 complete in 133.0 sec
[-----------------96%----------------  ] 2899 of 3000 complete in 133.5 sec
[-----------------97%----------------  ] 2911 of 3000 complete in 134.1 sec
[-----------------97%----------------- ] 2924 of 3000 complete in 134.6 sec
[-----------------97%----------------- ] 2937 of 3000 complete in 135.1 sec
[-----------------98%----------------- ] 2950 of 3000 complete in 135.7 sec
[-----------------98%----------------- ] 2961 of 3000 complete in 136.2 sec
[-----------------99%----------------- ] 2972 of 3000 complete in 136.7 sec
[-----------------99%----------------- ] 2984 of 3000 complete in 137.2 sec
[-----------------99%----------------- ] 2997 of 3000 complete in 137.7 sec
[-----------------100%-----------------] 3000 of 3000 complete in 137.9 sec
hddm sampling elpased time:  137.991 s
[fit_one_hddm] 完成 curve20_rep1_censor（2.3 分钟）→ /home/jovyan/work/2_Data/Generate_Data/TenRules_Revision_20260912/param_recovery/fits/censor
