[fit_one_hddm] curve05_rep1_censor: 12 被试 / 3120 试次 / omission=0.052 / p_outlier=0.0
[fit_one_hddm] 设置 z 默认值失败（忽略）：'z'
No model attribute --> setting up standard HDDM
Set model to ddm
[                  0%                  ] 11 of 3000 complete in 0.5 sec
[                  0%                  ] 24 of 3000 complete in 1.0 sec
[                  1%                  ] 37 of 3000 complete in 1.5 sec
[                  1%                  ] 49 of 3000 complete in 2.0 sec
[                  2%                  ] 60 of 3000 complete in 2.6 sec
[                  2%                  ] 73 of 3000 complete in 3.1 sec
[-                 2%                  ] 84 of 3000 complete in 3.6 sec
[-                 3%                  ] 95 of 3000 complete in 4.1 sec
[-                 3%                  ] 106 of 3000 complete in 4.6 sec
[-                 3%                  ] 119 of 3000 complete in 5.2 sec
[-                 4%                  ] 129 of 3000 complete in 5.7 sec
[-                 4%                  ] 140 of 3000 complete in 6.2 sec
[-                 5%                  ] 150 of 3000 complete in 6.7 sec
[--                5%                  ] 161 of 3000 complete in 7.3 sec
[--                5%                  ] 170 of 3000 complete in 7.8 sec
[--                6%                  ] 181 of 3000 complete in 8.3 sec
[--                6%                  ] 192 of 3000 complete in 8.8 sec
[--                6%                  ] 204 of 3000 complete in 9.4 sec
[--                7%                  ] 214 of 3000 complete in 9.9 sec
[--                7%                  ] 225 of 3000 complete in 10.4 sec
[--                7%                  ] 236 of 3000 complete in 11.0 sec
[---               8%                  ] 247 of 3000 complete in 11.5 sec
[---               8%                  ] 258 of 3000 complete in 12.1 sec
[---               8%                  ] 268 of 3000 complete in 12.6 sec
[---               9%                  ] 279 of 3000 complete in 13.1 sec
[---               9%                  ] 290 of 3000 complete in 13.7 sec
[---              10%                  ] 301 of 3000 complete in 14.2 sec
[---              10%                  ] 311 of 3000 complete in 14.7 sec
[----             10%                  ] 321 of 3000 complete in 15.3 sec
[----             10%                  ] 329 of 3000 complete in 15.8 sec
[----             11%                  ] 338 of 3000 complete in 16.4 sec
[----             11%                  ] 347 of 3000 complete in 16.9 sec
[----             11%                  ] 356 of 3000 complete in 17.4 sec
[----             12%                  ] 364 of 3000 complete in 17.9 sec
[----             12%                  ] 373 of 3000 complete in 18.5 sec
[----             12%                  ] 382 of 3000 complete in 19.0 sec
[----             13%                  ] 391 of 3000 complete in 19.5 sec
[-----            13%                  ] 400 of 3000 complete in 20.0 sec
[-----            13%                  ] 410 of 3000 complete in 20.6 sec
[-----            13%                  ] 418 of 3000 complete in 21.1 sec
[-----            14%                  ] 428 of 3000 complete in 21.6 sec
[-----            14%                  ] 438 of 3000 complete in 22.2 sec
[-----            14%                  ] 448 of 3000 complete in 22.7 sec
[-----            15%                  ] 458 of 3000 complete in 23.2 sec
[-----            15%                  ] 469 of 3000 complete in 23.8 sec
[------           15%                  ] 479 of 3000 complete in 24.3 sec
[------           16%                  ] 489 of 3000 complete in 24.8 sec
[------           16%                  ] 499 of 3000 complete in 25.3 sec
[------           17%                  ] 510 of 3000 complete in 25.8 sec
[------           17%                  ] 520 of 3000 complete in 26.3 sec
[------           17%                  ] 532 of 3000 complete in 26.9 sec
[------           18%                  ] 544 of 3000 complete in 27.4 sec
[-------          18%                  ] 555 of 3000 complete in 27.9 sec
[-------          18%                  ] 567 of 3000 complete in 28.4 sec
[-------          19%                  ] 579 of 3000 complete in 28.9 sec
[-------          19%                  ] 591 of 3000 complete in 29.4 sec
[-------          20%                  ] 603 of 3000 complete in 30.0 sec
[-------          20%                  ] 614 of 3000 complete in 30.5 sec
[-------          20%                  ] 626 of 3000 complete in 31.0 sec
[--------         21%                  ] 637 of 3000 complete in 31.6 sec
[--------         21%                  ] 649 of 3000 complete in 32.1 sec
[--------         22%                  ] 661 of 3000 complete in 32.6 sec
[--------         22%                  ] 673 of 3000 complete in 33.1 sec
[--------         22%                  ] 685 of 3000 complete in 33.6 sec
[--------         23%                  ] 697 of 3000 complete in 34.2 sec
[--------         23%                  ] 709 of 3000 complete in 34.7 sec
[---------        24%                  ] 721 of 3000 complete in 35.2 sec
[---------        24%                  ] 734 of 3000 complete in 35.8 sec
[---------        24%                  ] 746 of 3000 complete in 36.3 sec
[---------        25%                  ] 757 of 3000 complete in 36.8 sec
[---------        25%                  ] 768 of 3000 complete in 37.3 sec
[---------        25%                  ] 779 of 3000 complete in 37.9 sec
[----------       26%                  ] 790 of 3000 complete in 38.4 sec
[----------       26%                  ] 802 of 3000 complete in 38.9 sec
[----------       27%                  ] 813 of 3000 complete in 39.4 sec
[----------       27%                  ] 825 of 3000 complete in 40.0 sec
[----------       27%                  ] 836 of 3000 complete in 40.5 sec
[----------       28%                  ] 848 of 3000 complete in 41.0 sec
[----------       28%                  ] 859 of 3000 complete in 41.5 sec
[-----------      29%                  ] 871 of 3000 complete in 42.0 sec
[-----------      29%                  ] 883 of 3000 complete in 42.5 sec
[-----------      29%                  ] 896 of 3000 complete in 43.0 sec
[-----------      30%                  ] 909 of 3000 complete in 43.5 sec
[-----------      30%                  ] 922 of 3000 complete in 44.1 sec
[-----------      31%                  ] 934 of 3000 complete in 44.6 sec
[-----------      31%                  ] 947 of 3000 complete in 45.1 sec
[------------     32%                  ] 960 of 3000 complete in 45.6 sec
[------------     32%                  ] 973 of 3000 complete in 46.1 sec
[------------     32%                  ] 986 of 3000 complete in 46.6 sec
[------------     33%                  ] 998 of 3000 complete in 47.2 sec
[------------     33%                  ] 1009 of 3000 complete in 47.7 sec
[------------     34%                  ] 1020 of 3000 complete in 48.2 sec
[-------------    34%                  ] 1032 of 3000 complete in 48.7 sec
[-------------    34%                  ] 1043 of 3000 complete in 49.3 sec
[-------------    35%                  ] 1055 of 3000 complete in 49.8 sec
[-------------    35%                  ] 1068 of 3000 complete in 50.3 sec
[-------------    36%                  ] 1080 of 3000 complete in 50.9 sec
[-------------    36%                  ] 1093 of 3000 complete in 51.4 sec
[-------------    36%                  ] 1105 of 3000 complete in 51.9 sec
[--------------   37%                  ] 1118 of 3000 complete in 52.4 sec
[--------------   37%                  ] 1131 of 3000 complete in 53.0 sec
[--------------   38%                  ] 1143 of 3000 complete in 53.5 sec
[--------------   38%                  ] 1156 of 3000 complete in 54.0 sec
[--------------   38%                  ] 1169 of 3000 complete in 54.5 sec
[--------------   39%                  ] 1181 of 3000 complete in 55.0 sec
[---------------  39%                  ] 1193 of 3000 complete in 55.6 sec
[---------------  40%                  ] 1204 of 3000 complete in 56.1 sec
[---------------  40%                  ] 1215 of 3000 complete in 56.6 sec
[---------------  40%                  ] 1227 of 3000 complete in 57.1 sec
[---------------  41%                  ] 1239 of 3000 complete in 57.7 sec
[---------------  41%                  ] 1250 of 3000 complete in 58.2 sec
[---------------  42%                  ] 1261 of 3000 complete in 58.8 sec
[---------------- 42%                  ] 1271 of 3000 complete in 59.3 sec
[---------------- 42%                  ] 1281 of 3000 complete in 59.8 sec
[---------------- 43%                  ] 1291 of 3000 complete in 60.3 sec
[---------------- 43%                  ] 1301 of 3000 complete in 60.9 sec
[---------------- 43%                  ] 1312 of 3000 complete in 61.4 sec
[---------------- 44%                  ] 1323 of 3000 complete in 62.0 sec
[---------------- 44%                  ] 1332 of 3000 complete in 62.5 sec
[---------------- 44%                  ] 1342 of 3000 complete in 63.0 sec
[-----------------45%                  ] 1353 of 3000 complete in 63.5 sec
[-----------------45%                  ] 1364 of 3000 complete in 64.0 sec
[-----------------45%                  ] 1375 of 3000 complete in 64.6 sec
[-----------------46%                  ] 1386 of 3000 complete in 65.1 sec
[-----------------46%                  ] 1399 of 3000 complete in 65.6 sec
[-----------------47%                  ] 1413 of 3000 complete in 66.2 sec
[-----------------47%                  ] 1425 of 3000 complete in 66.7 sec
[-----------------47%                  ] 1436 of 3000 complete in 67.2 sec
[-----------------48%                  ] 1448 of 3000 complete in 67.7 sec
[-----------------48%                  ] 1460 of 3000 complete in 68.3 sec
[-----------------49%                  ] 1471 of 3000 complete in 68.8 sec
[-----------------49%                  ] 1482 of 3000 complete in 69.3 sec
[-----------------49%                  ] 1492 of 3000 complete in 69.8 sec
[-----------------50%                  ] 1503 of 3000 complete in 70.4 sec
[-----------------50%                  ] 1514 of 3000 complete in 70.9 sec
[-----------------50%                  ] 1524 of 3000 complete in 71.4 sec
[-----------------51%                  ] 1534 of 3000 complete in 71.9 sec
[-----------------51%                  ] 1545 of 3000 complete in 72.5 sec
[-----------------51%                  ] 1556 of 3000 complete in 73.0 sec
[-----------------52%                  ] 1568 of 3000 complete in 73.5 sec
[-----------------52%                  ] 1580 of 3000 complete in 74.0 sec
[-----------------53%                  ] 1592 of 3000 complete in 74.6 sec
[-----------------53%                  ] 1604 of 3000 complete in 75.1 sec
[-----------------53%                  ] 1617 of 3000 complete in 75.6 sec
[-----------------54%                  ] 1629 of 3000 complete in 76.1 sec
[-----------------54%                  ] 1641 of 3000 complete in 76.7 sec
[-----------------55%                  ] 1654 of 3000 complete in 77.2 sec
[-----------------55%-                 ] 1667 of 3000 complete in 77.7 sec
[-----------------55%-                 ] 1679 of 3000 complete in 78.2 sec
[-----------------56%-                 ] 1690 of 3000 complete in 78.7 sec
[-----------------56%-                 ] 1701 of 3000 complete in 79.3 sec
[-----------------57%-                 ] 1712 of 3000 complete in 79.8 sec
[-----------------57%-                 ] 1724 of 3000 complete in 80.3 sec
[-----------------57%-                 ] 1736 of 3000 complete in 80.8 sec
[-----------------58%--                ] 1748 of 3000 complete in 81.4 sec
[-----------------58%--                ] 1760 of 3000 complete in 81.9 sec
[-----------------59%--                ] 1772 of 3000 complete in 82.4 sec
[-----------------59%--                ] 1784 of 3000 complete in 82.9 sec
[-----------------59%--                ] 1796 of 3000 complete in 83.5 sec
[-----------------60%--                ] 1808 of 3000 complete in 84.0 sec
[-----------------60%---               ] 1820 of 3000 complete in 84.5 sec
[-----------------61%---               ] 1833 of 3000 complete in 85.0 sec
[-----------------61%---               ] 1846 of 3000 complete in 85.5 sec
[-----------------61%---               ] 1858 of 3000 complete in 86.0 sec
[-----------------62%---               ] 1869 of 3000 complete in 86.5 sec
[-----------------62%---               ] 1880 of 3000 complete in 87.1 sec
[-----------------63%---               ] 1890 of 3000 complete in 87.6 sec
[-----------------63%----              ] 1900 of 3000 complete in 88.1 sec
[-----------------63%----              ] 1910 of 3000 complete in 88.6 sec
[-----------------64%----              ] 1922 of 3000 complete in 89.1 sec
[-----------------64%----              ] 1934 of 3000 complete in 89.7 sec
[-----------------64%----              ] 1946 of 3000 complete in 90.2 sec
[-----------------65%----              ] 1959 of 3000 complete in 90.7 sec
[-----------------65%----              ] 1972 of 3000 complete in 91.3 sec
[-----------------66%-----             ] 1984 of 3000 complete in 91.8 sec
[-----------------66%-----             ] 1996 of 3000 complete in 92.3 sec
[-----------------66%-----             ] 2008 of 3000 complete in 92.8 sec
[-----------------67%-----             ] 2019 of 3000 complete in 93.4 sec
[-----------------67%-----             ] 2029 of 3000 complete in 93.9 sec
[-----------------68%-----             ] 2041 of 3000 complete in 94.4 sec
[-----------------68%------            ] 2053 of 3000 complete in 94.9 sec
[-----------------68%------            ] 2064 of 3000 complete in 95.5 sec
[-----------------69%------            ] 2076 of 3000 complete in 96.0 sec
[-----------------69%------            ] 2089 of 3000 complete in 96.5 sec
[-----------------70%------            ] 2101 of 3000 complete in 97.0 sec
[-----------------70%------            ] 2113 of 3000 complete in 97.5 sec
[-----------------70%------            ] 2125 of 3000 complete in 98.0 sec
[-----------------71%-------           ] 2136 of 3000 complete in 98.5 sec
[-----------------71%-------           ] 2148 of 3000 complete in 99.1 sec
[-----------------72%-------           ] 2160 of 3000 complete in 99.6 sec
[-----------------72%-------           ] 2171 of 3000 complete in 100.1 sec
[-----------------72%-------           ] 2183 of 3000 complete in 100.7 sec
[-----------------73%-------           ] 2195 of 3000 complete in 101.2 sec
[-----------------73%-------           ] 2206 of 3000 complete in 101.7 sec
[-----------------73%--------          ] 2216 of 3000 complete in 102.2 sec
[-----------------74%--------          ] 2227 of 3000 complete in 102.7 sec
[-----------------74%--------          ] 2238 of 3000 complete in 103.2 sec
[-----------------74%--------          ] 2249 of 3000 complete in 103.8 sec
[-----------------75%--------          ] 2260 of 3000 complete in 104.3 sec
[-----------------75%--------          ] 2270 of 3000 complete in 104.9 sec
[-----------------76%--------          ] 2280 of 3000 complete in 105.4 sec
[-----------------76%---------         ] 2292 of 3000 complete in 105.9 sec
[-----------------76%---------         ] 2305 of 3000 complete in 106.4 sec
[-----------------77%---------         ] 2315 of 3000 complete in 106.9 sec
[-----------------77%---------         ] 2326 of 3000 complete in 107.5 sec
[-----------------77%---------         ] 2337 of 3000 complete in 108.0 sec
[-----------------78%---------         ] 2349 of 3000 complete in 108.5 sec
[-----------------78%---------         ] 2359 of 3000 complete in 109.0 sec
[-----------------78%----------        ] 2369 of 3000 complete in 109.5 sec
[-----------------79%----------        ] 2380 of 3000 complete in 110.1 sec
[-----------------79%----------        ] 2389 of 3000 complete in 110.6 sec
[-----------------79%----------        ] 2398 of 3000 complete in 111.1 sec
[-----------------80%----------        ] 2405 of 3000 complete in 111.7 sec
[-----------------80%----------        ] 2413 of 3000 complete in 112.2 sec
[-----------------80%----------        ] 2422 of 3000 complete in 112.7 sec
[-----------------81%----------        ] 2432 of 3000 complete in 113.3 sec
[-----------------81%----------        ] 2443 of 3000 complete in 113.8 sec
[-----------------81%-----------       ] 2454 of 3000 complete in 114.4 sec
[-----------------82%-----------       ] 2465 of 3000 complete in 114.9 sec
[-----------------82%-----------       ] 2476 of 3000 complete in 115.4 sec
[-----------------82%-----------       ] 2487 of 3000 complete in 115.9 sec
[-----------------83%-----------       ] 2498 of 3000 complete in 116.5 sec
[-----------------83%-----------       ] 2508 of 3000 complete in 117.0 sec
[-----------------83%-----------       ] 2519 of 3000 complete in 117.5 sec
[-----------------84%------------      ] 2529 of 3000 complete in 118.0 sec
[-----------------84%------------      ] 2541 of 3000 complete in 118.6 sec
[-----------------85%------------      ] 2553 of 3000 complete in 119.1 sec
[-----------------85%------------      ] 2565 of 3000 complete in 119.6 sec
[-----------------85%------------      ] 2578 of 3000 complete in 120.2 sec
[-----------------86%------------      ] 2589 of 3000 complete in 120.7 sec
[-----------------86%------------      ] 2600 of 3000 complete in 121.2 sec
[-----------------87%-------------     ] 2611 of 3000 complete in 121.7 sec
[-----------------87%-------------     ] 2623 of 3000 complete in 122.3 sec
[-----------------87%-------------     ] 2634 of 3000 complete in 122.8 sec
[-----------------88%-------------     ] 2644 of 3000 complete in 123.3 sec
[-----------------88%-------------     ] 2656 of 3000 complete in 123.8 sec
[-----------------88%-------------     ] 2667 of 3000 complete in 124.3 sec
[-----------------89%-------------     ] 2677 of 3000 complete in 124.9 sec
[-----------------89%--------------    ] 2688 of 3000 complete in 125.4 sec
[-----------------90%--------------    ] 2700 of 3000 complete in 125.9 sec
[-----------------90%--------------    ] 2711 of 3000 complete in 126.4 sec
[-----------------90%--------------    ] 2722 of 3000 complete in 126.9 sec
[-----------------91%--------------    ] 2733 of 3000 complete in 127.5 sec
[-----------------91%--------------    ] 2744 of 3000 complete in 128.0 sec
[-----------------91%--------------    ] 2756 of 3000 complete in 128.5 sec
[-----------------92%---------------   ] 2767 of 3000 complete in 129.1 sec
[-----------------92%---------------   ] 2777 of 3000 complete in 129.6 sec
[-----------------92%---------------   ] 2787 of 3000 complete in 130.1 sec
[-----------------93%---------------   ] 2798 of 3000 complete in 130.7 sec
[-----------------93%---------------   ] 2808 of 3000 complete in 131.2 sec
[-----------------93%---------------   ] 2818 of 3000 complete in 131.7 sec
[-----------------94%---------------   ] 2828 of 3000 complete in 132.3 sec
[-----------------94%---------------   ] 2837 of 3000 complete in 132.8 sec
[-----------------94%----------------  ] 2846 of 3000 complete in 133.3 sec
[-----------------95%----------------  ] 2856 of 3000 complete in 133.8 sec
[-----------------95%----------------  ] 2865 of 3000 complete in 134.3 sec
[-----------------95%----------------  ] 2874 of 3000 complete in 134.9 sec
[-----------------96%----------------  ] 2883 of 3000 complete in 135.4 sec
[-----------------96%----------------  ] 2892 of 3000 complete in 136.0 sec
[-----------------96%----------------  ] 2902 of 3000 complete in 136.5 sec
[-----------------97%----------------  ] 2912 of 3000 complete in 137.0 sec
[-----------------97%----------------- ] 2924 of 3000 complete in 137.5 sec
[-----------------97%----------------- ] 2937 of 3000 complete in 138.1 sec
[-----------------98%----------------- ] 2948 of 3000 complete in 138.6 sec
[-----------------98%----------------- ] 2960 of 3000 complete in 139.1 sec
[-----------------99%----------------- ] 2972 of 3000 complete in 139.6 sec
[-----------------99%----------------- ] 2983 of 3000 complete in 140.1 sec
[-----------------99%----------------- ] 2995 of 3000 complete in 140.7 sec
[-----------------100%-----------------] 3000 of 3000 complete in 140.9 sec
hddm sampling elpased time:  141.044 s
[fit_one_hddm] 完成 curve05_rep1_censor（2.4 分钟）→ /home/jovyan/work/2_Data/Generate_Data/TenRules_Revision_20260912/param_recovery/fits/censor
