[fit_one_hddm] curve25_rep2_censor: 12 被试 / 3120 试次 / omission=0.251 / p_outlier=0.0
[fit_one_hddm] 设置 z 默认值失败（忽略）：'z'
No model attribute --> setting up standard HDDM
Set model to ddm
[                  0%                  ] 12 of 3000 complete in 0.5 sec
[                  0%                  ] 25 of 3000 complete in 1.0 sec
[                  1%                  ] 38 of 3000 complete in 1.6 sec
[                  1%                  ] 51 of 3000 complete in 2.1 sec
[                  2%                  ] 64 of 3000 complete in 2.6 sec
[                  2%                  ] 77 of 3000 complete in 3.1 sec
[-                 3%                  ] 90 of 3000 complete in 3.6 sec
[-                 3%                  ] 103 of 3000 complete in 4.2 sec
[-                 3%                  ] 116 of 3000 complete in 4.7 sec
[-                 4%                  ] 128 of 3000 complete in 5.2 sec
[-                 4%                  ] 140 of 3000 complete in 5.7 sec
[-                 5%                  ] 153 of 3000 complete in 6.3 sec
[--                5%                  ] 165 of 3000 complete in 6.8 sec
[--                5%                  ] 176 of 3000 complete in 7.3 sec
[--                6%                  ] 189 of 3000 complete in 7.8 sec
[--                6%                  ] 202 of 3000 complete in 8.3 sec
[--                7%                  ] 215 of 3000 complete in 8.9 sec
[--                7%                  ] 228 of 3000 complete in 9.4 sec
[---               7%                  ] 239 of 3000 complete in 9.9 sec
[---               8%                  ] 250 of 3000 complete in 10.4 sec
[---               8%                  ] 262 of 3000 complete in 10.9 sec
[---               9%                  ] 274 of 3000 complete in 11.5 sec
[---               9%                  ] 285 of 3000 complete in 12.0 sec
[---               9%                  ] 296 of 3000 complete in 12.5 sec
[---              10%                  ] 308 of 3000 complete in 13.0 sec
[----             10%                  ] 320 of 3000 complete in 13.5 sec
[----             11%                  ] 333 of 3000 complete in 14.1 sec
[----             11%                  ] 345 of 3000 complete in 14.6 sec
[----             11%                  ] 356 of 3000 complete in 15.1 sec
[----             12%                  ] 368 of 3000 complete in 15.6 sec
[----             12%                  ] 379 of 3000 complete in 16.1 sec
[----             13%                  ] 390 of 3000 complete in 16.7 sec
[-----            13%                  ] 401 of 3000 complete in 17.2 sec
[-----            13%                  ] 412 of 3000 complete in 17.7 sec
[-----            14%                  ] 424 of 3000 complete in 18.2 sec
[-----            14%                  ] 435 of 3000 complete in 18.7 sec
[-----            14%                  ] 446 of 3000 complete in 19.2 sec
[-----            15%                  ] 457 of 3000 complete in 19.7 sec
[-----            15%                  ] 470 of 3000 complete in 20.3 sec
[------           16%                  ] 484 of 3000 complete in 20.8 sec
[------           16%                  ] 496 of 3000 complete in 21.3 sec
[------           16%                  ] 509 of 3000 complete in 21.8 sec
[------           17%                  ] 523 of 3000 complete in 22.3 sec
[------           17%                  ] 535 of 3000 complete in 22.8 sec
[------           18%                  ] 547 of 3000 complete in 23.4 sec
[-------          18%                  ] 558 of 3000 complete in 23.9 sec
[-------          18%                  ] 569 of 3000 complete in 24.4 sec
[-------          19%                  ] 580 of 3000 complete in 24.9 sec
[-------          19%                  ] 593 of 3000 complete in 25.4 sec
[-------          20%                  ] 606 of 3000 complete in 25.9 sec
[-------          20%                  ] 617 of 3000 complete in 26.5 sec
[-------          20%                  ] 628 of 3000 complete in 27.0 sec
[--------         21%                  ] 639 of 3000 complete in 27.5 sec
[--------         21%                  ] 650 of 3000 complete in 28.1 sec
[--------         22%                  ] 662 of 3000 complete in 28.6 sec
[--------         22%                  ] 674 of 3000 complete in 29.1 sec
[--------         22%                  ] 687 of 3000 complete in 29.6 sec
[--------         23%                  ] 701 of 3000 complete in 30.2 sec
[---------        23%                  ] 714 of 3000 complete in 30.7 sec
[---------        24%                  ] 728 of 3000 complete in 31.2 sec
[---------        24%                  ] 742 of 3000 complete in 31.7 sec
[---------        25%                  ] 756 of 3000 complete in 32.2 sec
[---------        25%                  ] 769 of 3000 complete in 32.8 sec
[---------        26%                  ] 782 of 3000 complete in 33.3 sec
[----------       26%                  ] 795 of 3000 complete in 33.8 sec
[----------       26%                  ] 807 of 3000 complete in 34.3 sec
[----------       27%                  ] 821 of 3000 complete in 34.9 sec
[----------       27%                  ] 832 of 3000 complete in 35.4 sec
[----------       28%                  ] 844 of 3000 complete in 35.9 sec
[----------       28%                  ] 856 of 3000 complete in 36.4 sec
[----------       28%                  ] 868 of 3000 complete in 36.9 sec
[-----------      29%                  ] 880 of 3000 complete in 37.5 sec
[-----------      29%                  ] 891 of 3000 complete in 38.0 sec
[-----------      30%                  ] 902 of 3000 complete in 38.5 sec
[-----------      30%                  ] 912 of 3000 complete in 39.0 sec
[-----------      30%                  ] 923 of 3000 complete in 39.5 sec
[-----------      31%                  ] 934 of 3000 complete in 40.1 sec
[-----------      31%                  ] 946 of 3000 complete in 40.6 sec
[------------     31%                  ] 959 of 3000 complete in 41.1 sec
[------------     32%                  ] 972 of 3000 complete in 41.6 sec
[------------     32%                  ] 985 of 3000 complete in 42.1 sec
[------------     33%                  ] 997 of 3000 complete in 42.7 sec
[------------     33%                  ] 1009 of 3000 complete in 43.2 sec
[------------     34%                  ] 1021 of 3000 complete in 43.7 sec
[-------------    34%                  ] 1032 of 3000 complete in 44.2 sec
[-------------    34%                  ] 1044 of 3000 complete in 44.8 sec
[-------------    35%                  ] 1055 of 3000 complete in 45.3 sec
[-------------    35%                  ] 1065 of 3000 complete in 45.8 sec
[-------------    35%                  ] 1077 of 3000 complete in 46.3 sec
[-------------    36%                  ] 1088 of 3000 complete in 46.9 sec
[-------------    36%                  ] 1100 of 3000 complete in 47.4 sec
[--------------   37%                  ] 1111 of 3000 complete in 47.9 sec
[--------------   37%                  ] 1122 of 3000 complete in 48.5 sec
[--------------   37%                  ] 1133 of 3000 complete in 49.0 sec
[--------------   38%                  ] 1144 of 3000 complete in 49.5 sec
[--------------   38%                  ] 1155 of 3000 complete in 50.0 sec
[--------------   38%                  ] 1167 of 3000 complete in 50.5 sec
[--------------   39%                  ] 1180 of 3000 complete in 51.0 sec
[---------------  39%                  ] 1193 of 3000 complete in 51.6 sec
[---------------  40%                  ] 1207 of 3000 complete in 52.1 sec
[---------------  40%                  ] 1219 of 3000 complete in 52.6 sec
[---------------  41%                  ] 1232 of 3000 complete in 53.1 sec
[---------------  41%                  ] 1244 of 3000 complete in 53.6 sec
[---------------  41%                  ] 1257 of 3000 complete in 54.2 sec
[---------------- 42%                  ] 1270 of 3000 complete in 54.7 sec
[---------------- 42%                  ] 1282 of 3000 complete in 55.2 sec
[---------------- 43%                  ] 1294 of 3000 complete in 55.7 sec
[---------------- 43%                  ] 1307 of 3000 complete in 56.3 sec
[---------------- 44%                  ] 1320 of 3000 complete in 56.8 sec
[---------------- 44%                  ] 1333 of 3000 complete in 57.3 sec
[-----------------44%                  ] 1346 of 3000 complete in 57.9 sec
[-----------------45%                  ] 1359 of 3000 complete in 58.4 sec
[-----------------45%                  ] 1371 of 3000 complete in 58.9 sec
[-----------------46%                  ] 1384 of 3000 complete in 59.4 sec
[-----------------46%                  ] 1397 of 3000 complete in 60.0 sec
[-----------------46%                  ] 1409 of 3000 complete in 60.5 sec
[-----------------47%                  ] 1420 of 3000 complete in 61.0 sec
[-----------------47%                  ] 1432 of 3000 complete in 61.5 sec
[-----------------48%                  ] 1445 of 3000 complete in 62.0 sec
[-----------------48%                  ] 1458 of 3000 complete in 62.5 sec
[-----------------49%                  ] 1471 of 3000 complete in 63.0 sec
[-----------------49%                  ] 1484 of 3000 complete in 63.5 sec
[-----------------49%                  ] 1498 of 3000 complete in 64.0 sec
[-----------------50%                  ] 1511 of 3000 complete in 64.6 sec
[-----------------50%                  ] 1522 of 3000 complete in 65.1 sec
[-----------------51%                  ] 1533 of 3000 complete in 65.6 sec
[-----------------51%                  ] 1545 of 3000 complete in 66.1 sec
[-----------------51%                  ] 1558 of 3000 complete in 66.6 sec
[-----------------52%                  ] 1571 of 3000 complete in 67.2 sec
[-----------------52%                  ] 1584 of 3000 complete in 67.7 sec
[-----------------53%                  ] 1597 of 3000 complete in 68.2 sec
[-----------------53%                  ] 1610 of 3000 complete in 68.7 sec
[-----------------54%                  ] 1623 of 3000 complete in 69.2 sec
[-----------------54%                  ] 1634 of 3000 complete in 69.7 sec
[-----------------54%                  ] 1644 of 3000 complete in 70.2 sec
[-----------------55%                  ] 1654 of 3000 complete in 70.8 sec
[-----------------55%-                 ] 1663 of 3000 complete in 71.3 sec
[-----------------55%-                 ] 1673 of 3000 complete in 71.8 sec
[-----------------56%-                 ] 1684 of 3000 complete in 72.3 sec
[-----------------56%-                 ] 1695 of 3000 complete in 72.8 sec
[-----------------56%-                 ] 1706 of 3000 complete in 73.4 sec
[-----------------57%-                 ] 1717 of 3000 complete in 73.9 sec
[-----------------57%-                 ] 1729 of 3000 complete in 74.4 sec
[-----------------58%--                ] 1740 of 3000 complete in 74.9 sec
[-----------------58%--                ] 1752 of 3000 complete in 75.5 sec
[-----------------58%--                ] 1764 of 3000 complete in 76.0 sec
[-----------------59%--                ] 1774 of 3000 complete in 76.5 sec
[-----------------59%--                ] 1784 of 3000 complete in 77.1 sec
[-----------------59%--                ] 1795 of 3000 complete in 77.6 sec
[-----------------60%--                ] 1807 of 3000 complete in 78.1 sec
[-----------------60%---               ] 1820 of 3000 complete in 78.7 sec
[-----------------61%---               ] 1832 of 3000 complete in 79.2 sec
[-----------------61%---               ] 1844 of 3000 complete in 79.7 sec
[-----------------61%---               ] 1856 of 3000 complete in 80.2 sec
[-----------------62%---               ] 1868 of 3000 complete in 80.7 sec
[-----------------62%---               ] 1879 of 3000 complete in 81.2 sec
[-----------------63%---               ] 1892 of 3000 complete in 81.7 sec
[-----------------63%----              ] 1905 of 3000 complete in 82.3 sec
[-----------------63%----              ] 1918 of 3000 complete in 82.8 sec
[-----------------64%----              ] 1931 of 3000 complete in 83.3 sec
[-----------------64%----              ] 1945 of 3000 complete in 83.9 sec
[-----------------65%----              ] 1958 of 3000 complete in 84.4 sec
[-----------------65%----              ] 1971 of 3000 complete in 84.9 sec
[-----------------66%-----             ] 1984 of 3000 complete in 85.4 sec
[-----------------66%-----             ] 1997 of 3000 complete in 86.0 sec
[-----------------66%-----             ] 2009 of 3000 complete in 86.5 sec
[-----------------67%-----             ] 2021 of 3000 complete in 87.1 sec
[-----------------67%-----             ] 2032 of 3000 complete in 87.6 sec
[-----------------68%-----             ] 2043 of 3000 complete in 88.1 sec
[-----------------68%------            ] 2056 of 3000 complete in 88.6 sec
[-----------------68%------            ] 2068 of 3000 complete in 89.2 sec
[-----------------69%------            ] 2080 of 3000 complete in 89.7 sec
[-----------------69%------            ] 2093 of 3000 complete in 90.2 sec
[-----------------70%------            ] 2105 of 3000 complete in 90.7 sec
[-----------------70%------            ] 2117 of 3000 complete in 91.2 sec
[-----------------71%------            ] 2130 of 3000 complete in 91.8 sec
[-----------------71%-------           ] 2143 of 3000 complete in 92.3 sec
[-----------------71%-------           ] 2156 of 3000 complete in 92.8 sec
[-----------------72%-------           ] 2168 of 3000 complete in 93.3 sec
[-----------------72%-------           ] 2180 of 3000 complete in 93.8 sec
[-----------------73%-------           ] 2192 of 3000 complete in 94.4 sec
[-----------------73%-------           ] 2203 of 3000 complete in 94.9 sec
[-----------------73%--------          ] 2213 of 3000 complete in 95.4 sec
[-----------------74%--------          ] 2223 of 3000 complete in 95.9 sec
[-----------------74%--------          ] 2236 of 3000 complete in 96.4 sec
[-----------------75%--------          ] 2250 of 3000 complete in 97.0 sec
[-----------------75%--------          ] 2262 of 3000 complete in 97.5 sec
[-----------------75%--------          ] 2273 of 3000 complete in 98.0 sec
[-----------------76%--------          ] 2284 of 3000 complete in 98.5 sec
[-----------------76%---------         ] 2295 of 3000 complete in 99.1 sec
[-----------------76%---------         ] 2306 of 3000 complete in 99.6 sec
[-----------------77%---------         ] 2316 of 3000 complete in 100.1 sec
[-----------------77%---------         ] 2327 of 3000 complete in 100.6 sec
[-----------------77%---------         ] 2337 of 3000 complete in 101.1 sec
[-----------------78%---------         ] 2348 of 3000 complete in 101.7 sec
[-----------------78%---------         ] 2360 of 3000 complete in 102.2 sec
[-----------------79%----------        ] 2372 of 3000 complete in 102.8 sec
[-----------------79%----------        ] 2384 of 3000 complete in 103.3 sec
[-----------------79%----------        ] 2394 of 3000 complete in 103.8 sec
[-----------------80%----------        ] 2404 of 3000 complete in 104.3 sec
[-----------------80%----------        ] 2414 of 3000 complete in 104.9 sec
[-----------------80%----------        ] 2424 of 3000 complete in 105.4 sec
[-----------------81%----------        ] 2434 of 3000 complete in 105.9 sec
[-----------------81%----------        ] 2443 of 3000 complete in 106.4 sec
[-----------------81%-----------       ] 2452 of 3000 complete in 106.9 sec
[-----------------82%-----------       ] 2461 of 3000 complete in 107.5 sec
[-----------------82%-----------       ] 2471 of 3000 complete in 108.0 sec
[-----------------82%-----------       ] 2481 of 3000 complete in 108.6 sec
[-----------------83%-----------       ] 2492 of 3000 complete in 109.1 sec
[-----------------83%-----------       ] 2503 of 3000 complete in 109.6 sec
[-----------------83%-----------       ] 2514 of 3000 complete in 110.2 sec
[-----------------84%-----------       ] 2525 of 3000 complete in 110.7 sec
[-----------------84%------------      ] 2536 of 3000 complete in 111.2 sec
[-----------------84%------------      ] 2546 of 3000 complete in 111.7 sec
[-----------------85%------------      ] 2557 of 3000 complete in 112.2 sec
[-----------------85%------------      ] 2570 of 3000 complete in 112.8 sec
[-----------------86%------------      ] 2582 of 3000 complete in 113.3 sec
[-----------------86%------------      ] 2594 of 3000 complete in 113.8 sec
[-----------------86%-------------     ] 2606 of 3000 complete in 114.3 sec
[-----------------87%-------------     ] 2617 of 3000 complete in 114.9 sec
[-----------------87%-------------     ] 2628 of 3000 complete in 115.4 sec
[-----------------87%-------------     ] 2639 of 3000 complete in 115.9 sec
[-----------------88%-------------     ] 2650 of 3000 complete in 116.5 sec
[-----------------88%-------------     ] 2662 of 3000 complete in 117.0 sec
[-----------------89%-------------     ] 2674 of 3000 complete in 117.5 sec
[-----------------89%--------------    ] 2686 of 3000 complete in 118.1 sec
[-----------------89%--------------    ] 2698 of 3000 complete in 118.6 sec
[-----------------90%--------------    ] 2710 of 3000 complete in 119.1 sec
[-----------------90%--------------    ] 2722 of 3000 complete in 119.6 sec
[-----------------91%--------------    ] 2733 of 3000 complete in 120.1 sec
[-----------------91%--------------    ] 2744 of 3000 complete in 120.7 sec
[-----------------91%--------------    ] 2755 of 3000 complete in 121.2 sec
[-----------------92%---------------   ] 2766 of 3000 complete in 121.7 sec
[-----------------92%---------------   ] 2778 of 3000 complete in 122.3 sec
[-----------------93%---------------   ] 2791 of 3000 complete in 122.8 sec
[-----------------93%---------------   ] 2804 of 3000 complete in 123.3 sec
[-----------------93%---------------   ] 2817 of 3000 complete in 123.8 sec
[-----------------94%---------------   ] 2829 of 3000 complete in 124.3 sec
[-----------------94%---------------   ] 2842 of 3000 complete in 124.8 sec
[-----------------95%----------------  ] 2854 of 3000 complete in 125.3 sec
[-----------------95%----------------  ] 2866 of 3000 complete in 125.8 sec
[-----------------95%----------------  ] 2878 of 3000 complete in 126.4 sec
[-----------------96%----------------  ] 2890 of 3000 complete in 126.9 sec
[-----------------96%----------------  ] 2903 of 3000 complete in 127.4 sec
[-----------------97%----------------  ] 2914 of 3000 complete in 128.0 sec
[-----------------97%----------------- ] 2924 of 3000 complete in 128.5 sec
[-----------------97%----------------- ] 2934 of 3000 complete in 129.0 sec
[-----------------98%----------------- ] 2945 of 3000 complete in 129.5 sec
[-----------------98%----------------- ] 2957 of 3000 complete in 130.1 sec
[-----------------98%----------------- ] 2968 of 3000 complete in 130.6 sec
[-----------------99%----------------- ] 2978 of 3000 complete in 131.1 sec
[-----------------99%----------------- ] 2988 of 3000 complete in 131.7 sec
[-----------------99%----------------- ] 2998 of 3000 complete in 132.2 sec
[-----------------100%-----------------] 3000 of 3000 complete in 132.3 sec
hddm sampling elpased time:  132.418 s
[fit_one_hddm] 完成 curve25_rep2_censor（2.2 分钟）→ /home/jovyan/work/2_Data/Generate_Data/TenRules_Revision_20260912/param_recovery/fits/censor
