[fit_one_hddm] curve10_rep2_censor: 12 被试 / 3120 试次 / omission=0.109 / p_outlier=0.0
[fit_one_hddm] 设置 z 默认值失败（忽略）：'z'
No model attribute --> setting up standard HDDM
Set model to ddm
[                  0%                  ] 10 of 3000 complete in 0.5 sec
[                  0%                  ] 23 of 3000 complete in 1.0 sec
[                  1%                  ] 35 of 3000 complete in 1.6 sec
[                  1%                  ] 46 of 3000 complete in 2.1 sec
[                  1%                  ] 57 of 3000 complete in 2.6 sec
[                  2%                  ] 68 of 3000 complete in 3.1 sec
[-                 2%                  ] 79 of 3000 complete in 3.7 sec
[-                 3%                  ] 90 of 3000 complete in 4.2 sec
[-                 3%                  ] 102 of 3000 complete in 4.7 sec
[-                 3%                  ] 116 of 3000 complete in 5.2 sec
[-                 4%                  ] 128 of 3000 complete in 5.7 sec
[-                 4%                  ] 140 of 3000 complete in 6.3 sec
[-                 5%                  ] 153 of 3000 complete in 6.8 sec
[--                5%                  ] 166 of 3000 complete in 7.3 sec
[--                5%                  ] 179 of 3000 complete in 7.8 sec
[--                6%                  ] 192 of 3000 complete in 8.3 sec
[--                6%                  ] 204 of 3000 complete in 8.9 sec
[--                7%                  ] 216 of 3000 complete in 9.4 sec
[--                7%                  ] 228 of 3000 complete in 9.9 sec
[---               8%                  ] 241 of 3000 complete in 10.5 sec
[---               8%                  ] 253 of 3000 complete in 11.0 sec
[---               8%                  ] 266 of 3000 complete in 11.5 sec
[---               9%                  ] 278 of 3000 complete in 12.0 sec
[---               9%                  ] 289 of 3000 complete in 12.6 sec
[---              10%                  ] 300 of 3000 complete in 13.1 sec
[---              10%                  ] 312 of 3000 complete in 13.6 sec
[----             10%                  ] 324 of 3000 complete in 14.1 sec
[----             11%                  ] 336 of 3000 complete in 14.6 sec
[----             11%                  ] 349 of 3000 complete in 15.2 sec
[----             12%                  ] 362 of 3000 complete in 15.7 sec
[----             12%                  ] 374 of 3000 complete in 16.2 sec
[----             12%                  ] 386 of 3000 complete in 16.7 sec
[-----            13%                  ] 398 of 3000 complete in 17.3 sec
[-----            13%                  ] 409 of 3000 complete in 17.8 sec
[-----            13%                  ] 419 of 3000 complete in 18.3 sec
[-----            14%                  ] 429 of 3000 complete in 18.8 sec
[-----            14%                  ] 441 of 3000 complete in 19.3 sec
[-----            15%                  ] 453 of 3000 complete in 19.9 sec
[-----            15%                  ] 466 of 3000 complete in 20.4 sec
[------           15%                  ] 479 of 3000 complete in 20.9 sec
[------           16%                  ] 491 of 3000 complete in 21.4 sec
[------           16%                  ] 503 of 3000 complete in 22.0 sec
[------           17%                  ] 515 of 3000 complete in 22.5 sec
[------           17%                  ] 527 of 3000 complete in 23.0 sec
[------           18%                  ] 540 of 3000 complete in 23.5 sec
[------           18%                  ] 552 of 3000 complete in 24.0 sec
[-------          18%                  ] 564 of 3000 complete in 24.5 sec
[-------          19%                  ] 575 of 3000 complete in 25.1 sec
[-------          19%                  ] 586 of 3000 complete in 25.6 sec
[-------          19%                  ] 597 of 3000 complete in 26.1 sec
[-------          20%                  ] 608 of 3000 complete in 26.6 sec
[-------          20%                  ] 619 of 3000 complete in 27.1 sec
[-------          21%                  ] 630 of 3000 complete in 27.6 sec
[--------         21%                  ] 641 of 3000 complete in 28.1 sec
[--------         21%                  ] 651 of 3000 complete in 28.7 sec
[--------         22%                  ] 661 of 3000 complete in 29.2 sec
[--------         22%                  ] 670 of 3000 complete in 29.7 sec
[--------         22%                  ] 679 of 3000 complete in 30.3 sec
[--------         22%                  ] 687 of 3000 complete in 30.8 sec
[--------         23%                  ] 696 of 3000 complete in 31.3 sec
[--------         23%                  ] 705 of 3000 complete in 31.9 sec
[---------        23%                  ] 714 of 3000 complete in 32.4 sec
[---------        24%                  ] 723 of 3000 complete in 32.9 sec
[---------        24%                  ] 732 of 3000 complete in 33.4 sec
[---------        24%                  ] 742 of 3000 complete in 34.0 sec
[---------        25%                  ] 751 of 3000 complete in 34.5 sec
[---------        25%                  ] 760 of 3000 complete in 35.1 sec
[---------        25%                  ] 769 of 3000 complete in 35.6 sec
[---------        25%                  ] 777 of 3000 complete in 36.1 sec
[---------        26%                  ] 786 of 3000 complete in 36.7 sec
[----------       26%                  ] 796 of 3000 complete in 37.2 sec
[----------       26%                  ] 807 of 3000 complete in 37.7 sec
[----------       27%                  ] 818 of 3000 complete in 38.3 sec
[----------       27%                  ] 829 of 3000 complete in 38.8 sec
[----------       28%                  ] 840 of 3000 complete in 39.3 sec
[----------       28%                  ] 850 of 3000 complete in 39.8 sec
[----------       28%                  ] 860 of 3000 complete in 40.4 sec
[-----------      29%                  ] 871 of 3000 complete in 40.9 sec
[-----------      29%                  ] 883 of 3000 complete in 41.4 sec
[-----------      29%                  ] 895 of 3000 complete in 41.9 sec
[-----------      30%                  ] 907 of 3000 complete in 42.4 sec
[-----------      30%                  ] 919 of 3000 complete in 43.0 sec
[-----------      31%                  ] 931 of 3000 complete in 43.5 sec
[-----------      31%                  ] 944 of 3000 complete in 44.0 sec
[------------     31%                  ] 956 of 3000 complete in 44.6 sec
[------------     32%                  ] 968 of 3000 complete in 45.1 sec
[------------     32%                  ] 980 of 3000 complete in 45.6 sec
[------------     33%                  ] 991 of 3000 complete in 46.2 sec
[------------     33%                  ] 1003 of 3000 complete in 46.7 sec
[------------     33%                  ] 1016 of 3000 complete in 47.3 sec
[-------------    34%                  ] 1028 of 3000 complete in 47.8 sec
[-------------    34%                  ] 1040 of 3000 complete in 48.3 sec
[-------------    35%                  ] 1051 of 3000 complete in 48.8 sec
[-------------    35%                  ] 1063 of 3000 complete in 49.4 sec
[-------------    35%                  ] 1075 of 3000 complete in 49.9 sec
[-------------    36%                  ] 1087 of 3000 complete in 50.4 sec
[-------------    36%                  ] 1099 of 3000 complete in 50.9 sec
[--------------   37%                  ] 1112 of 3000 complete in 51.4 sec
[--------------   37%                  ] 1124 of 3000 complete in 52.0 sec
[--------------   37%                  ] 1136 of 3000 complete in 52.5 sec
[--------------   38%                  ] 1147 of 3000 complete in 53.0 sec
[--------------   38%                  ] 1158 of 3000 complete in 53.5 sec
[--------------   38%                  ] 1169 of 3000 complete in 54.0 sec
[--------------   39%                  ] 1181 of 3000 complete in 54.6 sec
[---------------  39%                  ] 1191 of 3000 complete in 55.1 sec
[---------------  40%                  ] 1203 of 3000 complete in 55.6 sec
[---------------  40%                  ] 1215 of 3000 complete in 56.2 sec
[---------------  40%                  ] 1228 of 3000 complete in 56.7 sec
[---------------  41%                  ] 1239 of 3000 complete in 57.2 sec
[---------------  41%                  ] 1251 of 3000 complete in 57.7 sec
[---------------  42%                  ] 1263 of 3000 complete in 58.3 sec
[---------------- 42%                  ] 1275 of 3000 complete in 58.8 sec
[---------------- 42%                  ] 1287 of 3000 complete in 59.3 sec
[---------------- 43%                  ] 1299 of 3000 complete in 59.8 sec
[---------------- 43%                  ] 1310 of 3000 complete in 60.4 sec
[---------------- 44%                  ] 1322 of 3000 complete in 60.9 sec
[---------------- 44%                  ] 1334 of 3000 complete in 61.4 sec
[-----------------44%                  ] 1346 of 3000 complete in 62.0 sec
[-----------------45%                  ] 1358 of 3000 complete in 62.5 sec
[-----------------45%                  ] 1369 of 3000 complete in 63.0 sec
[-----------------46%                  ] 1381 of 3000 complete in 63.6 sec
[-----------------46%                  ] 1393 of 3000 complete in 64.1 sec
[-----------------46%                  ] 1405 of 3000 complete in 64.6 sec
[-----------------47%                  ] 1416 of 3000 complete in 65.2 sec
[-----------------47%                  ] 1427 of 3000 complete in 65.7 sec
[-----------------47%                  ] 1438 of 3000 complete in 66.3 sec
[-----------------48%                  ] 1448 of 3000 complete in 66.8 sec
[-----------------48%                  ] 1459 of 3000 complete in 67.3 sec
[-----------------49%                  ] 1470 of 3000 complete in 67.8 sec
[-----------------49%                  ] 1481 of 3000 complete in 68.4 sec
[-----------------49%                  ] 1492 of 3000 complete in 68.9 sec
[-----------------50%                  ] 1504 of 3000 complete in 69.4 sec
[-----------------50%                  ] 1516 of 3000 complete in 69.9 sec
[-----------------50%                  ] 1528 of 3000 complete in 70.4 sec
[-----------------51%                  ] 1541 of 3000 complete in 71.0 sec
[-----------------51%                  ] 1554 of 3000 complete in 71.5 sec
[-----------------52%                  ] 1566 of 3000 complete in 72.0 sec
[-----------------52%                  ] 1577 of 3000 complete in 72.5 sec
[-----------------52%                  ] 1589 of 3000 complete in 73.0 sec
[-----------------53%                  ] 1600 of 3000 complete in 73.5 sec
[-----------------53%                  ] 1612 of 3000 complete in 74.1 sec
[-----------------54%                  ] 1623 of 3000 complete in 74.6 sec
[-----------------54%                  ] 1634 of 3000 complete in 75.1 sec
[-----------------54%                  ] 1644 of 3000 complete in 75.6 sec
[-----------------55%                  ] 1654 of 3000 complete in 76.1 sec
[-----------------55%-                 ] 1664 of 3000 complete in 76.6 sec
[-----------------55%-                 ] 1674 of 3000 complete in 77.1 sec
[-----------------56%-                 ] 1684 of 3000 complete in 77.7 sec
[-----------------56%-                 ] 1695 of 3000 complete in 78.2 sec
[-----------------56%-                 ] 1706 of 3000 complete in 78.7 sec
[-----------------57%-                 ] 1717 of 3000 complete in 79.2 sec
[-----------------57%-                 ] 1728 of 3000 complete in 79.7 sec
[-----------------57%--                ] 1739 of 3000 complete in 80.2 sec
[-----------------58%--                ] 1750 of 3000 complete in 80.7 sec
[-----------------58%--                ] 1762 of 3000 complete in 81.2 sec
[-----------------59%--                ] 1774 of 3000 complete in 81.8 sec
[-----------------59%--                ] 1786 of 3000 complete in 82.3 sec
[-----------------59%--                ] 1798 of 3000 complete in 82.8 sec
[-----------------60%--                ] 1810 of 3000 complete in 83.3 sec
[-----------------60%---               ] 1821 of 3000 complete in 83.9 sec
[-----------------61%---               ] 1831 of 3000 complete in 84.4 sec
[-----------------61%---               ] 1842 of 3000 complete in 84.9 sec
[-----------------61%---               ] 1853 of 3000 complete in 85.4 sec
[-----------------62%---               ] 1865 of 3000 complete in 85.9 sec
[-----------------62%---               ] 1876 of 3000 complete in 86.5 sec
[-----------------62%---               ] 1887 of 3000 complete in 87.0 sec
[-----------------63%----              ] 1899 of 3000 complete in 87.5 sec
[-----------------63%----              ] 1911 of 3000 complete in 88.0 sec
[-----------------64%----              ] 1922 of 3000 complete in 88.6 sec
[-----------------64%----              ] 1933 of 3000 complete in 89.1 sec
[-----------------64%----              ] 1944 of 3000 complete in 89.6 sec
[-----------------65%----              ] 1955 of 3000 complete in 90.2 sec
[-----------------65%----              ] 1965 of 3000 complete in 90.7 sec
[-----------------65%-----             ] 1976 of 3000 complete in 91.2 sec
[-----------------66%-----             ] 1987 of 3000 complete in 91.7 sec
[-----------------66%-----             ] 1999 of 3000 complete in 92.2 sec
[-----------------67%-----             ] 2010 of 3000 complete in 92.7 sec
[-----------------67%-----             ] 2021 of 3000 complete in 93.3 sec
[-----------------67%-----             ] 2031 of 3000 complete in 93.8 sec
[-----------------68%-----             ] 2043 of 3000 complete in 94.3 sec
[-----------------68%------            ] 2055 of 3000 complete in 94.8 sec
[-----------------68%------            ] 2067 of 3000 complete in 95.3 sec
[-----------------69%------            ] 2080 of 3000 complete in 95.9 sec
[-----------------69%------            ] 2092 of 3000 complete in 96.4 sec
[-----------------70%------            ] 2103 of 3000 complete in 96.9 sec
[-----------------70%------            ] 2113 of 3000 complete in 97.4 sec
[-----------------70%------            ] 2123 of 3000 complete in 97.9 sec
[-----------------71%-------           ] 2133 of 3000 complete in 98.5 sec
[-----------------71%-------           ] 2144 of 3000 complete in 99.0 sec
[-----------------71%-------           ] 2156 of 3000 complete in 99.5 sec
[-----------------72%-------           ] 2168 of 3000 complete in 100.0 sec
[-----------------72%-------           ] 2180 of 3000 complete in 100.5 sec
[-----------------73%-------           ] 2192 of 3000 complete in 101.0 sec
[-----------------73%-------           ] 2204 of 3000 complete in 101.6 sec
[-----------------73%--------          ] 2215 of 3000 complete in 102.1 sec
[-----------------74%--------          ] 2228 of 3000 complete in 102.6 sec
[-----------------74%--------          ] 2239 of 3000 complete in 103.1 sec
[-----------------74%--------          ] 2249 of 3000 complete in 103.7 sec
[-----------------75%--------          ] 2261 of 3000 complete in 104.2 sec
[-----------------75%--------          ] 2274 of 3000 complete in 104.7 sec
[-----------------76%--------          ] 2286 of 3000 complete in 105.3 sec
[-----------------76%---------         ] 2297 of 3000 complete in 105.8 sec
[-----------------76%---------         ] 2308 of 3000 complete in 106.3 sec
[-----------------77%---------         ] 2319 of 3000 complete in 106.8 sec
[-----------------77%---------         ] 2330 of 3000 complete in 107.4 sec
[-----------------78%---------         ] 2342 of 3000 complete in 107.9 sec
[-----------------78%---------         ] 2354 of 3000 complete in 108.4 sec
[-----------------78%---------         ] 2366 of 3000 complete in 109.0 sec
[-----------------79%----------        ] 2378 of 3000 complete in 109.5 sec
[-----------------79%----------        ] 2389 of 3000 complete in 110.0 sec
[-----------------80%----------        ] 2401 of 3000 complete in 110.6 sec
[-----------------80%----------        ] 2413 of 3000 complete in 111.1 sec
[-----------------80%----------        ] 2424 of 3000 complete in 111.6 sec
[-----------------81%----------        ] 2435 of 3000 complete in 112.1 sec
[-----------------81%----------        ] 2446 of 3000 complete in 112.6 sec
[-----------------81%-----------       ] 2458 of 3000 complete in 113.2 sec
[-----------------82%-----------       ] 2470 of 3000 complete in 113.7 sec
[-----------------82%-----------       ] 2482 of 3000 complete in 114.2 sec
[-----------------83%-----------       ] 2493 of 3000 complete in 114.7 sec
[-----------------83%-----------       ] 2505 of 3000 complete in 115.3 sec
[-----------------83%-----------       ] 2516 of 3000 complete in 115.8 sec
[-----------------84%-----------       ] 2526 of 3000 complete in 116.3 sec
[-----------------84%------------      ] 2538 of 3000 complete in 116.8 sec
[-----------------85%------------      ] 2550 of 3000 complete in 117.4 sec
[-----------------85%------------      ] 2562 of 3000 complete in 117.9 sec
[-----------------85%------------      ] 2573 of 3000 complete in 118.4 sec
[-----------------86%------------      ] 2584 of 3000 complete in 119.0 sec
[-----------------86%------------      ] 2595 of 3000 complete in 119.5 sec
[-----------------86%-------------     ] 2606 of 3000 complete in 120.0 sec
[-----------------87%-------------     ] 2616 of 3000 complete in 120.6 sec
[-----------------87%-------------     ] 2626 of 3000 complete in 121.1 sec
[-----------------87%-------------     ] 2636 of 3000 complete in 121.6 sec
[-----------------88%-------------     ] 2646 of 3000 complete in 122.1 sec
[-----------------88%-------------     ] 2658 of 3000 complete in 122.6 sec
[-----------------88%-------------     ] 2668 of 3000 complete in 123.1 sec
[-----------------89%-------------     ] 2678 of 3000 complete in 123.7 sec
[-----------------89%--------------    ] 2688 of 3000 complete in 124.2 sec
[-----------------89%--------------    ] 2697 of 3000 complete in 124.7 sec
[-----------------90%--------------    ] 2706 of 3000 complete in 125.2 sec
[-----------------90%--------------    ] 2715 of 3000 complete in 125.7 sec
[-----------------90%--------------    ] 2724 of 3000 complete in 126.3 sec
[-----------------91%--------------    ] 2734 of 3000 complete in 126.8 sec
[-----------------91%--------------    ] 2745 of 3000 complete in 127.3 sec
[-----------------91%--------------    ] 2755 of 3000 complete in 127.8 sec
[-----------------92%---------------   ] 2765 of 3000 complete in 128.4 sec
[-----------------92%---------------   ] 2774 of 3000 complete in 128.9 sec
[-----------------92%---------------   ] 2784 of 3000 complete in 129.4 sec
[-----------------93%---------------   ] 2794 of 3000 complete in 130.0 sec
[-----------------93%---------------   ] 2804 of 3000 complete in 130.5 sec
[-----------------93%---------------   ] 2814 of 3000 complete in 131.1 sec
[-----------------94%---------------   ] 2825 of 3000 complete in 131.6 sec
[-----------------94%---------------   ] 2835 of 3000 complete in 132.1 sec
[-----------------94%----------------  ] 2845 of 3000 complete in 132.6 sec
[-----------------95%----------------  ] 2854 of 3000 complete in 133.2 sec
[-----------------95%----------------  ] 2863 of 3000 complete in 133.7 sec
[-----------------95%----------------  ] 2872 of 3000 complete in 134.3 sec
[-----------------96%----------------  ] 2881 of 3000 complete in 134.8 sec
[-----------------96%----------------  ] 2891 of 3000 complete in 135.3 sec
[-----------------96%----------------  ] 2900 of 3000 complete in 135.8 sec
[-----------------97%----------------  ] 2910 of 3000 complete in 136.4 sec
[-----------------97%----------------  ] 2919 of 3000 complete in 136.9 sec
[-----------------97%----------------- ] 2928 of 3000 complete in 137.4 sec
[-----------------97%----------------- ] 2937 of 3000 complete in 137.9 sec
[-----------------98%----------------- ] 2948 of 3000 complete in 138.4 sec
[-----------------98%----------------- ] 2959 of 3000 complete in 139.0 sec
[-----------------98%----------------- ] 2969 of 3000 complete in 139.5 sec
[-----------------99%----------------- ] 2980 of 3000 complete in 140.0 sec
[-----------------99%----------------- ] 2991 of 3000 complete in 140.6 sec
[-----------------100%-----------------] 3000 of 3000 complete in 141.0 sec
hddm sampling elpased time:  141.087 s
[fit_one_hddm] 完成 curve10_rep2_censor（2.4 分钟）→ /home/jovyan/work/2_Data/Generate_Data/TenRules_Revision_20260912/param_recovery/fits/censor
