[fit_one_hddm] curve20_rep2_censor: 12 被试 / 3120 试次 / omission=0.217 / p_outlier=0.0
[fit_one_hddm] 设置 z 默认值失败（忽略）：'z'
No model attribute --> setting up standard HDDM
Set model to ddm
[                  0%                  ] 11 of 3000 complete in 0.5 sec
[                  0%                  ] 25 of 3000 complete in 1.1 sec
[                  1%                  ] 38 of 3000 complete in 1.6 sec
[                  1%                  ] 51 of 3000 complete in 2.1 sec
[                  2%                  ] 64 of 3000 complete in 2.6 sec
[                  2%                  ] 77 of 3000 complete in 3.1 sec
[-                 3%                  ] 90 of 3000 complete in 3.6 sec
[-                 3%                  ] 103 of 3000 complete in 4.2 sec
[-                 3%                  ] 115 of 3000 complete in 4.7 sec
[-                 4%                  ] 128 of 3000 complete in 5.2 sec
[-                 4%                  ] 141 of 3000 complete in 5.7 sec
[-                 5%                  ] 154 of 3000 complete in 6.3 sec
[--                5%                  ] 167 of 3000 complete in 6.8 sec
[--                6%                  ] 180 of 3000 complete in 7.3 sec
[--                6%                  ] 193 of 3000 complete in 7.8 sec
[--                6%                  ] 205 of 3000 complete in 8.3 sec
[--                7%                  ] 216 of 3000 complete in 8.8 sec
[--                7%                  ] 228 of 3000 complete in 9.4 sec
[---               8%                  ] 240 of 3000 complete in 9.9 sec
[---               8%                  ] 252 of 3000 complete in 10.4 sec
[---               8%                  ] 263 of 3000 complete in 10.9 sec
[---               9%                  ] 275 of 3000 complete in 11.4 sec
[---               9%                  ] 288 of 3000 complete in 12.0 sec
[---              10%                  ] 301 of 3000 complete in 12.5 sec
[---              10%                  ] 315 of 3000 complete in 13.0 sec
[----             10%                  ] 328 of 3000 complete in 13.5 sec
[----             11%                  ] 341 of 3000 complete in 14.1 sec
[----             11%                  ] 354 of 3000 complete in 14.6 sec
[----             12%                  ] 367 of 3000 complete in 15.1 sec
[----             12%                  ] 378 of 3000 complete in 15.7 sec
[----             13%                  ] 390 of 3000 complete in 16.2 sec
[-----            13%                  ] 402 of 3000 complete in 16.7 sec
[-----            13%                  ] 414 of 3000 complete in 17.2 sec
[-----            14%                  ] 427 of 3000 complete in 17.7 sec
[-----            14%                  ] 440 of 3000 complete in 18.3 sec
[-----            15%                  ] 453 of 3000 complete in 18.8 sec
[-----            15%                  ] 466 of 3000 complete in 19.3 sec
[------           15%                  ] 478 of 3000 complete in 19.8 sec
[------           16%                  ] 490 of 3000 complete in 20.3 sec
[------           16%                  ] 503 of 3000 complete in 20.9 sec
[------           17%                  ] 515 of 3000 complete in 21.4 sec
[------           17%                  ] 527 of 3000 complete in 21.9 sec
[------           17%                  ] 538 of 3000 complete in 22.4 sec
[------           18%                  ] 549 of 3000 complete in 22.9 sec
[-------          18%                  ] 560 of 3000 complete in 23.4 sec
[-------          19%                  ] 573 of 3000 complete in 23.9 sec
[-------          19%                  ] 585 of 3000 complete in 24.5 sec
[-------          19%                  ] 597 of 3000 complete in 25.0 sec
[-------          20%                  ] 610 of 3000 complete in 25.5 sec
[-------          20%                  ] 623 of 3000 complete in 26.1 sec
[--------         21%                  ] 636 of 3000 complete in 26.6 sec
[--------         21%                  ] 649 of 3000 complete in 27.1 sec
[--------         22%                  ] 662 of 3000 complete in 27.6 sec
[--------         22%                  ] 675 of 3000 complete in 28.1 sec
[--------         22%                  ] 688 of 3000 complete in 28.6 sec
[--------         23%                  ] 701 of 3000 complete in 29.1 sec
[---------        23%                  ] 714 of 3000 complete in 29.7 sec
[---------        24%                  ] 726 of 3000 complete in 30.2 sec
[---------        24%                  ] 739 of 3000 complete in 30.7 sec
[---------        25%                  ] 751 of 3000 complete in 31.3 sec
[---------        25%                  ] 764 of 3000 complete in 31.8 sec
[---------        25%                  ] 777 of 3000 complete in 32.3 sec
[---------        26%                  ] 789 of 3000 complete in 32.8 sec
[----------       26%                  ] 801 of 3000 complete in 33.3 sec
[----------       27%                  ] 813 of 3000 complete in 33.8 sec
[----------       27%                  ] 824 of 3000 complete in 34.4 sec
[----------       27%                  ] 837 of 3000 complete in 34.9 sec
[----------       28%                  ] 850 of 3000 complete in 35.4 sec
[----------       28%                  ] 863 of 3000 complete in 35.9 sec
[-----------      29%                  ] 876 of 3000 complete in 36.4 sec
[-----------      29%                  ] 889 of 3000 complete in 37.0 sec
[-----------      30%                  ] 902 of 3000 complete in 37.5 sec
[-----------      30%                  ] 914 of 3000 complete in 38.0 sec
[-----------      30%                  ] 927 of 3000 complete in 38.5 sec
[-----------      31%                  ] 941 of 3000 complete in 39.0 sec
[------------     31%                  ] 954 of 3000 complete in 39.6 sec
[------------     32%                  ] 967 of 3000 complete in 40.1 sec
[------------     32%                  ] 979 of 3000 complete in 40.6 sec
[------------     33%                  ] 992 of 3000 complete in 41.2 sec
[------------     33%                  ] 1005 of 3000 complete in 41.7 sec
[------------     33%                  ] 1018 of 3000 complete in 42.2 sec
[-------------    34%                  ] 1031 of 3000 complete in 42.7 sec
[-------------    34%                  ] 1045 of 3000 complete in 43.3 sec
[-------------    35%                  ] 1058 of 3000 complete in 43.8 sec
[-------------    35%                  ] 1070 of 3000 complete in 44.4 sec
[-------------    36%                  ] 1081 of 3000 complete in 44.9 sec
[-------------    36%                  ] 1093 of 3000 complete in 45.4 sec
[-------------    36%                  ] 1104 of 3000 complete in 45.9 sec
[--------------   37%                  ] 1115 of 3000 complete in 46.4 sec
[--------------   37%                  ] 1126 of 3000 complete in 47.0 sec
[--------------   37%                  ] 1139 of 3000 complete in 47.5 sec
[--------------   38%                  ] 1152 of 3000 complete in 48.0 sec
[--------------   38%                  ] 1163 of 3000 complete in 48.5 sec
[--------------   39%                  ] 1175 of 3000 complete in 49.1 sec
[---------------  39%                  ] 1186 of 3000 complete in 49.6 sec
[---------------  39%                  ] 1196 of 3000 complete in 50.1 sec
[---------------  40%                  ] 1207 of 3000 complete in 50.6 sec
[---------------  40%                  ] 1219 of 3000 complete in 51.2 sec
[---------------  41%                  ] 1231 of 3000 complete in 51.7 sec
[---------------  41%                  ] 1245 of 3000 complete in 52.2 sec
[---------------  41%                  ] 1258 of 3000 complete in 52.7 sec
[---------------- 42%                  ] 1271 of 3000 complete in 53.2 sec
[---------------- 42%                  ] 1284 of 3000 complete in 53.7 sec
[---------------- 43%                  ] 1295 of 3000 complete in 54.3 sec
[---------------- 43%                  ] 1305 of 3000 complete in 54.8 sec
[---------------- 43%                  ] 1318 of 3000 complete in 55.3 sec
[---------------- 44%                  ] 1331 of 3000 complete in 55.8 sec
[-----------------44%                  ] 1343 of 3000 complete in 56.4 sec
[-----------------45%                  ] 1355 of 3000 complete in 56.9 sec
[-----------------45%                  ] 1367 of 3000 complete in 57.4 sec
[-----------------45%                  ] 1378 of 3000 complete in 57.9 sec
[-----------------46%                  ] 1389 of 3000 complete in 58.4 sec
[-----------------46%                  ] 1400 of 3000 complete in 58.9 sec
[-----------------47%                  ] 1411 of 3000 complete in 59.5 sec
[-----------------47%                  ] 1422 of 3000 complete in 60.0 sec
[-----------------47%                  ] 1434 of 3000 complete in 60.5 sec
[-----------------48%                  ] 1445 of 3000 complete in 61.0 sec
[-----------------48%                  ] 1456 of 3000 complete in 61.5 sec
[-----------------48%                  ] 1467 of 3000 complete in 62.1 sec
[-----------------49%                  ] 1478 of 3000 complete in 62.6 sec
[-----------------49%                  ] 1489 of 3000 complete in 63.1 sec
[-----------------50%                  ] 1500 of 3000 complete in 63.6 sec
[-----------------50%                  ] 1512 of 3000 complete in 64.1 sec
[-----------------50%                  ] 1524 of 3000 complete in 64.6 sec
[-----------------51%                  ] 1537 of 3000 complete in 65.1 sec
[-----------------51%                  ] 1550 of 3000 complete in 65.7 sec
[-----------------52%                  ] 1562 of 3000 complete in 66.2 sec
[-----------------52%                  ] 1573 of 3000 complete in 66.7 sec
[-----------------52%                  ] 1584 of 3000 complete in 67.2 sec
[-----------------53%                  ] 1596 of 3000 complete in 67.7 sec
[-----------------53%                  ] 1608 of 3000 complete in 68.2 sec
[-----------------54%                  ] 1620 of 3000 complete in 68.7 sec
[-----------------54%                  ] 1632 of 3000 complete in 69.3 sec
[-----------------54%                  ] 1645 of 3000 complete in 69.8 sec
[-----------------55%-                 ] 1658 of 3000 complete in 70.3 sec
[-----------------55%-                 ] 1671 of 3000 complete in 70.8 sec
[-----------------56%-                 ] 1684 of 3000 complete in 71.4 sec
[-----------------56%-                 ] 1697 of 3000 complete in 71.9 sec
[-----------------57%-                 ] 1711 of 3000 complete in 72.4 sec
[-----------------57%-                 ] 1724 of 3000 complete in 73.0 sec
[-----------------57%-                 ] 1736 of 3000 complete in 73.5 sec
[-----------------58%--                ] 1748 of 3000 complete in 74.0 sec
[-----------------58%--                ] 1761 of 3000 complete in 74.5 sec
[-----------------59%--                ] 1774 of 3000 complete in 75.0 sec
[-----------------59%--                ] 1786 of 3000 complete in 75.6 sec
[-----------------59%--                ] 1798 of 3000 complete in 76.1 sec
[-----------------60%--                ] 1810 of 3000 complete in 76.6 sec
[-----------------60%---               ] 1822 of 3000 complete in 77.1 sec
[-----------------61%---               ] 1834 of 3000 complete in 77.6 sec
[-----------------61%---               ] 1846 of 3000 complete in 78.1 sec
[-----------------61%---               ] 1859 of 3000 complete in 78.7 sec
[-----------------62%---               ] 1872 of 3000 complete in 79.2 sec
[-----------------62%---               ] 1885 of 3000 complete in 79.7 sec
[-----------------63%----              ] 1898 of 3000 complete in 80.2 sec
[-----------------63%----              ] 1910 of 3000 complete in 80.7 sec
[-----------------64%----              ] 1923 of 3000 complete in 81.3 sec
[-----------------64%----              ] 1934 of 3000 complete in 81.8 sec
[-----------------64%----              ] 1945 of 3000 complete in 82.3 sec
[-----------------65%----              ] 1956 of 3000 complete in 82.8 sec
[-----------------65%----              ] 1967 of 3000 complete in 83.4 sec
[-----------------65%-----             ] 1979 of 3000 complete in 83.9 sec
[-----------------66%-----             ] 1991 of 3000 complete in 84.4 sec
[-----------------66%-----             ] 2003 of 3000 complete in 85.0 sec
[-----------------67%-----             ] 2016 of 3000 complete in 85.5 sec
[-----------------67%-----             ] 2028 of 3000 complete in 86.0 sec
[-----------------68%-----             ] 2040 of 3000 complete in 86.5 sec
[-----------------68%-----             ] 2052 of 3000 complete in 87.0 sec
[-----------------68%------            ] 2064 of 3000 complete in 87.6 sec
[-----------------69%------            ] 2076 of 3000 complete in 88.1 sec
[-----------------69%------            ] 2088 of 3000 complete in 88.6 sec
[-----------------69%------            ] 2099 of 3000 complete in 89.1 sec
[-----------------70%------            ] 2111 of 3000 complete in 89.7 sec
[-----------------70%------            ] 2124 of 3000 complete in 90.2 sec
[-----------------71%-------           ] 2138 of 3000 complete in 90.7 sec
[-----------------71%-------           ] 2150 of 3000 complete in 91.2 sec
[-----------------72%-------           ] 2162 of 3000 complete in 91.7 sec
[-----------------72%-------           ] 2175 of 3000 complete in 92.3 sec
[-----------------72%-------           ] 2189 of 3000 complete in 92.8 sec
[-----------------73%-------           ] 2202 of 3000 complete in 93.3 sec
[-----------------73%--------          ] 2216 of 3000 complete in 93.8 sec
[-----------------74%--------          ] 2228 of 3000 complete in 94.4 sec
[-----------------74%--------          ] 2241 of 3000 complete in 94.9 sec
[-----------------75%--------          ] 2254 of 3000 complete in 95.4 sec
[-----------------75%--------          ] 2267 of 3000 complete in 95.9 sec
[-----------------76%--------          ] 2280 of 3000 complete in 96.4 sec
[-----------------76%---------         ] 2293 of 3000 complete in 96.9 sec
[-----------------76%---------         ] 2306 of 3000 complete in 97.4 sec
[-----------------77%---------         ] 2317 of 3000 complete in 97.9 sec
[-----------------77%---------         ] 2329 of 3000 complete in 98.4 sec
[-----------------78%---------         ] 2341 of 3000 complete in 99.0 sec
[-----------------78%---------         ] 2353 of 3000 complete in 99.5 sec
[-----------------78%---------         ] 2365 of 3000 complete in 100.0 sec
[-----------------79%----------        ] 2377 of 3000 complete in 100.5 sec
[-----------------79%----------        ] 2389 of 3000 complete in 101.1 sec
[-----------------80%----------        ] 2402 of 3000 complete in 101.6 sec
[-----------------80%----------        ] 2415 of 3000 complete in 102.1 sec
[-----------------80%----------        ] 2427 of 3000 complete in 102.6 sec
[-----------------81%----------        ] 2439 of 3000 complete in 103.1 sec
[-----------------81%-----------       ] 2451 of 3000 complete in 103.7 sec
[-----------------82%-----------       ] 2463 of 3000 complete in 104.2 sec
[-----------------82%-----------       ] 2475 of 3000 complete in 104.7 sec
[-----------------82%-----------       ] 2488 of 3000 complete in 105.2 sec
[-----------------83%-----------       ] 2500 of 3000 complete in 105.8 sec
[-----------------83%-----------       ] 2512 of 3000 complete in 106.3 sec
[-----------------84%-----------       ] 2525 of 3000 complete in 106.8 sec
[-----------------84%------------      ] 2538 of 3000 complete in 107.3 sec
[-----------------85%------------      ] 2550 of 3000 complete in 107.9 sec
[-----------------85%------------      ] 2563 of 3000 complete in 108.4 sec
[-----------------85%------------      ] 2576 of 3000 complete in 108.9 sec
[-----------------86%------------      ] 2588 of 3000 complete in 109.4 sec
[-----------------86%------------      ] 2601 of 3000 complete in 110.0 sec
[-----------------87%-------------     ] 2614 of 3000 complete in 110.5 sec
[-----------------87%-------------     ] 2627 of 3000 complete in 111.0 sec
[-----------------87%-------------     ] 2639 of 3000 complete in 111.5 sec
[-----------------88%-------------     ] 2650 of 3000 complete in 112.0 sec
[-----------------88%-------------     ] 2661 of 3000 complete in 112.5 sec
[-----------------89%-------------     ] 2673 of 3000 complete in 113.0 sec
[-----------------89%--------------    ] 2686 of 3000 complete in 113.5 sec
[-----------------89%--------------    ] 2699 of 3000 complete in 114.1 sec
[-----------------90%--------------    ] 2712 of 3000 complete in 114.6 sec
[-----------------90%--------------    ] 2726 of 3000 complete in 115.1 sec
[-----------------91%--------------    ] 2739 of 3000 complete in 115.6 sec
[-----------------91%--------------    ] 2752 of 3000 complete in 116.2 sec
[-----------------92%---------------   ] 2766 of 3000 complete in 116.7 sec
[-----------------92%---------------   ] 2779 of 3000 complete in 117.2 sec
[-----------------93%---------------   ] 2792 of 3000 complete in 117.7 sec
[-----------------93%---------------   ] 2805 of 3000 complete in 118.2 sec
[-----------------93%---------------   ] 2818 of 3000 complete in 118.8 sec
[-----------------94%---------------   ] 2831 of 3000 complete in 119.3 sec
[-----------------94%----------------  ] 2843 of 3000 complete in 119.8 sec
[-----------------95%----------------  ] 2856 of 3000 complete in 120.4 sec
[-----------------95%----------------  ] 2868 of 3000 complete in 120.9 sec
[-----------------96%----------------  ] 2881 of 3000 complete in 121.4 sec
[-----------------96%----------------  ] 2893 of 3000 complete in 121.9 sec
[-----------------96%----------------  ] 2905 of 3000 complete in 122.4 sec
[-----------------97%----------------  ] 2918 of 3000 complete in 122.9 sec
[-----------------97%----------------- ] 2931 of 3000 complete in 123.4 sec
[-----------------98%----------------- ] 2943 of 3000 complete in 124.0 sec
[-----------------98%----------------- ] 2955 of 3000 complete in 124.5 sec
[-----------------98%----------------- ] 2966 of 3000 complete in 125.0 sec
[-----------------99%----------------- ] 2977 of 3000 complete in 125.5 sec
[-----------------99%----------------- ] 2989 of 3000 complete in 126.0 sec
[-----------------100%-----------------] 3000 of 3000 complete in 126.5 sec
hddm sampling elpased time:  126.561 s
[fit_one_hddm] 完成 curve20_rep2_censor（2.1 分钟）→ /home/jovyan/work/2_Data/Generate_Data/TenRules_Revision_20260912/param_recovery/fits/censor
