[fit_one_hddm] cond1_rep2_censor: 11 被试 / 2860 试次 / omission=0.998 / p_outlier=0.0
[fit_one_hddm] 设置 z 默认值失败（忽略）：'z'
No model attribute --> setting up standard HDDM
Set model to ddm
[                  0%                  ] 10 of 3000 complete in 0.5 sec
[                  0%                  ] 22 of 3000 complete in 1.1 sec
[                  1%                  ] 33 of 3000 complete in 1.6 sec
[                  1%                  ] 44 of 3000 complete in 2.1 sec
[                  1%                  ] 53 of 3000 complete in 2.6 sec
[                  2%                  ] 63 of 3000 complete in 3.2 sec
[                  2%                  ] 72 of 3000 complete in 3.7 sec
[-                 2%                  ] 81 of 3000 complete in 4.2 sec
[-                 3%                  ] 90 of 3000 complete in 4.8 sec
[-                 3%                  ] 98 of 3000 complete in 5.3 sec
[-                 3%                  ] 106 of 3000 complete in 5.8 sec
[-                 3%                  ] 114 of 3000 complete in 6.3 sec
[-                 4%                  ] 123 of 3000 complete in 6.8 sec
[-                 4%                  ] 132 of 3000 complete in 7.4 sec
[-                 4%                  ] 141 of 3000 complete in 7.9 sec
[-                 4%                  ] 148 of 3000 complete in 8.5 sec
[-                 5%                  ] 154 of 3000 complete in 9.0 sec
[--                5%                  ] 160 of 3000 complete in 9.5 sec
[--                5%                  ] 166 of 3000 complete in 10.0 sec
[--                5%                  ] 172 of 3000 complete in 10.6 sec
[--                5%                  ] 178 of 3000 complete in 11.1 sec
[--                6%                  ] 184 of 3000 complete in 11.7 sec
[--                6%                  ] 190 of 3000 complete in 12.2 sec
[--                6%                  ] 196 of 3000 complete in 12.7 sec
[--                6%                  ] 202 of 3000 complete in 13.2 sec
[--                6%                  ] 208 of 3000 complete in 13.8 sec
[--                7%                  ] 214 of 3000 complete in 14.4 sec
[--                7%                  ] 220 of 3000 complete in 15.0 sec
[--                7%                  ] 225 of 3000 complete in 15.5 sec
[--                7%                  ] 230 of 3000 complete in 16.0 sec
[--                7%                  ] 236 of 3000 complete in 16.6 sec
[---               8%                  ] 242 of 3000 complete in 17.1 sec
[---               8%                  ] 248 of 3000 complete in 17.6 sec
[---               8%                  ] 254 of 3000 complete in 18.2 sec
[---               8%                  ] 260 of 3000 complete in 18.8 sec
[---               8%                  ] 265 of 3000 complete in 19.3 sec
[---               9%                  ] 271 of 3000 complete in 19.9 sec
[---               9%                  ] 276 of 3000 complete in 20.4 sec
[---               9%                  ] 281 of 3000 complete in 20.9 sec
[---               9%                  ] 286 of 3000 complete in 21.5 sec
[---               9%                  ] 292 of 3000 complete in 22.0 sec
[---               9%                  ] 297 of 3000 complete in 22.5 sec
[---              10%                  ] 303 of 3000 complete in 23.1 sec
[---              10%                  ] 309 of 3000 complete in 23.7 sec
[---              10%                  ] 315 of 3000 complete in 24.3 sec
[----             10%                  ] 321 of 3000 complete in 24.8 sec
[----             10%                  ] 327 of 3000 complete in 25.4 sec
[----             11%                  ] 333 of 3000 complete in 26.0 sec
[----             11%                  ] 338 of 3000 complete in 26.5 sec
[----             11%                  ] 344 of 3000 complete in 27.1 sec
[----             11%                  ] 349 of 3000 complete in 27.6 sec
[----             11%                  ] 354 of 3000 complete in 28.1 sec
[----             12%                  ] 360 of 3000 complete in 28.7 sec
[----             12%                  ] 365 of 3000 complete in 29.3 sec
[----             12%                  ] 370 of 3000 complete in 29.8 sec
[----             12%                  ] 375 of 3000 complete in 30.4 sec
[----             12%                  ] 380 of 3000 complete in 30.9 sec
[----             12%                  ] 385 of 3000 complete in 31.6 sec
[----             13%                  ] 390 of 3000 complete in 32.2 sec
[----             13%                  ] 394 of 3000 complete in 32.7 sec
[-----            13%                  ] 398 of 3000 complete in 33.3 sec
[-----            13%                  ] 402 of 3000 complete in 33.9 sec
[-----            13%                  ] 406 of 3000 complete in 34.4 sec
[-----            13%                  ] 410 of 3000 complete in 35.0 sec
[-----            13%                  ] 414 of 3000 complete in 35.5 sec
[-----            13%                  ] 419 of 3000 complete in 36.1 sec
[-----            14%                  ] 423 of 3000 complete in 36.6 sec
[-----            14%                  ] 428 of 3000 complete in 37.3 sec
[-----            14%                  ] 433 of 3000 complete in 37.8 sec
[-----            14%                  ] 438 of 3000 complete in 38.4 sec
[-----            14%                  ] 443 of 3000 complete in 38.9 sec
[-----            14%                  ] 447 of 3000 complete in 39.5 sec
[-----            15%                  ] 452 of 3000 complete in 40.0 sec
[-----            15%                  ] 457 of 3000 complete in 40.6 sec
[-----            15%                  ] 462 of 3000 complete in 41.2 sec
[-----            15%                  ] 467 of 3000 complete in 41.7 sec
[-----            15%                  ] 472 of 3000 complete in 42.4 sec
[------           15%                  ] 476 of 3000 complete in 42.9 sec
[------           16%                  ] 480 of 3000 complete in 43.4 sec
[------           16%                  ] 485 of 3000 complete in 44.0 sec
[------           16%                  ] 490 of 3000 complete in 44.6 sec
[------           16%                  ] 494 of 3000 complete in 45.2 sec
[------           16%                  ] 498 of 3000 complete in 45.8 sec
[------           16%                  ] 502 of 3000 complete in 46.3 sec
[------           16%                  ] 506 of 3000 complete in 46.8 sec
[------           17%                  ] 510 of 3000 complete in 47.4 sec
[------           17%                  ] 514 of 3000 complete in 47.9 sec
[------           17%                  ] 518 of 3000 complete in 48.5 sec
[------           17%                  ] 522 of 3000 complete in 49.0 sec
[------           17%                  ] 526 of 3000 complete in 49.6 sec
[------           17%                  ] 530 of 3000 complete in 50.2 sec
[------           17%                  ] 534 of 3000 complete in 50.7 sec
[------           17%                  ] 538 of 3000 complete in 51.3 sec
[------           18%                  ] 542 of 3000 complete in 51.9 sec
[------           18%                  ] 546 of 3000 complete in 52.5 sec
[------           18%                  ] 550 of 3000 complete in 53.0 sec
[-------          18%                  ] 554 of 3000 complete in 53.7 sec
[-------          18%                  ] 558 of 3000 complete in 54.3 sec
[-------          18%                  ] 562 of 3000 complete in 54.9 sec
[-------          18%                  ] 566 of 3000 complete in 55.5 sec
[-------          19%                  ] 570 of 3000 complete in 56.1 sec
[-------          19%                  ] 574 of 3000 complete in 56.7 sec
[-------          19%                  ] 578 of 3000 complete in 57.4 sec
[-------          19%                  ] 583 of 3000 complete in 58.0 sec
[-------          19%                  ] 587 of 3000 complete in 58.5 sec
[-------          19%                  ] 591 of 3000 complete in 59.1 sec
[-------          19%                  ] 595 of 3000 complete in 59.7 sec
[-------          19%                  ] 598 of 3000 complete in 60.3 sec
[-------          20%                  ] 602 of 3000 complete in 60.9 sec
[-------          20%                  ] 606 of 3000 complete in 61.5 sec
[-------          20%                  ] 609 of 3000 complete in 62.0 sec
[-------          20%                  ] 613 of 3000 complete in 62.6 sec
[-------          20%                  ] 616 of 3000 complete in 63.2 sec
[-------          20%                  ] 620 of 3000 complete in 63.7 sec
[-------          20%                  ] 624 of 3000 complete in 64.4 sec
[-------          20%                  ] 628 of 3000 complete in 65.0 sec
[--------         21%                  ] 632 of 3000 complete in 65.6 sec
[--------         21%                  ] 636 of 3000 complete in 66.3 sec
[--------         21%                  ] 640 of 3000 complete in 66.9 sec
[--------         21%                  ] 644 of 3000 complete in 67.5 sec
[--------         21%                  ] 648 of 3000 complete in 68.2 sec
[--------         21%                  ] 651 of 3000 complete in 68.8 sec
[--------         21%                  ] 654 of 3000 complete in 69.5 sec
[--------         21%                  ] 657 of 3000 complete in 70.0 sec
[--------         22%                  ] 660 of 3000 complete in 70.6 sec
[--------         22%                  ] 663 of 3000 complete in 71.2 sec
[--------         22%                  ] 666 of 3000 complete in 71.7 sec
[--------         22%                  ] 669 of 3000 complete in 72.2 sec
[--------         22%                  ] 672 of 3000 complete in 72.7 sec
[--------         22%                  ] 676 of 3000 complete in 73.4 sec
[--------         22%                  ] 679 of 3000 complete in 74.0 sec
[--------         22%                  ] 682 of 3000 complete in 74.5 sec
[--------         22%                  ] 685 of 3000 complete in 75.1 sec
[--------         22%                  ] 689 of 3000 complete in 75.7 sec
[--------         23%                  ] 692 of 3000 complete in 76.2 sec
[--------         23%                  ] 696 of 3000 complete in 76.9 sec
[--------         23%                  ] 699 of 3000 complete in 77.4 sec
[--------         23%                  ] 702 of 3000 complete in 77.9 sec
[--------         23%                  ] 705 of 3000 complete in 78.4 sec
[--------         23%                  ] 709 of 3000 complete in 79.1 sec
[---------        23%                  ] 713 of 3000 complete in 79.8 sec
[---------        23%                  ] 716 of 3000 complete in 80.3 sec
[---------        23%                  ] 719 of 3000 complete in 80.8 sec
[---------        24%                  ] 722 of 3000 complete in 81.4 sec
[---------        24%                  ] 725 of 3000 complete in 81.9 sec
[---------        24%                  ] 729 of 3000 complete in 82.5 sec
[---------        24%                  ] 733 of 3000 complete in 83.2 sec
[---------        24%                  ] 737 of 3000 complete in 83.8 sec
[---------        24%                  ] 741 of 3000 complete in 84.5 sec
[---------        24%                  ] 744 of 3000 complete in 85.0 sec
[---------        24%                  ] 748 of 3000 complete in 85.7 sec
[---------        25%                  ] 751 of 3000 complete in 86.2 sec
[---------        25%                  ] 755 of 3000 complete in 86.9 sec
[---------        25%                  ] 758 of 3000 complete in 87.5 sec
[---------        25%                  ] 761 of 3000 complete in 88.0 sec
[---------        25%                  ] 764 of 3000 complete in 88.6 sec
[---------        25%                  ] 767 of 3000 complete in 89.1 sec
[---------        25%                  ] 770 of 3000 complete in 89.6 sec
[---------        25%                  ] 773 of 3000 complete in 90.1 sec
[---------        25%                  ] 777 of 3000 complete in 90.8 sec
[---------        26%                  ] 781 of 3000 complete in 91.4 sec
[---------        26%                  ] 784 of 3000 complete in 91.9 sec
[---------        26%                  ] 787 of 3000 complete in 92.5 sec
[----------       26%                  ] 790 of 3000 complete in 93.1 sec
[----------       26%                  ] 793 of 3000 complete in 93.7 sec
[----------       26%                  ] 796 of 3000 complete in 94.3 sec
[----------       26%                  ] 799 of 3000 complete in 94.9 sec
[----------       26%                  ] 802 of 3000 complete in 95.5 sec
[----------       26%                  ] 805 of 3000 complete in 96.1 sec
[----------       26%                  ] 808 of 3000 complete in 96.7 sec
[----------       27%                  ] 811 of 3000 complete in 97.3 sec
[----------       27%                  ] 815 of 3000 complete in 97.9 sec
[----------       27%                  ] 819 of 3000 complete in 98.5 sec
[----------       27%                  ] 823 of 3000 complete in 99.1 sec
[----------       27%                  ] 826 of 3000 complete in 99.6 sec
[----------       27%                  ] 829 of 3000 complete in 100.1 sec
[----------       27%                  ] 832 of 3000 complete in 100.6 sec
[----------       27%                  ] 836 of 3000 complete in 101.3 sec
[----------       27%                  ] 839 of 3000 complete in 101.8 sec
[----------       28%                  ] 842 of 3000 complete in 102.4 sec
[----------       28%                  ] 845 of 3000 complete in 102.9 sec
[----------       28%                  ] 848 of 3000 complete in 103.7 sec
[----------       28%                  ] 851 of 3000 complete in 104.3 sec
[----------       28%                  ] 853 of 3000 complete in 104.8 sec
[----------       28%                  ] 856 of 3000 complete in 105.4 sec
[----------       28%                  ] 859 of 3000 complete in 106.0 sec
[----------       28%                  ] 862 of 3000 complete in 106.6 sec
[----------       28%                  ] 865 of 3000 complete in 107.3 sec
[----------       28%                  ] 868 of 3000 complete in 108.0 sec
[-----------      29%                  ] 871 of 3000 complete in 108.7 sec
[-----------      29%                  ] 874 of 3000 complete in 109.4 sec
[-----------      29%                  ] 877 of 3000 complete in 110.1 sec
[-----------      29%                  ] 880 of 3000 complete in 110.7 sec
[-----------      29%                  ] 883 of 3000 complete in 111.3 sec
[-----------      29%                  ] 886 of 3000 complete in 112.0 sec
[-----------      29%                  ] 889 of 3000 complete in 112.7 sec
[-----------      29%                  ] 892 of 3000 complete in 113.4 sec
[-----------      29%                  ] 895 of 3000 complete in 114.0 sec
[-----------      29%                  ] 898 of 3000 complete in 114.8 sec
[-----------      30%                  ] 900 of 3000 complete in 115.3 sec
[-----------      30%                  ] 903 of 3000 complete in 116.0 sec
[-----------      30%                  ] 906 of 3000 complete in 116.7 sec
[-----------      30%                  ] 909 of 3000 complete in 117.3 sec
[-----------      30%                  ] 912 of 3000 complete in 117.8 sec
[-----------      30%                  ] 915 of 3000 complete in 118.5 sec
[-----------      30%                  ] 918 of 3000 complete in 119.2 sec
[-----------      30%                  ] 921 of 3000 complete in 119.8 sec
[-----------      30%                  ] 924 of 3000 complete in 120.5 sec
[-----------      30%                  ] 927 of 3000 complete in 121.2 sec
[-----------      31%                  ] 930 of 3000 complete in 121.8 sec
[-----------      31%                  ] 933 of 3000 complete in 122.5 sec
[-----------      31%                  ] 935 of 3000 complete in 123.0 sec
[-----------      31%                  ] 938 of 3000 complete in 123.7 sec
[-----------      31%                  ] 941 of 3000 complete in 124.3 sec
[-----------      31%                  ] 944 of 3000 complete in 124.9 sec
[-----------      31%                  ] 946 of 3000 complete in 125.4 sec
[------------     31%                  ] 949 of 3000 complete in 126.0 sec
[------------     31%                  ] 952 of 3000 complete in 126.7 sec
[------------     31%                  ] 955 of 3000 complete in 127.3 sec
[------------     31%                  ] 958 of 3000 complete in 127.9 sec
[------------     32%                  ] 961 of 3000 complete in 128.4 sec
[------------     32%                  ] 964 of 3000 complete in 129.0 sec
[------------     32%                  ] 967 of 3000 complete in 129.6 sec
[------------     32%                  ] 970 of 3000 complete in 130.2 sec
[------------     32%                  ] 973 of 3000 complete in 130.8 sec
[------------     32%                  ] 976 of 3000 complete in 131.5 sec
[------------     32%                  ] 979 of 3000 complete in 132.1 sec
[------------     32%                  ] 982 of 3000 complete in 132.6 sec
[------------     32%                  ] 985 of 3000 complete in 133.1 sec
[------------     32%                  ] 988 of 3000 complete in 133.7 sec
[------------     33%                  ] 991 of 3000 complete in 134.3 sec
[------------     33%                  ] 994 of 3000 complete in 134.9 sec
[------------     33%                  ] 997 of 3000 complete in 135.5 sec
[------------     33%                  ] 1000 of 3000 complete in 136.2 sec
[------------     33%                  ] 1003 of 3000 complete in 136.9 sec
[------------     33%                  ] 1006 of 3000 complete in 137.5 sec
[------------     33%                  ] 1009 of 3000 complete in 138.2 sec
[------------     33%                  ] 1012 of 3000 complete in 138.7 sec
[------------     33%                  ] 1015 of 3000 complete in 139.3 sec
[------------     33%                  ] 1018 of 3000 complete in 139.8 sec
[------------     34%                  ] 1021 of 3000 complete in 140.4 sec
[------------     34%                  ] 1024 of 3000 complete in 141.1 sec
[-------------    34%                  ] 1027 of 3000 complete in 141.8 sec
[-------------    34%                  ] 1029 of 3000 complete in 142.3 sec
[-------------    34%                  ] 1032 of 3000 complete in 143.0 sec
[-------------    34%                  ] 1035 of 3000 complete in 143.7 sec
[-------------    34%                  ] 1038 of 3000 complete in 144.5 sec
[-------------    34%                  ] 1041 of 3000 complete in 145.2 sec
[-------------    34%                  ] 1044 of 3000 complete in 145.9 sec
[-------------    34%                  ] 1047 of 3000 complete in 146.5 sec
[-------------    35%                  ] 1050 of 3000 complete in 147.1 sec
[-------------    35%                  ] 1053 of 3000 complete in 147.8 sec
[-------------    35%                  ] 1056 of 3000 complete in 148.5 sec
[-------------    35%                  ] 1059 of 3000 complete in 149.1 sec
[-------------    35%                  ] 1062 of 3000 complete in 149.8 sec
[-------------    35%                  ] 1065 of 3000 complete in 150.4 sec
[-------------    35%                  ] 1067 of 3000 complete in 150.9 sec
[-------------    35%                  ] 1070 of 3000 complete in 151.7 sec
[-------------    35%                  ] 1073 of 3000 complete in 152.4 sec
[-------------    35%                  ] 1075 of 3000 complete in 152.9 sec
[-------------    35%                  ] 1077 of 3000 complete in 153.4 sec
[-------------    36%                  ] 1080 of 3000 complete in 154.2 sec
[-------------    36%                  ] 1083 of 3000 complete in 155.0 sec
[-------------    36%                  ] 1085 of 3000 complete in 155.5 sec
[-------------    36%                  ] 1088 of 3000 complete in 156.2 sec
[-------------    36%                  ] 1091 of 3000 complete in 156.9 sec
[-------------    36%                  ] 1094 of 3000 complete in 157.6 sec
[-------------    36%                  ] 1097 of 3000 complete in 158.3 sec
[-------------    36%                  ] 1100 of 3000 complete in 159.0 sec
[-------------    36%                  ] 1103 of 3000 complete in 159.6 sec
[--------------   36%                  ] 1106 of 3000 complete in 160.3 sec
[--------------   36%                  ] 1109 of 3000 complete in 161.0 sec
[--------------   37%                  ] 1111 of 3000 complete in 161.5 sec
[--------------   37%                  ] 1114 of 3000 complete in 162.2 sec
[--------------   37%                  ] 1117 of 3000 complete in 162.8 sec
[--------------   37%                  ] 1120 of 3000 complete in 163.5 sec
[--------------   37%                  ] 1122 of 3000 complete in 164.0 sec
[--------------   37%                  ] 1125 of 3000 complete in 164.7 sec
[--------------   37%                  ] 1127 of 3000 complete in 165.2 sec
[--------------   37%                  ] 1130 of 3000 complete in 166.0 sec
[--------------   37%                  ] 1133 of 3000 complete in 166.7 sec
[--------------   37%                  ] 1135 of 3000 complete in 167.2 sec
[--------------   37%                  ] 1138 of 3000 complete in 167.9 sec
[--------------   38%                  ] 1141 of 3000 complete in 168.6 sec
[--------------   38%                  ] 1144 of 3000 complete in 169.3 sec
[--------------   38%                  ] 1147 of 3000 complete in 169.9 sec
[--------------   38%                  ] 1150 of 3000 complete in 170.6 sec
[--------------   38%                  ] 1153 of 3000 complete in 171.2 sec
[--------------   38%                  ] 1156 of 3000 complete in 171.9 sec
[--------------   38%                  ] 1159 of 3000 complete in 172.6 sec
[--------------   38%                  ] 1162 of 3000 complete in 173.3 sec
[--------------   38%                  ] 1165 of 3000 complete in 173.9 sec
[--------------   38%                  ] 1168 of 3000 complete in 174.6 sec
[--------------   39%                  ] 1171 of 3000 complete in 175.3 sec
[--------------   39%                  ] 1174 of 3000 complete in 176.0 sec
[--------------   39%                  ] 1177 of 3000 complete in 176.7 sec
[--------------   39%                  ] 1179 of 3000 complete in 177.3 sec
[--------------   39%                  ] 1182 of 3000 complete in 178.0 sec
[---------------  39%                  ] 1185 of 3000 complete in 178.7 sec
[---------------  39%                  ] 1188 of 3000 complete in 179.4 sec
[---------------  39%                  ] 1191 of 3000 complete in 180.1 sec
[---------------  39%                  ] 1194 of 3000 complete in 180.9 sec
[---------------  39%                  ] 1197 of 3000 complete in 181.6 sec
[---------------  40%                  ] 1200 of 3000 complete in 182.3 sec
[---------------  40%                  ] 1203 of 3000 complete in 183.0 sec
[---------------  40%                  ] 1206 of 3000 complete in 183.7 sec
[---------------  40%                  ] 1209 of 3000 complete in 184.4 sec
[---------------  40%                  ] 1212 of 3000 complete in 185.2 sec
[---------------  40%                  ] 1214 of 3000 complete in 185.7 sec
[---------------  40%                  ] 1216 of 3000 complete in 186.2 sec
[---------------  40%                  ] 1218 of 3000 complete in 186.7 sec
[---------------  40%                  ] 1220 of 3000 complete in 187.2 sec
[---------------  40%                  ] 1222 of 3000 complete in 187.8 sec
[---------------  40%                  ] 1225 of 3000 complete in 188.5 sec
[---------------  40%                  ] 1227 of 3000 complete in 189.1 sec
[---------------  40%                  ] 1229 of 3000 complete in 189.6 sec
[---------------  41%                  ] 1231 of 3000 complete in 190.2 sec
[---------------  41%                  ] 1234 of 3000 complete in 190.9 sec
[---------------  41%                  ] 1237 of 3000 complete in 191.6 sec
[---------------  41%                  ] 1240 of 3000 complete in 192.3 sec
[---------------  41%                  ] 1242 of 3000 complete in 192.8 sec
[---------------  41%                  ] 1244 of 3000 complete in 193.3 sec
[---------------  41%                  ] 1247 of 3000 complete in 194.0 sec
[---------------  41%                  ] 1249 of 3000 complete in 194.6 sec
[---------------  41%                  ] 1251 of 3000 complete in 195.1 sec
[---------------  41%                  ] 1254 of 3000 complete in 195.8 sec
[---------------  41%                  ] 1256 of 3000 complete in 196.4 sec
[---------------  41%                  ] 1258 of 3000 complete in 196.9 sec
[---------------  42%                  ] 1261 of 3000 complete in 197.5 sec
[---------------- 42%                  ] 1264 of 3000 complete in 198.2 sec
[---------------- 42%                  ] 1267 of 3000 complete in 198.9 sec
[---------------- 42%                  ] 1270 of 3000 complete in 199.5 sec
[---------------- 42%                  ] 1273 of 3000 complete in 200.2 sec
[---------------- 42%                  ] 1276 of 3000 complete in 200.9 sec
[---------------- 42%                  ] 1279 of 3000 complete in 201.6 sec
[---------------- 42%                  ] 1282 of 3000 complete in 202.3 sec
[---------------- 42%                  ] 1284 of 3000 complete in 202.8 sec
[---------------- 42%                  ] 1287 of 3000 complete in 203.5 sec
[---------------- 43%                  ] 1290 of 3000 complete in 204.2 sec
[---------------- 43%                  ] 1293 of 3000 complete in 204.8 sec
[---------------- 43%                  ] 1295 of 3000 complete in 205.4 sec
[---------------- 43%                  ] 1298 of 3000 complete in 206.0 sec
[---------------- 43%                  ] 1301 of 3000 complete in 206.8 sec
[---------------- 43%                  ] 1304 of 3000 complete in 207.5 sec
[---------------- 43%                  ] 1306 of 3000 complete in 208.0 sec
[---------------- 43%                  ] 1308 of 3000 complete in 208.6 sec
[---------------- 43%                  ] 1310 of 3000 complete in 209.1 sec
[---------------- 43%                  ] 1313 of 3000 complete in 209.8 sec
[---------------- 43%                  ] 1316 of 3000 complete in 210.4 sec
[---------------- 43%                  ] 1319 of 3000 complete in 211.1 sec
[---------------- 44%                  ] 1322 of 3000 complete in 211.8 sec
[---------------- 44%                  ] 1325 of 3000 complete in 212.5 sec
[---------------- 44%                  ] 1328 of 3000 complete in 213.2 sec
[---------------- 44%                  ] 1331 of 3000 complete in 213.8 sec
[---------------- 44%                  ] 1333 of 3000 complete in 214.4 sec
[---------------- 44%                  ] 1336 of 3000 complete in 215.1 sec
[---------------- 44%                  ] 1338 of 3000 complete in 215.7 sec
[---------------- 44%                  ] 1340 of 3000 complete in 216.4 sec
[---------------- 44%                  ] 1342 of 3000 complete in 216.9 sec
[-----------------44%                  ] 1344 of 3000 complete in 217.5 sec
[-----------------44%                  ] 1347 of 3000 complete in 218.2 sec
[-----------------44%                  ] 1349 of 3000 complete in 218.8 sec
[-----------------45%                  ] 1352 of 3000 complete in 219.5 sec
[-----------------45%                  ] 1354 of 3000 complete in 220.0 sec
[-----------------45%                  ] 1357 of 3000 complete in 220.8 sec
[-----------------45%                  ] 1359 of 3000 complete in 221.3 sec
[-----------------45%                  ] 1361 of 3000 complete in 221.8 sec
[-----------------45%                  ] 1363 of 3000 complete in 222.4 sec
[-----------------45%                  ] 1365 of 3000 complete in 222.9 sec
[-----------------45%                  ] 1367 of 3000 complete in 223.5 sec
[-----------------45%                  ] 1370 of 3000 complete in 224.1 sec
[-----------------45%                  ] 1373 of 3000 complete in 224.8 sec
[-----------------45%                  ] 1375 of 3000 complete in 225.4 sec
[-----------------45%                  ] 1377 of 3000 complete in 226.0 sec
[-----------------45%                  ] 1379 of 3000 complete in 226.6 sec
[-----------------46%                  ] 1381 of 3000 complete in 227.3 sec
[-----------------46%                  ] 1383 of 3000 complete in 227.8 sec
[-----------------46%                  ] 1386 of 3000 complete in 228.5 sec
[-----------------46%                  ] 1389 of 3000 complete in 229.2 sec
[-----------------46%                  ] 1392 of 3000 complete in 229.9 sec
[-----------------46%                  ] 1395 of 3000 complete in 230.6 sec
[-----------------46%                  ] 1398 of 3000 complete in 231.3 sec
[-----------------46%                  ] 1401 of 3000 complete in 231.9 sec
[-----------------46%                  ] 1403 of 3000 complete in 232.4 sec
[-----------------46%                  ] 1405 of 3000 complete in 232.9 sec
[-----------------46%                  ] 1407 of 3000 complete in 233.5 sec
[-----------------47%                  ] 1410 of 3000 complete in 234.1 sec
[-----------------47%                  ] 1413 of 3000 complete in 234.8 sec
[-----------------47%                  ] 1416 of 3000 complete in 235.5 sec
[-----------------47%                  ] 1418 of 3000 complete in 236.1 sec
[-----------------47%                  ] 1421 of 3000 complete in 236.8 sec
[-----------------47%                  ] 1424 of 3000 complete in 237.5 sec
[-----------------47%                  ] 1427 of 3000 complete in 238.2 sec
[-----------------47%                  ] 1430 of 3000 complete in 238.9 sec
[-----------------47%                  ] 1433 of 3000 complete in 239.7 sec
[-----------------47%                  ] 1436 of 3000 complete in 240.4 sec
[-----------------47%                  ] 1438 of 3000 complete in 241.0 sec
[-----------------48%                  ] 1440 of 3000 complete in 241.5 sec
[-----------------48%                  ] 1442 of 3000 complete in 242.0 sec
[-----------------48%                  ] 1445 of 3000 complete in 242.7 sec
[-----------------48%                  ] 1448 of 3000 complete in 243.5 sec
[-----------------48%                  ] 1451 of 3000 complete in 244.2 sec
[-----------------48%                  ] 1453 of 3000 complete in 244.7 sec
[-----------------48%                  ] 1455 of 3000 complete in 245.3 sec
[-----------------48%                  ] 1457 of 3000 complete in 245.8 sec
[-----------------48%                  ] 1459 of 3000 complete in 246.4 sec
[-----------------48%                  ] 1462 of 3000 complete in 247.0 sec
[-----------------48%                  ] 1464 of 3000 complete in 247.5 sec
[-----------------48%                  ] 1466 of 3000 complete in 248.1 sec
[-----------------48%                  ] 1469 of 3000 complete in 248.8 sec
[-----------------49%                  ] 1471 of 3000 complete in 249.3 sec
[-----------------49%                  ] 1474 of 3000 complete in 250.0 sec
[-----------------49%                  ] 1476 of 3000 complete in 250.6 sec
[-----------------49%                  ] 1479 of 3000 complete in 251.2 sec
[-----------------49%                  ] 1482 of 3000 complete in 251.9 sec
[-----------------49%                  ] 1485 of 3000 complete in 252.5 sec
[-----------------49%                  ] 1488 of 3000 complete in 253.2 sec
[-----------------49%                  ] 1491 of 3000 complete in 253.9 sec
[-----------------49%                  ] 1494 of 3000 complete in 254.6 sec
[-----------------49%                  ] 1496 of 3000 complete in 255.1 sec
[-----------------49%                  ] 1498 of 3000 complete in 255.6 sec
[-----------------50%                  ] 1501 of 3000 complete in 256.4 sec
[-----------------50%                  ] 1503 of 3000 complete in 256.9 sec
[-----------------50%                  ] 1505 of 3000 complete in 257.4 sec
[-----------------50%                  ] 1507 of 3000 complete in 257.9 sec
[-----------------50%                  ] 1510 of 3000 complete in 258.7 sec
[-----------------50%                  ] 1513 of 3000 complete in 259.4 sec
[-----------------50%                  ] 1516 of 3000 complete in 260.1 sec
[-----------------50%                  ] 1519 of 3000 complete in 260.8 sec
[-----------------50%                  ] 1522 of 3000 complete in 261.5 sec
[-----------------50%                  ] 1525 of 3000 complete in 262.2 sec
[-----------------50%                  ] 1527 of 3000 complete in 262.7 sec
[-----------------51%                  ] 1530 of 3000 complete in 263.5 sec
[-----------------51%                  ] 1532 of 3000 complete in 264.0 sec
[-----------------51%                  ] 1534 of 3000 complete in 264.5 sec
[-----------------51%                  ] 1536 of 3000 complete in 265.0 sec
[-----------------51%                  ] 1538 of 3000 complete in 265.6 sec
[-----------------51%                  ] 1540 of 3000 complete in 266.1 sec
[-----------------51%                  ] 1543 of 3000 complete in 266.8 sec
[-----------------51%                  ] 1545 of 3000 complete in 267.3 sec
[-----------------51%                  ] 1547 of 3000 complete in 267.9 sec
[-----------------51%                  ] 1549 of 3000 complete in 268.4 sec
[-----------------51%                  ] 1552 of 3000 complete in 269.1 sec
[-----------------51%                  ] 1555 of 3000 complete in 269.8 sec
[-----------------51%                  ] 1558 of 3000 complete in 270.4 sec
[-----------------52%                  ] 1561 of 3000 complete in 271.1 sec
[-----------------52%                  ] 1563 of 3000 complete in 271.6 sec
[-----------------52%                  ] 1566 of 3000 complete in 272.4 sec
[-----------------52%                  ] 1569 of 3000 complete in 273.1 sec
[-----------------52%                  ] 1572 of 3000 complete in 273.8 sec
[-----------------52%                  ] 1575 of 3000 complete in 274.6 sec
[-----------------52%                  ] 1577 of 3000 complete in 275.1 sec
[-----------------52%                  ] 1579 of 3000 complete in 275.7 sec
[-----------------52%                  ] 1581 of 3000 complete in 276.2 sec
[-----------------52%                  ] 1583 of 3000 complete in 276.7 sec
[-----------------52%                  ] 1585 of 3000 complete in 277.2 sec
[-----------------52%                  ] 1587 of 3000 complete in 277.8 sec
[-----------------53%                  ] 1590 of 3000 complete in 278.5 sec
[-----------------53%                  ] 1592 of 3000 complete in 279.0 sec
[-----------------53%                  ] 1594 of 3000 complete in 279.5 sec
[-----------------53%                  ] 1597 of 3000 complete in 280.3 sec
[-----------------53%                  ] 1600 of 3000 complete in 281.0 sec
[-----------------53%                  ] 1602 of 3000 complete in 281.5 sec
[-----------------53%                  ] 1605 of 3000 complete in 282.2 sec
[-----------------53%                  ] 1608 of 3000 complete in 282.8 sec
[-----------------53%                  ] 1611 of 3000 complete in 283.6 sec
[-----------------53%                  ] 1614 of 3000 complete in 284.3 sec
[-----------------53%                  ] 1617 of 3000 complete in 285.0 sec
[-----------------54%                  ] 1620 of 3000 complete in 285.7 sec
[-----------------54%                  ] 1623 of 3000 complete in 286.4 sec
[-----------------54%                  ] 1625 of 3000 complete in 286.9 sec
[-----------------54%                  ] 1627 of 3000 complete in 287.5 sec
[-----------------54%                  ] 1629 of 3000 complete in 288.0 sec
[-----------------54%                  ] 1631 of 3000 complete in 288.5 sec
[-----------------54%                  ] 1634 of 3000 complete in 289.2 sec
[-----------------54%                  ] 1636 of 3000 complete in 289.8 sec
[-----------------54%                  ] 1638 of 3000 complete in 290.3 sec
[-----------------54%                  ] 1640 of 3000 complete in 290.9 sec
[-----------------54%                  ] 1642 of 3000 complete in 291.4 sec
[-----------------54%                  ] 1644 of 3000 complete in 291.9 sec
[-----------------54%                  ] 1646 of 3000 complete in 292.4 sec
[-----------------54%                  ] 1649 of 3000 complete in 293.2 sec
[-----------------55%                  ] 1652 of 3000 complete in 294.0 sec
[-----------------55%                  ] 1654 of 3000 complete in 294.5 sec
[-----------------55%                  ] 1656 of 3000 complete in 295.1 sec
[-----------------55%-                 ] 1659 of 3000 complete in 295.8 sec
[-----------------55%-                 ] 1661 of 3000 complete in 296.4 sec
[-----------------55%-                 ] 1664 of 3000 complete in 297.2 sec
[-----------------55%-                 ] 1667 of 3000 complete in 297.9 sec
[-----------------55%-                 ] 1670 of 3000 complete in 298.6 sec
[-----------------55%-                 ] 1673 of 3000 complete in 299.3 sec
[-----------------55%-                 ] 1676 of 3000 complete in 300.0 sec
[-----------------55%-                 ] 1679 of 3000 complete in 300.8 sec
[-----------------56%-                 ] 1681 of 3000 complete in 301.3 sec
[-----------------56%-                 ] 1684 of 3000 complete in 302.0 sec
[-----------------56%-                 ] 1686 of 3000 complete in 302.6 sec
[-----------------56%-                 ] 1689 of 3000 complete in 303.2 sec
[-----------------56%-                 ] 1692 of 3000 complete in 304.0 sec
[-----------------56%-                 ] 1695 of 3000 complete in 304.7 sec
[-----------------56%-                 ] 1698 of 3000 complete in 305.5 sec
[-----------------56%-                 ] 1701 of 3000 complete in 306.2 sec
[-----------------56%-                 ] 1704 of 3000 complete in 306.9 sec
[-----------------56%-                 ] 1707 of 3000 complete in 307.6 sec
[-----------------57%-                 ] 1710 of 3000 complete in 308.3 sec
[-----------------57%-                 ] 1713 of 3000 complete in 309.0 sec
[-----------------57%-                 ] 1715 of 3000 complete in 309.5 sec
[-----------------57%-                 ] 1718 of 3000 complete in 310.2 sec
[-----------------57%-                 ] 1721 of 3000 complete in 310.9 sec
[-----------------57%-                 ] 1724 of 3000 complete in 311.6 sec
[-----------------57%-                 ] 1727 of 3000 complete in 312.3 sec
[-----------------57%-                 ] 1729 of 3000 complete in 312.8 sec
[-----------------57%-                 ] 1732 of 3000 complete in 313.4 sec
[-----------------57%-                 ] 1735 of 3000 complete in 314.1 sec
[-----------------57%--                ] 1738 of 3000 complete in 314.8 sec
[-----------------58%--                ] 1740 of 3000 complete in 315.3 sec
[-----------------58%--                ] 1743 of 3000 complete in 316.0 sec
[-----------------58%--                ] 1746 of 3000 complete in 316.8 sec
[-----------------58%--                ] 1749 of 3000 complete in 317.5 sec
[-----------------58%--                ] 1752 of 3000 complete in 318.2 sec
[-----------------58%--                ] 1755 of 3000 complete in 318.9 sec
[-----------------58%--                ] 1758 of 3000 complete in 319.5 sec
[-----------------58%--                ] 1761 of 3000 complete in 320.2 sec
[-----------------58%--                ] 1764 of 3000 complete in 320.8 sec
[-----------------58%--                ] 1767 of 3000 complete in 321.5 sec
[-----------------59%--                ] 1770 of 3000 complete in 322.2 sec
[-----------------59%--                ] 1773 of 3000 complete in 322.8 sec
[-----------------59%--                ] 1776 of 3000 complete in 323.5 sec
[-----------------59%--                ] 1779 of 3000 complete in 324.2 sec
[-----------------59%--                ] 1782 of 3000 complete in 324.8 sec
[-----------------59%--                ] 1785 of 3000 complete in 325.5 sec
[-----------------59%--                ] 1788 of 3000 complete in 326.2 sec
[-----------------59%--                ] 1791 of 3000 complete in 326.8 sec
[-----------------59%--                ] 1794 of 3000 complete in 327.5 sec
[-----------------59%--                ] 1797 of 3000 complete in 328.2 sec
[-----------------59%--                ] 1799 of 3000 complete in 328.7 sec
[-----------------60%--                ] 1801 of 3000 complete in 329.2 sec
[-----------------60%--                ] 1804 of 3000 complete in 329.9 sec
[-----------------60%--                ] 1807 of 3000 complete in 330.7 sec
[-----------------60%--                ] 1810 of 3000 complete in 331.4 sec
[-----------------60%--                ] 1813 of 3000 complete in 332.0 sec
[-----------------60%--                ] 1815 of 3000 complete in 332.6 sec
[-----------------60%---               ] 1818 of 3000 complete in 333.3 sec
[-----------------60%---               ] 1820 of 3000 complete in 333.8 sec
[-----------------60%---               ] 1823 of 3000 complete in 334.5 sec
[-----------------60%---               ] 1826 of 3000 complete in 335.2 sec
[-----------------60%---               ] 1829 of 3000 complete in 335.9 sec
[-----------------61%---               ] 1832 of 3000 complete in 336.6 sec
[-----------------61%---               ] 1835 of 3000 complete in 337.3 sec
[-----------------61%---               ] 1838 of 3000 complete in 338.0 sec
[-----------------61%---               ] 1841 of 3000 complete in 338.6 sec
[-----------------61%---               ] 1844 of 3000 complete in 339.2 sec
[-----------------61%---               ] 1847 of 3000 complete in 339.9 sec
[-----------------61%---               ] 1850 of 3000 complete in 340.5 sec
[-----------------61%---               ] 1853 of 3000 complete in 341.1 sec
[-----------------61%---               ] 1856 of 3000 complete in 341.8 sec
[-----------------61%---               ] 1859 of 3000 complete in 342.5 sec
[-----------------62%---               ] 1862 of 3000 complete in 343.1 sec
[-----------------62%---               ] 1865 of 3000 complete in 343.7 sec
[-----------------62%---               ] 1868 of 3000 complete in 344.3 sec
[-----------------62%---               ] 1871 of 3000 complete in 345.0 sec
[-----------------62%---               ] 1873 of 3000 complete in 345.5 sec
[-----------------62%---               ] 1876 of 3000 complete in 346.2 sec
[-----------------62%---               ] 1879 of 3000 complete in 346.9 sec
[-----------------62%---               ] 1882 of 3000 complete in 347.6 sec
[-----------------62%---               ] 1885 of 3000 complete in 348.2 sec
[-----------------62%---               ] 1888 of 3000 complete in 349.0 sec
[-----------------63%---               ] 1891 of 3000 complete in 349.6 sec
[-----------------63%---               ] 1894 of 3000 complete in 350.2 sec
[-----------------63%----              ] 1897 of 3000 complete in 350.7 sec
[-----------------63%----              ] 1900 of 3000 complete in 351.3 sec
[-----------------63%----              ] 1903 of 3000 complete in 351.9 sec
[-----------------63%----              ] 1906 of 3000 complete in 352.6 sec
[-----------------63%----              ] 1909 of 3000 complete in 353.1 sec
[-----------------63%----              ] 1912 of 3000 complete in 353.7 sec
[-----------------63%----              ] 1915 of 3000 complete in 354.2 sec
[-----------------63%----              ] 1918 of 3000 complete in 354.7 sec
[-----------------64%----              ] 1921 of 3000 complete in 355.3 sec
[-----------------64%----              ] 1924 of 3000 complete in 355.9 sec
[-----------------64%----              ] 1927 of 3000 complete in 356.6 sec
[-----------------64%----              ] 1930 of 3000 complete in 357.2 sec
[-----------------64%----              ] 1933 of 3000 complete in 357.8 sec
[-----------------64%----              ] 1936 of 3000 complete in 358.3 sec
[-----------------64%----              ] 1939 of 3000 complete in 358.9 sec
[-----------------64%----              ] 1942 of 3000 complete in 359.5 sec
[-----------------64%----              ] 1945 of 3000 complete in 360.0 sec
[-----------------64%----              ] 1948 of 3000 complete in 360.6 sec
[-----------------65%----              ] 1951 of 3000 complete in 361.1 sec
[-----------------65%----              ] 1954 of 3000 complete in 361.7 sec
[-----------------65%----              ] 1957 of 3000 complete in 362.3 sec
[-----------------65%----              ] 1960 of 3000 complete in 363.0 sec
[-----------------65%----              ] 1963 of 3000 complete in 363.6 sec
[-----------------65%----              ] 1966 of 3000 complete in 364.2 sec
[-----------------65%----              ] 1969 of 3000 complete in 364.8 sec
[-----------------65%----              ] 1972 of 3000 complete in 365.3 sec
[-----------------65%-----             ] 1975 of 3000 complete in 365.9 sec
[-----------------65%-----             ] 1978 of 3000 complete in 366.5 sec
[-----------------66%-----             ] 1981 of 3000 complete in 367.1 sec
[-----------------66%-----             ] 1984 of 3000 complete in 367.6 sec
[-----------------66%-----             ] 1987 of 3000 complete in 368.2 sec
[-----------------66%-----             ] 1990 of 3000 complete in 368.7 sec
[-----------------66%-----             ] 1993 of 3000 complete in 369.3 sec
[-----------------66%-----             ] 1996 of 3000 complete in 369.8 sec
[-----------------66%-----             ] 1999 of 3000 complete in 370.4 sec
[-----------------66%-----             ] 2002 of 3000 complete in 370.9 sec
[-----------------66%-----             ] 2005 of 3000 complete in 371.5 sec
[-----------------66%-----             ] 2008 of 3000 complete in 372.1 sec
[-----------------67%-----             ] 2011 of 3000 complete in 372.7 sec
[-----------------67%-----             ] 2014 of 3000 complete in 373.2 sec
[-----------------67%-----             ] 2017 of 3000 complete in 373.8 sec
[-----------------67%-----             ] 2020 of 3000 complete in 374.4 sec
[-----------------67%-----             ] 2023 of 3000 complete in 374.9 sec
[-----------------67%-----             ] 2026 of 3000 complete in 375.6 sec
[-----------------67%-----             ] 2029 of 3000 complete in 376.3 sec
[-----------------67%-----             ] 2032 of 3000 complete in 376.9 sec
[-----------------67%-----             ] 2035 of 3000 complete in 377.4 sec
[-----------------67%-----             ] 2038 of 3000 complete in 378.0 sec
[-----------------68%-----             ] 2041 of 3000 complete in 378.5 sec
[-----------------68%-----             ] 2044 of 3000 complete in 379.2 sec
[-----------------68%-----             ] 2047 of 3000 complete in 379.7 sec
[-----------------68%-----             ] 2050 of 3000 complete in 380.4 sec
[-----------------68%------            ] 2053 of 3000 complete in 381.0 sec
[-----------------68%------            ] 2056 of 3000 complete in 381.6 sec
[-----------------68%------            ] 2059 of 3000 complete in 382.1 sec
[-----------------68%------            ] 2062 of 3000 complete in 382.7 sec
[-----------------68%------            ] 2065 of 3000 complete in 383.2 sec
[-----------------68%------            ] 2068 of 3000 complete in 383.8 sec
[-----------------69%------            ] 2071 of 3000 complete in 384.3 sec
[-----------------69%------            ] 2074 of 3000 complete in 384.9 sec
[-----------------69%------            ] 2077 of 3000 complete in 385.5 sec
[-----------------69%------            ] 2080 of 3000 complete in 386.1 sec
[-----------------69%------            ] 2083 of 3000 complete in 386.7 sec
[-----------------69%------            ] 2086 of 3000 complete in 387.2 sec
[-----------------69%------            ] 2089 of 3000 complete in 387.7 sec
[-----------------69%------            ] 2093 of 3000 complete in 388.4 sec
[-----------------69%------            ] 2096 of 3000 complete in 388.9 sec
[-----------------69%------            ] 2099 of 3000 complete in 389.5 sec
[-----------------70%------            ] 2102 of 3000 complete in 390.1 sec
[-----------------70%------            ] 2105 of 3000 complete in 390.7 sec
[-----------------70%------            ] 2108 of 3000 complete in 391.2 sec
[-----------------70%------            ] 2111 of 3000 complete in 391.8 sec
[-----------------70%------            ] 2114 of 3000 complete in 392.4 sec
[-----------------70%------            ] 2117 of 3000 complete in 393.1 sec
[-----------------70%------            ] 2120 of 3000 complete in 393.7 sec
[-----------------70%------            ] 2123 of 3000 complete in 394.3 sec
[-----------------70%------            ] 2126 of 3000 complete in 394.9 sec
[-----------------70%------            ] 2129 of 3000 complete in 395.5 sec
[-----------------71%-------           ] 2132 of 3000 complete in 396.2 sec
[-----------------71%-------           ] 2135 of 3000 complete in 396.8 sec
[-----------------71%-------           ] 2138 of 3000 complete in 397.4 sec
[-----------------71%-------           ] 2141 of 3000 complete in 398.0 sec
[-----------------71%-------           ] 2144 of 3000 complete in 398.6 sec
[-----------------71%-------           ] 2147 of 3000 complete in 399.2 sec
[-----------------71%-------           ] 2150 of 3000 complete in 399.8 sec
[-----------------71%-------           ] 2153 of 3000 complete in 400.4 sec
[-----------------71%-------           ] 2156 of 3000 complete in 401.0 sec
[-----------------71%-------           ] 2159 of 3000 complete in 401.7 sec
[-----------------72%-------           ] 2162 of 3000 complete in 402.3 sec
[-----------------72%-------           ] 2165 of 3000 complete in 402.9 sec
[-----------------72%-------           ] 2168 of 3000 complete in 403.5 sec
[-----------------72%-------           ] 2171 of 3000 complete in 404.1 sec
[-----------------72%-------           ] 2174 of 3000 complete in 404.6 sec
[-----------------72%-------           ] 2177 of 3000 complete in 405.2 sec
[-----------------72%-------           ] 2180 of 3000 complete in 405.8 sec
[-----------------72%-------           ] 2183 of 3000 complete in 406.4 sec
[-----------------72%-------           ] 2186 of 3000 complete in 406.9 sec
[-----------------72%-------           ] 2189 of 3000 complete in 407.5 sec
[-----------------73%-------           ] 2192 of 3000 complete in 408.1 sec
[-----------------73%-------           ] 2195 of 3000 complete in 408.7 sec
[-----------------73%-------           ] 2198 of 3000 complete in 409.3 sec
[-----------------73%-------           ] 2201 of 3000 complete in 409.9 sec
[-----------------73%-------           ] 2204 of 3000 complete in 410.5 sec
[-----------------73%-------           ] 2207 of 3000 complete in 411.0 sec
[-----------------73%-------           ] 2210 of 3000 complete in 411.7 sec
[-----------------73%--------          ] 2213 of 3000 complete in 412.3 sec
[-----------------73%--------          ] 2216 of 3000 complete in 412.9 sec
[-----------------73%--------          ] 2219 of 3000 complete in 413.5 sec
[-----------------74%--------          ] 2222 of 3000 complete in 414.0 sec
[-----------------74%--------          ] 2225 of 3000 complete in 414.6 sec
[-----------------74%--------          ] 2228 of 3000 complete in 415.2 sec
[-----------------74%--------          ] 2231 of 3000 complete in 415.8 sec
[-----------------74%--------          ] 2234 of 3000 complete in 416.4 sec
[-----------------74%--------          ] 2237 of 3000 complete in 416.9 sec
[-----------------74%--------          ] 2240 of 3000 complete in 417.5 sec
[-----------------74%--------          ] 2243 of 3000 complete in 418.1 sec
[-----------------74%--------          ] 2246 of 3000 complete in 418.8 sec
[-----------------74%--------          ] 2249 of 3000 complete in 419.5 sec
[-----------------75%--------          ] 2252 of 3000 complete in 420.0 sec
[-----------------75%--------          ] 2255 of 3000 complete in 420.7 sec
[-----------------75%--------          ] 2258 of 3000 complete in 421.3 sec
[-----------------75%--------          ] 2261 of 3000 complete in 422.0 sec
[-----------------75%--------          ] 2264 of 3000 complete in 422.7 sec
[-----------------75%--------          ] 2267 of 3000 complete in 423.4 sec
[-----------------75%--------          ] 2270 of 3000 complete in 424.1 sec
[-----------------75%--------          ] 2273 of 3000 complete in 424.7 sec
[-----------------75%--------          ] 2276 of 3000 complete in 425.3 sec
[-----------------75%--------          ] 2279 of 3000 complete in 426.0 sec
[-----------------76%--------          ] 2282 of 3000 complete in 426.7 sec
[-----------------76%--------          ] 2285 of 3000 complete in 427.3 sec
[-----------------76%--------          ] 2288 of 3000 complete in 428.0 sec
[-----------------76%---------         ] 2291 of 3000 complete in 428.6 sec
[-----------------76%---------         ] 2294 of 3000 complete in 429.1 sec
[-----------------76%---------         ] 2297 of 3000 complete in 429.7 sec
[-----------------76%---------         ] 2300 of 3000 complete in 430.3 sec
[-----------------76%---------         ] 2303 of 3000 complete in 430.9 sec
[-----------------76%---------         ] 2306 of 3000 complete in 431.5 sec
[-----------------76%---------         ] 2309 of 3000 complete in 432.1 sec
[-----------------77%---------         ] 2312 of 3000 complete in 432.6 sec
[-----------------77%---------         ] 2315 of 3000 complete in 433.2 sec
[-----------------77%---------         ] 2318 of 3000 complete in 433.8 sec
[-----------------77%---------         ] 2321 of 3000 complete in 434.3 sec
[-----------------77%---------         ] 2324 of 3000 complete in 434.8 sec
[-----------------77%---------         ] 2327 of 3000 complete in 435.4 sec
[-----------------77%---------         ] 2330 of 3000 complete in 435.9 sec
[-----------------77%---------         ] 2334 of 3000 complete in 436.5 sec
[-----------------77%---------         ] 2337 of 3000 complete in 437.0 sec
[-----------------78%---------         ] 2341 of 3000 complete in 437.7 sec
[-----------------78%---------         ] 2344 of 3000 complete in 438.2 sec
[-----------------78%---------         ] 2347 of 3000 complete in 438.8 sec
[-----------------78%---------         ] 2350 of 3000 complete in 439.3 sec
[-----------------78%---------         ] 2353 of 3000 complete in 439.8 sec
[-----------------78%---------         ] 2357 of 3000 complete in 440.5 sec
[-----------------78%---------         ] 2360 of 3000 complete in 441.0 sec
[-----------------78%---------         ] 2364 of 3000 complete in 441.6 sec
[-----------------78%---------         ] 2368 of 3000 complete in 442.3 sec
[-----------------79%----------        ] 2371 of 3000 complete in 442.8 sec
[-----------------79%----------        ] 2375 of 3000 complete in 443.4 sec
[-----------------79%----------        ] 2379 of 3000 complete in 444.1 sec
[-----------------79%----------        ] 2382 of 3000 complete in 444.6 sec
[-----------------79%----------        ] 2386 of 3000 complete in 445.3 sec
[-----------------79%----------        ] 2390 of 3000 complete in 445.9 sec
[-----------------79%----------        ] 2394 of 3000 complete in 446.6 sec
[-----------------79%----------        ] 2397 of 3000 complete in 447.1 sec
[-----------------80%----------        ] 2400 of 3000 complete in 447.7 sec
[-----------------80%----------        ] 2403 of 3000 complete in 448.2 sec
[-----------------80%----------        ] 2406 of 3000 complete in 448.8 sec
[-----------------80%----------        ] 2410 of 3000 complete in 449.3 sec
[-----------------80%----------        ] 2414 of 3000 complete in 450.0 sec
[-----------------80%----------        ] 2418 of 3000 complete in 450.6 sec
[-----------------80%----------        ] 2422 of 3000 complete in 451.2 sec
[-----------------80%----------        ] 2425 of 3000 complete in 451.7 sec
[-----------------80%----------        ] 2429 of 3000 complete in 452.4 sec
[-----------------81%----------        ] 2432 of 3000 complete in 453.0 sec
[-----------------81%----------        ] 2435 of 3000 complete in 453.6 sec
[-----------------81%----------        ] 2438 of 3000 complete in 454.1 sec
[-----------------81%----------        ] 2441 of 3000 complete in 454.7 sec
[-----------------81%----------        ] 2444 of 3000 complete in 455.2 sec
[-----------------81%----------        ] 2447 of 3000 complete in 455.7 sec
[-----------------81%-----------       ] 2450 of 3000 complete in 456.3 sec
[-----------------81%-----------       ] 2453 of 3000 complete in 456.9 sec
[-----------------81%-----------       ] 2457 of 3000 complete in 457.5 sec
[-----------------82%-----------       ] 2460 of 3000 complete in 458.0 sec
[-----------------82%-----------       ] 2464 of 3000 complete in 458.6 sec
[-----------------82%-----------       ] 2468 of 3000 complete in 459.3 sec
[-----------------82%-----------       ] 2472 of 3000 complete in 459.9 sec
[-----------------82%-----------       ] 2476 of 3000 complete in 460.6 sec
[-----------------82%-----------       ] 2480 of 3000 complete in 461.2 sec
[-----------------82%-----------       ] 2483 of 3000 complete in 461.7 sec
[-----------------82%-----------       ] 2486 of 3000 complete in 462.3 sec
[-----------------82%-----------       ] 2489 of 3000 complete in 462.8 sec
[-----------------83%-----------       ] 2492 of 3000 complete in 463.4 sec
[-----------------83%-----------       ] 2495 of 3000 complete in 464.0 sec
[-----------------83%-----------       ] 2498 of 3000 complete in 464.6 sec
[-----------------83%-----------       ] 2501 of 3000 complete in 465.2 sec
[-----------------83%-----------       ] 2504 of 3000 complete in 465.9 sec
[-----------------83%-----------       ] 2507 of 3000 complete in 466.4 sec
[-----------------83%-----------       ] 2510 of 3000 complete in 467.0 sec
[-----------------83%-----------       ] 2513 of 3000 complete in 467.7 sec
[-----------------83%-----------       ] 2516 of 3000 complete in 468.3 sec
[-----------------83%-----------       ] 2519 of 3000 complete in 468.9 sec
[-----------------84%-----------       ] 2522 of 3000 complete in 469.4 sec
[-----------------84%-----------       ] 2525 of 3000 complete in 470.0 sec
[-----------------84%------------      ] 2528 of 3000 complete in 470.7 sec
[-----------------84%------------      ] 2531 of 3000 complete in 471.3 sec
[-----------------84%------------      ] 2534 of 3000 complete in 471.8 sec
[-----------------84%------------      ] 2537 of 3000 complete in 472.4 sec
[-----------------84%------------      ] 2540 of 3000 complete in 473.0 sec
[-----------------84%------------      ] 2543 of 3000 complete in 473.7 sec
[-----------------84%------------      ] 2546 of 3000 complete in 474.2 sec
[-----------------84%------------      ] 2549 of 3000 complete in 474.8 sec
[-----------------85%------------      ] 2552 of 3000 complete in 475.5 sec
[-----------------85%------------      ] 2555 of 3000 complete in 476.1 sec
[-----------------85%------------      ] 2558 of 3000 complete in 476.8 sec
[-----------------85%------------      ] 2561 of 3000 complete in 477.3 sec
[-----------------85%------------      ] 2564 of 3000 complete in 477.8 sec
[-----------------85%------------      ] 2567 of 3000 complete in 478.5 sec
[-----------------85%------------      ] 2570 of 3000 complete in 479.0 sec
[-----------------85%------------      ] 2573 of 3000 complete in 479.6 sec
[-----------------85%------------      ] 2576 of 3000 complete in 480.2 sec
[-----------------85%------------      ] 2579 of 3000 complete in 480.8 sec
[-----------------86%------------      ] 2582 of 3000 complete in 481.4 sec
[-----------------86%------------      ] 2585 of 3000 complete in 482.0 sec
[-----------------86%------------      ] 2588 of 3000 complete in 482.7 sec
[-----------------86%------------      ] 2591 of 3000 complete in 483.3 sec
[-----------------86%------------      ] 2594 of 3000 complete in 484.0 sec
[-----------------86%------------      ] 2597 of 3000 complete in 484.6 sec
[-----------------86%------------      ] 2600 of 3000 complete in 485.3 sec
[-----------------86%------------      ] 2603 of 3000 complete in 485.9 sec
[-----------------86%-------------     ] 2606 of 3000 complete in 486.5 sec
[-----------------86%-------------     ] 2609 of 3000 complete in 487.1 sec
[-----------------87%-------------     ] 2612 of 3000 complete in 487.6 sec
[-----------------87%-------------     ] 2615 of 3000 complete in 488.2 sec
[-----------------87%-------------     ] 2618 of 3000 complete in 488.9 sec
[-----------------87%-------------     ] 2621 of 3000 complete in 489.5 sec
[-----------------87%-------------     ] 2624 of 3000 complete in 490.1 sec
[-----------------87%-------------     ] 2627 of 3000 complete in 490.7 sec
[-----------------87%-------------     ] 2630 of 3000 complete in 491.4 sec
[-----------------87%-------------     ] 2633 of 3000 complete in 492.0 sec
[-----------------87%-------------     ] 2636 of 3000 complete in 492.7 sec
[-----------------87%-------------     ] 2639 of 3000 complete in 493.4 sec
[-----------------88%-------------     ] 2642 of 3000 complete in 494.0 sec
[-----------------88%-------------     ] 2645 of 3000 complete in 494.6 sec
[-----------------88%-------------     ] 2648 of 3000 complete in 495.3 sec
[-----------------88%-------------     ] 2651 of 3000 complete in 496.0 sec
[-----------------88%-------------     ] 2654 of 3000 complete in 496.6 sec
[-----------------88%-------------     ] 2657 of 3000 complete in 497.2 sec
[-----------------88%-------------     ] 2660 of 3000 complete in 497.9 sec
[-----------------88%-------------     ] 2663 of 3000 complete in 498.6 sec
[-----------------88%-------------     ] 2666 of 3000 complete in 499.2 sec
[-----------------88%-------------     ] 2669 of 3000 complete in 499.9 sec
[-----------------89%-------------     ] 2672 of 3000 complete in 500.5 sec
[-----------------89%-------------     ] 2675 of 3000 complete in 501.2 sec
[-----------------89%-------------     ] 2678 of 3000 complete in 501.8 sec
[-----------------89%-------------     ] 2681 of 3000 complete in 502.3 sec
[-----------------89%-------------     ] 2684 of 3000 complete in 502.9 sec
[-----------------89%--------------    ] 2687 of 3000 complete in 503.5 sec
[-----------------89%--------------    ] 2690 of 3000 complete in 504.2 sec
[-----------------89%--------------    ] 2693 of 3000 complete in 504.9 sec
[-----------------89%--------------    ] 2696 of 3000 complete in 505.5 sec
[-----------------89%--------------    ] 2699 of 3000 complete in 506.2 sec
[-----------------90%--------------    ] 2702 of 3000 complete in 506.7 sec
[-----------------90%--------------    ] 2705 of 3000 complete in 507.3 sec
[-----------------90%--------------    ] 2708 of 3000 complete in 507.9 sec
[-----------------90%--------------    ] 2711 of 3000 complete in 508.6 sec
[-----------------90%--------------    ] 2714 of 3000 complete in 509.3 sec
[-----------------90%--------------    ] 2717 of 3000 complete in 509.9 sec
[-----------------90%--------------    ] 2720 of 3000 complete in 510.6 sec
[-----------------90%--------------    ] 2723 of 3000 complete in 511.2 sec
[-----------------90%--------------    ] 2726 of 3000 complete in 511.7 sec
[-----------------90%--------------    ] 2729 of 3000 complete in 512.3 sec
[-----------------91%--------------    ] 2732 of 3000 complete in 513.0 sec
[-----------------91%--------------    ] 2735 of 3000 complete in 513.6 sec
[-----------------91%--------------    ] 2738 of 3000 complete in 514.3 sec
[-----------------91%--------------    ] 2740 of 3000 complete in 514.8 sec
[-----------------91%--------------    ] 2743 of 3000 complete in 515.5 sec
[-----------------91%--------------    ] 2746 of 3000 complete in 516.2 sec
[-----------------91%--------------    ] 2749 of 3000 complete in 516.9 sec
[-----------------91%--------------    ] 2752 of 3000 complete in 517.5 sec
[-----------------91%--------------    ] 2755 of 3000 complete in 518.2 sec
[-----------------91%--------------    ] 2758 of 3000 complete in 518.8 sec
[-----------------92%--------------    ] 2761 of 3000 complete in 519.5 sec
[-----------------92%---------------   ] 2764 of 3000 complete in 520.2 sec
[-----------------92%---------------   ] 2767 of 3000 complete in 520.8 sec
[-----------------92%---------------   ] 2770 of 3000 complete in 521.5 sec
[-----------------92%---------------   ] 2773 of 3000 complete in 522.2 sec
[-----------------92%---------------   ] 2776 of 3000 complete in 522.9 sec
[-----------------92%---------------   ] 2779 of 3000 complete in 523.5 sec
[-----------------92%---------------   ] 2782 of 3000 complete in 524.2 sec
[-----------------92%---------------   ] 2785 of 3000 complete in 524.8 sec
[-----------------92%---------------   ] 2788 of 3000 complete in 525.5 sec
[-----------------93%---------------   ] 2791 of 3000 complete in 526.1 sec
[-----------------93%---------------   ] 2794 of 3000 complete in 526.7 sec
[-----------------93%---------------   ] 2797 of 3000 complete in 527.4 sec
[-----------------93%---------------   ] 2800 of 3000 complete in 528.0 sec
[-----------------93%---------------   ] 2803 of 3000 complete in 528.7 sec
[-----------------93%---------------   ] 2806 of 3000 complete in 529.3 sec
[-----------------93%---------------   ] 2809 of 3000 complete in 530.0 sec
[-----------------93%---------------   ] 2812 of 3000 complete in 530.6 sec
[-----------------93%---------------   ] 2815 of 3000 complete in 531.3 sec
[-----------------93%---------------   ] 2818 of 3000 complete in 532.0 sec
[-----------------94%---------------   ] 2821 of 3000 complete in 532.7 sec
[-----------------94%---------------   ] 2824 of 3000 complete in 533.3 sec
[-----------------94%---------------   ] 2827 of 3000 complete in 533.9 sec
[-----------------94%---------------   ] 2830 of 3000 complete in 534.5 sec
[-----------------94%---------------   ] 2833 of 3000 complete in 535.2 sec
[-----------------94%---------------   ] 2836 of 3000 complete in 535.8 sec
[-----------------94%---------------   ] 2839 of 3000 complete in 536.5 sec
[-----------------94%---------------   ] 2842 of 3000 complete in 537.1 sec
[-----------------94%----------------  ] 2845 of 3000 complete in 537.8 sec
[-----------------94%----------------  ] 2848 of 3000 complete in 538.5 sec
[-----------------95%----------------  ] 2851 of 3000 complete in 539.1 sec
[-----------------95%----------------  ] 2854 of 3000 complete in 539.7 sec
[-----------------95%----------------  ] 2857 of 3000 complete in 540.4 sec
[-----------------95%----------------  ] 2860 of 3000 complete in 541.0 sec
[-----------------95%----------------  ] 2863 of 3000 complete in 541.7 sec
[-----------------95%----------------  ] 2866 of 3000 complete in 542.3 sec
[-----------------95%----------------  ] 2868 of 3000 complete in 542.9 sec
[-----------------95%----------------  ] 2871 of 3000 complete in 543.5 sec
[-----------------95%----------------  ] 2874 of 3000 complete in 544.2 sec
[-----------------95%----------------  ] 2877 of 3000 complete in 545.0 sec
[-----------------96%----------------  ] 2880 of 3000 complete in 545.7 sec
[-----------------96%----------------  ] 2883 of 3000 complete in 546.4 sec
[-----------------96%----------------  ] 2886 of 3000 complete in 547.1 sec
[-----------------96%----------------  ] 2889 of 3000 complete in 547.8 sec
[-----------------96%----------------  ] 2892 of 3000 complete in 548.4 sec
[-----------------96%----------------  ] 2895 of 3000 complete in 549.0 sec
[-----------------96%----------------  ] 2898 of 3000 complete in 549.6 sec
[-----------------96%----------------  ] 2901 of 3000 complete in 550.2 sec
[-----------------96%----------------  ] 2904 of 3000 complete in 550.9 sec
[-----------------96%----------------  ] 2907 of 3000 complete in 551.5 sec
[-----------------97%----------------  ] 2910 of 3000 complete in 552.2 sec
[-----------------97%----------------  ] 2913 of 3000 complete in 552.8 sec
[-----------------97%----------------  ] 2916 of 3000 complete in 553.5 sec
[-----------------97%----------------  ] 2919 of 3000 complete in 554.1 sec
[-----------------97%----------------- ] 2922 of 3000 complete in 554.7 sec
[-----------------97%----------------- ] 2925 of 3000 complete in 555.3 sec
[-----------------97%----------------- ] 2928 of 3000 complete in 556.0 sec
[-----------------97%----------------- ] 2931 of 3000 complete in 556.6 sec
[-----------------97%----------------- ] 2934 of 3000 complete in 557.3 sec
[-----------------97%----------------- ] 2937 of 3000 complete in 557.9 sec
[-----------------98%----------------- ] 2940 of 3000 complete in 558.5 sec
[-----------------98%----------------- ] 2943 of 3000 complete in 559.2 sec
[-----------------98%----------------- ] 2946 of 3000 complete in 559.8 sec
[-----------------98%----------------- ] 2949 of 3000 complete in 560.5 sec
[-----------------98%----------------- ] 2952 of 3000 complete in 561.1 sec
[-----------------98%----------------- ] 2955 of 3000 complete in 561.8 sec
[-----------------98%----------------- ] 2958 of 3000 complete in 562.4 sec
[-----------------98%----------------- ] 2961 of 3000 complete in 563.0 sec
[-----------------98%----------------- ] 2964 of 3000 complete in 563.7 sec
[-----------------98%----------------- ] 2967 of 3000 complete in 564.3 sec
[-----------------99%----------------- ] 2970 of 3000 complete in 564.8 sec
[-----------------99%----------------- ] 2973 of 3000 complete in 565.5 sec
[-----------------99%----------------- ] 2976 of 3000 complete in 566.0 sec
[-----------------99%----------------- ] 2979 of 3000 complete in 566.6 sec
[-----------------99%----------------- ] 2982 of 3000 complete in 567.2 sec
[-----------------99%----------------- ] 2985 of 3000 complete in 567.8 sec
[-----------------99%----------------- ] 2988 of 3000 complete in 568.4 sec
[-----------------99%----------------- ] 2991 of 3000 complete in 569.0 sec
[-----------------99%----------------- ] 2994 of 3000 complete in 569.6 sec
[-----------------99%----------------- ] 2997 of 3000 complete in 570.2 sec
[-----------------100%-----------------] 3000 of 3000 complete in 570.8 sec
[-----------------100%-----------------] 3000 of 3000 complete in 571.0 sec
hddm sampling elpased time:  571.132 s
[fit_one_hddm] 完成 cond1_rep2_censor（9.5 分钟）→ /home/jovyan/work/2_Data/Generate_Data/TenRules_Revision_20260912/param_recovery/fits/censor
