[fit_one_hddm] cond2_rep3_censor: 12 被试 / 3120 试次 / omission=0.501 / p_outlier=0.0
[fit_one_hddm] 设置 z 默认值失败（忽略）：'z'
No model attribute --> setting up standard HDDM
Set model to ddm
[                  0%                  ] 11 of 3000 complete in 0.5 sec
[                  0%                  ] 25 of 3000 complete in 1.0 sec
[                  1%                  ] 39 of 3000 complete in 1.6 sec
[                  1%                  ] 52 of 3000 complete in 2.1 sec
[                  2%                  ] 64 of 3000 complete in 2.6 sec
[                  2%                  ] 76 of 3000 complete in 3.1 sec
[-                 2%                  ] 88 of 3000 complete in 3.7 sec
[-                 3%                  ] 99 of 3000 complete in 4.2 sec
[-                 3%                  ] 111 of 3000 complete in 4.7 sec
[-                 4%                  ] 121 of 3000 complete in 5.2 sec
[-                 4%                  ] 131 of 3000 complete in 5.8 sec
[-                 4%                  ] 141 of 3000 complete in 6.3 sec
[-                 5%                  ] 150 of 3000 complete in 6.8 sec
[--                5%                  ] 160 of 3000 complete in 7.3 sec
[--                5%                  ] 171 of 3000 complete in 7.9 sec
[--                6%                  ] 182 of 3000 complete in 8.4 sec
[--                6%                  ] 193 of 3000 complete in 8.9 sec
[--                6%                  ] 204 of 3000 complete in 9.4 sec
[--                7%                  ] 215 of 3000 complete in 9.9 sec
[--                7%                  ] 226 of 3000 complete in 10.4 sec
[---               7%                  ] 237 of 3000 complete in 10.9 sec
[---               8%                  ] 248 of 3000 complete in 11.5 sec
[---               8%                  ] 259 of 3000 complete in 12.0 sec
[---               9%                  ] 270 of 3000 complete in 12.5 sec
[---               9%                  ] 282 of 3000 complete in 13.0 sec
[---               9%                  ] 295 of 3000 complete in 13.6 sec
[---              10%                  ] 308 of 3000 complete in 14.1 sec
[----             10%                  ] 321 of 3000 complete in 14.6 sec
[----             11%                  ] 333 of 3000 complete in 15.2 sec
[----             11%                  ] 345 of 3000 complete in 15.7 sec
[----             11%                  ] 357 of 3000 complete in 16.2 sec
[----             12%                  ] 369 of 3000 complete in 16.8 sec
[----             12%                  ] 380 of 3000 complete in 17.3 sec
[----             13%                  ] 392 of 3000 complete in 17.8 sec
[-----            13%                  ] 404 of 3000 complete in 18.3 sec
[-----            13%                  ] 417 of 3000 complete in 18.8 sec
[-----            14%                  ] 429 of 3000 complete in 19.3 sec
[-----            14%                  ] 441 of 3000 complete in 19.8 sec
[-----            15%                  ] 452 of 3000 complete in 20.3 sec
[-----            15%                  ] 463 of 3000 complete in 20.9 sec
[------           15%                  ] 474 of 3000 complete in 21.4 sec
[------           16%                  ] 486 of 3000 complete in 21.9 sec
[------           16%                  ] 498 of 3000 complete in 22.4 sec
[------           17%                  ] 510 of 3000 complete in 23.0 sec
[------           17%                  ] 522 of 3000 complete in 23.5 sec
[------           17%                  ] 533 of 3000 complete in 24.0 sec
[------           18%                  ] 545 of 3000 complete in 24.6 sec
[-------          18%                  ] 558 of 3000 complete in 25.1 sec
[-------          19%                  ] 571 of 3000 complete in 25.6 sec
[-------          19%                  ] 583 of 3000 complete in 26.1 sec
[-------          19%                  ] 595 of 3000 complete in 26.7 sec
[-------          20%                  ] 607 of 3000 complete in 27.2 sec
[-------          20%                  ] 618 of 3000 complete in 27.7 sec
[-------          20%                  ] 629 of 3000 complete in 28.2 sec
[--------         21%                  ] 640 of 3000 complete in 28.7 sec
[--------         21%                  ] 653 of 3000 complete in 29.2 sec
[--------         22%                  ] 665 of 3000 complete in 29.7 sec
[--------         22%                  ] 677 of 3000 complete in 30.3 sec
[--------         22%                  ] 688 of 3000 complete in 30.8 sec
[--------         23%                  ] 701 of 3000 complete in 31.3 sec
[---------        23%                  ] 713 of 3000 complete in 31.8 sec
[---------        24%                  ] 725 of 3000 complete in 32.4 sec
[---------        24%                  ] 738 of 3000 complete in 32.9 sec
[---------        24%                  ] 749 of 3000 complete in 33.4 sec
[---------        25%                  ] 760 of 3000 complete in 33.9 sec
[---------        25%                  ] 772 of 3000 complete in 34.5 sec
[---------        26%                  ] 784 of 3000 complete in 35.0 sec
[----------       26%                  ] 796 of 3000 complete in 35.5 sec
[----------       26%                  ] 808 of 3000 complete in 36.0 sec
[----------       27%                  ] 820 of 3000 complete in 36.5 sec
[----------       27%                  ] 832 of 3000 complete in 37.0 sec
[----------       28%                  ] 844 of 3000 complete in 37.5 sec
[----------       28%                  ] 856 of 3000 complete in 38.1 sec
[----------       28%                  ] 868 of 3000 complete in 38.6 sec
[-----------      29%                  ] 879 of 3000 complete in 39.1 sec
[-----------      29%                  ] 890 of 3000 complete in 39.6 sec
[-----------      30%                  ] 902 of 3000 complete in 40.1 sec
[-----------      30%                  ] 914 of 3000 complete in 40.7 sec
[-----------      30%                  ] 927 of 3000 complete in 41.2 sec
[-----------      31%                  ] 939 of 3000 complete in 41.7 sec
[------------     31%                  ] 952 of 3000 complete in 42.2 sec
[------------     32%                  ] 965 of 3000 complete in 42.7 sec
[------------     32%                  ] 977 of 3000 complete in 43.3 sec
[------------     33%                  ] 990 of 3000 complete in 43.8 sec
[------------     33%                  ] 1002 of 3000 complete in 44.3 sec
[------------     33%                  ] 1016 of 3000 complete in 44.8 sec
[-------------    34%                  ] 1028 of 3000 complete in 45.3 sec
[-------------    34%                  ] 1040 of 3000 complete in 45.8 sec
[-------------    35%                  ] 1052 of 3000 complete in 46.4 sec
[-------------    35%                  ] 1064 of 3000 complete in 46.9 sec
[-------------    35%                  ] 1076 of 3000 complete in 47.4 sec
[-------------    36%                  ] 1088 of 3000 complete in 48.0 sec
[-------------    36%                  ] 1101 of 3000 complete in 48.5 sec
[--------------   37%                  ] 1113 of 3000 complete in 49.0 sec
[--------------   37%                  ] 1125 of 3000 complete in 49.5 sec
[--------------   37%                  ] 1136 of 3000 complete in 50.0 sec
[--------------   38%                  ] 1147 of 3000 complete in 50.5 sec
[--------------   38%                  ] 1158 of 3000 complete in 51.1 sec
[--------------   38%                  ] 1169 of 3000 complete in 51.6 sec
[--------------   39%                  ] 1181 of 3000 complete in 52.1 sec
[---------------  39%                  ] 1192 of 3000 complete in 52.6 sec
[---------------  40%                  ] 1203 of 3000 complete in 53.1 sec
[---------------  40%                  ] 1213 of 3000 complete in 53.6 sec
[---------------  40%                  ] 1224 of 3000 complete in 54.2 sec
[---------------  41%                  ] 1234 of 3000 complete in 54.7 sec
[---------------  41%                  ] 1245 of 3000 complete in 55.2 sec
[---------------  41%                  ] 1257 of 3000 complete in 55.7 sec
[---------------- 42%                  ] 1270 of 3000 complete in 56.3 sec
[---------------- 42%                  ] 1281 of 3000 complete in 56.8 sec
[---------------- 43%                  ] 1293 of 3000 complete in 57.3 sec
[---------------- 43%                  ] 1304 of 3000 complete in 57.8 sec
[---------------- 43%                  ] 1316 of 3000 complete in 58.3 sec
[---------------- 44%                  ] 1328 of 3000 complete in 58.9 sec
[---------------- 44%                  ] 1339 of 3000 complete in 59.4 sec
[-----------------45%                  ] 1351 of 3000 complete in 59.9 sec
[-----------------45%                  ] 1362 of 3000 complete in 60.5 sec
[-----------------45%                  ] 1372 of 3000 complete in 61.0 sec
[-----------------46%                  ] 1382 of 3000 complete in 61.5 sec
[-----------------46%                  ] 1392 of 3000 complete in 62.0 sec
[-----------------46%                  ] 1403 of 3000 complete in 62.5 sec
[-----------------47%                  ] 1415 of 3000 complete in 63.0 sec
[-----------------47%                  ] 1426 of 3000 complete in 63.6 sec
[-----------------47%                  ] 1436 of 3000 complete in 64.1 sec
[-----------------48%                  ] 1447 of 3000 complete in 64.6 sec
[-----------------48%                  ] 1458 of 3000 complete in 65.1 sec
[-----------------48%                  ] 1469 of 3000 complete in 65.6 sec
[-----------------49%                  ] 1480 of 3000 complete in 66.2 sec
[-----------------49%                  ] 1490 of 3000 complete in 66.7 sec
[-----------------50%                  ] 1501 of 3000 complete in 67.2 sec
[-----------------50%                  ] 1512 of 3000 complete in 67.7 sec
[-----------------50%                  ] 1523 of 3000 complete in 68.3 sec
[-----------------51%                  ] 1534 of 3000 complete in 68.8 sec
[-----------------51%                  ] 1546 of 3000 complete in 69.3 sec
[-----------------51%                  ] 1557 of 3000 complete in 69.8 sec
[-----------------52%                  ] 1567 of 3000 complete in 70.4 sec
[-----------------52%                  ] 1578 of 3000 complete in 70.9 sec
[-----------------53%                  ] 1590 of 3000 complete in 71.4 sec
[-----------------53%                  ] 1602 of 3000 complete in 72.0 sec
[-----------------53%                  ] 1613 of 3000 complete in 72.5 sec
[-----------------54%                  ] 1625 of 3000 complete in 73.0 sec
[-----------------54%                  ] 1636 of 3000 complete in 73.5 sec
[-----------------54%                  ] 1649 of 3000 complete in 74.1 sec
[-----------------55%-                 ] 1662 of 3000 complete in 74.6 sec
[-----------------55%-                 ] 1675 of 3000 complete in 75.1 sec
[-----------------56%-                 ] 1688 of 3000 complete in 75.6 sec
[-----------------56%-                 ] 1701 of 3000 complete in 76.2 sec
[-----------------57%-                 ] 1713 of 3000 complete in 76.7 sec
[-----------------57%-                 ] 1725 of 3000 complete in 77.2 sec
[-----------------57%--                ] 1738 of 3000 complete in 77.7 sec
[-----------------58%--                ] 1751 of 3000 complete in 78.3 sec
[-----------------58%--                ] 1763 of 3000 complete in 78.8 sec
[-----------------59%--                ] 1775 of 3000 complete in 79.3 sec
[-----------------59%--                ] 1786 of 3000 complete in 79.8 sec
[-----------------59%--                ] 1798 of 3000 complete in 80.3 sec
[-----------------60%--                ] 1810 of 3000 complete in 80.8 sec
[-----------------60%---               ] 1821 of 3000 complete in 81.3 sec
[-----------------61%---               ] 1833 of 3000 complete in 81.8 sec
[-----------------61%---               ] 1844 of 3000 complete in 82.3 sec
[-----------------61%---               ] 1855 of 3000 complete in 82.9 sec
[-----------------62%---               ] 1866 of 3000 complete in 83.4 sec
[-----------------62%---               ] 1877 of 3000 complete in 83.9 sec
[-----------------62%---               ] 1888 of 3000 complete in 84.4 sec
[-----------------63%----              ] 1900 of 3000 complete in 85.0 sec
[-----------------63%----              ] 1911 of 3000 complete in 85.5 sec
[-----------------64%----              ] 1923 of 3000 complete in 86.0 sec
[-----------------64%----              ] 1934 of 3000 complete in 86.5 sec
[-----------------64%----              ] 1946 of 3000 complete in 87.1 sec
[-----------------65%----              ] 1958 of 3000 complete in 87.6 sec
[-----------------65%----              ] 1970 of 3000 complete in 88.1 sec
[-----------------66%-----             ] 1982 of 3000 complete in 88.6 sec
[-----------------66%-----             ] 1996 of 3000 complete in 89.1 sec
[-----------------66%-----             ] 2008 of 3000 complete in 89.7 sec
[-----------------67%-----             ] 2020 of 3000 complete in 90.2 sec
[-----------------67%-----             ] 2032 of 3000 complete in 90.7 sec
[-----------------68%-----             ] 2044 of 3000 complete in 91.2 sec
[-----------------68%------            ] 2055 of 3000 complete in 91.7 sec
[-----------------68%------            ] 2067 of 3000 complete in 92.3 sec
[-----------------69%------            ] 2079 of 3000 complete in 92.8 sec
[-----------------69%------            ] 2090 of 3000 complete in 93.3 sec
[-----------------70%------            ] 2100 of 3000 complete in 93.8 sec
[-----------------70%------            ] 2109 of 3000 complete in 94.3 sec
[-----------------70%------            ] 2119 of 3000 complete in 94.9 sec
[-----------------70%------            ] 2129 of 3000 complete in 95.4 sec
[-----------------71%-------           ] 2139 of 3000 complete in 95.9 sec
[-----------------71%-------           ] 2150 of 3000 complete in 96.5 sec
[-----------------72%-------           ] 2160 of 3000 complete in 97.0 sec
[-----------------72%-------           ] 2170 of 3000 complete in 97.5 sec
[-----------------72%-------           ] 2180 of 3000 complete in 98.0 sec
[-----------------73%-------           ] 2190 of 3000 complete in 98.6 sec
[-----------------73%-------           ] 2200 of 3000 complete in 99.1 sec
[-----------------73%-------           ] 2210 of 3000 complete in 99.6 sec
[-----------------73%--------          ] 2219 of 3000 complete in 100.1 sec
[-----------------74%--------          ] 2229 of 3000 complete in 100.6 sec
[-----------------74%--------          ] 2240 of 3000 complete in 101.2 sec
[-----------------75%--------          ] 2250 of 3000 complete in 101.7 sec
[-----------------75%--------          ] 2261 of 3000 complete in 102.2 sec
[-----------------75%--------          ] 2271 of 3000 complete in 102.7 sec
[-----------------76%--------          ] 2282 of 3000 complete in 103.3 sec
[-----------------76%---------         ] 2293 of 3000 complete in 103.8 sec
[-----------------76%---------         ] 2303 of 3000 complete in 104.3 sec
[-----------------77%---------         ] 2313 of 3000 complete in 104.8 sec
[-----------------77%---------         ] 2323 of 3000 complete in 105.3 sec
[-----------------77%---------         ] 2333 of 3000 complete in 105.9 sec
[-----------------78%---------         ] 2343 of 3000 complete in 106.4 sec
[-----------------78%---------         ] 2354 of 3000 complete in 106.9 sec
[-----------------78%---------         ] 2364 of 3000 complete in 107.4 sec
[-----------------79%----------        ] 2373 of 3000 complete in 107.9 sec
[-----------------79%----------        ] 2383 of 3000 complete in 108.5 sec
[-----------------79%----------        ] 2393 of 3000 complete in 109.0 sec
[-----------------80%----------        ] 2402 of 3000 complete in 109.6 sec
[-----------------80%----------        ] 2411 of 3000 complete in 110.1 sec
[-----------------80%----------        ] 2421 of 3000 complete in 110.7 sec
[-----------------81%----------        ] 2430 of 3000 complete in 111.2 sec
[-----------------81%----------        ] 2440 of 3000 complete in 111.7 sec
[-----------------81%-----------       ] 2450 of 3000 complete in 112.2 sec
[-----------------81%-----------       ] 2459 of 3000 complete in 112.8 sec
[-----------------82%-----------       ] 2469 of 3000 complete in 113.3 sec
[-----------------82%-----------       ] 2479 of 3000 complete in 113.8 sec
[-----------------82%-----------       ] 2489 of 3000 complete in 114.4 sec
[-----------------83%-----------       ] 2499 of 3000 complete in 114.9 sec
[-----------------83%-----------       ] 2510 of 3000 complete in 115.4 sec
[-----------------84%-----------       ] 2522 of 3000 complete in 116.0 sec
[-----------------84%------------      ] 2534 of 3000 complete in 116.5 sec
[-----------------84%------------      ] 2544 of 3000 complete in 117.0 sec
[-----------------85%------------      ] 2555 of 3000 complete in 117.5 sec
[-----------------85%------------      ] 2565 of 3000 complete in 118.1 sec
[-----------------85%------------      ] 2575 of 3000 complete in 118.6 sec
[-----------------86%------------      ] 2585 of 3000 complete in 119.1 sec
[-----------------86%------------      ] 2595 of 3000 complete in 119.7 sec
[-----------------86%------------      ] 2605 of 3000 complete in 120.2 sec
[-----------------87%-------------     ] 2615 of 3000 complete in 120.7 sec
[-----------------87%-------------     ] 2625 of 3000 complete in 121.2 sec
[-----------------87%-------------     ] 2635 of 3000 complete in 121.7 sec
[-----------------88%-------------     ] 2644 of 3000 complete in 122.2 sec
[-----------------88%-------------     ] 2654 of 3000 complete in 122.8 sec
[-----------------88%-------------     ] 2664 of 3000 complete in 123.3 sec
[-----------------89%-------------     ] 2673 of 3000 complete in 123.8 sec
[-----------------89%-------------     ] 2682 of 3000 complete in 124.4 sec
[-----------------89%--------------    ] 2691 of 3000 complete in 124.9 sec
[-----------------90%--------------    ] 2700 of 3000 complete in 125.5 sec
[-----------------90%--------------    ] 2709 of 3000 complete in 126.0 sec
[-----------------90%--------------    ] 2718 of 3000 complete in 126.5 sec
[-----------------90%--------------    ] 2727 of 3000 complete in 127.1 sec
[-----------------91%--------------    ] 2736 of 3000 complete in 127.6 sec
[-----------------91%--------------    ] 2745 of 3000 complete in 128.1 sec
[-----------------91%--------------    ] 2755 of 3000 complete in 128.6 sec
[-----------------92%---------------   ] 2764 of 3000 complete in 129.1 sec
[-----------------92%---------------   ] 2773 of 3000 complete in 129.7 sec
[-----------------92%---------------   ] 2782 of 3000 complete in 130.2 sec
[-----------------93%---------------   ] 2791 of 3000 complete in 130.7 sec
[-----------------93%---------------   ] 2801 of 3000 complete in 131.3 sec
[-----------------93%---------------   ] 2810 of 3000 complete in 131.8 sec
[-----------------94%---------------   ] 2820 of 3000 complete in 132.3 sec
[-----------------94%---------------   ] 2829 of 3000 complete in 132.8 sec
[-----------------94%---------------   ] 2839 of 3000 complete in 133.3 sec
[-----------------95%----------------  ] 2850 of 3000 complete in 133.9 sec
[-----------------95%----------------  ] 2860 of 3000 complete in 134.4 sec
[-----------------95%----------------  ] 2870 of 3000 complete in 134.9 sec
[-----------------96%----------------  ] 2881 of 3000 complete in 135.4 sec
[-----------------96%----------------  ] 2892 of 3000 complete in 136.0 sec
[-----------------96%----------------  ] 2903 of 3000 complete in 136.5 sec
[-----------------97%----------------  ] 2914 of 3000 complete in 137.0 sec
[-----------------97%----------------- ] 2926 of 3000 complete in 137.6 sec
[-----------------97%----------------- ] 2938 of 3000 complete in 138.1 sec
[-----------------98%----------------- ] 2951 of 3000 complete in 138.6 sec
[-----------------98%----------------- ] 2963 of 3000 complete in 139.2 sec
[-----------------99%----------------- ] 2974 of 3000 complete in 139.7 sec
[-----------------99%----------------- ] 2985 of 3000 complete in 140.2 sec
[-----------------99%----------------- ] 2997 of 3000 complete in 140.7 sec
[-----------------100%-----------------] 3000 of 3000 complete in 140.9 sec
hddm sampling elpased time:  141.042 s
[fit_one_hddm] 完成 cond2_rep3_censor（2.4 分钟）→ /home/jovyan/work/2_Data/Generate_Data/TenRules_Revision_20260912/param_recovery/fits/censor
