[fit_one_hddm] cond7_rep1_censor: 12 被试 / 3120 试次 / omission=0.254 / p_outlier=0.0
[fit_one_hddm] 设置 z 默认值失败（忽略）：'z'
No model attribute --> setting up standard HDDM
Set model to ddm
[                  0%                  ] 12 of 3000 complete in 0.5 sec
[                  0%                  ] 25 of 3000 complete in 1.0 sec
[                  1%                  ] 37 of 3000 complete in 1.5 sec
[                  1%                  ] 50 of 3000 complete in 2.1 sec
[                  2%                  ] 62 of 3000 complete in 2.6 sec
[                  2%                  ] 73 of 3000 complete in 3.1 sec
[-                 2%                  ] 84 of 3000 complete in 3.7 sec
[-                 3%                  ] 94 of 3000 complete in 4.2 sec
[-                 3%                  ] 104 of 3000 complete in 4.7 sec
[-                 3%                  ] 114 of 3000 complete in 5.2 sec
[-                 4%                  ] 124 of 3000 complete in 5.7 sec
[-                 4%                  ] 134 of 3000 complete in 6.3 sec
[-                 4%                  ] 145 of 3000 complete in 6.8 sec
[-                 5%                  ] 156 of 3000 complete in 7.3 sec
[--                5%                  ] 166 of 3000 complete in 7.9 sec
[--                5%                  ] 176 of 3000 complete in 8.4 sec
[--                6%                  ] 186 of 3000 complete in 8.9 sec
[--                6%                  ] 196 of 3000 complete in 9.5 sec
[--                6%                  ] 206 of 3000 complete in 10.0 sec
[--                7%                  ] 217 of 3000 complete in 10.5 sec
[--                7%                  ] 228 of 3000 complete in 11.0 sec
[---               8%                  ] 240 of 3000 complete in 11.6 sec
[---               8%                  ] 252 of 3000 complete in 12.1 sec
[---               8%                  ] 264 of 3000 complete in 12.6 sec
[---               9%                  ] 275 of 3000 complete in 13.1 sec
[---               9%                  ] 286 of 3000 complete in 13.6 sec
[---               9%                  ] 295 of 3000 complete in 14.2 sec
[---              10%                  ] 305 of 3000 complete in 14.7 sec
[----             10%                  ] 316 of 3000 complete in 15.2 sec
[----             10%                  ] 326 of 3000 complete in 15.7 sec
[----             11%                  ] 337 of 3000 complete in 16.2 sec
[----             11%                  ] 349 of 3000 complete in 16.8 sec
[----             12%                  ] 360 of 3000 complete in 17.3 sec
[----             12%                  ] 372 of 3000 complete in 17.8 sec
[----             12%                  ] 384 of 3000 complete in 18.4 sec
[-----            13%                  ] 396 of 3000 complete in 18.9 sec
[-----            13%                  ] 408 of 3000 complete in 19.4 sec
[-----            14%                  ] 420 of 3000 complete in 19.9 sec
[-----            14%                  ] 431 of 3000 complete in 20.4 sec
[-----            14%                  ] 443 of 3000 complete in 21.0 sec
[-----            15%                  ] 454 of 3000 complete in 21.5 sec
[-----            15%                  ] 465 of 3000 complete in 22.0 sec
[------           15%                  ] 475 of 3000 complete in 22.5 sec
[------           16%                  ] 486 of 3000 complete in 23.1 sec
[------           16%                  ] 496 of 3000 complete in 23.6 sec
[------           16%                  ] 506 of 3000 complete in 24.2 sec
[------           17%                  ] 515 of 3000 complete in 24.7 sec
[------           17%                  ] 523 of 3000 complete in 25.2 sec
[------           17%                  ] 532 of 3000 complete in 25.8 sec
[------           18%                  ] 541 of 3000 complete in 26.3 sec
[------           18%                  ] 551 of 3000 complete in 26.8 sec
[-------          18%                  ] 561 of 3000 complete in 27.3 sec
[-------          19%                  ] 571 of 3000 complete in 27.8 sec
[-------          19%                  ] 581 of 3000 complete in 28.3 sec
[-------          19%                  ] 592 of 3000 complete in 28.9 sec
[-------          20%                  ] 603 of 3000 complete in 29.4 sec
[-------          20%                  ] 616 of 3000 complete in 29.9 sec
[-------          20%                  ] 629 of 3000 complete in 30.4 sec
[--------         21%                  ] 642 of 3000 complete in 31.0 sec
[--------         21%                  ] 653 of 3000 complete in 31.5 sec
[--------         22%                  ] 664 of 3000 complete in 32.0 sec
[--------         22%                  ] 676 of 3000 complete in 32.5 sec
[--------         22%                  ] 687 of 3000 complete in 33.0 sec
[--------         23%                  ] 699 of 3000 complete in 33.5 sec
[---------        23%                  ] 711 of 3000 complete in 34.1 sec
[---------        24%                  ] 723 of 3000 complete in 34.6 sec
[---------        24%                  ] 734 of 3000 complete in 35.1 sec
[---------        24%                  ] 745 of 3000 complete in 35.6 sec
[---------        25%                  ] 755 of 3000 complete in 36.2 sec
[---------        25%                  ] 767 of 3000 complete in 36.7 sec
[---------        25%                  ] 779 of 3000 complete in 37.2 sec
[----------       26%                  ] 791 of 3000 complete in 37.7 sec
[----------       26%                  ] 803 of 3000 complete in 38.3 sec
[----------       27%                  ] 815 of 3000 complete in 38.8 sec
[----------       27%                  ] 826 of 3000 complete in 39.3 sec
[----------       27%                  ] 838 of 3000 complete in 39.8 sec
[----------       28%                  ] 850 of 3000 complete in 40.3 sec
[----------       28%                  ] 862 of 3000 complete in 40.9 sec
[-----------      29%                  ] 873 of 3000 complete in 41.4 sec
[-----------      29%                  ] 885 of 3000 complete in 41.9 sec
[-----------      29%                  ] 897 of 3000 complete in 42.4 sec
[-----------      30%                  ] 910 of 3000 complete in 42.9 sec
[-----------      30%                  ] 923 of 3000 complete in 43.5 sec
[-----------      31%                  ] 935 of 3000 complete in 44.0 sec
[-----------      31%                  ] 947 of 3000 complete in 44.5 sec
[------------     31%                  ] 959 of 3000 complete in 45.0 sec
[------------     32%                  ] 971 of 3000 complete in 45.6 sec
[------------     32%                  ] 983 of 3000 complete in 46.1 sec
[------------     33%                  ] 995 of 3000 complete in 46.6 sec
[------------     33%                  ] 1007 of 3000 complete in 47.2 sec
[------------     33%                  ] 1019 of 3000 complete in 47.7 sec
[-------------    34%                  ] 1031 of 3000 complete in 48.2 sec
[-------------    34%                  ] 1043 of 3000 complete in 48.7 sec
[-------------    35%                  ] 1055 of 3000 complete in 49.2 sec
[-------------    35%                  ] 1067 of 3000 complete in 49.8 sec
[-------------    35%                  ] 1079 of 3000 complete in 50.3 sec
[-------------    36%                  ] 1091 of 3000 complete in 50.8 sec
[-------------    36%                  ] 1103 of 3000 complete in 51.4 sec
[--------------   37%                  ] 1114 of 3000 complete in 51.9 sec
[--------------   37%                  ] 1125 of 3000 complete in 52.4 sec
[--------------   37%                  ] 1136 of 3000 complete in 52.9 sec
[--------------   38%                  ] 1148 of 3000 complete in 53.5 sec
[--------------   38%                  ] 1158 of 3000 complete in 54.0 sec
[--------------   38%                  ] 1169 of 3000 complete in 54.5 sec
[--------------   39%                  ] 1181 of 3000 complete in 55.0 sec
[---------------  39%                  ] 1194 of 3000 complete in 55.5 sec
[---------------  40%                  ] 1206 of 3000 complete in 56.1 sec
[---------------  40%                  ] 1218 of 3000 complete in 56.6 sec
[---------------  41%                  ] 1231 of 3000 complete in 57.1 sec
[---------------  41%                  ] 1244 of 3000 complete in 57.7 sec
[---------------  41%                  ] 1255 of 3000 complete in 58.2 sec
[---------------- 42%                  ] 1266 of 3000 complete in 58.7 sec
[---------------- 42%                  ] 1278 of 3000 complete in 59.2 sec
[---------------- 42%                  ] 1289 of 3000 complete in 59.7 sec
[---------------- 43%                  ] 1300 of 3000 complete in 60.2 sec
[---------------- 43%                  ] 1311 of 3000 complete in 60.7 sec
[---------------- 44%                  ] 1323 of 3000 complete in 61.3 sec
[---------------- 44%                  ] 1334 of 3000 complete in 61.8 sec
[-----------------44%                  ] 1344 of 3000 complete in 62.3 sec
[-----------------45%                  ] 1355 of 3000 complete in 62.8 sec
[-----------------45%                  ] 1366 of 3000 complete in 63.3 sec
[-----------------45%                  ] 1378 of 3000 complete in 63.8 sec
[-----------------46%                  ] 1390 of 3000 complete in 64.3 sec
[-----------------46%                  ] 1401 of 3000 complete in 64.8 sec
[-----------------47%                  ] 1413 of 3000 complete in 65.4 sec
[-----------------47%                  ] 1424 of 3000 complete in 65.9 sec
[-----------------47%                  ] 1436 of 3000 complete in 66.4 sec
[-----------------48%                  ] 1448 of 3000 complete in 67.0 sec
[-----------------48%                  ] 1460 of 3000 complete in 67.5 sec
[-----------------49%                  ] 1472 of 3000 complete in 68.0 sec
[-----------------49%                  ] 1485 of 3000 complete in 68.5 sec
[-----------------49%                  ] 1498 of 3000 complete in 69.1 sec
[-----------------50%                  ] 1510 of 3000 complete in 69.6 sec
[-----------------50%                  ] 1521 of 3000 complete in 70.1 sec
[-----------------51%                  ] 1533 of 3000 complete in 70.6 sec
[-----------------51%                  ] 1545 of 3000 complete in 71.2 sec
[-----------------51%                  ] 1557 of 3000 complete in 71.7 sec
[-----------------52%                  ] 1567 of 3000 complete in 72.2 sec
[-----------------52%                  ] 1578 of 3000 complete in 72.7 sec
[-----------------53%                  ] 1591 of 3000 complete in 73.3 sec
[-----------------53%                  ] 1603 of 3000 complete in 73.8 sec
[-----------------53%                  ] 1614 of 3000 complete in 74.3 sec
[-----------------54%                  ] 1625 of 3000 complete in 74.8 sec
[-----------------54%                  ] 1637 of 3000 complete in 75.3 sec
[-----------------54%                  ] 1648 of 3000 complete in 75.9 sec
[-----------------55%-                 ] 1658 of 3000 complete in 76.4 sec
[-----------------55%-                 ] 1667 of 3000 complete in 77.0 sec
[-----------------55%-                 ] 1676 of 3000 complete in 77.5 sec
[-----------------56%-                 ] 1685 of 3000 complete in 78.1 sec
[-----------------56%-                 ] 1693 of 3000 complete in 78.6 sec
[-----------------56%-                 ] 1702 of 3000 complete in 79.1 sec
[-----------------57%-                 ] 1712 of 3000 complete in 79.6 sec
[-----------------57%-                 ] 1723 of 3000 complete in 80.2 sec
[-----------------57%-                 ] 1734 of 3000 complete in 80.7 sec
[-----------------58%--                ] 1744 of 3000 complete in 81.2 sec
[-----------------58%--                ] 1755 of 3000 complete in 81.8 sec
[-----------------58%--                ] 1766 of 3000 complete in 82.3 sec
[-----------------59%--                ] 1778 of 3000 complete in 82.8 sec
[-----------------59%--                ] 1790 of 3000 complete in 83.3 sec
[-----------------60%--                ] 1802 of 3000 complete in 83.8 sec
[-----------------60%--                ] 1813 of 3000 complete in 84.3 sec
[-----------------60%---               ] 1825 of 3000 complete in 84.9 sec
[-----------------61%---               ] 1837 of 3000 complete in 85.4 sec
[-----------------61%---               ] 1850 of 3000 complete in 85.9 sec
[-----------------62%---               ] 1862 of 3000 complete in 86.4 sec
[-----------------62%---               ] 1874 of 3000 complete in 87.0 sec
[-----------------62%---               ] 1886 of 3000 complete in 87.5 sec
[-----------------63%----              ] 1898 of 3000 complete in 88.0 sec
[-----------------63%----              ] 1910 of 3000 complete in 88.5 sec
[-----------------64%----              ] 1923 of 3000 complete in 89.1 sec
[-----------------64%----              ] 1935 of 3000 complete in 89.6 sec
[-----------------64%----              ] 1947 of 3000 complete in 90.1 sec
[-----------------65%----              ] 1958 of 3000 complete in 90.6 sec
[-----------------65%----              ] 1969 of 3000 complete in 91.1 sec
[-----------------65%-----             ] 1979 of 3000 complete in 91.6 sec
[-----------------66%-----             ] 1990 of 3000 complete in 92.1 sec
[-----------------66%-----             ] 2001 of 3000 complete in 92.7 sec
[-----------------67%-----             ] 2012 of 3000 complete in 93.2 sec
[-----------------67%-----             ] 2023 of 3000 complete in 93.7 sec
[-----------------67%-----             ] 2034 of 3000 complete in 94.2 sec
[-----------------68%-----             ] 2045 of 3000 complete in 94.7 sec
[-----------------68%------            ] 2056 of 3000 complete in 95.2 sec
[-----------------68%------            ] 2067 of 3000 complete in 95.8 sec
[-----------------69%------            ] 2078 of 3000 complete in 96.3 sec
[-----------------69%------            ] 2089 of 3000 complete in 96.8 sec
[-----------------69%------            ] 2099 of 3000 complete in 97.3 sec
[-----------------70%------            ] 2109 of 3000 complete in 97.8 sec
[-----------------70%------            ] 2119 of 3000 complete in 98.3 sec
[-----------------70%------            ] 2129 of 3000 complete in 98.9 sec
[-----------------71%-------           ] 2139 of 3000 complete in 99.4 sec
[-----------------71%-------           ] 2150 of 3000 complete in 99.9 sec
[-----------------72%-------           ] 2161 of 3000 complete in 100.4 sec
[-----------------72%-------           ] 2172 of 3000 complete in 101.0 sec
[-----------------72%-------           ] 2183 of 3000 complete in 101.5 sec
[-----------------73%-------           ] 2195 of 3000 complete in 102.0 sec
[-----------------73%-------           ] 2207 of 3000 complete in 102.6 sec
[-----------------73%--------          ] 2219 of 3000 complete in 103.1 sec
[-----------------74%--------          ] 2231 of 3000 complete in 103.6 sec
[-----------------74%--------          ] 2242 of 3000 complete in 104.1 sec
[-----------------75%--------          ] 2254 of 3000 complete in 104.7 sec
[-----------------75%--------          ] 2265 of 3000 complete in 105.2 sec
[-----------------75%--------          ] 2276 of 3000 complete in 105.7 sec
[-----------------76%--------          ] 2286 of 3000 complete in 106.2 sec
[-----------------76%---------         ] 2296 of 3000 complete in 106.8 sec
[-----------------76%---------         ] 2307 of 3000 complete in 107.3 sec
[-----------------77%---------         ] 2319 of 3000 complete in 107.8 sec
[-----------------77%---------         ] 2331 of 3000 complete in 108.3 sec
[-----------------78%---------         ] 2342 of 3000 complete in 108.8 sec
[-----------------78%---------         ] 2353 of 3000 complete in 109.4 sec
[-----------------78%---------         ] 2363 of 3000 complete in 109.9 sec
[-----------------79%----------        ] 2374 of 3000 complete in 110.4 sec
[-----------------79%----------        ] 2385 of 3000 complete in 111.0 sec
[-----------------79%----------        ] 2395 of 3000 complete in 111.5 sec
[-----------------80%----------        ] 2406 of 3000 complete in 112.0 sec
[-----------------80%----------        ] 2416 of 3000 complete in 112.6 sec
[-----------------80%----------        ] 2426 of 3000 complete in 113.1 sec
[-----------------81%----------        ] 2437 of 3000 complete in 113.6 sec
[-----------------81%-----------       ] 2449 of 3000 complete in 114.1 sec
[-----------------82%-----------       ] 2460 of 3000 complete in 114.6 sec
[-----------------82%-----------       ] 2471 of 3000 complete in 115.2 sec
[-----------------82%-----------       ] 2482 of 3000 complete in 115.7 sec
[-----------------83%-----------       ] 2493 of 3000 complete in 116.2 sec
[-----------------83%-----------       ] 2505 of 3000 complete in 116.8 sec
[-----------------83%-----------       ] 2517 of 3000 complete in 117.3 sec
[-----------------84%------------      ] 2528 of 3000 complete in 117.8 sec
[-----------------84%------------      ] 2540 of 3000 complete in 118.3 sec
[-----------------85%------------      ] 2552 of 3000 complete in 118.8 sec
[-----------------85%------------      ] 2564 of 3000 complete in 119.4 sec
[-----------------85%------------      ] 2576 of 3000 complete in 119.9 sec
[-----------------86%------------      ] 2587 of 3000 complete in 120.4 sec
[-----------------86%------------      ] 2597 of 3000 complete in 120.9 sec
[-----------------86%-------------     ] 2607 of 3000 complete in 121.5 sec
[-----------------87%-------------     ] 2617 of 3000 complete in 122.0 sec
[-----------------87%-------------     ] 2627 of 3000 complete in 122.6 sec
[-----------------87%-------------     ] 2637 of 3000 complete in 123.1 sec
[-----------------88%-------------     ] 2648 of 3000 complete in 123.7 sec
[-----------------88%-------------     ] 2659 of 3000 complete in 124.2 sec
[-----------------89%-------------     ] 2670 of 3000 complete in 124.7 sec
[-----------------89%-------------     ] 2681 of 3000 complete in 125.3 sec
[-----------------89%--------------    ] 2692 of 3000 complete in 125.8 sec
[-----------------90%--------------    ] 2703 of 3000 complete in 126.3 sec
[-----------------90%--------------    ] 2716 of 3000 complete in 126.8 sec
[-----------------90%--------------    ] 2728 of 3000 complete in 127.3 sec
[-----------------91%--------------    ] 2741 of 3000 complete in 127.9 sec
[-----------------91%--------------    ] 2753 of 3000 complete in 128.4 sec
[-----------------92%---------------   ] 2764 of 3000 complete in 128.9 sec
[-----------------92%---------------   ] 2775 of 3000 complete in 129.5 sec
[-----------------92%---------------   ] 2787 of 3000 complete in 130.0 sec
[-----------------93%---------------   ] 2799 of 3000 complete in 130.5 sec
[-----------------93%---------------   ] 2811 of 3000 complete in 131.0 sec
[-----------------94%---------------   ] 2823 of 3000 complete in 131.6 sec
[-----------------94%---------------   ] 2834 of 3000 complete in 132.1 sec
[-----------------94%----------------  ] 2844 of 3000 complete in 132.6 sec
[-----------------95%----------------  ] 2854 of 3000 complete in 133.1 sec
[-----------------95%----------------  ] 2865 of 3000 complete in 133.6 sec
[-----------------95%----------------  ] 2876 of 3000 complete in 134.1 sec
[-----------------96%----------------  ] 2888 of 3000 complete in 134.6 sec
[-----------------96%----------------  ] 2899 of 3000 complete in 135.2 sec
[-----------------96%----------------  ] 2909 of 3000 complete in 135.7 sec
[-----------------97%----------------  ] 2919 of 3000 complete in 136.2 sec
[-----------------97%----------------- ] 2930 of 3000 complete in 136.7 sec
[-----------------98%----------------- ] 2941 of 3000 complete in 137.2 sec
[-----------------98%----------------- ] 2952 of 3000 complete in 137.8 sec
[-----------------98%----------------- ] 2964 of 3000 complete in 138.3 sec
[-----------------99%----------------- ] 2976 of 3000 complete in 138.8 sec
[-----------------99%----------------- ] 2988 of 3000 complete in 139.3 sec
[-----------------100%-----------------] 3000 of 3000 complete in 139.8 sec
[-----------------100%-----------------] 3000 of 3000 complete in 139.9 sec
hddm sampling elpased time:  139.962 s
[fit_one_hddm] 完成 cond7_rep1_censor（2.3 分钟）→ /home/jovyan/work/2_Data/Generate_Data/TenRules_Revision_20260912/param_recovery/fits/censor
