[fit_one_hddm] cond3_rep1_censor: 10 被试 / 2600 试次 / omission=0.301 / p_outlier=0.0
[fit_one_hddm] 设置 z 默认值失败（忽略）：'z'
No model attribute --> setting up standard HDDM
Set model to ddm
[                  0%                  ] 16 of 3000 complete in 0.5 sec
[                  1%                  ] 32 of 3000 complete in 1.0 sec
[                  1%                  ] 47 of 3000 complete in 1.5 sec
[                  2%                  ] 62 of 3000 complete in 2.0 sec
[                  2%                  ] 76 of 3000 complete in 2.6 sec
[-                 3%                  ] 90 of 3000 complete in 3.1 sec
[-                 3%                  ] 105 of 3000 complete in 3.6 sec
[-                 3%                  ] 118 of 3000 complete in 4.1 sec
[-                 4%                  ] 131 of 3000 complete in 4.6 sec
[-                 4%                  ] 145 of 3000 complete in 5.1 sec
[--                5%                  ] 160 of 3000 complete in 5.7 sec
[--                5%                  ] 173 of 3000 complete in 6.2 sec
[--                6%                  ] 186 of 3000 complete in 6.7 sec
[--                6%                  ] 199 of 3000 complete in 7.2 sec
[--                7%                  ] 212 of 3000 complete in 7.8 sec
[--                7%                  ] 226 of 3000 complete in 8.3 sec
[---               8%                  ] 241 of 3000 complete in 8.8 sec
[---               8%                  ] 256 of 3000 complete in 9.3 sec
[---               9%                  ] 272 of 3000 complete in 9.8 sec
[---               9%                  ] 288 of 3000 complete in 10.4 sec
[---              10%                  ] 303 of 3000 complete in 10.9 sec
[----             10%                  ] 318 of 3000 complete in 11.4 sec
[----             11%                  ] 334 of 3000 complete in 11.9 sec
[----             11%                  ] 349 of 3000 complete in 12.4 sec
[----             12%                  ] 364 of 3000 complete in 12.9 sec
[----             12%                  ] 378 of 3000 complete in 13.5 sec
[----             13%                  ] 392 of 3000 complete in 14.0 sec
[-----            13%                  ] 406 of 3000 complete in 14.5 sec
[-----            14%                  ] 420 of 3000 complete in 15.0 sec
[-----            14%                  ] 434 of 3000 complete in 15.5 sec
[-----            14%                  ] 448 of 3000 complete in 16.0 sec
[-----            15%                  ] 461 of 3000 complete in 16.5 sec
[------           15%                  ] 476 of 3000 complete in 17.1 sec
[------           16%                  ] 491 of 3000 complete in 17.6 sec
[------           16%                  ] 507 of 3000 complete in 18.1 sec
[------           17%                  ] 521 of 3000 complete in 18.6 sec
[------           17%                  ] 537 of 3000 complete in 19.1 sec
[------           18%                  ] 551 of 3000 complete in 19.6 sec
[-------          18%                  ] 566 of 3000 complete in 20.2 sec
[-------          19%                  ] 582 of 3000 complete in 20.7 sec
[-------          19%                  ] 595 of 3000 complete in 21.2 sec
[-------          20%                  ] 608 of 3000 complete in 21.7 sec
[-------          20%                  ] 622 of 3000 complete in 22.2 sec
[--------         21%                  ] 637 of 3000 complete in 22.7 sec
[--------         21%                  ] 653 of 3000 complete in 23.2 sec
[--------         22%                  ] 669 of 3000 complete in 23.8 sec
[--------         22%                  ] 684 of 3000 complete in 24.3 sec
[--------         23%                  ] 699 of 3000 complete in 24.8 sec
[---------        23%                  ] 714 of 3000 complete in 25.3 sec
[---------        24%                  ] 729 of 3000 complete in 25.8 sec
[---------        24%                  ] 743 of 3000 complete in 26.3 sec
[---------        25%                  ] 757 of 3000 complete in 26.8 sec
[---------        25%                  ] 771 of 3000 complete in 27.3 sec
[---------        26%                  ] 786 of 3000 complete in 27.9 sec
[----------       26%                  ] 802 of 3000 complete in 28.4 sec
[----------       27%                  ] 818 of 3000 complete in 28.9 sec
[----------       27%                  ] 833 of 3000 complete in 29.4 sec
[----------       28%                  ] 848 of 3000 complete in 29.9 sec
[----------       28%                  ] 863 of 3000 complete in 30.4 sec
[-----------      29%                  ] 878 of 3000 complete in 31.0 sec
[-----------      29%                  ] 893 of 3000 complete in 31.5 sec
[-----------      30%                  ] 907 of 3000 complete in 32.0 sec
[-----------      30%                  ] 922 of 3000 complete in 32.5 sec
[-----------      31%                  ] 936 of 3000 complete in 33.0 sec
[------------     31%                  ] 951 of 3000 complete in 33.5 sec
[------------     32%                  ] 966 of 3000 complete in 34.1 sec
[------------     32%                  ] 981 of 3000 complete in 34.6 sec
[------------     33%                  ] 995 of 3000 complete in 35.1 sec
[------------     33%                  ] 1008 of 3000 complete in 35.6 sec
[------------     34%                  ] 1022 of 3000 complete in 36.1 sec
[-------------    34%                  ] 1037 of 3000 complete in 36.7 sec
[-------------    35%                  ] 1053 of 3000 complete in 37.2 sec
[-------------    35%                  ] 1068 of 3000 complete in 37.7 sec
[-------------    36%                  ] 1083 of 3000 complete in 38.2 sec
[-------------    36%                  ] 1098 of 3000 complete in 38.7 sec
[--------------   37%                  ] 1114 of 3000 complete in 39.2 sec
[--------------   37%                  ] 1130 of 3000 complete in 39.7 sec
[--------------   38%                  ] 1146 of 3000 complete in 40.3 sec
[--------------   38%                  ] 1161 of 3000 complete in 40.8 sec
[--------------   39%                  ] 1176 of 3000 complete in 41.3 sec
[---------------  39%                  ] 1190 of 3000 complete in 41.8 sec
[---------------  40%                  ] 1206 of 3000 complete in 42.3 sec
[---------------  40%                  ] 1222 of 3000 complete in 42.9 sec
[---------------  41%                  ] 1237 of 3000 complete in 43.4 sec
[---------------  41%                  ] 1252 of 3000 complete in 43.9 sec
[---------------- 42%                  ] 1267 of 3000 complete in 44.4 sec
[---------------- 42%                  ] 1281 of 3000 complete in 44.9 sec
[---------------- 43%                  ] 1297 of 3000 complete in 45.5 sec
[---------------- 43%                  ] 1312 of 3000 complete in 46.0 sec
[---------------- 44%                  ] 1326 of 3000 complete in 46.5 sec
[---------------- 44%                  ] 1341 of 3000 complete in 47.0 sec
[-----------------45%                  ] 1355 of 3000 complete in 47.6 sec
[-----------------45%                  ] 1369 of 3000 complete in 48.1 sec
[-----------------46%                  ] 1383 of 3000 complete in 48.6 sec
[-----------------46%                  ] 1397 of 3000 complete in 49.1 sec
[-----------------47%                  ] 1412 of 3000 complete in 49.6 sec
[-----------------47%                  ] 1428 of 3000 complete in 50.2 sec
[-----------------48%                  ] 1444 of 3000 complete in 50.7 sec
[-----------------48%                  ] 1459 of 3000 complete in 51.2 sec
[-----------------49%                  ] 1474 of 3000 complete in 51.7 sec
[-----------------49%                  ] 1488 of 3000 complete in 52.2 sec
[-----------------50%                  ] 1502 of 3000 complete in 52.7 sec
[-----------------50%                  ] 1515 of 3000 complete in 53.2 sec
[-----------------50%                  ] 1526 of 3000 complete in 53.7 sec
[-----------------51%                  ] 1538 of 3000 complete in 54.3 sec
[-----------------51%                  ] 1550 of 3000 complete in 54.8 sec
[-----------------52%                  ] 1564 of 3000 complete in 55.3 sec
[-----------------52%                  ] 1579 of 3000 complete in 55.8 sec
[-----------------53%                  ] 1594 of 3000 complete in 56.3 sec
[-----------------53%                  ] 1609 of 3000 complete in 56.8 sec
[-----------------54%                  ] 1625 of 3000 complete in 57.4 sec
[-----------------54%                  ] 1640 of 3000 complete in 57.9 sec
[-----------------55%                  ] 1653 of 3000 complete in 58.4 sec
[-----------------55%-                 ] 1668 of 3000 complete in 58.9 sec
[-----------------56%-                 ] 1683 of 3000 complete in 59.5 sec
[-----------------56%-                 ] 1698 of 3000 complete in 60.0 sec
[-----------------57%-                 ] 1714 of 3000 complete in 60.5 sec
[-----------------57%-                 ] 1730 of 3000 complete in 61.0 sec
[-----------------58%--                ] 1745 of 3000 complete in 61.6 sec
[-----------------58%--                ] 1760 of 3000 complete in 62.1 sec
[-----------------59%--                ] 1775 of 3000 complete in 62.6 sec
[-----------------59%--                ] 1790 of 3000 complete in 63.1 sec
[-----------------60%--                ] 1806 of 3000 complete in 63.6 sec
[-----------------60%---               ] 1821 of 3000 complete in 64.1 sec
[-----------------61%---               ] 1835 of 3000 complete in 64.7 sec
[-----------------61%---               ] 1847 of 3000 complete in 65.2 sec
[-----------------62%---               ] 1862 of 3000 complete in 65.7 sec
[-----------------62%---               ] 1877 of 3000 complete in 66.2 sec
[-----------------63%---               ] 1892 of 3000 complete in 66.7 sec
[-----------------63%----              ] 1908 of 3000 complete in 67.2 sec
[-----------------64%----              ] 1923 of 3000 complete in 67.8 sec
[-----------------64%----              ] 1937 of 3000 complete in 68.3 sec
[-----------------65%----              ] 1951 of 3000 complete in 68.8 sec
[-----------------65%----              ] 1964 of 3000 complete in 69.3 sec
[-----------------65%-----             ] 1977 of 3000 complete in 69.8 sec
[-----------------66%-----             ] 1990 of 3000 complete in 70.4 sec
[-----------------66%-----             ] 2003 of 3000 complete in 70.9 sec
[-----------------67%-----             ] 2016 of 3000 complete in 71.4 sec
[-----------------67%-----             ] 2029 of 3000 complete in 72.0 sec
[-----------------68%-----             ] 2042 of 3000 complete in 72.5 sec
[-----------------68%------            ] 2055 of 3000 complete in 73.0 sec
[-----------------68%------            ] 2068 of 3000 complete in 73.5 sec
[-----------------69%------            ] 2082 of 3000 complete in 74.0 sec
[-----------------69%------            ] 2096 of 3000 complete in 74.5 sec
[-----------------70%------            ] 2109 of 3000 complete in 75.1 sec
[-----------------70%------            ] 2123 of 3000 complete in 75.6 sec
[-----------------71%-------           ] 2138 of 3000 complete in 76.1 sec
[-----------------71%-------           ] 2153 of 3000 complete in 76.6 sec
[-----------------72%-------           ] 2168 of 3000 complete in 77.1 sec
[-----------------72%-------           ] 2182 of 3000 complete in 77.7 sec
[-----------------73%-------           ] 2196 of 3000 complete in 78.2 sec
[-----------------73%-------           ] 2210 of 3000 complete in 78.7 sec
[-----------------74%--------          ] 2224 of 3000 complete in 79.2 sec
[-----------------74%--------          ] 2238 of 3000 complete in 79.7 sec
[-----------------75%--------          ] 2254 of 3000 complete in 80.2 sec
[-----------------75%--------          ] 2269 of 3000 complete in 80.7 sec
[-----------------76%--------          ] 2283 of 3000 complete in 81.2 sec
[-----------------76%---------         ] 2297 of 3000 complete in 81.8 sec
[-----------------77%---------         ] 2311 of 3000 complete in 82.3 sec
[-----------------77%---------         ] 2326 of 3000 complete in 82.8 sec
[-----------------78%---------         ] 2341 of 3000 complete in 83.3 sec
[-----------------78%---------         ] 2356 of 3000 complete in 83.8 sec
[-----------------79%----------        ] 2371 of 3000 complete in 84.3 sec
[-----------------79%----------        ] 2386 of 3000 complete in 84.9 sec
[-----------------80%----------        ] 2401 of 3000 complete in 85.4 sec
[-----------------80%----------        ] 2417 of 3000 complete in 85.9 sec
[-----------------81%----------        ] 2434 of 3000 complete in 86.4 sec
[-----------------81%-----------       ] 2450 of 3000 complete in 86.9 sec
[-----------------82%-----------       ] 2465 of 3000 complete in 87.5 sec
[-----------------82%-----------       ] 2480 of 3000 complete in 88.0 sec
[-----------------83%-----------       ] 2496 of 3000 complete in 88.5 sec
[-----------------83%-----------       ] 2510 of 3000 complete in 89.0 sec
[-----------------84%-----------       ] 2525 of 3000 complete in 89.5 sec
[-----------------84%------------      ] 2541 of 3000 complete in 90.0 sec
[-----------------85%------------      ] 2557 of 3000 complete in 90.5 sec
[-----------------85%------------      ] 2572 of 3000 complete in 91.0 sec
[-----------------86%------------      ] 2587 of 3000 complete in 91.6 sec
[-----------------86%------------      ] 2603 of 3000 complete in 92.1 sec
[-----------------87%-------------     ] 2619 of 3000 complete in 92.6 sec
[-----------------87%-------------     ] 2633 of 3000 complete in 93.1 sec
[-----------------88%-------------     ] 2645 of 3000 complete in 93.6 sec
[-----------------88%-------------     ] 2657 of 3000 complete in 94.2 sec
[-----------------89%-------------     ] 2671 of 3000 complete in 94.7 sec
[-----------------89%--------------    ] 2686 of 3000 complete in 95.2 sec
[-----------------90%--------------    ] 2701 of 3000 complete in 95.7 sec
[-----------------90%--------------    ] 2717 of 3000 complete in 96.2 sec
[-----------------91%--------------    ] 2733 of 3000 complete in 96.8 sec
[-----------------91%--------------    ] 2748 of 3000 complete in 97.3 sec
[-----------------92%--------------    ] 2762 of 3000 complete in 97.8 sec
[-----------------92%---------------   ] 2775 of 3000 complete in 98.3 sec
[-----------------92%---------------   ] 2788 of 3000 complete in 98.8 sec
[-----------------93%---------------   ] 2802 of 3000 complete in 99.3 sec
[-----------------93%---------------   ] 2816 of 3000 complete in 99.8 sec
[-----------------94%---------------   ] 2832 of 3000 complete in 100.4 sec
[-----------------94%----------------  ] 2847 of 3000 complete in 100.9 sec
[-----------------95%----------------  ] 2862 of 3000 complete in 101.4 sec
[-----------------95%----------------  ] 2877 of 3000 complete in 101.9 sec
[-----------------96%----------------  ] 2892 of 3000 complete in 102.4 sec
[-----------------96%----------------  ] 2908 of 3000 complete in 103.0 sec
[-----------------97%----------------- ] 2923 of 3000 complete in 103.5 sec
[-----------------97%----------------- ] 2936 of 3000 complete in 104.0 sec
[-----------------98%----------------- ] 2947 of 3000 complete in 104.5 sec
[-----------------98%----------------- ] 2960 of 3000 complete in 105.0 sec
[-----------------99%----------------- ] 2975 of 3000 complete in 105.6 sec
[-----------------99%----------------- ] 2990 of 3000 complete in 106.1 sec
[-----------------100%-----------------] 3000 of 3000 complete in 106.6 sec
hddm sampling elpased time:  106.662 s
[fit_one_hddm] 完成 cond3_rep1_censor（1.8 分钟）→ /home/jovyan/work/2_Data/Generate_Data/TenRules_Revision_20260912/param_recovery/fits/censor
