[fit_one_hddm] cond4_rep1_censor: 11 被试 / 2860 试次 / omission=0.376 / p_outlier=0.0
[fit_one_hddm] 设置 z 默认值失败（忽略）：'z'
No model attribute --> setting up standard HDDM
Set model to ddm
[                  0%                  ] 14 of 3000 complete in 0.5 sec
[                  0%                  ] 28 of 3000 complete in 1.0 sec
[                  1%                  ] 40 of 3000 complete in 1.5 sec
[                  1%                  ] 52 of 3000 complete in 2.0 sec
[                  2%                  ] 64 of 3000 complete in 2.6 sec
[                  2%                  ] 75 of 3000 complete in 3.1 sec
[-                 2%                  ] 87 of 3000 complete in 3.6 sec
[-                 3%                  ] 100 of 3000 complete in 4.1 sec
[-                 3%                  ] 114 of 3000 complete in 4.6 sec
[-                 4%                  ] 128 of 3000 complete in 5.2 sec
[-                 4%                  ] 141 of 3000 complete in 5.7 sec
[-                 5%                  ] 154 of 3000 complete in 6.2 sec
[--                5%                  ] 167 of 3000 complete in 6.7 sec
[--                6%                  ] 180 of 3000 complete in 7.2 sec
[--                6%                  ] 192 of 3000 complete in 7.7 sec
[--                6%                  ] 204 of 3000 complete in 8.3 sec
[--                7%                  ] 216 of 3000 complete in 8.8 sec
[--                7%                  ] 227 of 3000 complete in 9.3 sec
[---               7%                  ] 237 of 3000 complete in 9.9 sec
[---               8%                  ] 248 of 3000 complete in 10.4 sec
[---               8%                  ] 259 of 3000 complete in 10.9 sec
[---               9%                  ] 270 of 3000 complete in 11.4 sec
[---               9%                  ] 282 of 3000 complete in 12.0 sec
[---               9%                  ] 293 of 3000 complete in 12.5 sec
[---              10%                  ] 305 of 3000 complete in 13.0 sec
[----             10%                  ] 318 of 3000 complete in 13.6 sec
[----             11%                  ] 330 of 3000 complete in 14.1 sec
[----             11%                  ] 342 of 3000 complete in 14.6 sec
[----             11%                  ] 354 of 3000 complete in 15.1 sec
[----             12%                  ] 367 of 3000 complete in 15.7 sec
[----             12%                  ] 380 of 3000 complete in 16.2 sec
[----             13%                  ] 391 of 3000 complete in 16.7 sec
[-----            13%                  ] 402 of 3000 complete in 17.2 sec
[-----            13%                  ] 414 of 3000 complete in 17.7 sec
[-----            14%                  ] 426 of 3000 complete in 18.3 sec
[-----            14%                  ] 437 of 3000 complete in 18.8 sec
[-----            14%                  ] 448 of 3000 complete in 19.3 sec
[-----            15%                  ] 460 of 3000 complete in 19.8 sec
[-----            15%                  ] 471 of 3000 complete in 20.3 sec
[------           16%                  ] 483 of 3000 complete in 20.9 sec
[------           16%                  ] 496 of 3000 complete in 21.4 sec
[------           16%                  ] 508 of 3000 complete in 21.9 sec
[------           17%                  ] 521 of 3000 complete in 22.5 sec
[------           17%                  ] 535 of 3000 complete in 23.0 sec
[------           18%                  ] 548 of 3000 complete in 23.5 sec
[-------          18%                  ] 562 of 3000 complete in 24.0 sec
[-------          19%                  ] 577 of 3000 complete in 24.5 sec
[-------          19%                  ] 592 of 3000 complete in 25.0 sec
[-------          20%                  ] 606 of 3000 complete in 25.6 sec
[-------          20%                  ] 619 of 3000 complete in 26.1 sec
[--------         21%                  ] 632 of 3000 complete in 26.6 sec
[--------         21%                  ] 646 of 3000 complete in 27.1 sec
[--------         22%                  ] 660 of 3000 complete in 27.6 sec
[--------         22%                  ] 674 of 3000 complete in 28.2 sec
[--------         22%                  ] 688 of 3000 complete in 28.7 sec
[--------         23%                  ] 701 of 3000 complete in 29.2 sec
[---------        23%                  ] 713 of 3000 complete in 29.8 sec
[---------        24%                  ] 723 of 3000 complete in 30.3 sec
[---------        24%                  ] 732 of 3000 complete in 30.8 sec
[---------        24%                  ] 742 of 3000 complete in 31.3 sec
[---------        25%                  ] 751 of 3000 complete in 31.8 sec
[---------        25%                  ] 761 of 3000 complete in 32.3 sec
[---------        25%                  ] 772 of 3000 complete in 32.9 sec
[---------        26%                  ] 783 of 3000 complete in 33.4 sec
[----------       26%                  ] 794 of 3000 complete in 33.9 sec
[----------       26%                  ] 804 of 3000 complete in 34.4 sec
[----------       27%                  ] 815 of 3000 complete in 34.9 sec
[----------       27%                  ] 826 of 3000 complete in 35.4 sec
[----------       27%                  ] 837 of 3000 complete in 35.9 sec
[----------       28%                  ] 849 of 3000 complete in 36.5 sec
[----------       28%                  ] 861 of 3000 complete in 37.0 sec
[-----------      29%                  ] 874 of 3000 complete in 37.5 sec
[-----------      29%                  ] 885 of 3000 complete in 38.0 sec
[-----------      29%                  ] 897 of 3000 complete in 38.6 sec
[-----------      30%                  ] 911 of 3000 complete in 39.1 sec
[-----------      30%                  ] 923 of 3000 complete in 39.6 sec
[-----------      31%                  ] 935 of 3000 complete in 40.1 sec
[-----------      31%                  ] 946 of 3000 complete in 40.7 sec
[------------     31%                  ] 958 of 3000 complete in 41.2 sec
[------------     32%                  ] 970 of 3000 complete in 41.7 sec
[------------     32%                  ] 984 of 3000 complete in 42.3 sec
[------------     33%                  ] 997 of 3000 complete in 42.8 sec
[------------     33%                  ] 1009 of 3000 complete in 43.3 sec
[------------     34%                  ] 1021 of 3000 complete in 43.8 sec
[-------------    34%                  ] 1033 of 3000 complete in 44.4 sec
[-------------    34%                  ] 1045 of 3000 complete in 44.9 sec
[-------------    35%                  ] 1058 of 3000 complete in 45.4 sec
[-------------    35%                  ] 1071 of 3000 complete in 45.9 sec
[-------------    36%                  ] 1084 of 3000 complete in 46.4 sec
[-------------    36%                  ] 1097 of 3000 complete in 46.9 sec
[--------------   37%                  ] 1111 of 3000 complete in 47.5 sec
[--------------   37%                  ] 1125 of 3000 complete in 48.0 sec
[--------------   37%                  ] 1137 of 3000 complete in 48.5 sec
[--------------   38%                  ] 1149 of 3000 complete in 49.0 sec
[--------------   38%                  ] 1161 of 3000 complete in 49.5 sec
[--------------   39%                  ] 1173 of 3000 complete in 50.0 sec
[---------------  39%                  ] 1185 of 3000 complete in 50.5 sec
[---------------  39%                  ] 1198 of 3000 complete in 51.1 sec
[---------------  40%                  ] 1211 of 3000 complete in 51.6 sec
[---------------  40%                  ] 1223 of 3000 complete in 52.1 sec
[---------------  41%                  ] 1235 of 3000 complete in 52.6 sec
[---------------  41%                  ] 1246 of 3000 complete in 53.1 sec
[---------------  41%                  ] 1257 of 3000 complete in 53.6 sec
[---------------- 42%                  ] 1267 of 3000 complete in 54.1 sec
[---------------- 42%                  ] 1277 of 3000 complete in 54.7 sec
[---------------- 42%                  ] 1289 of 3000 complete in 55.2 sec
[---------------- 43%                  ] 1300 of 3000 complete in 55.7 sec
[---------------- 43%                  ] 1309 of 3000 complete in 56.3 sec
[---------------- 43%                  ] 1318 of 3000 complete in 56.8 sec
[---------------- 44%                  ] 1328 of 3000 complete in 57.3 sec
[---------------- 44%                  ] 1338 of 3000 complete in 57.8 sec
[-----------------44%                  ] 1348 of 3000 complete in 58.3 sec
[-----------------45%                  ] 1360 of 3000 complete in 58.9 sec
[-----------------45%                  ] 1372 of 3000 complete in 59.4 sec
[-----------------46%                  ] 1385 of 3000 complete in 59.9 sec
[-----------------46%                  ] 1399 of 3000 complete in 60.4 sec
[-----------------47%                  ] 1412 of 3000 complete in 60.9 sec
[-----------------47%                  ] 1425 of 3000 complete in 61.4 sec
[-----------------47%                  ] 1439 of 3000 complete in 61.9 sec
[-----------------48%                  ] 1454 of 3000 complete in 62.5 sec
[-----------------48%                  ] 1467 of 3000 complete in 63.0 sec
[-----------------49%                  ] 1481 of 3000 complete in 63.5 sec
[-----------------49%                  ] 1494 of 3000 complete in 64.0 sec
[-----------------50%                  ] 1506 of 3000 complete in 64.5 sec
[-----------------50%                  ] 1518 of 3000 complete in 65.0 sec
[-----------------51%                  ] 1531 of 3000 complete in 65.6 sec
[-----------------51%                  ] 1544 of 3000 complete in 66.1 sec
[-----------------51%                  ] 1556 of 3000 complete in 66.6 sec
[-----------------52%                  ] 1568 of 3000 complete in 67.1 sec
[-----------------52%                  ] 1580 of 3000 complete in 67.6 sec
[-----------------53%                  ] 1591 of 3000 complete in 68.2 sec
[-----------------53%                  ] 1602 of 3000 complete in 68.7 sec
[-----------------53%                  ] 1613 of 3000 complete in 69.2 sec
[-----------------54%                  ] 1624 of 3000 complete in 69.7 sec
[-----------------54%                  ] 1635 of 3000 complete in 70.2 sec
[-----------------54%                  ] 1645 of 3000 complete in 70.7 sec
[-----------------55%                  ] 1655 of 3000 complete in 71.3 sec
[-----------------55%-                 ] 1665 of 3000 complete in 71.8 sec
[-----------------55%-                 ] 1674 of 3000 complete in 72.3 sec
[-----------------56%-                 ] 1683 of 3000 complete in 72.8 sec
[-----------------56%-                 ] 1693 of 3000 complete in 73.4 sec
[-----------------56%-                 ] 1703 of 3000 complete in 73.9 sec
[-----------------57%-                 ] 1713 of 3000 complete in 74.4 sec
[-----------------57%-                 ] 1723 of 3000 complete in 74.9 sec
[-----------------57%-                 ] 1734 of 3000 complete in 75.4 sec
[-----------------58%--                ] 1745 of 3000 complete in 76.0 sec
[-----------------58%--                ] 1756 of 3000 complete in 76.5 sec
[-----------------58%--                ] 1767 of 3000 complete in 77.0 sec
[-----------------59%--                ] 1779 of 3000 complete in 77.6 sec
[-----------------59%--                ] 1790 of 3000 complete in 78.1 sec
[-----------------60%--                ] 1800 of 3000 complete in 78.6 sec
[-----------------60%--                ] 1811 of 3000 complete in 79.1 sec
[-----------------60%---               ] 1822 of 3000 complete in 79.6 sec
[-----------------61%---               ] 1835 of 3000 complete in 80.1 sec
[-----------------61%---               ] 1847 of 3000 complete in 80.7 sec
[-----------------61%---               ] 1858 of 3000 complete in 81.2 sec
[-----------------62%---               ] 1868 of 3000 complete in 81.7 sec
[-----------------62%---               ] 1879 of 3000 complete in 82.2 sec
[-----------------63%---               ] 1891 of 3000 complete in 82.7 sec
[-----------------63%----              ] 1903 of 3000 complete in 83.3 sec
[-----------------63%----              ] 1915 of 3000 complete in 83.8 sec
[-----------------64%----              ] 1925 of 3000 complete in 84.3 sec
[-----------------64%----              ] 1936 of 3000 complete in 84.8 sec
[-----------------64%----              ] 1948 of 3000 complete in 85.4 sec
[-----------------65%----              ] 1959 of 3000 complete in 85.9 sec
[-----------------65%----              ] 1970 of 3000 complete in 86.4 sec
[-----------------66%-----             ] 1982 of 3000 complete in 86.9 sec
[-----------------66%-----             ] 1994 of 3000 complete in 87.4 sec
[-----------------66%-----             ] 2005 of 3000 complete in 88.0 sec
[-----------------67%-----             ] 2017 of 3000 complete in 88.5 sec
[-----------------67%-----             ] 2030 of 3000 complete in 89.0 sec
[-----------------68%-----             ] 2043 of 3000 complete in 89.6 sec
[-----------------68%------            ] 2055 of 3000 complete in 90.1 sec
[-----------------68%------            ] 2068 of 3000 complete in 90.6 sec
[-----------------69%------            ] 2080 of 3000 complete in 91.1 sec
[-----------------69%------            ] 2091 of 3000 complete in 91.7 sec
[-----------------70%------            ] 2104 of 3000 complete in 92.2 sec
[-----------------70%------            ] 2118 of 3000 complete in 92.7 sec
[-----------------71%-------           ] 2132 of 3000 complete in 93.2 sec
[-----------------71%-------           ] 2145 of 3000 complete in 93.7 sec
[-----------------71%-------           ] 2159 of 3000 complete in 94.3 sec
[-----------------72%-------           ] 2174 of 3000 complete in 94.8 sec
[-----------------72%-------           ] 2188 of 3000 complete in 95.3 sec
[-----------------73%-------           ] 2202 of 3000 complete in 95.8 sec
[-----------------73%--------          ] 2216 of 3000 complete in 96.3 sec
[-----------------74%--------          ] 2229 of 3000 complete in 96.9 sec
[-----------------74%--------          ] 2241 of 3000 complete in 97.4 sec
[-----------------75%--------          ] 2254 of 3000 complete in 97.9 sec
[-----------------75%--------          ] 2266 of 3000 complete in 98.4 sec
[-----------------75%--------          ] 2279 of 3000 complete in 99.0 sec
[-----------------76%---------         ] 2291 of 3000 complete in 99.5 sec
[-----------------76%---------         ] 2302 of 3000 complete in 100.0 sec
[-----------------77%---------         ] 2314 of 3000 complete in 100.6 sec
[-----------------77%---------         ] 2327 of 3000 complete in 101.1 sec
[-----------------77%---------         ] 2339 of 3000 complete in 101.6 sec
[-----------------78%---------         ] 2352 of 3000 complete in 102.1 sec
[-----------------78%---------         ] 2366 of 3000 complete in 102.7 sec
[-----------------79%----------        ] 2379 of 3000 complete in 103.2 sec
[-----------------79%----------        ] 2391 of 3000 complete in 103.7 sec
[-----------------80%----------        ] 2405 of 3000 complete in 104.3 sec
[-----------------80%----------        ] 2419 of 3000 complete in 104.8 sec
[-----------------81%----------        ] 2432 of 3000 complete in 105.3 sec
[-----------------81%----------        ] 2446 of 3000 complete in 105.8 sec
[-----------------82%-----------       ] 2460 of 3000 complete in 106.3 sec
[-----------------82%-----------       ] 2474 of 3000 complete in 106.8 sec
[-----------------82%-----------       ] 2489 of 3000 complete in 107.4 sec
[-----------------83%-----------       ] 2504 of 3000 complete in 107.9 sec
[-----------------83%-----------       ] 2517 of 3000 complete in 108.4 sec
[-----------------84%------------      ] 2530 of 3000 complete in 108.9 sec
[-----------------84%------------      ] 2543 of 3000 complete in 109.5 sec
[-----------------85%------------      ] 2556 of 3000 complete in 110.0 sec
[-----------------85%------------      ] 2567 of 3000 complete in 110.5 sec
[-----------------85%------------      ] 2578 of 3000 complete in 111.0 sec
[-----------------86%------------      ] 2590 of 3000 complete in 111.5 sec
[-----------------86%------------      ] 2603 of 3000 complete in 112.1 sec
[-----------------87%-------------     ] 2616 of 3000 complete in 112.6 sec
[-----------------87%-------------     ] 2628 of 3000 complete in 113.1 sec
[-----------------87%-------------     ] 2639 of 3000 complete in 113.6 sec
[-----------------88%-------------     ] 2652 of 3000 complete in 114.2 sec
[-----------------88%-------------     ] 2663 of 3000 complete in 114.7 sec
[-----------------89%-------------     ] 2676 of 3000 complete in 115.2 sec
[-----------------89%--------------    ] 2689 of 3000 complete in 115.7 sec
[-----------------90%--------------    ] 2702 of 3000 complete in 116.2 sec
[-----------------90%--------------    ] 2716 of 3000 complete in 116.8 sec
[-----------------90%--------------    ] 2728 of 3000 complete in 117.3 sec
[-----------------91%--------------    ] 2740 of 3000 complete in 117.8 sec
[-----------------91%--------------    ] 2751 of 3000 complete in 118.3 sec
[-----------------92%--------------    ] 2763 of 3000 complete in 118.8 sec
[-----------------92%---------------   ] 2775 of 3000 complete in 119.3 sec
[-----------------92%---------------   ] 2788 of 3000 complete in 119.8 sec
[-----------------93%---------------   ] 2801 of 3000 complete in 120.3 sec
[-----------------93%---------------   ] 2815 of 3000 complete in 120.9 sec
[-----------------94%---------------   ] 2828 of 3000 complete in 121.4 sec
[-----------------94%---------------   ] 2840 of 3000 complete in 121.9 sec
[-----------------95%----------------  ] 2855 of 3000 complete in 122.4 sec
[-----------------95%----------------  ] 2870 of 3000 complete in 122.9 sec
[-----------------96%----------------  ] 2883 of 3000 complete in 123.4 sec
[-----------------96%----------------  ] 2896 of 3000 complete in 124.0 sec
[-----------------96%----------------  ] 2909 of 3000 complete in 124.5 sec
[-----------------97%----------------- ] 2923 of 3000 complete in 125.0 sec
[-----------------97%----------------- ] 2936 of 3000 complete in 125.5 sec
[-----------------98%----------------- ] 2949 of 3000 complete in 126.1 sec
[-----------------98%----------------- ] 2963 of 3000 complete in 126.6 sec
[-----------------99%----------------- ] 2977 of 3000 complete in 127.1 sec
[-----------------99%----------------- ] 2991 of 3000 complete in 127.6 sec
[-----------------100%-----------------] 3000 of 3000 complete in 127.9 sec
hddm sampling elpased time:  128.029 s
[fit_one_hddm] 完成 cond4_rep1_censor（2.1 分钟）→ /home/jovyan/work/2_Data/Generate_Data/TenRules_Revision_20260912/param_recovery/fits/censor
