[fit_one_hddm] cond8_rep2_censor: 11 被试 / 2860 试次 / omission=0.235 / p_outlier=0.0
[fit_one_hddm] 设置 z 默认值失败（忽略）：'z'
No model attribute --> setting up standard HDDM
Set model to ddm
[                  0%                  ] 12 of 3000 complete in 0.5 sec
[                  0%                  ] 26 of 3000 complete in 1.1 sec
[                  1%                  ] 39 of 3000 complete in 1.6 sec
[                  1%                  ] 52 of 3000 complete in 2.1 sec
[                  2%                  ] 65 of 3000 complete in 2.6 sec
[                  2%                  ] 78 of 3000 complete in 3.1 sec
[-                 3%                  ] 91 of 3000 complete in 3.6 sec
[-                 3%                  ] 104 of 3000 complete in 4.1 sec
[-                 3%                  ] 117 of 3000 complete in 4.6 sec
[-                 4%                  ] 130 of 3000 complete in 5.2 sec
[-                 4%                  ] 144 of 3000 complete in 5.7 sec
[-                 5%                  ] 157 of 3000 complete in 6.2 sec
[--                5%                  ] 170 of 3000 complete in 6.7 sec
[--                6%                  ] 184 of 3000 complete in 7.2 sec
[--                6%                  ] 196 of 3000 complete in 7.8 sec
[--                6%                  ] 209 of 3000 complete in 8.3 sec
[--                7%                  ] 221 of 3000 complete in 8.8 sec
[--                7%                  ] 233 of 3000 complete in 9.3 sec
[---               8%                  ] 245 of 3000 complete in 9.9 sec
[---               8%                  ] 258 of 3000 complete in 10.4 sec
[---               9%                  ] 270 of 3000 complete in 10.9 sec
[---               9%                  ] 283 of 3000 complete in 11.5 sec
[---               9%                  ] 296 of 3000 complete in 12.0 sec
[---              10%                  ] 309 of 3000 complete in 12.5 sec
[----             10%                  ] 322 of 3000 complete in 13.0 sec
[----             11%                  ] 335 of 3000 complete in 13.5 sec
[----             11%                  ] 348 of 3000 complete in 14.1 sec
[----             12%                  ] 361 of 3000 complete in 14.6 sec
[----             12%                  ] 373 of 3000 complete in 15.1 sec
[----             12%                  ] 384 of 3000 complete in 15.7 sec
[-----            13%                  ] 396 of 3000 complete in 16.2 sec
[-----            13%                  ] 410 of 3000 complete in 16.7 sec
[-----            14%                  ] 424 of 3000 complete in 17.2 sec
[-----            14%                  ] 437 of 3000 complete in 17.8 sec
[-----            14%                  ] 448 of 3000 complete in 18.3 sec
[-----            15%                  ] 459 of 3000 complete in 18.8 sec
[-----            15%                  ] 470 of 3000 complete in 19.3 sec
[------           16%                  ] 483 of 3000 complete in 19.9 sec
[------           16%                  ] 495 of 3000 complete in 20.4 sec
[------           16%                  ] 505 of 3000 complete in 20.9 sec
[------           17%                  ] 516 of 3000 complete in 21.4 sec
[------           17%                  ] 528 of 3000 complete in 22.0 sec
[------           18%                  ] 542 of 3000 complete in 22.5 sec
[-------          18%                  ] 556 of 3000 complete in 23.0 sec
[-------          18%                  ] 569 of 3000 complete in 23.5 sec
[-------          19%                  ] 582 of 3000 complete in 24.0 sec
[-------          19%                  ] 595 of 3000 complete in 24.5 sec
[-------          20%                  ] 608 of 3000 complete in 25.1 sec
[-------          20%                  ] 620 of 3000 complete in 25.6 sec
[-------          21%                  ] 631 of 3000 complete in 26.1 sec
[--------         21%                  ] 642 of 3000 complete in 26.6 sec
[--------         21%                  ] 652 of 3000 complete in 27.1 sec
[--------         22%                  ] 664 of 3000 complete in 27.6 sec
[--------         22%                  ] 676 of 3000 complete in 28.2 sec
[--------         22%                  ] 689 of 3000 complete in 28.7 sec
[--------         23%                  ] 701 of 3000 complete in 29.2 sec
[---------        23%                  ] 713 of 3000 complete in 29.8 sec
[---------        24%                  ] 725 of 3000 complete in 30.3 sec
[---------        24%                  ] 737 of 3000 complete in 30.8 sec
[---------        24%                  ] 749 of 3000 complete in 31.4 sec
[---------        25%                  ] 760 of 3000 complete in 31.9 sec
[---------        25%                  ] 771 of 3000 complete in 32.4 sec
[---------        26%                  ] 782 of 3000 complete in 32.9 sec
[----------       26%                  ] 793 of 3000 complete in 33.4 sec
[----------       26%                  ] 803 of 3000 complete in 34.0 sec
[----------       27%                  ] 813 of 3000 complete in 34.5 sec
[----------       27%                  ] 824 of 3000 complete in 35.0 sec
[----------       27%                  ] 834 of 3000 complete in 35.5 sec
[----------       28%                  ] 845 of 3000 complete in 36.0 sec
[----------       28%                  ] 856 of 3000 complete in 36.6 sec
[----------       28%                  ] 867 of 3000 complete in 37.1 sec
[-----------      29%                  ] 879 of 3000 complete in 37.6 sec
[-----------      29%                  ] 891 of 3000 complete in 38.1 sec
[-----------      30%                  ] 903 of 3000 complete in 38.7 sec
[-----------      30%                  ] 914 of 3000 complete in 39.2 sec
[-----------      30%                  ] 924 of 3000 complete in 39.7 sec
[-----------      31%                  ] 936 of 3000 complete in 40.2 sec
[------------     31%                  ] 948 of 3000 complete in 40.7 sec
[------------     32%                  ] 960 of 3000 complete in 41.2 sec
[------------     32%                  ] 973 of 3000 complete in 41.7 sec
[------------     32%                  ] 984 of 3000 complete in 42.2 sec
[------------     33%                  ] 995 of 3000 complete in 42.8 sec
[------------     33%                  ] 1007 of 3000 complete in 43.3 sec
[------------     33%                  ] 1019 of 3000 complete in 43.8 sec
[-------------    34%                  ] 1032 of 3000 complete in 44.3 sec
[-------------    34%                  ] 1044 of 3000 complete in 44.8 sec
[-------------    35%                  ] 1056 of 3000 complete in 45.4 sec
[-------------    35%                  ] 1069 of 3000 complete in 45.9 sec
[-------------    36%                  ] 1082 of 3000 complete in 46.5 sec
[-------------    36%                  ] 1097 of 3000 complete in 47.0 sec
[--------------   37%                  ] 1110 of 3000 complete in 47.5 sec
[--------------   37%                  ] 1123 of 3000 complete in 48.0 sec
[--------------   37%                  ] 1136 of 3000 complete in 48.5 sec
[--------------   38%                  ] 1149 of 3000 complete in 49.1 sec
[--------------   38%                  ] 1161 of 3000 complete in 49.6 sec
[--------------   39%                  ] 1172 of 3000 complete in 50.1 sec
[--------------   39%                  ] 1183 of 3000 complete in 50.6 sec
[---------------  39%                  ] 1195 of 3000 complete in 51.1 sec
[---------------  40%                  ] 1207 of 3000 complete in 51.6 sec
[---------------  40%                  ] 1219 of 3000 complete in 52.2 sec
[---------------  41%                  ] 1230 of 3000 complete in 52.7 sec
[---------------  41%                  ] 1242 of 3000 complete in 53.2 sec
[---------------  41%                  ] 1253 of 3000 complete in 53.7 sec
[---------------- 42%                  ] 1264 of 3000 complete in 54.3 sec
[---------------- 42%                  ] 1275 of 3000 complete in 54.8 sec
[---------------- 42%                  ] 1286 of 3000 complete in 55.3 sec
[---------------- 43%                  ] 1296 of 3000 complete in 55.8 sec
[---------------- 43%                  ] 1307 of 3000 complete in 56.4 sec
[---------------- 43%                  ] 1318 of 3000 complete in 56.9 sec
[---------------- 44%                  ] 1328 of 3000 complete in 57.4 sec
[---------------- 44%                  ] 1340 of 3000 complete in 58.0 sec
[-----------------45%                  ] 1353 of 3000 complete in 58.5 sec
[-----------------45%                  ] 1366 of 3000 complete in 59.0 sec
[-----------------45%                  ] 1379 of 3000 complete in 59.5 sec
[-----------------46%                  ] 1390 of 3000 complete in 60.0 sec
[-----------------46%                  ] 1403 of 3000 complete in 60.6 sec
[-----------------47%                  ] 1416 of 3000 complete in 61.1 sec
[-----------------47%                  ] 1429 of 3000 complete in 61.6 sec
[-----------------48%                  ] 1442 of 3000 complete in 62.1 sec
[-----------------48%                  ] 1454 of 3000 complete in 62.6 sec
[-----------------48%                  ] 1467 of 3000 complete in 63.1 sec
[-----------------49%                  ] 1480 of 3000 complete in 63.7 sec
[-----------------49%                  ] 1493 of 3000 complete in 64.2 sec
[-----------------50%                  ] 1506 of 3000 complete in 64.7 sec
[-----------------50%                  ] 1519 of 3000 complete in 65.2 sec
[-----------------51%                  ] 1533 of 3000 complete in 65.8 sec
[-----------------51%                  ] 1546 of 3000 complete in 66.3 sec
[-----------------51%                  ] 1559 of 3000 complete in 66.8 sec
[-----------------52%                  ] 1570 of 3000 complete in 67.3 sec
[-----------------52%                  ] 1581 of 3000 complete in 67.8 sec
[-----------------53%                  ] 1592 of 3000 complete in 68.3 sec
[-----------------53%                  ] 1605 of 3000 complete in 68.9 sec
[-----------------53%                  ] 1617 of 3000 complete in 69.4 sec
[-----------------54%                  ] 1630 of 3000 complete in 69.9 sec
[-----------------54%                  ] 1643 of 3000 complete in 70.4 sec
[-----------------55%                  ] 1656 of 3000 complete in 70.9 sec
[-----------------55%-                 ] 1670 of 3000 complete in 71.4 sec
[-----------------56%-                 ] 1683 of 3000 complete in 72.0 sec
[-----------------56%-                 ] 1696 of 3000 complete in 72.5 sec
[-----------------56%-                 ] 1709 of 3000 complete in 73.0 sec
[-----------------57%-                 ] 1723 of 3000 complete in 73.5 sec
[-----------------57%-                 ] 1735 of 3000 complete in 74.1 sec
[-----------------58%--                ] 1747 of 3000 complete in 74.6 sec
[-----------------58%--                ] 1759 of 3000 complete in 75.1 sec
[-----------------59%--                ] 1771 of 3000 complete in 75.6 sec
[-----------------59%--                ] 1784 of 3000 complete in 76.1 sec
[-----------------59%--                ] 1796 of 3000 complete in 76.6 sec
[-----------------60%--                ] 1809 of 3000 complete in 77.1 sec
[-----------------60%---               ] 1822 of 3000 complete in 77.7 sec
[-----------------61%---               ] 1835 of 3000 complete in 78.2 sec
[-----------------61%---               ] 1846 of 3000 complete in 78.7 sec
[-----------------61%---               ] 1857 of 3000 complete in 79.2 sec
[-----------------62%---               ] 1868 of 3000 complete in 79.7 sec
[-----------------62%---               ] 1879 of 3000 complete in 80.2 sec
[-----------------63%---               ] 1890 of 3000 complete in 80.7 sec
[-----------------63%----              ] 1901 of 3000 complete in 81.3 sec
[-----------------63%----              ] 1912 of 3000 complete in 81.8 sec
[-----------------64%----              ] 1924 of 3000 complete in 82.3 sec
[-----------------64%----              ] 1936 of 3000 complete in 82.9 sec
[-----------------64%----              ] 1948 of 3000 complete in 83.4 sec
[-----------------65%----              ] 1961 of 3000 complete in 83.9 sec
[-----------------65%-----             ] 1974 of 3000 complete in 84.4 sec
[-----------------66%-----             ] 1988 of 3000 complete in 84.9 sec
[-----------------66%-----             ] 2002 of 3000 complete in 85.4 sec
[-----------------67%-----             ] 2016 of 3000 complete in 85.9 sec
[-----------------67%-----             ] 2029 of 3000 complete in 86.5 sec
[-----------------68%-----             ] 2040 of 3000 complete in 87.0 sec
[-----------------68%------            ] 2053 of 3000 complete in 87.5 sec
[-----------------68%------            ] 2065 of 3000 complete in 88.0 sec
[-----------------69%------            ] 2077 of 3000 complete in 88.5 sec
[-----------------69%------            ] 2090 of 3000 complete in 89.1 sec
[-----------------70%------            ] 2102 of 3000 complete in 89.6 sec
[-----------------70%------            ] 2116 of 3000 complete in 90.2 sec
[-----------------70%------            ] 2129 of 3000 complete in 90.7 sec
[-----------------71%-------           ] 2143 of 3000 complete in 91.2 sec
[-----------------71%-------           ] 2157 of 3000 complete in 91.7 sec
[-----------------72%-------           ] 2171 of 3000 complete in 92.3 sec
[-----------------72%-------           ] 2184 of 3000 complete in 92.8 sec
[-----------------73%-------           ] 2198 of 3000 complete in 93.3 sec
[-----------------73%--------          ] 2211 of 3000 complete in 93.8 sec
[-----------------74%--------          ] 2225 of 3000 complete in 94.3 sec
[-----------------74%--------          ] 2239 of 3000 complete in 94.9 sec
[-----------------75%--------          ] 2253 of 3000 complete in 95.4 sec
[-----------------75%--------          ] 2265 of 3000 complete in 95.9 sec
[-----------------75%--------          ] 2277 of 3000 complete in 96.5 sec
[-----------------76%--------          ] 2289 of 3000 complete in 97.0 sec
[-----------------76%---------         ] 2301 of 3000 complete in 97.5 sec
[-----------------77%---------         ] 2313 of 3000 complete in 98.0 sec
[-----------------77%---------         ] 2325 of 3000 complete in 98.5 sec
[-----------------77%---------         ] 2337 of 3000 complete in 99.1 sec
[-----------------78%---------         ] 2348 of 3000 complete in 99.6 sec
[-----------------78%---------         ] 2361 of 3000 complete in 100.1 sec
[-----------------79%----------        ] 2373 of 3000 complete in 100.6 sec
[-----------------79%----------        ] 2386 of 3000 complete in 101.1 sec
[-----------------79%----------        ] 2399 of 3000 complete in 101.6 sec
[-----------------80%----------        ] 2411 of 3000 complete in 102.1 sec
[-----------------80%----------        ] 2423 of 3000 complete in 102.7 sec
[-----------------81%----------        ] 2435 of 3000 complete in 103.2 sec
[-----------------81%----------        ] 2447 of 3000 complete in 103.7 sec
[-----------------81%-----------       ] 2459 of 3000 complete in 104.2 sec
[-----------------82%-----------       ] 2471 of 3000 complete in 104.7 sec
[-----------------82%-----------       ] 2484 of 3000 complete in 105.3 sec
[-----------------83%-----------       ] 2497 of 3000 complete in 105.8 sec
[-----------------83%-----------       ] 2510 of 3000 complete in 106.3 sec
[-----------------84%-----------       ] 2521 of 3000 complete in 106.8 sec
[-----------------84%------------      ] 2534 of 3000 complete in 107.3 sec
[-----------------84%------------      ] 2547 of 3000 complete in 107.8 sec
[-----------------85%------------      ] 2561 of 3000 complete in 108.4 sec
[-----------------85%------------      ] 2574 of 3000 complete in 108.9 sec
[-----------------86%------------      ] 2587 of 3000 complete in 109.4 sec
[-----------------86%------------      ] 2600 of 3000 complete in 109.9 sec
[-----------------87%-------------     ] 2613 of 3000 complete in 110.4 sec
[-----------------87%-------------     ] 2627 of 3000 complete in 111.0 sec
[-----------------88%-------------     ] 2640 of 3000 complete in 111.5 sec
[-----------------88%-------------     ] 2652 of 3000 complete in 112.0 sec
[-----------------88%-------------     ] 2664 of 3000 complete in 112.5 sec
[-----------------89%-------------     ] 2676 of 3000 complete in 113.0 sec
[-----------------89%--------------    ] 2688 of 3000 complete in 113.5 sec
[-----------------90%--------------    ] 2701 of 3000 complete in 114.0 sec
[-----------------90%--------------    ] 2715 of 3000 complete in 114.6 sec
[-----------------90%--------------    ] 2729 of 3000 complete in 115.1 sec
[-----------------91%--------------    ] 2743 of 3000 complete in 115.6 sec
[-----------------91%--------------    ] 2757 of 3000 complete in 116.1 sec
[-----------------92%---------------   ] 2770 of 3000 complete in 116.6 sec
[-----------------92%---------------   ] 2782 of 3000 complete in 117.2 sec
[-----------------93%---------------   ] 2795 of 3000 complete in 117.7 sec
[-----------------93%---------------   ] 2807 of 3000 complete in 118.2 sec
[-----------------93%---------------   ] 2819 of 3000 complete in 118.7 sec
[-----------------94%---------------   ] 2832 of 3000 complete in 119.2 sec
[-----------------94%----------------  ] 2845 of 3000 complete in 119.7 sec
[-----------------95%----------------  ] 2858 of 3000 complete in 120.2 sec
[-----------------95%----------------  ] 2871 of 3000 complete in 120.8 sec
[-----------------96%----------------  ] 2883 of 3000 complete in 121.3 sec
[-----------------96%----------------  ] 2894 of 3000 complete in 121.8 sec
[-----------------96%----------------  ] 2906 of 3000 complete in 122.3 sec
[-----------------97%----------------  ] 2917 of 3000 complete in 122.9 sec
[-----------------97%----------------- ] 2928 of 3000 complete in 123.4 sec
[-----------------97%----------------- ] 2939 of 3000 complete in 123.9 sec
[-----------------98%----------------- ] 2950 of 3000 complete in 124.4 sec
[-----------------98%----------------- ] 2962 of 3000 complete in 124.9 sec
[-----------------99%----------------- ] 2973 of 3000 complete in 125.4 sec
[-----------------99%----------------- ] 2984 of 3000 complete in 126.0 sec
[-----------------99%----------------- ] 2995 of 3000 complete in 126.5 sec
[-----------------100%-----------------] 3000 of 3000 complete in 126.7 sec
hddm sampling elpased time:  126.837 s
[fit_one_hddm] 完成 cond8_rep2_censor（2.1 分钟）→ /home/jovyan/work/2_Data/Generate_Data/TenRules_Revision_20260912/param_recovery/fits/censor
