[fit_one_hddm] cond7_rep2_censor: 12 被试 / 3120 试次 / omission=0.256 / p_outlier=0.0
[fit_one_hddm] 设置 z 默认值失败（忽略）：'z'
No model attribute --> setting up standard HDDM
Set model to ddm
[                  0%                  ] 10 of 3000 complete in 0.5 sec
[                  0%                  ] 22 of 3000 complete in 1.0 sec
[                  1%                  ] 34 of 3000 complete in 1.5 sec
[                  1%                  ] 45 of 3000 complete in 2.1 sec
[                  1%                  ] 57 of 3000 complete in 2.6 sec
[                  2%                  ] 68 of 3000 complete in 3.1 sec
[-                 2%                  ] 79 of 3000 complete in 3.7 sec
[-                 3%                  ] 90 of 3000 complete in 4.2 sec
[-                 3%                  ] 102 of 3000 complete in 4.7 sec
[-                 3%                  ] 115 of 3000 complete in 5.2 sec
[-                 4%                  ] 127 of 3000 complete in 5.7 sec
[-                 4%                  ] 139 of 3000 complete in 6.2 sec
[-                 5%                  ] 151 of 3000 complete in 6.8 sec
[--                5%                  ] 163 of 3000 complete in 7.3 sec
[--                5%                  ] 175 of 3000 complete in 7.8 sec
[--                6%                  ] 188 of 3000 complete in 8.3 sec
[--                6%                  ] 201 of 3000 complete in 8.9 sec
[--                7%                  ] 214 of 3000 complete in 9.4 sec
[--                7%                  ] 226 of 3000 complete in 9.9 sec
[---               7%                  ] 238 of 3000 complete in 10.4 sec
[---               8%                  ] 249 of 3000 complete in 11.0 sec
[---               8%                  ] 259 of 3000 complete in 11.5 sec
[---               9%                  ] 270 of 3000 complete in 12.0 sec
[---               9%                  ] 281 of 3000 complete in 12.5 sec
[---               9%                  ] 291 of 3000 complete in 13.1 sec
[---              10%                  ] 302 of 3000 complete in 13.6 sec
[---              10%                  ] 313 of 3000 complete in 14.1 sec
[----             10%                  ] 325 of 3000 complete in 14.6 sec
[----             11%                  ] 337 of 3000 complete in 15.1 sec
[----             11%                  ] 349 of 3000 complete in 15.6 sec
[----             12%                  ] 362 of 3000 complete in 16.2 sec
[----             12%                  ] 375 of 3000 complete in 16.7 sec
[----             12%                  ] 387 of 3000 complete in 17.3 sec
[-----            13%                  ] 398 of 3000 complete in 17.8 sec
[-----            13%                  ] 410 of 3000 complete in 18.3 sec
[-----            14%                  ] 422 of 3000 complete in 18.8 sec
[-----            14%                  ] 435 of 3000 complete in 19.3 sec
[-----            14%                  ] 447 of 3000 complete in 19.9 sec
[-----            15%                  ] 459 of 3000 complete in 20.4 sec
[-----            15%                  ] 471 of 3000 complete in 20.9 sec
[------           16%                  ] 484 of 3000 complete in 21.5 sec
[------           16%                  ] 497 of 3000 complete in 22.0 sec
[------           17%                  ] 510 of 3000 complete in 22.5 sec
[------           17%                  ] 523 of 3000 complete in 23.0 sec
[------           17%                  ] 536 of 3000 complete in 23.5 sec
[------           18%                  ] 549 of 3000 complete in 24.0 sec
[-------          18%                  ] 562 of 3000 complete in 24.6 sec
[-------          19%                  ] 575 of 3000 complete in 25.1 sec
[-------          19%                  ] 587 of 3000 complete in 25.6 sec
[-------          19%                  ] 598 of 3000 complete in 26.1 sec
[-------          20%                  ] 608 of 3000 complete in 26.7 sec
[-------          20%                  ] 618 of 3000 complete in 27.2 sec
[-------          20%                  ] 628 of 3000 complete in 27.7 sec
[--------         21%                  ] 639 of 3000 complete in 28.2 sec
[--------         21%                  ] 649 of 3000 complete in 28.7 sec
[--------         22%                  ] 660 of 3000 complete in 29.3 sec
[--------         22%                  ] 671 of 3000 complete in 29.8 sec
[--------         22%                  ] 682 of 3000 complete in 30.3 sec
[--------         23%                  ] 693 of 3000 complete in 30.9 sec
[--------         23%                  ] 704 of 3000 complete in 31.4 sec
[---------        23%                  ] 715 of 3000 complete in 31.9 sec
[---------        24%                  ] 726 of 3000 complete in 32.4 sec
[---------        24%                  ] 737 of 3000 complete in 32.9 sec
[---------        24%                  ] 749 of 3000 complete in 33.5 sec
[---------        25%                  ] 760 of 3000 complete in 34.0 sec
[---------        25%                  ] 773 of 3000 complete in 34.5 sec
[---------        26%                  ] 785 of 3000 complete in 35.0 sec
[----------       26%                  ] 797 of 3000 complete in 35.5 sec
[----------       26%                  ] 809 of 3000 complete in 36.1 sec
[----------       27%                  ] 821 of 3000 complete in 36.6 sec
[----------       27%                  ] 833 of 3000 complete in 37.1 sec
[----------       28%                  ] 845 of 3000 complete in 37.6 sec
[----------       28%                  ] 857 of 3000 complete in 38.1 sec
[-----------      28%                  ] 869 of 3000 complete in 38.7 sec
[-----------      29%                  ] 881 of 3000 complete in 39.2 sec
[-----------      29%                  ] 893 of 3000 complete in 39.7 sec
[-----------      30%                  ] 906 of 3000 complete in 40.3 sec
[-----------      30%                  ] 919 of 3000 complete in 40.8 sec
[-----------      31%                  ] 930 of 3000 complete in 41.3 sec
[-----------      31%                  ] 941 of 3000 complete in 41.8 sec
[------------     31%                  ] 953 of 3000 complete in 42.3 sec
[------------     32%                  ] 964 of 3000 complete in 42.9 sec
[------------     32%                  ] 976 of 3000 complete in 43.4 sec
[------------     32%                  ] 988 of 3000 complete in 43.9 sec
[------------     33%                  ] 1001 of 3000 complete in 44.4 sec
[------------     33%                  ] 1014 of 3000 complete in 44.9 sec
[------------     34%                  ] 1026 of 3000 complete in 45.4 sec
[-------------    34%                  ] 1038 of 3000 complete in 46.0 sec
[-------------    35%                  ] 1050 of 3000 complete in 46.5 sec
[-------------    35%                  ] 1063 of 3000 complete in 47.0 sec
[-------------    35%                  ] 1076 of 3000 complete in 47.5 sec
[-------------    36%                  ] 1088 of 3000 complete in 48.0 sec
[-------------    36%                  ] 1101 of 3000 complete in 48.6 sec
[--------------   37%                  ] 1114 of 3000 complete in 49.1 sec
[--------------   37%                  ] 1126 of 3000 complete in 49.6 sec
[--------------   37%                  ] 1138 of 3000 complete in 50.1 sec
[--------------   38%                  ] 1150 of 3000 complete in 50.6 sec
[--------------   38%                  ] 1163 of 3000 complete in 51.2 sec
[--------------   39%                  ] 1175 of 3000 complete in 51.7 sec
[---------------  39%                  ] 1187 of 3000 complete in 52.2 sec
[---------------  39%                  ] 1199 of 3000 complete in 52.7 sec
[---------------  40%                  ] 1210 of 3000 complete in 53.3 sec
[---------------  40%                  ] 1220 of 3000 complete in 53.8 sec
[---------------  41%                  ] 1231 of 3000 complete in 54.3 sec
[---------------  41%                  ] 1242 of 3000 complete in 54.8 sec
[---------------  41%                  ] 1253 of 3000 complete in 55.4 sec
[---------------- 42%                  ] 1264 of 3000 complete in 55.9 sec
[---------------- 42%                  ] 1275 of 3000 complete in 56.4 sec
[---------------- 42%                  ] 1285 of 3000 complete in 57.0 sec
[---------------- 43%                  ] 1295 of 3000 complete in 57.5 sec
[---------------- 43%                  ] 1306 of 3000 complete in 58.1 sec
[---------------- 43%                  ] 1317 of 3000 complete in 58.6 sec
[---------------- 44%                  ] 1328 of 3000 complete in 59.2 sec
[---------------- 44%                  ] 1339 of 3000 complete in 59.7 sec
[-----------------44%                  ] 1349 of 3000 complete in 60.2 sec
[-----------------45%                  ] 1360 of 3000 complete in 60.7 sec
[-----------------45%                  ] 1371 of 3000 complete in 61.3 sec
[-----------------46%                  ] 1382 of 3000 complete in 61.8 sec
[-----------------46%                  ] 1393 of 3000 complete in 62.3 sec
[-----------------46%                  ] 1406 of 3000 complete in 62.9 sec
[-----------------47%                  ] 1418 of 3000 complete in 63.4 sec
[-----------------47%                  ] 1428 of 3000 complete in 63.9 sec
[-----------------47%                  ] 1439 of 3000 complete in 64.4 sec
[-----------------48%                  ] 1449 of 3000 complete in 64.9 sec
[-----------------48%                  ] 1459 of 3000 complete in 65.5 sec
[-----------------48%                  ] 1469 of 3000 complete in 66.0 sec
[-----------------49%                  ] 1479 of 3000 complete in 66.5 sec
[-----------------49%                  ] 1489 of 3000 complete in 67.1 sec
[-----------------50%                  ] 1500 of 3000 complete in 67.6 sec
[-----------------50%                  ] 1510 of 3000 complete in 68.1 sec
[-----------------50%                  ] 1521 of 3000 complete in 68.7 sec
[-----------------51%                  ] 1533 of 3000 complete in 69.2 sec
[-----------------51%                  ] 1544 of 3000 complete in 69.7 sec
[-----------------51%                  ] 1556 of 3000 complete in 70.3 sec
[-----------------52%                  ] 1568 of 3000 complete in 70.8 sec
[-----------------52%                  ] 1579 of 3000 complete in 71.3 sec
[-----------------53%                  ] 1591 of 3000 complete in 71.9 sec
[-----------------53%                  ] 1603 of 3000 complete in 72.4 sec
[-----------------53%                  ] 1615 of 3000 complete in 72.9 sec
[-----------------54%                  ] 1626 of 3000 complete in 73.4 sec
[-----------------54%                  ] 1637 of 3000 complete in 73.9 sec
[-----------------54%                  ] 1648 of 3000 complete in 74.5 sec
[-----------------55%-                 ] 1659 of 3000 complete in 75.0 sec
[-----------------55%-                 ] 1671 of 3000 complete in 75.5 sec
[-----------------56%-                 ] 1682 of 3000 complete in 76.0 sec
[-----------------56%-                 ] 1693 of 3000 complete in 76.5 sec
[-----------------56%-                 ] 1704 of 3000 complete in 77.1 sec
[-----------------57%-                 ] 1715 of 3000 complete in 77.6 sec
[-----------------57%-                 ] 1726 of 3000 complete in 78.1 sec
[-----------------57%--                ] 1737 of 3000 complete in 78.7 sec
[-----------------58%--                ] 1747 of 3000 complete in 79.2 sec
[-----------------58%--                ] 1757 of 3000 complete in 79.7 sec
[-----------------58%--                ] 1767 of 3000 complete in 80.2 sec
[-----------------59%--                ] 1777 of 3000 complete in 80.7 sec
[-----------------59%--                ] 1789 of 3000 complete in 81.2 sec
[-----------------60%--                ] 1801 of 3000 complete in 81.8 sec
[-----------------60%--                ] 1813 of 3000 complete in 82.3 sec
[-----------------60%---               ] 1824 of 3000 complete in 82.8 sec
[-----------------61%---               ] 1836 of 3000 complete in 83.4 sec
[-----------------61%---               ] 1847 of 3000 complete in 83.9 sec
[-----------------61%---               ] 1859 of 3000 complete in 84.4 sec
[-----------------62%---               ] 1869 of 3000 complete in 84.9 sec
[-----------------62%---               ] 1880 of 3000 complete in 85.5 sec
[-----------------63%---               ] 1890 of 3000 complete in 86.0 sec
[-----------------63%----              ] 1901 of 3000 complete in 86.5 sec
[-----------------63%----              ] 1913 of 3000 complete in 87.0 sec
[-----------------64%----              ] 1926 of 3000 complete in 87.6 sec
[-----------------64%----              ] 1938 of 3000 complete in 88.1 sec
[-----------------65%----              ] 1950 of 3000 complete in 88.6 sec
[-----------------65%----              ] 1962 of 3000 complete in 89.2 sec
[-----------------65%-----             ] 1974 of 3000 complete in 89.7 sec
[-----------------66%-----             ] 1985 of 3000 complete in 90.2 sec
[-----------------66%-----             ] 1996 of 3000 complete in 90.7 sec
[-----------------66%-----             ] 2006 of 3000 complete in 91.2 sec
[-----------------67%-----             ] 2017 of 3000 complete in 91.8 sec
[-----------------67%-----             ] 2028 of 3000 complete in 92.3 sec
[-----------------67%-----             ] 2039 of 3000 complete in 92.8 sec
[-----------------68%-----             ] 2049 of 3000 complete in 93.3 sec
[-----------------68%------            ] 2060 of 3000 complete in 93.8 sec
[-----------------69%------            ] 2071 of 3000 complete in 94.3 sec
[-----------------69%------            ] 2082 of 3000 complete in 94.9 sec
[-----------------69%------            ] 2094 of 3000 complete in 95.4 sec
[-----------------70%------            ] 2106 of 3000 complete in 95.9 sec
[-----------------70%------            ] 2118 of 3000 complete in 96.4 sec
[-----------------71%------            ] 2131 of 3000 complete in 97.0 sec
[-----------------71%-------           ] 2144 of 3000 complete in 97.5 sec
[-----------------71%-------           ] 2156 of 3000 complete in 98.0 sec
[-----------------72%-------           ] 2168 of 3000 complete in 98.5 sec
[-----------------72%-------           ] 2180 of 3000 complete in 99.1 sec
[-----------------73%-------           ] 2192 of 3000 complete in 99.6 sec
[-----------------73%-------           ] 2204 of 3000 complete in 100.1 sec
[-----------------73%--------          ] 2216 of 3000 complete in 100.6 sec
[-----------------74%--------          ] 2228 of 3000 complete in 101.1 sec
[-----------------74%--------          ] 2241 of 3000 complete in 101.6 sec
[-----------------75%--------          ] 2254 of 3000 complete in 102.2 sec
[-----------------75%--------          ] 2267 of 3000 complete in 102.7 sec
[-----------------75%--------          ] 2279 of 3000 complete in 103.2 sec
[-----------------76%---------         ] 2291 of 3000 complete in 103.7 sec
[-----------------76%---------         ] 2303 of 3000 complete in 104.3 sec
[-----------------77%---------         ] 2316 of 3000 complete in 104.8 sec
[-----------------77%---------         ] 2328 of 3000 complete in 105.4 sec
[-----------------77%---------         ] 2339 of 3000 complete in 105.9 sec
[-----------------78%---------         ] 2350 of 3000 complete in 106.4 sec
[-----------------78%---------         ] 2361 of 3000 complete in 106.9 sec
[-----------------79%----------        ] 2372 of 3000 complete in 107.4 sec
[-----------------79%----------        ] 2383 of 3000 complete in 107.9 sec
[-----------------79%----------        ] 2393 of 3000 complete in 108.4 sec
[-----------------80%----------        ] 2404 of 3000 complete in 109.0 sec
[-----------------80%----------        ] 2415 of 3000 complete in 109.5 sec
[-----------------80%----------        ] 2428 of 3000 complete in 110.0 sec
[-----------------81%----------        ] 2441 of 3000 complete in 110.6 sec
[-----------------81%-----------       ] 2453 of 3000 complete in 111.1 sec
[-----------------82%-----------       ] 2466 of 3000 complete in 111.6 sec
[-----------------82%-----------       ] 2479 of 3000 complete in 112.1 sec
[-----------------83%-----------       ] 2492 of 3000 complete in 112.7 sec
[-----------------83%-----------       ] 2505 of 3000 complete in 113.2 sec
[-----------------83%-----------       ] 2517 of 3000 complete in 113.7 sec
[-----------------84%------------      ] 2529 of 3000 complete in 114.2 sec
[-----------------84%------------      ] 2542 of 3000 complete in 114.8 sec
[-----------------85%------------      ] 2555 of 3000 complete in 115.3 sec
[-----------------85%------------      ] 2567 of 3000 complete in 115.8 sec
[-----------------86%------------      ] 2580 of 3000 complete in 116.4 sec
[-----------------86%------------      ] 2593 of 3000 complete in 116.9 sec
[-----------------86%-------------     ] 2606 of 3000 complete in 117.4 sec
[-----------------87%-------------     ] 2619 of 3000 complete in 117.9 sec
[-----------------87%-------------     ] 2633 of 3000 complete in 118.5 sec
[-----------------88%-------------     ] 2647 of 3000 complete in 119.0 sec
[-----------------88%-------------     ] 2660 of 3000 complete in 119.5 sec
[-----------------89%-------------     ] 2672 of 3000 complete in 120.0 sec
[-----------------89%-------------     ] 2683 of 3000 complete in 120.5 sec
[-----------------89%--------------    ] 2694 of 3000 complete in 121.1 sec
[-----------------90%--------------    ] 2705 of 3000 complete in 121.6 sec
[-----------------90%--------------    ] 2715 of 3000 complete in 122.1 sec
[-----------------90%--------------    ] 2726 of 3000 complete in 122.6 sec
[-----------------91%--------------    ] 2737 of 3000 complete in 123.2 sec
[-----------------91%--------------    ] 2747 of 3000 complete in 123.7 sec
[-----------------91%--------------    ] 2757 of 3000 complete in 124.2 sec
[-----------------92%---------------   ] 2767 of 3000 complete in 124.7 sec
[-----------------92%---------------   ] 2777 of 3000 complete in 125.3 sec
[-----------------92%---------------   ] 2788 of 3000 complete in 125.8 sec
[-----------------93%---------------   ] 2799 of 3000 complete in 126.3 sec
[-----------------93%---------------   ] 2810 of 3000 complete in 126.8 sec
[-----------------94%---------------   ] 2821 of 3000 complete in 127.4 sec
[-----------------94%---------------   ] 2833 of 3000 complete in 127.9 sec
[-----------------94%----------------  ] 2844 of 3000 complete in 128.4 sec
[-----------------95%----------------  ] 2854 of 3000 complete in 129.0 sec
[-----------------95%----------------  ] 2865 of 3000 complete in 129.5 sec
[-----------------95%----------------  ] 2875 of 3000 complete in 130.0 sec
[-----------------96%----------------  ] 2884 of 3000 complete in 130.5 sec
[-----------------96%----------------  ] 2894 of 3000 complete in 131.1 sec
[-----------------96%----------------  ] 2904 of 3000 complete in 131.6 sec
[-----------------97%----------------  ] 2913 of 3000 complete in 132.1 sec
[-----------------97%----------------- ] 2922 of 3000 complete in 132.7 sec
[-----------------97%----------------- ] 2932 of 3000 complete in 133.3 sec
[-----------------98%----------------- ] 2942 of 3000 complete in 133.8 sec
[-----------------98%----------------- ] 2952 of 3000 complete in 134.3 sec
[-----------------98%----------------- ] 2962 of 3000 complete in 134.8 sec
[-----------------99%----------------- ] 2972 of 3000 complete in 135.3 sec
[-----------------99%----------------- ] 2982 of 3000 complete in 135.9 sec
[-----------------99%----------------- ] 2992 of 3000 complete in 136.4 sec
[-----------------100%-----------------] 3000 of 3000 complete in 136.8 sec
hddm sampling elpased time:  136.926 s
[fit_one_hddm] 完成 cond7_rep2_censor（2.3 分钟）→ /home/jovyan/work/2_Data/Generate_Data/TenRules_Revision_20260912/param_recovery/fits/censor
