[fit_one_hddm] cond2_rep2_censor: 12 被试 / 3120 试次 / omission=0.505 / p_outlier=0.0
[fit_one_hddm] 设置 z 默认值失败（忽略）：'z'
No model attribute --> setting up standard HDDM
Set model to ddm
[                  0%                  ] 8 of 3000 complete in 0.5 sec
[                  0%                  ] 21 of 3000 complete in 1.0 sec
[                  1%                  ] 35 of 3000 complete in 1.6 sec
[                  1%                  ] 47 of 3000 complete in 2.1 sec
[                  1%                  ] 59 of 3000 complete in 2.6 sec
[                  2%                  ] 70 of 3000 complete in 3.2 sec
[-                 2%                  ] 81 of 3000 complete in 3.7 sec
[-                 3%                  ] 93 of 3000 complete in 4.2 sec
[-                 3%                  ] 105 of 3000 complete in 4.7 sec
[-                 3%                  ] 116 of 3000 complete in 5.2 sec
[-                 4%                  ] 128 of 3000 complete in 5.8 sec
[-                 4%                  ] 139 of 3000 complete in 6.3 sec
[-                 5%                  ] 151 of 3000 complete in 6.8 sec
[--                5%                  ] 163 of 3000 complete in 7.4 sec
[--                5%                  ] 174 of 3000 complete in 7.9 sec
[--                6%                  ] 186 of 3000 complete in 8.4 sec
[--                6%                  ] 197 of 3000 complete in 8.9 sec
[--                6%                  ] 207 of 3000 complete in 9.4 sec
[--                7%                  ] 217 of 3000 complete in 9.9 sec
[--                7%                  ] 226 of 3000 complete in 10.5 sec
[--                7%                  ] 235 of 3000 complete in 11.0 sec
[---               8%                  ] 247 of 3000 complete in 11.5 sec
[---               8%                  ] 258 of 3000 complete in 12.1 sec
[---               8%                  ] 268 of 3000 complete in 12.6 sec
[---               9%                  ] 278 of 3000 complete in 13.1 sec
[---               9%                  ] 288 of 3000 complete in 13.7 sec
[---               9%                  ] 297 of 3000 complete in 14.2 sec
[---              10%                  ] 307 of 3000 complete in 14.7 sec
[----             10%                  ] 318 of 3000 complete in 15.3 sec
[----             10%                  ] 329 of 3000 complete in 15.8 sec
[----             11%                  ] 341 of 3000 complete in 16.3 sec
[----             11%                  ] 352 of 3000 complete in 16.8 sec
[----             12%                  ] 363 of 3000 complete in 17.4 sec
[----             12%                  ] 373 of 3000 complete in 17.9 sec
[----             12%                  ] 385 of 3000 complete in 18.4 sec
[-----            13%                  ] 396 of 3000 complete in 18.9 sec
[-----            13%                  ] 406 of 3000 complete in 19.4 sec
[-----            13%                  ] 415 of 3000 complete in 19.9 sec
[-----            14%                  ] 426 of 3000 complete in 20.5 sec
[-----            14%                  ] 437 of 3000 complete in 21.0 sec
[-----            14%                  ] 447 of 3000 complete in 21.6 sec
[-----            15%                  ] 457 of 3000 complete in 22.1 sec
[-----            15%                  ] 468 of 3000 complete in 22.6 sec
[------           15%                  ] 478 of 3000 complete in 23.1 sec
[------           16%                  ] 488 of 3000 complete in 23.7 sec
[------           16%                  ] 499 of 3000 complete in 24.2 sec
[------           17%                  ] 510 of 3000 complete in 24.7 sec
[------           17%                  ] 521 of 3000 complete in 25.3 sec
[------           17%                  ] 532 of 3000 complete in 25.8 sec
[------           18%                  ] 544 of 3000 complete in 26.3 sec
[-------          18%                  ] 556 of 3000 complete in 26.8 sec
[-------          18%                  ] 567 of 3000 complete in 27.4 sec
[-------          19%                  ] 578 of 3000 complete in 27.9 sec
[-------          19%                  ] 590 of 3000 complete in 28.4 sec
[-------          20%                  ] 601 of 3000 complete in 28.9 sec
[-------          20%                  ] 612 of 3000 complete in 29.5 sec
[-------          20%                  ] 623 of 3000 complete in 30.0 sec
[--------         21%                  ] 635 of 3000 complete in 30.5 sec
[--------         21%                  ] 647 of 3000 complete in 31.1 sec
[--------         22%                  ] 660 of 3000 complete in 31.6 sec
[--------         22%                  ] 672 of 3000 complete in 32.1 sec
[--------         22%                  ] 684 of 3000 complete in 32.6 sec
[--------         23%                  ] 696 of 3000 complete in 33.1 sec
[--------         23%                  ] 708 of 3000 complete in 33.7 sec
[---------        23%                  ] 719 of 3000 complete in 34.2 sec
[---------        24%                  ] 730 of 3000 complete in 34.7 sec
[---------        24%                  ] 743 of 3000 complete in 35.2 sec
[---------        25%                  ] 755 of 3000 complete in 35.7 sec
[---------        25%                  ] 767 of 3000 complete in 36.2 sec
[---------        25%                  ] 779 of 3000 complete in 36.7 sec
[----------       26%                  ] 790 of 3000 complete in 37.3 sec
[----------       26%                  ] 801 of 3000 complete in 37.8 sec
[----------       27%                  ] 812 of 3000 complete in 38.4 sec
[----------       27%                  ] 823 of 3000 complete in 38.9 sec
[----------       27%                  ] 834 of 3000 complete in 39.4 sec
[----------       28%                  ] 846 of 3000 complete in 39.9 sec
[----------       28%                  ] 857 of 3000 complete in 40.4 sec
[----------       28%                  ] 868 of 3000 complete in 40.9 sec
[-----------      29%                  ] 879 of 3000 complete in 41.5 sec
[-----------      29%                  ] 890 of 3000 complete in 42.0 sec
[-----------      30%                  ] 901 of 3000 complete in 42.5 sec
[-----------      30%                  ] 912 of 3000 complete in 43.0 sec
[-----------      30%                  ] 922 of 3000 complete in 43.5 sec
[-----------      31%                  ] 933 of 3000 complete in 44.1 sec
[-----------      31%                  ] 943 of 3000 complete in 44.6 sec
[------------     31%                  ] 954 of 3000 complete in 45.1 sec
[------------     32%                  ] 964 of 3000 complete in 45.6 sec
[------------     32%                  ] 975 of 3000 complete in 46.2 sec
[------------     32%                  ] 986 of 3000 complete in 46.7 sec
[------------     33%                  ] 998 of 3000 complete in 47.2 sec
[------------     33%                  ] 1009 of 3000 complete in 47.7 sec
[------------     34%                  ] 1022 of 3000 complete in 48.2 sec
[-------------    34%                  ] 1034 of 3000 complete in 48.7 sec
[-------------    34%                  ] 1046 of 3000 complete in 49.2 sec
[-------------    35%                  ] 1059 of 3000 complete in 49.8 sec
[-------------    35%                  ] 1071 of 3000 complete in 50.3 sec
[-------------    36%                  ] 1083 of 3000 complete in 50.8 sec
[-------------    36%                  ] 1095 of 3000 complete in 51.4 sec
[--------------   36%                  ] 1107 of 3000 complete in 51.9 sec
[--------------   37%                  ] 1119 of 3000 complete in 52.4 sec
[--------------   37%                  ] 1130 of 3000 complete in 52.9 sec
[--------------   38%                  ] 1141 of 3000 complete in 53.4 sec
[--------------   38%                  ] 1154 of 3000 complete in 54.0 sec
[--------------   38%                  ] 1167 of 3000 complete in 54.5 sec
[--------------   39%                  ] 1179 of 3000 complete in 55.0 sec
[---------------  39%                  ] 1190 of 3000 complete in 55.6 sec
[---------------  40%                  ] 1202 of 3000 complete in 56.1 sec
[---------------  40%                  ] 1214 of 3000 complete in 56.6 sec
[---------------  40%                  ] 1226 of 3000 complete in 57.1 sec
[---------------  41%                  ] 1239 of 3000 complete in 57.7 sec
[---------------  41%                  ] 1251 of 3000 complete in 58.2 sec
[---------------- 42%                  ] 1264 of 3000 complete in 58.7 sec
[---------------- 42%                  ] 1277 of 3000 complete in 59.2 sec
[---------------- 43%                  ] 1290 of 3000 complete in 59.8 sec
[---------------- 43%                  ] 1303 of 3000 complete in 60.3 sec
[---------------- 43%                  ] 1316 of 3000 complete in 60.8 sec
[---------------- 44%                  ] 1328 of 3000 complete in 61.3 sec
[---------------- 44%                  ] 1341 of 3000 complete in 61.8 sec
[-----------------45%                  ] 1354 of 3000 complete in 62.4 sec
[-----------------45%                  ] 1366 of 3000 complete in 62.9 sec
[-----------------45%                  ] 1377 of 3000 complete in 63.4 sec
[-----------------46%                  ] 1389 of 3000 complete in 63.9 sec
[-----------------46%                  ] 1400 of 3000 complete in 64.5 sec
[-----------------47%                  ] 1411 of 3000 complete in 65.0 sec
[-----------------47%                  ] 1422 of 3000 complete in 65.5 sec
[-----------------47%                  ] 1433 of 3000 complete in 66.0 sec
[-----------------48%                  ] 1446 of 3000 complete in 66.6 sec
[-----------------48%                  ] 1458 of 3000 complete in 67.1 sec
[-----------------49%                  ] 1472 of 3000 complete in 67.6 sec
[-----------------49%                  ] 1484 of 3000 complete in 68.1 sec
[-----------------49%                  ] 1497 of 3000 complete in 68.6 sec
[-----------------50%                  ] 1510 of 3000 complete in 69.2 sec
[-----------------50%                  ] 1522 of 3000 complete in 69.7 sec
[-----------------51%                  ] 1533 of 3000 complete in 70.2 sec
[-----------------51%                  ] 1543 of 3000 complete in 70.7 sec
[-----------------51%                  ] 1554 of 3000 complete in 71.2 sec
[-----------------52%                  ] 1566 of 3000 complete in 71.7 sec
[-----------------52%                  ] 1577 of 3000 complete in 72.3 sec
[-----------------53%                  ] 1590 of 3000 complete in 72.8 sec
[-----------------53%                  ] 1602 of 3000 complete in 73.3 sec
[-----------------53%                  ] 1613 of 3000 complete in 73.8 sec
[-----------------54%                  ] 1624 of 3000 complete in 74.4 sec
[-----------------54%                  ] 1636 of 3000 complete in 74.9 sec
[-----------------54%                  ] 1649 of 3000 complete in 75.4 sec
[-----------------55%-                 ] 1661 of 3000 complete in 75.9 sec
[-----------------55%-                 ] 1673 of 3000 complete in 76.5 sec
[-----------------56%-                 ] 1684 of 3000 complete in 77.0 sec
[-----------------56%-                 ] 1696 of 3000 complete in 77.5 sec
[-----------------56%-                 ] 1709 of 3000 complete in 78.0 sec
[-----------------57%-                 ] 1721 of 3000 complete in 78.6 sec
[-----------------57%-                 ] 1733 of 3000 complete in 79.1 sec
[-----------------58%--                ] 1744 of 3000 complete in 79.6 sec
[-----------------58%--                ] 1756 of 3000 complete in 80.1 sec
[-----------------58%--                ] 1769 of 3000 complete in 80.6 sec
[-----------------59%--                ] 1781 of 3000 complete in 81.1 sec
[-----------------59%--                ] 1792 of 3000 complete in 81.6 sec
[-----------------60%--                ] 1803 of 3000 complete in 82.2 sec
[-----------------60%--                ] 1814 of 3000 complete in 82.7 sec
[-----------------60%---               ] 1824 of 3000 complete in 83.2 sec
[-----------------61%---               ] 1835 of 3000 complete in 83.7 sec
[-----------------61%---               ] 1847 of 3000 complete in 84.3 sec
[-----------------61%---               ] 1859 of 3000 complete in 84.8 sec
[-----------------62%---               ] 1872 of 3000 complete in 85.3 sec
[-----------------62%---               ] 1884 of 3000 complete in 85.8 sec
[-----------------63%----              ] 1897 of 3000 complete in 86.3 sec
[-----------------63%----              ] 1909 of 3000 complete in 86.9 sec
[-----------------64%----              ] 1921 of 3000 complete in 87.4 sec
[-----------------64%----              ] 1932 of 3000 complete in 87.9 sec
[-----------------64%----              ] 1943 of 3000 complete in 88.4 sec
[-----------------65%----              ] 1954 of 3000 complete in 89.0 sec
[-----------------65%----              ] 1964 of 3000 complete in 89.5 sec
[-----------------65%-----             ] 1974 of 3000 complete in 90.0 sec
[-----------------66%-----             ] 1983 of 3000 complete in 90.5 sec
[-----------------66%-----             ] 1993 of 3000 complete in 91.0 sec
[-----------------66%-----             ] 2004 of 3000 complete in 91.6 sec
[-----------------67%-----             ] 2015 of 3000 complete in 92.1 sec
[-----------------67%-----             ] 2027 of 3000 complete in 92.6 sec
[-----------------67%-----             ] 2039 of 3000 complete in 93.2 sec
[-----------------68%-----             ] 2050 of 3000 complete in 93.7 sec
[-----------------68%------            ] 2062 of 3000 complete in 94.2 sec
[-----------------69%------            ] 2074 of 3000 complete in 94.8 sec
[-----------------69%------            ] 2086 of 3000 complete in 95.3 sec
[-----------------69%------            ] 2098 of 3000 complete in 95.8 sec
[-----------------70%------            ] 2109 of 3000 complete in 96.3 sec
[-----------------70%------            ] 2121 of 3000 complete in 96.8 sec
[-----------------71%-------           ] 2134 of 3000 complete in 97.4 sec
[-----------------71%-------           ] 2145 of 3000 complete in 97.9 sec
[-----------------71%-------           ] 2157 of 3000 complete in 98.4 sec
[-----------------72%-------           ] 2170 of 3000 complete in 98.9 sec
[-----------------72%-------           ] 2183 of 3000 complete in 99.4 sec
[-----------------73%-------           ] 2197 of 3000 complete in 100.0 sec
[-----------------73%-------           ] 2210 of 3000 complete in 100.5 sec
[-----------------74%--------          ] 2222 of 3000 complete in 101.0 sec
[-----------------74%--------          ] 2235 of 3000 complete in 101.5 sec
[-----------------74%--------          ] 2247 of 3000 complete in 102.1 sec
[-----------------75%--------          ] 2260 of 3000 complete in 102.6 sec
[-----------------75%--------          ] 2272 of 3000 complete in 103.1 sec
[-----------------76%--------          ] 2284 of 3000 complete in 103.7 sec
[-----------------76%---------         ] 2296 of 3000 complete in 104.2 sec
[-----------------76%---------         ] 2309 of 3000 complete in 104.7 sec
[-----------------77%---------         ] 2321 of 3000 complete in 105.2 sec
[-----------------77%---------         ] 2332 of 3000 complete in 105.7 sec
[-----------------78%---------         ] 2343 of 3000 complete in 106.3 sec
[-----------------78%---------         ] 2354 of 3000 complete in 106.8 sec
[-----------------78%---------         ] 2367 of 3000 complete in 107.3 sec
[-----------------79%----------        ] 2379 of 3000 complete in 107.8 sec
[-----------------79%----------        ] 2391 of 3000 complete in 108.3 sec
[-----------------80%----------        ] 2404 of 3000 complete in 108.8 sec
[-----------------80%----------        ] 2416 of 3000 complete in 109.3 sec
[-----------------80%----------        ] 2428 of 3000 complete in 109.8 sec
[-----------------81%----------        ] 2440 of 3000 complete in 110.3 sec
[-----------------81%-----------       ] 2451 of 3000 complete in 110.8 sec
[-----------------82%-----------       ] 2463 of 3000 complete in 111.4 sec
[-----------------82%-----------       ] 2474 of 3000 complete in 111.9 sec
[-----------------82%-----------       ] 2486 of 3000 complete in 112.4 sec
[-----------------83%-----------       ] 2498 of 3000 complete in 112.9 sec
[-----------------83%-----------       ] 2511 of 3000 complete in 113.5 sec
[-----------------84%-----------       ] 2524 of 3000 complete in 114.0 sec
[-----------------84%------------      ] 2536 of 3000 complete in 114.5 sec
[-----------------84%------------      ] 2548 of 3000 complete in 115.1 sec
[-----------------85%------------      ] 2561 of 3000 complete in 115.6 sec
[-----------------85%------------      ] 2573 of 3000 complete in 116.2 sec
[-----------------86%------------      ] 2585 of 3000 complete in 116.7 sec
[-----------------86%------------      ] 2596 of 3000 complete in 117.2 sec
[-----------------86%-------------     ] 2607 of 3000 complete in 117.7 sec
[-----------------87%-------------     ] 2618 of 3000 complete in 118.2 sec
[-----------------87%-------------     ] 2630 of 3000 complete in 118.8 sec
[-----------------88%-------------     ] 2642 of 3000 complete in 119.3 sec
[-----------------88%-------------     ] 2654 of 3000 complete in 119.8 sec
[-----------------88%-------------     ] 2666 of 3000 complete in 120.3 sec
[-----------------89%-------------     ] 2679 of 3000 complete in 120.9 sec
[-----------------89%--------------    ] 2690 of 3000 complete in 121.4 sec
[-----------------90%--------------    ] 2702 of 3000 complete in 121.9 sec
[-----------------90%--------------    ] 2715 of 3000 complete in 122.4 sec
[-----------------90%--------------    ] 2728 of 3000 complete in 122.9 sec
[-----------------91%--------------    ] 2740 of 3000 complete in 123.4 sec
[-----------------91%--------------    ] 2752 of 3000 complete in 123.9 sec
[-----------------92%---------------   ] 2764 of 3000 complete in 124.5 sec
[-----------------92%---------------   ] 2776 of 3000 complete in 125.0 sec
[-----------------92%---------------   ] 2787 of 3000 complete in 125.5 sec
[-----------------93%---------------   ] 2799 of 3000 complete in 126.0 sec
[-----------------93%---------------   ] 2811 of 3000 complete in 126.5 sec
[-----------------94%---------------   ] 2822 of 3000 complete in 127.1 sec
[-----------------94%---------------   ] 2832 of 3000 complete in 127.6 sec
[-----------------94%----------------  ] 2843 of 3000 complete in 128.1 sec
[-----------------95%----------------  ] 2856 of 3000 complete in 128.6 sec
[-----------------95%----------------  ] 2869 of 3000 complete in 129.2 sec
[-----------------96%----------------  ] 2881 of 3000 complete in 129.7 sec
[-----------------96%----------------  ] 2892 of 3000 complete in 130.2 sec
[-----------------96%----------------  ] 2902 of 3000 complete in 130.7 sec
[-----------------97%----------------  ] 2913 of 3000 complete in 131.3 sec
[-----------------97%----------------- ] 2923 of 3000 complete in 131.8 sec
[-----------------97%----------------- ] 2934 of 3000 complete in 132.3 sec
[-----------------98%----------------- ] 2946 of 3000 complete in 132.8 sec
[-----------------98%----------------- ] 2957 of 3000 complete in 133.3 sec
[-----------------98%----------------- ] 2968 of 3000 complete in 133.9 sec
[-----------------99%----------------- ] 2978 of 3000 complete in 134.4 sec
[-----------------99%----------------- ] 2989 of 3000 complete in 134.9 sec
[-----------------99%----------------- ] 2999 of 3000 complete in 135.5 sec
[-----------------100%-----------------] 3000 of 3000 complete in 135.6 sec
hddm sampling elpased time:  135.663 s
[fit_one_hddm] 完成 cond2_rep2_censor（2.3 分钟）→ /home/jovyan/work/2_Data/Generate_Data/TenRules_Revision_20260912/param_recovery/fits/censor
