[fit_one_hddm] cond1_rep1_censor: 11 被试 / 2860 试次 / omission=0.995 / p_outlier=0.0
[fit_one_hddm] 设置 z 默认值失败（忽略）：'z'
No model attribute --> setting up standard HDDM
Set model to ddm
[                  0%                  ] 11 of 3000 complete in 0.5 sec
[                  0%                  ] 23 of 3000 complete in 1.1 sec
[                  1%                  ] 34 of 3000 complete in 1.6 sec
[                  1%                  ] 45 of 3000 complete in 2.1 sec
[                  1%                  ] 55 of 3000 complete in 2.6 sec
[                  2%                  ] 66 of 3000 complete in 3.2 sec
[                  2%                  ] 76 of 3000 complete in 3.7 sec
[-                 2%                  ] 86 of 3000 complete in 4.2 sec
[-                 3%                  ] 95 of 3000 complete in 4.8 sec
[-                 3%                  ] 104 of 3000 complete in 5.3 sec
[-                 3%                  ] 113 of 3000 complete in 5.8 sec
[-                 4%                  ] 121 of 3000 complete in 6.4 sec
[-                 4%                  ] 129 of 3000 complete in 6.9 sec
[-                 4%                  ] 138 of 3000 complete in 7.4 sec
[-                 4%                  ] 147 of 3000 complete in 8.0 sec
[-                 5%                  ] 155 of 3000 complete in 8.5 sec
[--                5%                  ] 162 of 3000 complete in 9.0 sec
[--                5%                  ] 169 of 3000 complete in 9.5 sec
[--                5%                  ] 177 of 3000 complete in 10.1 sec
[--                6%                  ] 185 of 3000 complete in 10.6 sec
[--                6%                  ] 193 of 3000 complete in 11.1 sec
[--                6%                  ] 200 of 3000 complete in 11.7 sec
[--                6%                  ] 207 of 3000 complete in 12.2 sec
[--                7%                  ] 215 of 3000 complete in 12.8 sec
[--                7%                  ] 223 of 3000 complete in 13.3 sec
[--                7%                  ] 231 of 3000 complete in 13.9 sec
[---               7%                  ] 239 of 3000 complete in 14.5 sec
[---               8%                  ] 246 of 3000 complete in 15.0 sec
[---               8%                  ] 253 of 3000 complete in 15.5 sec
[---               8%                  ] 260 of 3000 complete in 16.0 sec
[---               8%                  ] 267 of 3000 complete in 16.6 sec
[---               9%                  ] 274 of 3000 complete in 17.1 sec
[---               9%                  ] 282 of 3000 complete in 17.7 sec
[---               9%                  ] 289 of 3000 complete in 18.2 sec
[---               9%                  ] 296 of 3000 complete in 18.7 sec
[---              10%                  ] 303 of 3000 complete in 19.2 sec
[---              10%                  ] 310 of 3000 complete in 19.8 sec
[----             10%                  ] 317 of 3000 complete in 20.3 sec
[----             10%                  ] 323 of 3000 complete in 20.8 sec
[----             10%                  ] 329 of 3000 complete in 21.4 sec
[----             11%                  ] 336 of 3000 complete in 21.9 sec
[----             11%                  ] 343 of 3000 complete in 22.5 sec
[----             11%                  ] 350 of 3000 complete in 23.0 sec
[----             11%                  ] 357 of 3000 complete in 23.6 sec
[----             12%                  ] 364 of 3000 complete in 24.1 sec
[----             12%                  ] 371 of 3000 complete in 24.6 sec
[----             12%                  ] 378 of 3000 complete in 25.2 sec
[----             12%                  ] 385 of 3000 complete in 25.7 sec
[----             13%                  ] 393 of 3000 complete in 26.3 sec
[-----            13%                  ] 400 of 3000 complete in 26.8 sec
[-----            13%                  ] 407 of 3000 complete in 27.3 sec
[-----            13%                  ] 414 of 3000 complete in 27.8 sec
[-----            14%                  ] 421 of 3000 complete in 28.4 sec
[-----            14%                  ] 427 of 3000 complete in 28.9 sec
[-----            14%                  ] 434 of 3000 complete in 29.4 sec
[-----            14%                  ] 441 of 3000 complete in 30.0 sec
[-----            14%                  ] 448 of 3000 complete in 30.6 sec
[-----            15%                  ] 454 of 3000 complete in 31.1 sec
[-----            15%                  ] 460 of 3000 complete in 31.6 sec
[-----            15%                  ] 467 of 3000 complete in 32.2 sec
[-----            15%                  ] 472 of 3000 complete in 32.7 sec
[------           15%                  ] 477 of 3000 complete in 33.3 sec
[------           16%                  ] 482 of 3000 complete in 33.8 sec
[------           16%                  ] 488 of 3000 complete in 34.3 sec
[------           16%                  ] 494 of 3000 complete in 34.9 sec
[------           16%                  ] 500 of 3000 complete in 35.5 sec
[------           16%                  ] 506 of 3000 complete in 36.0 sec
[------           17%                  ] 512 of 3000 complete in 36.6 sec
[------           17%                  ] 518 of 3000 complete in 37.2 sec
[------           17%                  ] 524 of 3000 complete in 37.7 sec
[------           17%                  ] 531 of 3000 complete in 38.3 sec
[------           17%                  ] 538 of 3000 complete in 38.9 sec
[------           18%                  ] 544 of 3000 complete in 39.4 sec
[------           18%                  ] 551 of 3000 complete in 40.0 sec
[-------          18%                  ] 558 of 3000 complete in 40.5 sec
[-------          18%                  ] 565 of 3000 complete in 41.1 sec
[-------          19%                  ] 572 of 3000 complete in 41.7 sec
[-------          19%                  ] 577 of 3000 complete in 42.2 sec
[-------          19%                  ] 584 of 3000 complete in 42.8 sec
[-------          19%                  ] 590 of 3000 complete in 43.3 sec
[-------          19%                  ] 596 of 3000 complete in 43.8 sec
[-------          20%                  ] 603 of 3000 complete in 44.4 sec
[-------          20%                  ] 608 of 3000 complete in 44.9 sec
[-------          20%                  ] 612 of 3000 complete in 45.5 sec
[-------          20%                  ] 616 of 3000 complete in 46.0 sec
[-------          20%                  ] 620 of 3000 complete in 46.6 sec
[-------          20%                  ] 624 of 3000 complete in 47.1 sec
[-------          20%                  ] 628 of 3000 complete in 47.6 sec
[--------         21%                  ] 632 of 3000 complete in 48.3 sec
[--------         21%                  ] 636 of 3000 complete in 48.9 sec
[--------         21%                  ] 640 of 3000 complete in 49.5 sec
[--------         21%                  ] 644 of 3000 complete in 50.1 sec
[--------         21%                  ] 648 of 3000 complete in 50.8 sec
[--------         21%                  ] 652 of 3000 complete in 51.4 sec
[--------         21%                  ] 655 of 3000 complete in 52.0 sec
[--------         21%                  ] 658 of 3000 complete in 52.6 sec
[--------         22%                  ] 661 of 3000 complete in 53.2 sec
[--------         22%                  ] 664 of 3000 complete in 53.7 sec
[--------         22%                  ] 667 of 3000 complete in 54.3 sec
[--------         22%                  ] 670 of 3000 complete in 54.9 sec
[--------         22%                  ] 673 of 3000 complete in 55.5 sec
[--------         22%                  ] 676 of 3000 complete in 56.1 sec
[--------         22%                  ] 679 of 3000 complete in 56.7 sec
[--------         22%                  ] 682 of 3000 complete in 57.3 sec
[--------         22%                  ] 685 of 3000 complete in 57.9 sec
[--------         22%                  ] 688 of 3000 complete in 58.5 sec
[--------         23%                  ] 691 of 3000 complete in 59.0 sec
[--------         23%                  ] 694 of 3000 complete in 59.7 sec
[--------         23%                  ] 697 of 3000 complete in 60.4 sec
[--------         23%                  ] 700 of 3000 complete in 61.1 sec
[--------         23%                  ] 703 of 3000 complete in 61.7 sec
[--------         23%                  ] 706 of 3000 complete in 62.5 sec
[--------         23%                  ] 709 of 3000 complete in 63.1 sec
[---------        23%                  ] 712 of 3000 complete in 63.7 sec
[---------        23%                  ] 715 of 3000 complete in 64.4 sec
[---------        23%                  ] 718 of 3000 complete in 65.0 sec
[---------        24%                  ] 721 of 3000 complete in 65.6 sec
[---------        24%                  ] 724 of 3000 complete in 66.3 sec
[---------        24%                  ] 727 of 3000 complete in 66.9 sec
[---------        24%                  ] 730 of 3000 complete in 67.5 sec
[---------        24%                  ] 733 of 3000 complete in 68.3 sec
[---------        24%                  ] 735 of 3000 complete in 68.8 sec
[---------        24%                  ] 737 of 3000 complete in 69.3 sec
[---------        24%                  ] 739 of 3000 complete in 69.9 sec
[---------        24%                  ] 741 of 3000 complete in 70.4 sec
[---------        24%                  ] 744 of 3000 complete in 71.1 sec
[---------        24%                  ] 747 of 3000 complete in 71.7 sec
[---------        25%                  ] 750 of 3000 complete in 72.4 sec
[---------        25%                  ] 753 of 3000 complete in 73.1 sec
[---------        25%                  ] 756 of 3000 complete in 73.7 sec
[---------        25%                  ] 759 of 3000 complete in 74.4 sec
[---------        25%                  ] 762 of 3000 complete in 75.0 sec
[---------        25%                  ] 765 of 3000 complete in 75.6 sec
[---------        25%                  ] 768 of 3000 complete in 76.3 sec
[---------        25%                  ] 771 of 3000 complete in 77.0 sec
[---------        25%                  ] 774 of 3000 complete in 77.6 sec
[---------        25%                  ] 777 of 3000 complete in 78.2 sec
[---------        26%                  ] 780 of 3000 complete in 78.8 sec
[---------        26%                  ] 783 of 3000 complete in 79.4 sec
[---------        26%                  ] 786 of 3000 complete in 80.0 sec
[---------        26%                  ] 789 of 3000 complete in 80.7 sec
[----------       26%                  ] 792 of 3000 complete in 81.4 sec
[----------       26%                  ] 795 of 3000 complete in 82.0 sec
[----------       26%                  ] 798 of 3000 complete in 82.7 sec
[----------       26%                  ] 801 of 3000 complete in 83.3 sec
[----------       26%                  ] 804 of 3000 complete in 83.9 sec
[----------       26%                  ] 807 of 3000 complete in 84.6 sec
[----------       27%                  ] 810 of 3000 complete in 85.3 sec
[----------       27%                  ] 813 of 3000 complete in 86.0 sec
[----------       27%                  ] 816 of 3000 complete in 86.6 sec
[----------       27%                  ] 819 of 3000 complete in 87.3 sec
[----------       27%                  ] 822 of 3000 complete in 88.1 sec
[----------       27%                  ] 825 of 3000 complete in 88.7 sec
[----------       27%                  ] 828 of 3000 complete in 89.3 sec
[----------       27%                  ] 831 of 3000 complete in 89.8 sec
[----------       27%                  ] 834 of 3000 complete in 90.4 sec
[----------       27%                  ] 837 of 3000 complete in 91.0 sec
[----------       28%                  ] 840 of 3000 complete in 91.7 sec
[----------       28%                  ] 843 of 3000 complete in 92.3 sec
[----------       28%                  ] 846 of 3000 complete in 93.0 sec
[----------       28%                  ] 849 of 3000 complete in 93.6 sec
[----------       28%                  ] 852 of 3000 complete in 94.2 sec
[----------       28%                  ] 855 of 3000 complete in 94.7 sec
[----------       28%                  ] 858 of 3000 complete in 95.4 sec
[----------       28%                  ] 861 of 3000 complete in 96.0 sec
[----------       28%                  ] 864 of 3000 complete in 96.7 sec
[----------       28%                  ] 867 of 3000 complete in 97.3 sec
[-----------      29%                  ] 870 of 3000 complete in 97.8 sec
[-----------      29%                  ] 873 of 3000 complete in 98.4 sec
[-----------      29%                  ] 876 of 3000 complete in 99.0 sec
[-----------      29%                  ] 879 of 3000 complete in 99.5 sec
[-----------      29%                  ] 882 of 3000 complete in 100.1 sec
[-----------      29%                  ] 885 of 3000 complete in 100.6 sec
[-----------      29%                  ] 888 of 3000 complete in 101.2 sec
[-----------      29%                  ] 892 of 3000 complete in 101.9 sec
[-----------      29%                  ] 895 of 3000 complete in 102.4 sec
[-----------      29%                  ] 898 of 3000 complete in 103.0 sec
[-----------      30%                  ] 901 of 3000 complete in 103.6 sec
[-----------      30%                  ] 904 of 3000 complete in 104.1 sec
[-----------      30%                  ] 907 of 3000 complete in 104.7 sec
[-----------      30%                  ] 910 of 3000 complete in 105.3 sec
[-----------      30%                  ] 913 of 3000 complete in 105.9 sec
[-----------      30%                  ] 916 of 3000 complete in 106.4 sec
[-----------      30%                  ] 919 of 3000 complete in 107.0 sec
[-----------      30%                  ] 922 of 3000 complete in 107.7 sec
[-----------      30%                  ] 925 of 3000 complete in 108.3 sec
[-----------      30%                  ] 928 of 3000 complete in 108.9 sec
[-----------      31%                  ] 931 of 3000 complete in 109.5 sec
[-----------      31%                  ] 934 of 3000 complete in 110.0 sec
[-----------      31%                  ] 937 of 3000 complete in 110.5 sec
[-----------      31%                  ] 940 of 3000 complete in 111.1 sec
[-----------      31%                  ] 943 of 3000 complete in 111.7 sec
[-----------      31%                  ] 946 of 3000 complete in 112.4 sec
[------------     31%                  ] 949 of 3000 complete in 113.0 sec
[------------     31%                  ] 952 of 3000 complete in 113.6 sec
[------------     31%                  ] 955 of 3000 complete in 114.2 sec
[------------     31%                  ] 958 of 3000 complete in 114.9 sec
[------------     32%                  ] 961 of 3000 complete in 115.5 sec
[------------     32%                  ] 964 of 3000 complete in 116.1 sec
[------------     32%                  ] 967 of 3000 complete in 116.7 sec
[------------     32%                  ] 970 of 3000 complete in 117.4 sec
[------------     32%                  ] 973 of 3000 complete in 118.0 sec
[------------     32%                  ] 976 of 3000 complete in 118.6 sec
[------------     32%                  ] 979 of 3000 complete in 119.3 sec
[------------     32%                  ] 982 of 3000 complete in 120.0 sec
[------------     32%                  ] 985 of 3000 complete in 120.6 sec
[------------     32%                  ] 988 of 3000 complete in 121.3 sec
[------------     33%                  ] 991 of 3000 complete in 121.9 sec
[------------     33%                  ] 994 of 3000 complete in 122.6 sec
[------------     33%                  ] 996 of 3000 complete in 123.1 sec
[------------     33%                  ] 998 of 3000 complete in 123.6 sec
[------------     33%                  ] 1000 of 3000 complete in 124.2 sec
[------------     33%                  ] 1003 of 3000 complete in 124.9 sec
[------------     33%                  ] 1005 of 3000 complete in 125.4 sec
[------------     33%                  ] 1007 of 3000 complete in 125.9 sec
[------------     33%                  ] 1010 of 3000 complete in 126.7 sec
[------------     33%                  ] 1013 of 3000 complete in 127.3 sec
[------------     33%                  ] 1016 of 3000 complete in 128.0 sec
[------------     33%                  ] 1019 of 3000 complete in 128.6 sec
[------------     34%                  ] 1022 of 3000 complete in 129.3 sec
[------------     34%                  ] 1025 of 3000 complete in 130.0 sec
[-------------    34%                  ] 1028 of 3000 complete in 130.7 sec
[-------------    34%                  ] 1031 of 3000 complete in 131.3 sec
[-------------    34%                  ] 1034 of 3000 complete in 132.0 sec
[-------------    34%                  ] 1037 of 3000 complete in 132.6 sec
[-------------    34%                  ] 1040 of 3000 complete in 133.3 sec
[-------------    34%                  ] 1043 of 3000 complete in 134.0 sec
[-------------    34%                  ] 1046 of 3000 complete in 134.7 sec
[-------------    34%                  ] 1049 of 3000 complete in 135.3 sec
[-------------    35%                  ] 1052 of 3000 complete in 135.9 sec
[-------------    35%                  ] 1055 of 3000 complete in 136.5 sec
[-------------    35%                  ] 1058 of 3000 complete in 137.2 sec
[-------------    35%                  ] 1061 of 3000 complete in 137.9 sec
[-------------    35%                  ] 1064 of 3000 complete in 138.6 sec
[-------------    35%                  ] 1067 of 3000 complete in 139.2 sec
[-------------    35%                  ] 1070 of 3000 complete in 139.9 sec
[-------------    35%                  ] 1073 of 3000 complete in 140.6 sec
[-------------    35%                  ] 1076 of 3000 complete in 141.3 sec
[-------------    35%                  ] 1078 of 3000 complete in 141.9 sec
[-------------    36%                  ] 1080 of 3000 complete in 142.4 sec
[-------------    36%                  ] 1082 of 3000 complete in 143.0 sec
[-------------    36%                  ] 1084 of 3000 complete in 143.6 sec
[-------------    36%                  ] 1086 of 3000 complete in 144.1 sec
[-------------    36%                  ] 1088 of 3000 complete in 144.7 sec
[-------------    36%                  ] 1090 of 3000 complete in 145.2 sec
[-------------    36%                  ] 1093 of 3000 complete in 146.0 sec
[-------------    36%                  ] 1095 of 3000 complete in 146.5 sec
[-------------    36%                  ] 1098 of 3000 complete in 147.2 sec
[-------------    36%                  ] 1101 of 3000 complete in 147.9 sec
[-------------    36%                  ] 1104 of 3000 complete in 148.6 sec
[--------------   36%                  ] 1106 of 3000 complete in 149.1 sec
[--------------   36%                  ] 1109 of 3000 complete in 149.8 sec
[--------------   37%                  ] 1112 of 3000 complete in 150.6 sec
[--------------   37%                  ] 1115 of 3000 complete in 151.3 sec
[--------------   37%                  ] 1118 of 3000 complete in 152.0 sec
[--------------   37%                  ] 1120 of 3000 complete in 152.6 sec
[--------------   37%                  ] 1122 of 3000 complete in 153.2 sec
[--------------   37%                  ] 1124 of 3000 complete in 153.8 sec
[--------------   37%                  ] 1126 of 3000 complete in 154.3 sec
[--------------   37%                  ] 1128 of 3000 complete in 154.9 sec
[--------------   37%                  ] 1130 of 3000 complete in 155.5 sec
[--------------   37%                  ] 1132 of 3000 complete in 156.0 sec
[--------------   37%                  ] 1134 of 3000 complete in 156.6 sec
[--------------   37%                  ] 1136 of 3000 complete in 157.1 sec
[--------------   37%                  ] 1138 of 3000 complete in 157.7 sec
[--------------   38%                  ] 1140 of 3000 complete in 158.2 sec
[--------------   38%                  ] 1142 of 3000 complete in 158.8 sec
[--------------   38%                  ] 1144 of 3000 complete in 159.4 sec
[--------------   38%                  ] 1146 of 3000 complete in 159.9 sec
[--------------   38%                  ] 1149 of 3000 complete in 160.7 sec
[--------------   38%                  ] 1151 of 3000 complete in 161.2 sec
[--------------   38%                  ] 1153 of 3000 complete in 161.7 sec
[--------------   38%                  ] 1155 of 3000 complete in 162.2 sec
[--------------   38%                  ] 1158 of 3000 complete in 163.0 sec
[--------------   38%                  ] 1160 of 3000 complete in 163.5 sec
[--------------   38%                  ] 1162 of 3000 complete in 164.0 sec
[--------------   38%                  ] 1164 of 3000 complete in 164.6 sec
[--------------   38%                  ] 1166 of 3000 complete in 165.2 sec
[--------------   38%                  ] 1168 of 3000 complete in 165.8 sec
[--------------   39%                  ] 1170 of 3000 complete in 166.3 sec
[--------------   39%                  ] 1172 of 3000 complete in 166.9 sec
[--------------   39%                  ] 1174 of 3000 complete in 167.4 sec
[--------------   39%                  ] 1177 of 3000 complete in 168.2 sec
[--------------   39%                  ] 1179 of 3000 complete in 168.7 sec
[--------------   39%                  ] 1181 of 3000 complete in 169.3 sec
[--------------   39%                  ] 1183 of 3000 complete in 169.8 sec
[---------------  39%                  ] 1186 of 3000 complete in 170.6 sec
[---------------  39%                  ] 1188 of 3000 complete in 171.1 sec
[---------------  39%                  ] 1191 of 3000 complete in 171.8 sec
[---------------  39%                  ] 1193 of 3000 complete in 172.4 sec
[---------------  39%                  ] 1195 of 3000 complete in 172.9 sec
[---------------  39%                  ] 1197 of 3000 complete in 173.4 sec
[---------------  39%                  ] 1199 of 3000 complete in 174.0 sec
[---------------  40%                  ] 1201 of 3000 complete in 174.5 sec
[---------------  40%                  ] 1203 of 3000 complete in 175.1 sec
[---------------  40%                  ] 1205 of 3000 complete in 175.7 sec
[---------------  40%                  ] 1207 of 3000 complete in 176.3 sec
[---------------  40%                  ] 1209 of 3000 complete in 176.8 sec
[---------------  40%                  ] 1212 of 3000 complete in 177.6 sec
[---------------  40%                  ] 1214 of 3000 complete in 178.1 sec
[---------------  40%                  ] 1216 of 3000 complete in 178.7 sec
[---------------  40%                  ] 1218 of 3000 complete in 179.3 sec
[---------------  40%                  ] 1220 of 3000 complete in 179.9 sec
[---------------  40%                  ] 1222 of 3000 complete in 180.4 sec
[---------------  40%                  ] 1224 of 3000 complete in 181.0 sec
[---------------  40%                  ] 1226 of 3000 complete in 181.6 sec
[---------------  40%                  ] 1228 of 3000 complete in 182.1 sec
[---------------  41%                  ] 1230 of 3000 complete in 182.7 sec
[---------------  41%                  ] 1232 of 3000 complete in 183.3 sec
[---------------  41%                  ] 1234 of 3000 complete in 183.8 sec
[---------------  41%                  ] 1236 of 3000 complete in 184.3 sec
[---------------  41%                  ] 1238 of 3000 complete in 184.9 sec
[---------------  41%                  ] 1240 of 3000 complete in 185.5 sec
[---------------  41%                  ] 1242 of 3000 complete in 186.1 sec
[---------------  41%                  ] 1244 of 3000 complete in 186.6 sec
[---------------  41%                  ] 1246 of 3000 complete in 187.1 sec
[---------------  41%                  ] 1249 of 3000 complete in 187.9 sec
[---------------  41%                  ] 1251 of 3000 complete in 188.4 sec
[---------------  41%                  ] 1253 of 3000 complete in 189.1 sec
[---------------  41%                  ] 1255 of 3000 complete in 189.7 sec
[---------------  41%                  ] 1257 of 3000 complete in 190.3 sec
[---------------  41%                  ] 1259 of 3000 complete in 190.9 sec
[---------------  42%                  ] 1261 of 3000 complete in 191.5 sec
[---------------  42%                  ] 1263 of 3000 complete in 192.1 sec
[---------------- 42%                  ] 1265 of 3000 complete in 192.6 sec
[---------------- 42%                  ] 1267 of 3000 complete in 193.2 sec
[---------------- 42%                  ] 1269 of 3000 complete in 193.7 sec
[---------------- 42%                  ] 1272 of 3000 complete in 194.5 sec
[---------------- 42%                  ] 1274 of 3000 complete in 195.1 sec
[---------------- 42%                  ] 1276 of 3000 complete in 195.7 sec
[---------------- 42%                  ] 1278 of 3000 complete in 196.4 sec
[---------------- 42%                  ] 1280 of 3000 complete in 197.0 sec
[---------------- 42%                  ] 1282 of 3000 complete in 197.5 sec
[---------------- 42%                  ] 1284 of 3000 complete in 198.1 sec
[---------------- 42%                  ] 1286 of 3000 complete in 198.7 sec
[---------------- 42%                  ] 1288 of 3000 complete in 199.2 sec
[---------------- 43%                  ] 1290 of 3000 complete in 199.7 sec
[---------------- 43%                  ] 1292 of 3000 complete in 200.3 sec
[---------------- 43%                  ] 1295 of 3000 complete in 201.0 sec
[---------------- 43%                  ] 1297 of 3000 complete in 201.5 sec
[---------------- 43%                  ] 1299 of 3000 complete in 202.1 sec
[---------------- 43%                  ] 1302 of 3000 complete in 202.8 sec
[---------------- 43%                  ] 1305 of 3000 complete in 203.5 sec
[---------------- 43%                  ] 1307 of 3000 complete in 204.1 sec
[---------------- 43%                  ] 1309 of 3000 complete in 204.6 sec
[---------------- 43%                  ] 1311 of 3000 complete in 205.3 sec
[---------------- 43%                  ] 1313 of 3000 complete in 205.8 sec
[---------------- 43%                  ] 1315 of 3000 complete in 206.4 sec
[---------------- 43%                  ] 1317 of 3000 complete in 207.0 sec
[---------------- 43%                  ] 1319 of 3000 complete in 207.5 sec
[---------------- 44%                  ] 1321 of 3000 complete in 208.1 sec
[---------------- 44%                  ] 1323 of 3000 complete in 208.7 sec
[---------------- 44%                  ] 1325 of 3000 complete in 209.2 sec
[---------------- 44%                  ] 1328 of 3000 complete in 210.0 sec
[---------------- 44%                  ] 1331 of 3000 complete in 210.6 sec
[---------------- 44%                  ] 1334 of 3000 complete in 211.2 sec
[---------------- 44%                  ] 1336 of 3000 complete in 211.7 sec
[---------------- 44%                  ] 1338 of 3000 complete in 212.2 sec
[---------------- 44%                  ] 1340 of 3000 complete in 212.8 sec
[-----------------44%                  ] 1343 of 3000 complete in 213.5 sec
[-----------------44%                  ] 1345 of 3000 complete in 214.0 sec
[-----------------44%                  ] 1347 of 3000 complete in 214.7 sec
[-----------------44%                  ] 1349 of 3000 complete in 215.4 sec
[-----------------45%                  ] 1351 of 3000 complete in 216.1 sec
[-----------------45%                  ] 1353 of 3000 complete in 216.8 sec
[-----------------45%                  ] 1355 of 3000 complete in 217.3 sec
[-----------------45%                  ] 1357 of 3000 complete in 217.9 sec
[-----------------45%                  ] 1359 of 3000 complete in 218.4 sec
[-----------------45%                  ] 1362 of 3000 complete in 219.1 sec
[-----------------45%                  ] 1365 of 3000 complete in 219.9 sec
[-----------------45%                  ] 1367 of 3000 complete in 220.4 sec
[-----------------45%                  ] 1369 of 3000 complete in 221.0 sec
[-----------------45%                  ] 1371 of 3000 complete in 221.5 sec
[-----------------45%                  ] 1373 of 3000 complete in 222.1 sec
[-----------------45%                  ] 1375 of 3000 complete in 222.7 sec
[-----------------45%                  ] 1377 of 3000 complete in 223.3 sec
[-----------------45%                  ] 1379 of 3000 complete in 223.9 sec
[-----------------46%                  ] 1381 of 3000 complete in 224.5 sec
[-----------------46%                  ] 1383 of 3000 complete in 225.1 sec
[-----------------46%                  ] 1385 of 3000 complete in 225.8 sec
[-----------------46%                  ] 1387 of 3000 complete in 226.4 sec
[-----------------46%                  ] 1389 of 3000 complete in 227.2 sec
[-----------------46%                  ] 1391 of 3000 complete in 227.7 sec
[-----------------46%                  ] 1393 of 3000 complete in 228.3 sec
[-----------------46%                  ] 1395 of 3000 complete in 228.9 sec
[-----------------46%                  ] 1398 of 3000 complete in 229.6 sec
[-----------------46%                  ] 1400 of 3000 complete in 230.2 sec
[-----------------46%                  ] 1402 of 3000 complete in 230.8 sec
[-----------------46%                  ] 1404 of 3000 complete in 231.3 sec
[-----------------46%                  ] 1406 of 3000 complete in 231.9 sec
[-----------------46%                  ] 1408 of 3000 complete in 232.4 sec
[-----------------47%                  ] 1410 of 3000 complete in 233.0 sec
[-----------------47%                  ] 1412 of 3000 complete in 233.5 sec
[-----------------47%                  ] 1414 of 3000 complete in 234.1 sec
[-----------------47%                  ] 1416 of 3000 complete in 234.6 sec
[-----------------47%                  ] 1418 of 3000 complete in 235.1 sec
[-----------------47%                  ] 1420 of 3000 complete in 235.7 sec
[-----------------47%                  ] 1422 of 3000 complete in 236.3 sec
[-----------------47%                  ] 1424 of 3000 complete in 236.8 sec
[-----------------47%                  ] 1426 of 3000 complete in 237.4 sec
[-----------------47%                  ] 1428 of 3000 complete in 237.9 sec
[-----------------47%                  ] 1431 of 3000 complete in 238.7 sec
[-----------------47%                  ] 1433 of 3000 complete in 239.2 sec
[-----------------47%                  ] 1435 of 3000 complete in 239.8 sec
[-----------------47%                  ] 1438 of 3000 complete in 240.6 sec
[-----------------48%                  ] 1440 of 3000 complete in 241.2 sec
[-----------------48%                  ] 1442 of 3000 complete in 241.7 sec
[-----------------48%                  ] 1445 of 3000 complete in 242.3 sec
[-----------------48%                  ] 1447 of 3000 complete in 242.8 sec
[-----------------48%                  ] 1449 of 3000 complete in 243.4 sec
[-----------------48%                  ] 1451 of 3000 complete in 243.9 sec
[-----------------48%                  ] 1453 of 3000 complete in 244.4 sec
[-----------------48%                  ] 1455 of 3000 complete in 245.0 sec
[-----------------48%                  ] 1457 of 3000 complete in 245.6 sec
[-----------------48%                  ] 1459 of 3000 complete in 246.2 sec
[-----------------48%                  ] 1462 of 3000 complete in 246.9 sec
[-----------------48%                  ] 1465 of 3000 complete in 247.6 sec
[-----------------48%                  ] 1467 of 3000 complete in 248.1 sec
[-----------------48%                  ] 1469 of 3000 complete in 248.7 sec
[-----------------49%                  ] 1471 of 3000 complete in 249.2 sec
[-----------------49%                  ] 1473 of 3000 complete in 249.7 sec
[-----------------49%                  ] 1475 of 3000 complete in 250.3 sec
[-----------------49%                  ] 1478 of 3000 complete in 251.0 sec
[-----------------49%                  ] 1480 of 3000 complete in 251.6 sec
[-----------------49%                  ] 1483 of 3000 complete in 252.3 sec
[-----------------49%                  ] 1486 of 3000 complete in 253.0 sec
[-----------------49%                  ] 1488 of 3000 complete in 253.5 sec
[-----------------49%                  ] 1490 of 3000 complete in 254.1 sec
[-----------------49%                  ] 1492 of 3000 complete in 254.6 sec
[-----------------49%                  ] 1495 of 3000 complete in 255.3 sec
[-----------------49%                  ] 1498 of 3000 complete in 256.0 sec
[-----------------50%                  ] 1500 of 3000 complete in 256.6 sec
[-----------------50%                  ] 1502 of 3000 complete in 257.1 sec
[-----------------50%                  ] 1504 of 3000 complete in 257.6 sec
[-----------------50%                  ] 1506 of 3000 complete in 258.2 sec
[-----------------50%                  ] 1508 of 3000 complete in 258.8 sec
[-----------------50%                  ] 1510 of 3000 complete in 259.4 sec
[-----------------50%                  ] 1512 of 3000 complete in 260.0 sec
[-----------------50%                  ] 1514 of 3000 complete in 260.6 sec
[-----------------50%                  ] 1516 of 3000 complete in 261.2 sec
[-----------------50%                  ] 1518 of 3000 complete in 261.7 sec
[-----------------50%                  ] 1520 of 3000 complete in 262.3 sec
[-----------------50%                  ] 1522 of 3000 complete in 262.8 sec
[-----------------50%                  ] 1524 of 3000 complete in 263.4 sec
[-----------------50%                  ] 1526 of 3000 complete in 264.0 sec
[-----------------50%                  ] 1528 of 3000 complete in 264.6 sec
[-----------------51%                  ] 1530 of 3000 complete in 265.2 sec
[-----------------51%                  ] 1532 of 3000 complete in 265.8 sec
[-----------------51%                  ] 1534 of 3000 complete in 266.3 sec
[-----------------51%                  ] 1537 of 3000 complete in 267.1 sec
[-----------------51%                  ] 1539 of 3000 complete in 267.8 sec
[-----------------51%                  ] 1541 of 3000 complete in 268.3 sec
[-----------------51%                  ] 1543 of 3000 complete in 268.8 sec
[-----------------51%                  ] 1545 of 3000 complete in 269.4 sec
[-----------------51%                  ] 1547 of 3000 complete in 269.9 sec
[-----------------51%                  ] 1549 of 3000 complete in 270.4 sec
[-----------------51%                  ] 1551 of 3000 complete in 271.0 sec
[-----------------51%                  ] 1553 of 3000 complete in 271.6 sec
[-----------------51%                  ] 1555 of 3000 complete in 272.1 sec
[-----------------51%                  ] 1557 of 3000 complete in 272.7 sec
[-----------------51%                  ] 1559 of 3000 complete in 273.3 sec
[-----------------52%                  ] 1561 of 3000 complete in 273.9 sec
[-----------------52%                  ] 1563 of 3000 complete in 274.4 sec
[-----------------52%                  ] 1565 of 3000 complete in 275.0 sec
[-----------------52%                  ] 1567 of 3000 complete in 275.5 sec
[-----------------52%                  ] 1569 of 3000 complete in 276.1 sec
[-----------------52%                  ] 1571 of 3000 complete in 276.8 sec
[-----------------52%                  ] 1573 of 3000 complete in 277.4 sec
[-----------------52%                  ] 1575 of 3000 complete in 278.0 sec
[-----------------52%                  ] 1577 of 3000 complete in 278.6 sec
[-----------------52%                  ] 1579 of 3000 complete in 279.1 sec
[-----------------52%                  ] 1581 of 3000 complete in 279.8 sec
[-----------------52%                  ] 1584 of 3000 complete in 280.5 sec
[-----------------52%                  ] 1586 of 3000 complete in 281.1 sec
[-----------------52%                  ] 1588 of 3000 complete in 281.6 sec
[-----------------53%                  ] 1590 of 3000 complete in 282.2 sec
[-----------------53%                  ] 1592 of 3000 complete in 282.8 sec
[-----------------53%                  ] 1594 of 3000 complete in 283.3 sec
[-----------------53%                  ] 1596 of 3000 complete in 283.8 sec
[-----------------53%                  ] 1598 of 3000 complete in 284.4 sec
[-----------------53%                  ] 1600 of 3000 complete in 285.0 sec
[-----------------53%                  ] 1602 of 3000 complete in 285.6 sec
[-----------------53%                  ] 1605 of 3000 complete in 286.3 sec
[-----------------53%                  ] 1608 of 3000 complete in 287.1 sec
[-----------------53%                  ] 1610 of 3000 complete in 287.6 sec
[-----------------53%                  ] 1612 of 3000 complete in 288.2 sec
[-----------------53%                  ] 1614 of 3000 complete in 288.8 sec
[-----------------53%                  ] 1616 of 3000 complete in 289.3 sec
[-----------------53%                  ] 1618 of 3000 complete in 289.9 sec
[-----------------54%                  ] 1620 of 3000 complete in 290.5 sec
[-----------------54%                  ] 1622 of 3000 complete in 291.1 sec
[-----------------54%                  ] 1624 of 3000 complete in 291.6 sec
[-----------------54%                  ] 1626 of 3000 complete in 292.2 sec
[-----------------54%                  ] 1629 of 3000 complete in 292.9 sec
[-----------------54%                  ] 1632 of 3000 complete in 293.6 sec
[-----------------54%                  ] 1634 of 3000 complete in 294.1 sec
[-----------------54%                  ] 1637 of 3000 complete in 294.9 sec
[-----------------54%                  ] 1639 of 3000 complete in 295.5 sec
[-----------------54%                  ] 1641 of 3000 complete in 296.0 sec
[-----------------54%                  ] 1643 of 3000 complete in 296.5 sec
[-----------------54%                  ] 1646 of 3000 complete in 297.3 sec
[-----------------54%                  ] 1649 of 3000 complete in 298.0 sec
[-----------------55%                  ] 1651 of 3000 complete in 298.5 sec
[-----------------55%                  ] 1654 of 3000 complete in 299.2 sec
[-----------------55%                  ] 1657 of 3000 complete in 299.9 sec
[-----------------55%-                 ] 1659 of 3000 complete in 300.5 sec
[-----------------55%-                 ] 1661 of 3000 complete in 301.0 sec
[-----------------55%-                 ] 1663 of 3000 complete in 301.5 sec
[-----------------55%-                 ] 1666 of 3000 complete in 302.3 sec
[-----------------55%-                 ] 1668 of 3000 complete in 302.8 sec
[-----------------55%-                 ] 1670 of 3000 complete in 303.3 sec
[-----------------55%-                 ] 1672 of 3000 complete in 303.8 sec
[-----------------55%-                 ] 1674 of 3000 complete in 304.3 sec
[-----------------55%-                 ] 1676 of 3000 complete in 304.8 sec
[-----------------55%-                 ] 1678 of 3000 complete in 305.4 sec
[-----------------56%-                 ] 1681 of 3000 complete in 306.1 sec
[-----------------56%-                 ] 1684 of 3000 complete in 306.8 sec
[-----------------56%-                 ] 1687 of 3000 complete in 307.5 sec
[-----------------56%-                 ] 1690 of 3000 complete in 308.2 sec
[-----------------56%-                 ] 1693 of 3000 complete in 308.9 sec
[-----------------56%-                 ] 1696 of 3000 complete in 309.6 sec
[-----------------56%-                 ] 1699 of 3000 complete in 310.4 sec
[-----------------56%-                 ] 1701 of 3000 complete in 310.9 sec
[-----------------56%-                 ] 1703 of 3000 complete in 311.4 sec
[-----------------56%-                 ] 1705 of 3000 complete in 312.0 sec
[-----------------56%-                 ] 1707 of 3000 complete in 312.5 sec
[-----------------56%-                 ] 1709 of 3000 complete in 313.1 sec
[-----------------57%-                 ] 1711 of 3000 complete in 313.6 sec
[-----------------57%-                 ] 1713 of 3000 complete in 314.1 sec
[-----------------57%-                 ] 1716 of 3000 complete in 314.9 sec
[-----------------57%-                 ] 1718 of 3000 complete in 315.4 sec
[-----------------57%-                 ] 1720 of 3000 complete in 316.0 sec
[-----------------57%-                 ] 1722 of 3000 complete in 316.5 sec
[-----------------57%-                 ] 1724 of 3000 complete in 317.0 sec
[-----------------57%-                 ] 1726 of 3000 complete in 317.6 sec
[-----------------57%-                 ] 1728 of 3000 complete in 318.1 sec
[-----------------57%-                 ] 1730 of 3000 complete in 318.6 sec
[-----------------57%-                 ] 1732 of 3000 complete in 319.2 sec
[-----------------57%-                 ] 1734 of 3000 complete in 319.7 sec
[-----------------57%-                 ] 1736 of 3000 complete in 320.3 sec
[-----------------57%--                ] 1738 of 3000 complete in 320.8 sec
[-----------------58%--                ] 1740 of 3000 complete in 321.3 sec
[-----------------58%--                ] 1742 of 3000 complete in 321.9 sec
[-----------------58%--                ] 1744 of 3000 complete in 322.5 sec
[-----------------58%--                ] 1746 of 3000 complete in 323.0 sec
[-----------------58%--                ] 1748 of 3000 complete in 323.5 sec
[-----------------58%--                ] 1751 of 3000 complete in 324.3 sec
[-----------------58%--                ] 1753 of 3000 complete in 324.8 sec
[-----------------58%--                ] 1755 of 3000 complete in 325.3 sec
[-----------------58%--                ] 1758 of 3000 complete in 326.0 sec
[-----------------58%--                ] 1761 of 3000 complete in 326.8 sec
[-----------------58%--                ] 1764 of 3000 complete in 327.5 sec
[-----------------58%--                ] 1766 of 3000 complete in 328.0 sec
[-----------------58%--                ] 1768 of 3000 complete in 328.6 sec
[-----------------59%--                ] 1770 of 3000 complete in 329.1 sec
[-----------------59%--                ] 1773 of 3000 complete in 329.8 sec
[-----------------59%--                ] 1776 of 3000 complete in 330.5 sec
[-----------------59%--                ] 1779 of 3000 complete in 331.1 sec
[-----------------59%--                ] 1782 of 3000 complete in 331.7 sec
[-----------------59%--                ] 1785 of 3000 complete in 332.3 sec
[-----------------59%--                ] 1788 of 3000 complete in 333.1 sec
[-----------------59%--                ] 1790 of 3000 complete in 333.6 sec
[-----------------59%--                ] 1792 of 3000 complete in 334.2 sec
[-----------------59%--                ] 1794 of 3000 complete in 334.7 sec
[-----------------59%--                ] 1797 of 3000 complete in 335.5 sec
[-----------------59%--                ] 1799 of 3000 complete in 336.0 sec
[-----------------60%--                ] 1802 of 3000 complete in 336.7 sec
[-----------------60%--                ] 1804 of 3000 complete in 337.3 sec
[-----------------60%--                ] 1806 of 3000 complete in 337.9 sec
[-----------------60%--                ] 1808 of 3000 complete in 338.4 sec
[-----------------60%--                ] 1811 of 3000 complete in 339.1 sec
[-----------------60%--                ] 1814 of 3000 complete in 339.8 sec
[-----------------60%---               ] 1817 of 3000 complete in 340.5 sec
[-----------------60%---               ] 1820 of 3000 complete in 341.2 sec
[-----------------60%---               ] 1823 of 3000 complete in 341.9 sec
[-----------------60%---               ] 1826 of 3000 complete in 342.6 sec
[-----------------60%---               ] 1829 of 3000 complete in 343.3 sec
[-----------------61%---               ] 1832 of 3000 complete in 344.1 sec
[-----------------61%---               ] 1834 of 3000 complete in 344.6 sec
[-----------------61%---               ] 1836 of 3000 complete in 345.1 sec
[-----------------61%---               ] 1838 of 3000 complete in 345.8 sec
[-----------------61%---               ] 1840 of 3000 complete in 346.3 sec
[-----------------61%---               ] 1842 of 3000 complete in 346.8 sec
[-----------------61%---               ] 1845 of 3000 complete in 347.6 sec
[-----------------61%---               ] 1848 of 3000 complete in 348.3 sec
[-----------------61%---               ] 1851 of 3000 complete in 349.0 sec
[-----------------61%---               ] 1854 of 3000 complete in 349.6 sec
[-----------------61%---               ] 1857 of 3000 complete in 350.3 sec
[-----------------62%---               ] 1860 of 3000 complete in 351.0 sec
[-----------------62%---               ] 1863 of 3000 complete in 351.7 sec
[-----------------62%---               ] 1866 of 3000 complete in 352.4 sec
[-----------------62%---               ] 1869 of 3000 complete in 353.0 sec
[-----------------62%---               ] 1872 of 3000 complete in 353.7 sec
[-----------------62%---               ] 1875 of 3000 complete in 354.4 sec
[-----------------62%---               ] 1878 of 3000 complete in 355.0 sec
[-----------------62%---               ] 1881 of 3000 complete in 355.7 sec
[-----------------62%---               ] 1884 of 3000 complete in 356.3 sec
[-----------------62%---               ] 1887 of 3000 complete in 357.0 sec
[-----------------63%---               ] 1890 of 3000 complete in 357.6 sec
[-----------------63%---               ] 1893 of 3000 complete in 358.4 sec
[-----------------63%----              ] 1896 of 3000 complete in 359.1 sec
[-----------------63%----              ] 1899 of 3000 complete in 359.7 sec
[-----------------63%----              ] 1902 of 3000 complete in 360.4 sec
[-----------------63%----              ] 1905 of 3000 complete in 361.0 sec
[-----------------63%----              ] 1908 of 3000 complete in 361.6 sec
[-----------------63%----              ] 1911 of 3000 complete in 362.3 sec
[-----------------63%----              ] 1914 of 3000 complete in 363.0 sec
[-----------------63%----              ] 1916 of 3000 complete in 363.5 sec
[-----------------63%----              ] 1919 of 3000 complete in 364.2 sec
[-----------------64%----              ] 1922 of 3000 complete in 364.9 sec
[-----------------64%----              ] 1924 of 3000 complete in 365.4 sec
[-----------------64%----              ] 1927 of 3000 complete in 366.1 sec
[-----------------64%----              ] 1930 of 3000 complete in 366.8 sec
[-----------------64%----              ] 1933 of 3000 complete in 367.5 sec
[-----------------64%----              ] 1936 of 3000 complete in 368.1 sec
[-----------------64%----              ] 1939 of 3000 complete in 368.8 sec
[-----------------64%----              ] 1942 of 3000 complete in 369.4 sec
[-----------------64%----              ] 1945 of 3000 complete in 370.1 sec
[-----------------64%----              ] 1948 of 3000 complete in 370.8 sec
[-----------------65%----              ] 1951 of 3000 complete in 371.5 sec
[-----------------65%----              ] 1954 of 3000 complete in 372.1 sec
[-----------------65%----              ] 1957 of 3000 complete in 372.8 sec
[-----------------65%----              ] 1960 of 3000 complete in 373.5 sec
[-----------------65%----              ] 1962 of 3000 complete in 374.0 sec
[-----------------65%----              ] 1965 of 3000 complete in 374.7 sec
[-----------------65%----              ] 1968 of 3000 complete in 375.5 sec
[-----------------65%----              ] 1970 of 3000 complete in 376.1 sec
[-----------------65%----              ] 1972 of 3000 complete in 376.6 sec
[-----------------65%-----             ] 1974 of 3000 complete in 377.1 sec
[-----------------65%-----             ] 1976 of 3000 complete in 377.6 sec
[-----------------65%-----             ] 1978 of 3000 complete in 378.1 sec
[-----------------66%-----             ] 1981 of 3000 complete in 378.8 sec
[-----------------66%-----             ] 1983 of 3000 complete in 379.3 sec
[-----------------66%-----             ] 1986 of 3000 complete in 380.1 sec
[-----------------66%-----             ] 1989 of 3000 complete in 380.8 sec
[-----------------66%-----             ] 1991 of 3000 complete in 381.3 sec
[-----------------66%-----             ] 1994 of 3000 complete in 382.0 sec
[-----------------66%-----             ] 1996 of 3000 complete in 382.5 sec
[-----------------66%-----             ] 1999 of 3000 complete in 383.2 sec
[-----------------66%-----             ] 2001 of 3000 complete in 383.7 sec
[-----------------66%-----             ] 2004 of 3000 complete in 384.4 sec
[-----------------66%-----             ] 2007 of 3000 complete in 385.2 sec
[-----------------67%-----             ] 2010 of 3000 complete in 385.8 sec
[-----------------67%-----             ] 2013 of 3000 complete in 386.6 sec
[-----------------67%-----             ] 2016 of 3000 complete in 387.3 sec
[-----------------67%-----             ] 2019 of 3000 complete in 387.9 sec
[-----------------67%-----             ] 2022 of 3000 complete in 388.7 sec
[-----------------67%-----             ] 2025 of 3000 complete in 389.3 sec
[-----------------67%-----             ] 2028 of 3000 complete in 390.0 sec
[-----------------67%-----             ] 2031 of 3000 complete in 390.7 sec
[-----------------67%-----             ] 2034 of 3000 complete in 391.4 sec
[-----------------67%-----             ] 2037 of 3000 complete in 392.1 sec
[-----------------67%-----             ] 2039 of 3000 complete in 392.7 sec
[-----------------68%-----             ] 2041 of 3000 complete in 393.3 sec
[-----------------68%-----             ] 2043 of 3000 complete in 393.8 sec
[-----------------68%-----             ] 2045 of 3000 complete in 394.4 sec
[-----------------68%-----             ] 2047 of 3000 complete in 394.9 sec
[-----------------68%-----             ] 2049 of 3000 complete in 395.5 sec
[-----------------68%-----             ] 2051 of 3000 complete in 396.0 sec
[-----------------68%------            ] 2054 of 3000 complete in 396.7 sec
[-----------------68%------            ] 2057 of 3000 complete in 397.3 sec
[-----------------68%------            ] 2060 of 3000 complete in 398.0 sec
[-----------------68%------            ] 2063 of 3000 complete in 398.6 sec
[-----------------68%------            ] 2066 of 3000 complete in 399.4 sec
[-----------------68%------            ] 2069 of 3000 complete in 400.1 sec
[-----------------69%------            ] 2071 of 3000 complete in 400.7 sec
[-----------------69%------            ] 2073 of 3000 complete in 401.2 sec
[-----------------69%------            ] 2075 of 3000 complete in 401.7 sec
[-----------------69%------            ] 2077 of 3000 complete in 402.2 sec
[-----------------69%------            ] 2080 of 3000 complete in 403.0 sec
[-----------------69%------            ] 2083 of 3000 complete in 403.7 sec
[-----------------69%------            ] 2086 of 3000 complete in 404.4 sec
[-----------------69%------            ] 2089 of 3000 complete in 405.1 sec
[-----------------69%------            ] 2092 of 3000 complete in 405.8 sec
[-----------------69%------            ] 2094 of 3000 complete in 406.3 sec
[-----------------69%------            ] 2097 of 3000 complete in 407.1 sec
[-----------------70%------            ] 2100 of 3000 complete in 407.7 sec
[-----------------70%------            ] 2103 of 3000 complete in 408.4 sec
[-----------------70%------            ] 2106 of 3000 complete in 409.1 sec
[-----------------70%------            ] 2109 of 3000 complete in 409.7 sec
[-----------------70%------            ] 2112 of 3000 complete in 410.4 sec
[-----------------70%------            ] 2115 of 3000 complete in 411.0 sec
[-----------------70%------            ] 2118 of 3000 complete in 411.8 sec
[-----------------70%------            ] 2120 of 3000 complete in 412.3 sec
[-----------------70%------            ] 2122 of 3000 complete in 412.8 sec
[-----------------70%------            ] 2125 of 3000 complete in 413.5 sec
[-----------------70%------            ] 2127 of 3000 complete in 414.0 sec
[-----------------71%------            ] 2130 of 3000 complete in 414.7 sec
[-----------------71%-------           ] 2133 of 3000 complete in 415.4 sec
[-----------------71%-------           ] 2136 of 3000 complete in 416.1 sec
[-----------------71%-------           ] 2139 of 3000 complete in 416.8 sec
[-----------------71%-------           ] 2141 of 3000 complete in 417.3 sec
[-----------------71%-------           ] 2144 of 3000 complete in 417.9 sec
[-----------------71%-------           ] 2147 of 3000 complete in 418.6 sec
[-----------------71%-------           ] 2150 of 3000 complete in 419.3 sec
[-----------------71%-------           ] 2153 of 3000 complete in 420.0 sec
[-----------------71%-------           ] 2156 of 3000 complete in 420.6 sec
[-----------------71%-------           ] 2159 of 3000 complete in 421.3 sec
[-----------------72%-------           ] 2162 of 3000 complete in 421.9 sec
[-----------------72%-------           ] 2165 of 3000 complete in 422.7 sec
[-----------------72%-------           ] 2167 of 3000 complete in 423.3 sec
[-----------------72%-------           ] 2169 of 3000 complete in 423.8 sec
[-----------------72%-------           ] 2172 of 3000 complete in 424.6 sec
[-----------------72%-------           ] 2174 of 3000 complete in 425.1 sec
[-----------------72%-------           ] 2176 of 3000 complete in 425.6 sec
[-----------------72%-------           ] 2179 of 3000 complete in 426.4 sec
[-----------------72%-------           ] 2181 of 3000 complete in 426.9 sec
[-----------------72%-------           ] 2184 of 3000 complete in 427.6 sec
[-----------------72%-------           ] 2186 of 3000 complete in 428.2 sec
[-----------------72%-------           ] 2189 of 3000 complete in 428.9 sec
[-----------------73%-------           ] 2191 of 3000 complete in 429.4 sec
[-----------------73%-------           ] 2194 of 3000 complete in 430.1 sec
[-----------------73%-------           ] 2197 of 3000 complete in 430.8 sec
[-----------------73%-------           ] 2200 of 3000 complete in 431.5 sec
[-----------------73%-------           ] 2202 of 3000 complete in 432.0 sec
[-----------------73%-------           ] 2204 of 3000 complete in 432.5 sec
[-----------------73%-------           ] 2206 of 3000 complete in 433.0 sec
[-----------------73%-------           ] 2209 of 3000 complete in 433.7 sec
[-----------------73%--------          ] 2212 of 3000 complete in 434.4 sec
[-----------------73%--------          ] 2215 of 3000 complete in 435.2 sec
[-----------------73%--------          ] 2218 of 3000 complete in 435.8 sec
[-----------------74%--------          ] 2221 of 3000 complete in 436.5 sec
[-----------------74%--------          ] 2224 of 3000 complete in 437.2 sec
[-----------------74%--------          ] 2227 of 3000 complete in 437.9 sec
[-----------------74%--------          ] 2230 of 3000 complete in 438.6 sec
[-----------------74%--------          ] 2233 of 3000 complete in 439.2 sec
[-----------------74%--------          ] 2235 of 3000 complete in 439.7 sec
[-----------------74%--------          ] 2238 of 3000 complete in 440.4 sec
[-----------------74%--------          ] 2241 of 3000 complete in 441.1 sec
[-----------------74%--------          ] 2244 of 3000 complete in 441.8 sec
[-----------------74%--------          ] 2247 of 3000 complete in 442.5 sec
[-----------------75%--------          ] 2250 of 3000 complete in 443.2 sec
[-----------------75%--------          ] 2253 of 3000 complete in 443.9 sec
[-----------------75%--------          ] 2256 of 3000 complete in 444.6 sec
[-----------------75%--------          ] 2259 of 3000 complete in 445.4 sec
[-----------------75%--------          ] 2262 of 3000 complete in 446.1 sec
[-----------------75%--------          ] 2265 of 3000 complete in 446.8 sec
[-----------------75%--------          ] 2268 of 3000 complete in 447.5 sec
[-----------------75%--------          ] 2271 of 3000 complete in 448.2 sec
[-----------------75%--------          ] 2274 of 3000 complete in 448.9 sec
[-----------------75%--------          ] 2277 of 3000 complete in 449.6 sec
[-----------------76%--------          ] 2280 of 3000 complete in 450.3 sec
[-----------------76%--------          ] 2283 of 3000 complete in 451.0 sec
[-----------------76%--------          ] 2286 of 3000 complete in 451.7 sec
[-----------------76%--------          ] 2289 of 3000 complete in 452.4 sec
[-----------------76%---------         ] 2291 of 3000 complete in 452.9 sec
[-----------------76%---------         ] 2294 of 3000 complete in 453.7 sec
[-----------------76%---------         ] 2297 of 3000 complete in 454.3 sec
[-----------------76%---------         ] 2300 of 3000 complete in 455.0 sec
[-----------------76%---------         ] 2302 of 3000 complete in 455.5 sec
[-----------------76%---------         ] 2304 of 3000 complete in 456.1 sec
[-----------------76%---------         ] 2306 of 3000 complete in 456.6 sec
[-----------------76%---------         ] 2309 of 3000 complete in 457.3 sec
[-----------------77%---------         ] 2312 of 3000 complete in 458.0 sec
[-----------------77%---------         ] 2315 of 3000 complete in 458.7 sec
[-----------------77%---------         ] 2318 of 3000 complete in 459.4 sec
[-----------------77%---------         ] 2320 of 3000 complete in 459.9 sec
[-----------------77%---------         ] 2323 of 3000 complete in 460.5 sec
[-----------------77%---------         ] 2326 of 3000 complete in 461.3 sec
[-----------------77%---------         ] 2329 of 3000 complete in 461.9 sec
[-----------------77%---------         ] 2331 of 3000 complete in 462.4 sec
[-----------------77%---------         ] 2334 of 3000 complete in 463.2 sec
[-----------------77%---------         ] 2337 of 3000 complete in 463.9 sec
[-----------------77%---------         ] 2339 of 3000 complete in 464.4 sec
[-----------------78%---------         ] 2342 of 3000 complete in 465.1 sec
[-----------------78%---------         ] 2344 of 3000 complete in 465.6 sec
[-----------------78%---------         ] 2347 of 3000 complete in 466.3 sec
[-----------------78%---------         ] 2349 of 3000 complete in 466.8 sec
[-----------------78%---------         ] 2352 of 3000 complete in 467.6 sec
[-----------------78%---------         ] 2355 of 3000 complete in 468.3 sec
[-----------------78%---------         ] 2358 of 3000 complete in 469.0 sec
[-----------------78%---------         ] 2361 of 3000 complete in 469.6 sec
[-----------------78%---------         ] 2364 of 3000 complete in 470.2 sec
[-----------------78%---------         ] 2367 of 3000 complete in 470.8 sec
[-----------------79%----------        ] 2370 of 3000 complete in 471.5 sec
[-----------------79%----------        ] 2373 of 3000 complete in 472.1 sec
[-----------------79%----------        ] 2376 of 3000 complete in 472.8 sec
[-----------------79%----------        ] 2379 of 3000 complete in 473.4 sec
[-----------------79%----------        ] 2382 of 3000 complete in 474.1 sec
[-----------------79%----------        ] 2385 of 3000 complete in 474.7 sec
[-----------------79%----------        ] 2388 of 3000 complete in 475.4 sec
[-----------------79%----------        ] 2391 of 3000 complete in 476.0 sec
[-----------------79%----------        ] 2394 of 3000 complete in 476.7 sec
[-----------------79%----------        ] 2397 of 3000 complete in 477.4 sec
[-----------------80%----------        ] 2400 of 3000 complete in 478.0 sec
[-----------------80%----------        ] 2403 of 3000 complete in 478.7 sec
[-----------------80%----------        ] 2406 of 3000 complete in 479.3 sec
[-----------------80%----------        ] 2409 of 3000 complete in 480.0 sec
[-----------------80%----------        ] 2412 of 3000 complete in 480.6 sec
[-----------------80%----------        ] 2415 of 3000 complete in 481.2 sec
[-----------------80%----------        ] 2418 of 3000 complete in 481.9 sec
[-----------------80%----------        ] 2421 of 3000 complete in 482.6 sec
[-----------------80%----------        ] 2423 of 3000 complete in 483.1 sec
[-----------------80%----------        ] 2426 of 3000 complete in 483.8 sec
[-----------------80%----------        ] 2429 of 3000 complete in 484.5 sec
[-----------------81%----------        ] 2432 of 3000 complete in 485.2 sec
[-----------------81%----------        ] 2435 of 3000 complete in 485.9 sec
[-----------------81%----------        ] 2438 of 3000 complete in 486.6 sec
[-----------------81%----------        ] 2441 of 3000 complete in 487.2 sec
[-----------------81%----------        ] 2444 of 3000 complete in 487.8 sec
[-----------------81%----------        ] 2447 of 3000 complete in 488.5 sec
[-----------------81%-----------       ] 2450 of 3000 complete in 489.1 sec
[-----------------81%-----------       ] 2452 of 3000 complete in 489.6 sec
[-----------------81%-----------       ] 2455 of 3000 complete in 490.3 sec
[-----------------81%-----------       ] 2458 of 3000 complete in 491.0 sec
[-----------------82%-----------       ] 2461 of 3000 complete in 491.7 sec
[-----------------82%-----------       ] 2464 of 3000 complete in 492.4 sec
[-----------------82%-----------       ] 2467 of 3000 complete in 493.0 sec
[-----------------82%-----------       ] 2470 of 3000 complete in 493.7 sec
[-----------------82%-----------       ] 2473 of 3000 complete in 494.4 sec
[-----------------82%-----------       ] 2476 of 3000 complete in 495.1 sec
[-----------------82%-----------       ] 2479 of 3000 complete in 495.7 sec
[-----------------82%-----------       ] 2482 of 3000 complete in 496.4 sec
[-----------------82%-----------       ] 2485 of 3000 complete in 497.1 sec
[-----------------82%-----------       ] 2488 of 3000 complete in 497.7 sec
[-----------------83%-----------       ] 2491 of 3000 complete in 498.4 sec
[-----------------83%-----------       ] 2494 of 3000 complete in 499.1 sec
[-----------------83%-----------       ] 2497 of 3000 complete in 499.8 sec
[-----------------83%-----------       ] 2500 of 3000 complete in 500.4 sec
[-----------------83%-----------       ] 2503 of 3000 complete in 501.0 sec
[-----------------83%-----------       ] 2506 of 3000 complete in 501.7 sec
[-----------------83%-----------       ] 2509 of 3000 complete in 502.4 sec
[-----------------83%-----------       ] 2512 of 3000 complete in 503.0 sec
[-----------------83%-----------       ] 2515 of 3000 complete in 503.7 sec
[-----------------83%-----------       ] 2518 of 3000 complete in 504.4 sec
[-----------------84%-----------       ] 2521 of 3000 complete in 505.0 sec
[-----------------84%-----------       ] 2523 of 3000 complete in 505.5 sec
[-----------------84%-----------       ] 2526 of 3000 complete in 506.2 sec
[-----------------84%------------      ] 2529 of 3000 complete in 506.8 sec
[-----------------84%------------      ] 2532 of 3000 complete in 507.5 sec
[-----------------84%------------      ] 2535 of 3000 complete in 508.2 sec
[-----------------84%------------      ] 2538 of 3000 complete in 508.9 sec
[-----------------84%------------      ] 2541 of 3000 complete in 509.6 sec
[-----------------84%------------      ] 2544 of 3000 complete in 510.3 sec
[-----------------84%------------      ] 2547 of 3000 complete in 511.0 sec
[-----------------85%------------      ] 2550 of 3000 complete in 511.6 sec
[-----------------85%------------      ] 2553 of 3000 complete in 512.3 sec
[-----------------85%------------      ] 2555 of 3000 complete in 512.8 sec
[-----------------85%------------      ] 2557 of 3000 complete in 513.4 sec
[-----------------85%------------      ] 2560 of 3000 complete in 514.1 sec
[-----------------85%------------      ] 2563 of 3000 complete in 514.8 sec
[-----------------85%------------      ] 2566 of 3000 complete in 515.6 sec
[-----------------85%------------      ] 2569 of 3000 complete in 516.3 sec
[-----------------85%------------      ] 2572 of 3000 complete in 517.1 sec
[-----------------85%------------      ] 2575 of 3000 complete in 517.7 sec
[-----------------85%------------      ] 2578 of 3000 complete in 518.5 sec
[-----------------86%------------      ] 2581 of 3000 complete in 519.1 sec
[-----------------86%------------      ] 2584 of 3000 complete in 519.8 sec
[-----------------86%------------      ] 2587 of 3000 complete in 520.5 sec
[-----------------86%------------      ] 2590 of 3000 complete in 521.2 sec
[-----------------86%------------      ] 2593 of 3000 complete in 521.9 sec
[-----------------86%------------      ] 2596 of 3000 complete in 522.5 sec
[-----------------86%------------      ] 2599 of 3000 complete in 523.2 sec
[-----------------86%------------      ] 2602 of 3000 complete in 523.9 sec
[-----------------86%------------      ] 2605 of 3000 complete in 524.5 sec
[-----------------86%-------------     ] 2608 of 3000 complete in 525.2 sec
[-----------------87%-------------     ] 2611 of 3000 complete in 525.8 sec
[-----------------87%-------------     ] 2614 of 3000 complete in 526.5 sec
[-----------------87%-------------     ] 2617 of 3000 complete in 527.1 sec
[-----------------87%-------------     ] 2620 of 3000 complete in 527.8 sec
[-----------------87%-------------     ] 2623 of 3000 complete in 528.4 sec
[-----------------87%-------------     ] 2626 of 3000 complete in 529.1 sec
[-----------------87%-------------     ] 2629 of 3000 complete in 529.8 sec
[-----------------87%-------------     ] 2632 of 3000 complete in 530.5 sec
[-----------------87%-------------     ] 2635 of 3000 complete in 531.1 sec
[-----------------87%-------------     ] 2638 of 3000 complete in 531.8 sec
[-----------------88%-------------     ] 2641 of 3000 complete in 532.5 sec
[-----------------88%-------------     ] 2644 of 3000 complete in 533.2 sec
[-----------------88%-------------     ] 2647 of 3000 complete in 533.9 sec
[-----------------88%-------------     ] 2649 of 3000 complete in 534.4 sec
[-----------------88%-------------     ] 2652 of 3000 complete in 535.1 sec
[-----------------88%-------------     ] 2655 of 3000 complete in 535.9 sec
[-----------------88%-------------     ] 2658 of 3000 complete in 536.6 sec
[-----------------88%-------------     ] 2661 of 3000 complete in 537.3 sec
[-----------------88%-------------     ] 2664 of 3000 complete in 538.0 sec
[-----------------88%-------------     ] 2667 of 3000 complete in 538.6 sec
[-----------------89%-------------     ] 2670 of 3000 complete in 539.2 sec
[-----------------89%-------------     ] 2673 of 3000 complete in 539.9 sec
[-----------------89%-------------     ] 2676 of 3000 complete in 540.5 sec
[-----------------89%-------------     ] 2679 of 3000 complete in 541.1 sec
[-----------------89%-------------     ] 2682 of 3000 complete in 541.8 sec
[-----------------89%--------------    ] 2685 of 3000 complete in 542.4 sec
[-----------------89%--------------    ] 2688 of 3000 complete in 543.2 sec
[-----------------89%--------------    ] 2691 of 3000 complete in 543.9 sec
[-----------------89%--------------    ] 2694 of 3000 complete in 544.6 sec
[-----------------89%--------------    ] 2696 of 3000 complete in 545.1 sec
[-----------------89%--------------    ] 2699 of 3000 complete in 545.9 sec
[-----------------90%--------------    ] 2702 of 3000 complete in 546.6 sec
[-----------------90%--------------    ] 2705 of 3000 complete in 547.3 sec
[-----------------90%--------------    ] 2708 of 3000 complete in 547.9 sec
[-----------------90%--------------    ] 2711 of 3000 complete in 548.5 sec
[-----------------90%--------------    ] 2714 of 3000 complete in 549.2 sec
[-----------------90%--------------    ] 2717 of 3000 complete in 549.9 sec
[-----------------90%--------------    ] 2720 of 3000 complete in 550.6 sec
[-----------------90%--------------    ] 2723 of 3000 complete in 551.3 sec
[-----------------90%--------------    ] 2726 of 3000 complete in 551.9 sec
[-----------------90%--------------    ] 2729 of 3000 complete in 552.5 sec
[-----------------91%--------------    ] 2732 of 3000 complete in 553.1 sec
[-----------------91%--------------    ] 2735 of 3000 complete in 553.7 sec
[-----------------91%--------------    ] 2738 of 3000 complete in 554.3 sec
[-----------------91%--------------    ] 2741 of 3000 complete in 554.9 sec
[-----------------91%--------------    ] 2744 of 3000 complete in 555.6 sec
[-----------------91%--------------    ] 2747 of 3000 complete in 556.3 sec
[-----------------91%--------------    ] 2750 of 3000 complete in 557.0 sec
[-----------------91%--------------    ] 2753 of 3000 complete in 557.6 sec
[-----------------91%--------------    ] 2756 of 3000 complete in 558.2 sec
[-----------------91%--------------    ] 2759 of 3000 complete in 558.9 sec
[-----------------92%--------------    ] 2762 of 3000 complete in 559.5 sec
[-----------------92%---------------   ] 2765 of 3000 complete in 560.1 sec
[-----------------92%---------------   ] 2768 of 3000 complete in 560.8 sec
[-----------------92%---------------   ] 2771 of 3000 complete in 561.4 sec
[-----------------92%---------------   ] 2774 of 3000 complete in 562.1 sec
[-----------------92%---------------   ] 2777 of 3000 complete in 562.7 sec
[-----------------92%---------------   ] 2780 of 3000 complete in 563.3 sec
[-----------------92%---------------   ] 2783 of 3000 complete in 564.0 sec
[-----------------92%---------------   ] 2786 of 3000 complete in 564.6 sec
[-----------------92%---------------   ] 2789 of 3000 complete in 565.3 sec
[-----------------93%---------------   ] 2792 of 3000 complete in 566.0 sec
[-----------------93%---------------   ] 2795 of 3000 complete in 566.6 sec
[-----------------93%---------------   ] 2798 of 3000 complete in 567.3 sec
[-----------------93%---------------   ] 2801 of 3000 complete in 567.9 sec
[-----------------93%---------------   ] 2804 of 3000 complete in 568.5 sec
[-----------------93%---------------   ] 2807 of 3000 complete in 569.2 sec
[-----------------93%---------------   ] 2810 of 3000 complete in 569.9 sec
[-----------------93%---------------   ] 2813 of 3000 complete in 570.6 sec
[-----------------93%---------------   ] 2816 of 3000 complete in 571.3 sec
[-----------------93%---------------   ] 2819 of 3000 complete in 572.0 sec
[-----------------94%---------------   ] 2821 of 3000 complete in 572.6 sec
[-----------------94%---------------   ] 2823 of 3000 complete in 573.1 sec
[-----------------94%---------------   ] 2826 of 3000 complete in 573.8 sec
[-----------------94%---------------   ] 2829 of 3000 complete in 574.4 sec
[-----------------94%---------------   ] 2832 of 3000 complete in 575.2 sec
[-----------------94%---------------   ] 2835 of 3000 complete in 575.9 sec
[-----------------94%---------------   ] 2838 of 3000 complete in 576.5 sec
[-----------------94%---------------   ] 2841 of 3000 complete in 577.1 sec
[-----------------94%----------------  ] 2844 of 3000 complete in 577.7 sec
[-----------------94%----------------  ] 2847 of 3000 complete in 578.3 sec
[-----------------95%----------------  ] 2850 of 3000 complete in 578.9 sec
[-----------------95%----------------  ] 2853 of 3000 complete in 579.6 sec
[-----------------95%----------------  ] 2856 of 3000 complete in 580.2 sec
[-----------------95%----------------  ] 2859 of 3000 complete in 580.7 sec
[-----------------95%----------------  ] 2862 of 3000 complete in 581.4 sec
[-----------------95%----------------  ] 2865 of 3000 complete in 582.1 sec
[-----------------95%----------------  ] 2868 of 3000 complete in 582.8 sec
[-----------------95%----------------  ] 2871 of 3000 complete in 583.4 sec
[-----------------95%----------------  ] 2874 of 3000 complete in 584.1 sec
[-----------------95%----------------  ] 2877 of 3000 complete in 584.8 sec
[-----------------96%----------------  ] 2880 of 3000 complete in 585.4 sec
[-----------------96%----------------  ] 2882 of 3000 complete in 585.9 sec
[-----------------96%----------------  ] 2885 of 3000 complete in 586.6 sec
[-----------------96%----------------  ] 2887 of 3000 complete in 587.1 sec
[-----------------96%----------------  ] 2889 of 3000 complete in 587.6 sec
[-----------------96%----------------  ] 2892 of 3000 complete in 588.3 sec
[-----------------96%----------------  ] 2895 of 3000 complete in 589.0 sec
[-----------------96%----------------  ] 2897 of 3000 complete in 589.5 sec
[-----------------96%----------------  ] 2900 of 3000 complete in 590.3 sec
[-----------------96%----------------  ] 2902 of 3000 complete in 590.8 sec
[-----------------96%----------------  ] 2905 of 3000 complete in 591.5 sec
[-----------------96%----------------  ] 2908 of 3000 complete in 592.1 sec
[-----------------97%----------------  ] 2911 of 3000 complete in 592.9 sec
[-----------------97%----------------  ] 2914 of 3000 complete in 593.6 sec
[-----------------97%----------------  ] 2917 of 3000 complete in 594.2 sec
[-----------------97%----------------  ] 2920 of 3000 complete in 594.8 sec
[-----------------97%----------------- ] 2923 of 3000 complete in 595.4 sec
[-----------------97%----------------- ] 2926 of 3000 complete in 596.1 sec
[-----------------97%----------------- ] 2929 of 3000 complete in 596.8 sec
[-----------------97%----------------- ] 2932 of 3000 complete in 597.3 sec
[-----------------97%----------------- ] 2935 of 3000 complete in 598.0 sec
[-----------------97%----------------- ] 2938 of 3000 complete in 598.7 sec
[-----------------98%----------------- ] 2941 of 3000 complete in 599.4 sec
[-----------------98%----------------- ] 2944 of 3000 complete in 600.1 sec
[-----------------98%----------------- ] 2947 of 3000 complete in 600.8 sec
[-----------------98%----------------- ] 2950 of 3000 complete in 601.4 sec
[-----------------98%----------------- ] 2953 of 3000 complete in 602.0 sec
[-----------------98%----------------- ] 2956 of 3000 complete in 602.7 sec
[-----------------98%----------------- ] 2959 of 3000 complete in 603.3 sec
[-----------------98%----------------- ] 2962 of 3000 complete in 604.1 sec
[-----------------98%----------------- ] 2965 of 3000 complete in 604.8 sec
[-----------------98%----------------- ] 2968 of 3000 complete in 605.4 sec
[-----------------99%----------------- ] 2971 of 3000 complete in 606.0 sec
[-----------------99%----------------- ] 2974 of 3000 complete in 606.7 sec
[-----------------99%----------------- ] 2977 of 3000 complete in 607.3 sec
[-----------------99%----------------- ] 2980 of 3000 complete in 607.9 sec
[-----------------99%----------------- ] 2983 of 3000 complete in 608.6 sec
[-----------------99%----------------- ] 2986 of 3000 complete in 609.2 sec
[-----------------99%----------------- ] 2989 of 3000 complete in 609.9 sec
[-----------------99%----------------- ] 2992 of 3000 complete in 610.6 sec
[-----------------99%----------------- ] 2995 of 3000 complete in 611.3 sec
[-----------------99%----------------- ] 2998 of 3000 complete in 612.0 sec
[-----------------100%-----------------] 3001 of 3000 complete in 612.7 sec
hddm sampling elpased time:  612.776 s
[fit_one_hddm] 完成 cond1_rep1_censor（10.2 分钟）→ /home/jovyan/work/2_Data/Generate_Data/TenRules_Revision_20260912/param_recovery/fits/censor
