[fit_one_hddm] cond6_rep2_censor: 10 被试 / 2600 试次 / omission=0.022 / p_outlier=0.0
[fit_one_hddm] 设置 z 默认值失败（忽略）：'z'
No model attribute --> setting up standard HDDM
Set model to ddm
[                  0%                  ] 9 of 3000 complete in 0.5 sec
[                  0%                  ] 21 of 3000 complete in 1.1 sec
[                  1%                  ] 32 of 3000 complete in 1.6 sec
[                  1%                  ] 43 of 3000 complete in 2.1 sec
[                  1%                  ] 54 of 3000 complete in 2.7 sec
[                  2%                  ] 64 of 3000 complete in 3.2 sec
[                  2%                  ] 73 of 3000 complete in 3.7 sec
[-                 2%                  ] 82 of 3000 complete in 4.2 sec
[-                 3%                  ] 91 of 3000 complete in 4.8 sec
[-                 3%                  ] 100 of 3000 complete in 5.3 sec
[-                 3%                  ] 110 of 3000 complete in 5.8 sec
[-                 3%                  ] 119 of 3000 complete in 6.4 sec
[-                 4%                  ] 127 of 3000 complete in 6.9 sec
[-                 4%                  ] 136 of 3000 complete in 7.4 sec
[-                 4%                  ] 144 of 3000 complete in 7.9 sec
[-                 5%                  ] 152 of 3000 complete in 8.4 sec
[--                5%                  ] 160 of 3000 complete in 9.0 sec
[--                5%                  ] 167 of 3000 complete in 9.5 sec
[--                5%                  ] 175 of 3000 complete in 10.0 sec
[--                6%                  ] 183 of 3000 complete in 10.5 sec
[--                6%                  ] 192 of 3000 complete in 11.1 sec
[--                6%                  ] 202 of 3000 complete in 11.6 sec
[--                7%                  ] 212 of 3000 complete in 12.2 sec
[--                7%                  ] 222 of 3000 complete in 12.7 sec
[--                7%                  ] 233 of 3000 complete in 13.2 sec
[---               8%                  ] 243 of 3000 complete in 13.7 sec
[---               8%                  ] 254 of 3000 complete in 14.2 sec
[---               8%                  ] 264 of 3000 complete in 14.7 sec
[---               9%                  ] 275 of 3000 complete in 15.2 sec
[---               9%                  ] 286 of 3000 complete in 15.8 sec
[---               9%                  ] 297 of 3000 complete in 16.3 sec
[---              10%                  ] 312 of 3000 complete in 16.8 sec
[----             10%                  ] 328 of 3000 complete in 17.3 sec
[----             11%                  ] 342 of 3000 complete in 17.8 sec
[----             11%                  ] 355 of 3000 complete in 18.4 sec
[----             12%                  ] 369 of 3000 complete in 18.9 sec
[----             12%                  ] 382 of 3000 complete in 19.4 sec
[-----            13%                  ] 396 of 3000 complete in 19.9 sec
[-----            13%                  ] 411 of 3000 complete in 20.4 sec
[-----            14%                  ] 427 of 3000 complete in 20.9 sec
[-----            14%                  ] 442 of 3000 complete in 21.5 sec
[-----            15%                  ] 457 of 3000 complete in 22.0 sec
[-----            15%                  ] 472 of 3000 complete in 22.5 sec
[------           16%                  ] 486 of 3000 complete in 23.0 sec
[------           16%                  ] 500 of 3000 complete in 23.5 sec
[------           17%                  ] 516 of 3000 complete in 24.1 sec
[------           17%                  ] 531 of 3000 complete in 24.6 sec
[------           18%                  ] 546 of 3000 complete in 25.1 sec
[-------          18%                  ] 560 of 3000 complete in 25.6 sec
[-------          19%                  ] 574 of 3000 complete in 26.1 sec
[-------          19%                  ] 588 of 3000 complete in 26.6 sec
[-------          20%                  ] 603 of 3000 complete in 27.2 sec
[-------          20%                  ] 618 of 3000 complete in 27.7 sec
[--------         21%                  ] 633 of 3000 complete in 28.2 sec
[--------         21%                  ] 648 of 3000 complete in 28.7 sec
[--------         22%                  ] 660 of 3000 complete in 29.2 sec
[--------         22%                  ] 672 of 3000 complete in 29.7 sec
[--------         22%                  ] 685 of 3000 complete in 30.3 sec
[--------         23%                  ] 697 of 3000 complete in 30.8 sec
[--------         23%                  ] 710 of 3000 complete in 31.3 sec
[---------        24%                  ] 723 of 3000 complete in 31.9 sec
[---------        24%                  ] 736 of 3000 complete in 32.4 sec
[---------        25%                  ] 750 of 3000 complete in 32.9 sec
[---------        25%                  ] 763 of 3000 complete in 33.4 sec
[---------        25%                  ] 777 of 3000 complete in 33.9 sec
[----------       26%                  ] 790 of 3000 complete in 34.4 sec
[----------       26%                  ] 805 of 3000 complete in 35.0 sec
[----------       27%                  ] 820 of 3000 complete in 35.5 sec
[----------       27%                  ] 834 of 3000 complete in 36.0 sec
[----------       28%                  ] 847 of 3000 complete in 36.5 sec
[----------       28%                  ] 860 of 3000 complete in 37.0 sec
[-----------      29%                  ] 874 of 3000 complete in 37.6 sec
[-----------      29%                  ] 888 of 3000 complete in 38.1 sec
[-----------      30%                  ] 902 of 3000 complete in 38.6 sec
[-----------      30%                  ] 916 of 3000 complete in 39.1 sec
[-----------      31%                  ] 931 of 3000 complete in 39.6 sec
[-----------      31%                  ] 945 of 3000 complete in 40.1 sec
[------------     32%                  ] 960 of 3000 complete in 40.7 sec
[------------     32%                  ] 975 of 3000 complete in 41.2 sec
[------------     32%                  ] 989 of 3000 complete in 41.7 sec
[------------     33%                  ] 1002 of 3000 complete in 42.2 sec
[------------     33%                  ] 1016 of 3000 complete in 42.7 sec
[-------------    34%                  ] 1031 of 3000 complete in 43.2 sec
[-------------    34%                  ] 1045 of 3000 complete in 43.7 sec
[-------------    35%                  ] 1061 of 3000 complete in 44.3 sec
[-------------    35%                  ] 1076 of 3000 complete in 44.8 sec
[-------------    36%                  ] 1092 of 3000 complete in 45.3 sec
[--------------   36%                  ] 1106 of 3000 complete in 45.8 sec
[--------------   37%                  ] 1119 of 3000 complete in 46.4 sec
[--------------   37%                  ] 1133 of 3000 complete in 46.9 sec
[--------------   38%                  ] 1147 of 3000 complete in 47.4 sec
[--------------   38%                  ] 1160 of 3000 complete in 47.9 sec
[--------------   39%                  ] 1174 of 3000 complete in 48.5 sec
[---------------  39%                  ] 1188 of 3000 complete in 49.0 sec
[---------------  40%                  ] 1202 of 3000 complete in 49.5 sec
[---------------  40%                  ] 1217 of 3000 complete in 50.0 sec
[---------------  41%                  ] 1232 of 3000 complete in 50.5 sec
[---------------  41%                  ] 1247 of 3000 complete in 51.0 sec
[---------------  42%                  ] 1262 of 3000 complete in 51.6 sec
[---------------- 42%                  ] 1278 of 3000 complete in 52.1 sec
[---------------- 43%                  ] 1294 of 3000 complete in 52.6 sec
[---------------- 43%                  ] 1309 of 3000 complete in 53.1 sec
[---------------- 44%                  ] 1324 of 3000 complete in 53.7 sec
[---------------- 44%                  ] 1340 of 3000 complete in 54.2 sec
[-----------------45%                  ] 1354 of 3000 complete in 54.7 sec
[-----------------45%                  ] 1368 of 3000 complete in 55.2 sec
[-----------------46%                  ] 1381 of 3000 complete in 55.7 sec
[-----------------46%                  ] 1394 of 3000 complete in 56.2 sec
[-----------------46%                  ] 1407 of 3000 complete in 56.7 sec
[-----------------47%                  ] 1421 of 3000 complete in 57.3 sec
[-----------------47%                  ] 1435 of 3000 complete in 57.8 sec
[-----------------48%                  ] 1449 of 3000 complete in 58.3 sec
[-----------------48%                  ] 1463 of 3000 complete in 58.8 sec
[-----------------49%                  ] 1477 of 3000 complete in 59.4 sec
[-----------------49%                  ] 1491 of 3000 complete in 59.9 sec
[-----------------50%                  ] 1506 of 3000 complete in 60.4 sec
[-----------------50%                  ] 1521 of 3000 complete in 60.9 sec
[-----------------51%                  ] 1537 of 3000 complete in 61.4 sec
[-----------------51%                  ] 1553 of 3000 complete in 62.0 sec
[-----------------52%                  ] 1567 of 3000 complete in 62.5 sec
[-----------------52%                  ] 1582 of 3000 complete in 63.0 sec
[-----------------53%                  ] 1596 of 3000 complete in 63.5 sec
[-----------------53%                  ] 1611 of 3000 complete in 64.0 sec
[-----------------54%                  ] 1624 of 3000 complete in 64.6 sec
[-----------------54%                  ] 1638 of 3000 complete in 65.1 sec
[-----------------55%                  ] 1652 of 3000 complete in 65.6 sec
[-----------------55%-                 ] 1666 of 3000 complete in 66.1 sec
[-----------------55%-                 ] 1678 of 3000 complete in 66.6 sec
[-----------------56%-                 ] 1689 of 3000 complete in 67.1 sec
[-----------------56%-                 ] 1701 of 3000 complete in 67.6 sec
[-----------------57%-                 ] 1714 of 3000 complete in 68.2 sec
[-----------------57%-                 ] 1727 of 3000 complete in 68.7 sec
[-----------------58%--                ] 1740 of 3000 complete in 69.2 sec
[-----------------58%--                ] 1754 of 3000 complete in 69.7 sec
[-----------------58%--                ] 1769 of 3000 complete in 70.2 sec
[-----------------59%--                ] 1783 of 3000 complete in 70.8 sec
[-----------------59%--                ] 1797 of 3000 complete in 71.3 sec
[-----------------60%--                ] 1809 of 3000 complete in 71.8 sec
[-----------------60%---               ] 1822 of 3000 complete in 72.3 sec
[-----------------61%---               ] 1834 of 3000 complete in 72.8 sec
[-----------------61%---               ] 1846 of 3000 complete in 73.4 sec
[-----------------61%---               ] 1859 of 3000 complete in 73.9 sec
[-----------------62%---               ] 1873 of 3000 complete in 74.4 sec
[-----------------62%---               ] 1887 of 3000 complete in 74.9 sec
[-----------------63%----              ] 1900 of 3000 complete in 75.5 sec
[-----------------63%----              ] 1911 of 3000 complete in 76.0 sec
[-----------------64%----              ] 1922 of 3000 complete in 76.5 sec
[-----------------64%----              ] 1936 of 3000 complete in 77.0 sec
[-----------------65%----              ] 1952 of 3000 complete in 77.6 sec
[-----------------65%----              ] 1967 of 3000 complete in 78.1 sec
[-----------------66%-----             ] 1981 of 3000 complete in 78.6 sec
[-----------------66%-----             ] 1994 of 3000 complete in 79.1 sec
[-----------------66%-----             ] 2007 of 3000 complete in 79.7 sec
[-----------------67%-----             ] 2020 of 3000 complete in 80.2 sec
[-----------------67%-----             ] 2033 of 3000 complete in 80.7 sec
[-----------------68%-----             ] 2045 of 3000 complete in 81.3 sec
[-----------------68%------            ] 2056 of 3000 complete in 81.8 sec
[-----------------68%------            ] 2068 of 3000 complete in 82.3 sec
[-----------------69%------            ] 2081 of 3000 complete in 82.8 sec
[-----------------69%------            ] 2096 of 3000 complete in 83.4 sec
[-----------------70%------            ] 2112 of 3000 complete in 83.9 sec
[-----------------70%------            ] 2128 of 3000 complete in 84.4 sec
[-----------------71%-------           ] 2143 of 3000 complete in 84.9 sec
[-----------------71%-------           ] 2158 of 3000 complete in 85.4 sec
[-----------------72%-------           ] 2174 of 3000 complete in 85.9 sec
[-----------------73%-------           ] 2190 of 3000 complete in 86.5 sec
[-----------------73%-------           ] 2206 of 3000 complete in 87.0 sec
[-----------------73%--------          ] 2219 of 3000 complete in 87.5 sec
[-----------------74%--------          ] 2234 of 3000 complete in 88.0 sec
[-----------------74%--------          ] 2248 of 3000 complete in 88.6 sec
[-----------------75%--------          ] 2262 of 3000 complete in 89.1 sec
[-----------------75%--------          ] 2276 of 3000 complete in 89.6 sec
[-----------------76%---------         ] 2290 of 3000 complete in 90.1 sec
[-----------------76%---------         ] 2304 of 3000 complete in 90.6 sec
[-----------------77%---------         ] 2318 of 3000 complete in 91.1 sec
[-----------------77%---------         ] 2333 of 3000 complete in 91.7 sec
[-----------------78%---------         ] 2348 of 3000 complete in 92.2 sec
[-----------------78%---------         ] 2363 of 3000 complete in 92.7 sec
[-----------------79%----------        ] 2379 of 3000 complete in 93.2 sec
[-----------------79%----------        ] 2393 of 3000 complete in 93.8 sec
[-----------------80%----------        ] 2407 of 3000 complete in 94.3 sec
[-----------------80%----------        ] 2421 of 3000 complete in 94.8 sec
[-----------------81%----------        ] 2436 of 3000 complete in 95.3 sec
[-----------------81%-----------       ] 2451 of 3000 complete in 95.8 sec
[-----------------82%-----------       ] 2466 of 3000 complete in 96.4 sec
[-----------------82%-----------       ] 2482 of 3000 complete in 96.9 sec
[-----------------83%-----------       ] 2497 of 3000 complete in 97.4 sec
[-----------------83%-----------       ] 2510 of 3000 complete in 97.9 sec
[-----------------84%-----------       ] 2525 of 3000 complete in 98.4 sec
[-----------------84%------------      ] 2540 of 3000 complete in 98.9 sec
[-----------------85%------------      ] 2554 of 3000 complete in 99.4 sec
[-----------------85%------------      ] 2569 of 3000 complete in 100.0 sec
[-----------------86%------------      ] 2584 of 3000 complete in 100.5 sec
[-----------------86%------------      ] 2598 of 3000 complete in 101.0 sec
[-----------------87%-------------     ] 2612 of 3000 complete in 101.5 sec
[-----------------87%-------------     ] 2625 of 3000 complete in 102.0 sec
[-----------------87%-------------     ] 2639 of 3000 complete in 102.6 sec
[-----------------88%-------------     ] 2652 of 3000 complete in 103.1 sec
[-----------------88%-------------     ] 2665 of 3000 complete in 103.6 sec
[-----------------89%-------------     ] 2680 of 3000 complete in 104.1 sec
[-----------------89%--------------    ] 2696 of 3000 complete in 104.6 sec
[-----------------90%--------------    ] 2712 of 3000 complete in 105.1 sec
[-----------------90%--------------    ] 2727 of 3000 complete in 105.7 sec
[-----------------91%--------------    ] 2740 of 3000 complete in 106.2 sec
[-----------------91%--------------    ] 2752 of 3000 complete in 106.7 sec
[-----------------92%---------------   ] 2764 of 3000 complete in 107.2 sec
[-----------------92%---------------   ] 2776 of 3000 complete in 107.7 sec
[-----------------92%---------------   ] 2787 of 3000 complete in 108.3 sec
[-----------------93%---------------   ] 2797 of 3000 complete in 108.8 sec
[-----------------93%---------------   ] 2807 of 3000 complete in 109.3 sec
[-----------------93%---------------   ] 2818 of 3000 complete in 109.9 sec
[-----------------94%---------------   ] 2830 of 3000 complete in 110.4 sec
[-----------------94%---------------   ] 2842 of 3000 complete in 110.9 sec
[-----------------95%----------------  ] 2854 of 3000 complete in 111.4 sec
[-----------------95%----------------  ] 2867 of 3000 complete in 112.0 sec
[-----------------96%----------------  ] 2882 of 3000 complete in 112.5 sec
[-----------------96%----------------  ] 2897 of 3000 complete in 113.0 sec
[-----------------97%----------------  ] 2910 of 3000 complete in 113.5 sec
[-----------------97%----------------- ] 2923 of 3000 complete in 114.0 sec
[-----------------97%----------------- ] 2936 of 3000 complete in 114.6 sec
[-----------------98%----------------- ] 2950 of 3000 complete in 115.1 sec
[-----------------98%----------------- ] 2966 of 3000 complete in 115.6 sec
[-----------------99%----------------- ] 2981 of 3000 complete in 116.1 sec
[-----------------99%----------------- ] 2997 of 3000 complete in 116.6 sec
[-----------------100%-----------------] 3000 of 3000 complete in 116.8 sec
hddm sampling elpased time:  116.849 s
[fit_one_hddm] 完成 cond6_rep2_censor（1.9 分钟）→ /home/jovyan/work/2_Data/Generate_Data/TenRules_Revision_20260912/param_recovery/fits/censor
