[fit_one_hddm] cond5_rep2_censor: 11 被试 / 2860 试次 / omission=0.145 / p_outlier=0.0
[fit_one_hddm] 设置 z 默认值失败（忽略）：'z'
No model attribute --> setting up standard HDDM
Set model to ddm
[                  0%                  ] 13 of 3000 complete in 0.5 sec
[                  0%                  ] 27 of 3000 complete in 1.0 sec
[                  1%                  ] 40 of 3000 complete in 1.6 sec
[                  1%                  ] 54 of 3000 complete in 2.1 sec
[                  2%                  ] 68 of 3000 complete in 2.6 sec
[-                 2%                  ] 81 of 3000 complete in 3.1 sec
[-                 3%                  ] 94 of 3000 complete in 3.7 sec
[-                 3%                  ] 108 of 3000 complete in 4.2 sec
[-                 4%                  ] 122 of 3000 complete in 4.7 sec
[-                 4%                  ] 136 of 3000 complete in 5.2 sec
[-                 4%                  ] 149 of 3000 complete in 5.7 sec
[--                5%                  ] 162 of 3000 complete in 6.3 sec
[--                5%                  ] 174 of 3000 complete in 6.8 sec
[--                6%                  ] 185 of 3000 complete in 7.3 sec
[--                6%                  ] 198 of 3000 complete in 7.8 sec
[--                7%                  ] 210 of 3000 complete in 8.3 sec
[--                7%                  ] 221 of 3000 complete in 8.9 sec
[--                7%                  ] 232 of 3000 complete in 9.4 sec
[---               8%                  ] 244 of 3000 complete in 9.9 sec
[---               8%                  ] 257 of 3000 complete in 10.4 sec
[---               8%                  ] 269 of 3000 complete in 11.0 sec
[---               9%                  ] 281 of 3000 complete in 11.5 sec
[---               9%                  ] 294 of 3000 complete in 12.0 sec
[---              10%                  ] 308 of 3000 complete in 12.5 sec
[----             10%                  ] 322 of 3000 complete in 13.1 sec
[----             11%                  ] 336 of 3000 complete in 13.6 sec
[----             11%                  ] 349 of 3000 complete in 14.1 sec
[----             12%                  ] 362 of 3000 complete in 14.6 sec
[----             12%                  ] 375 of 3000 complete in 15.1 sec
[----             12%                  ] 389 of 3000 complete in 15.7 sec
[-----            13%                  ] 402 of 3000 complete in 16.2 sec
[-----            13%                  ] 413 of 3000 complete in 16.7 sec
[-----            14%                  ] 425 of 3000 complete in 17.2 sec
[-----            14%                  ] 436 of 3000 complete in 17.8 sec
[-----            14%                  ] 448 of 3000 complete in 18.3 sec
[-----            15%                  ] 460 of 3000 complete in 18.8 sec
[-----            15%                  ] 471 of 3000 complete in 19.3 sec
[------           16%                  ] 483 of 3000 complete in 19.9 sec
[------           16%                  ] 494 of 3000 complete in 20.4 sec
[------           16%                  ] 505 of 3000 complete in 20.9 sec
[------           17%                  ] 517 of 3000 complete in 21.5 sec
[------           17%                  ] 528 of 3000 complete in 22.0 sec
[------           17%                  ] 539 of 3000 complete in 22.5 sec
[------           18%                  ] 550 of 3000 complete in 23.0 sec
[-------          18%                  ] 562 of 3000 complete in 23.5 sec
[-------          19%                  ] 573 of 3000 complete in 24.1 sec
[-------          19%                  ] 584 of 3000 complete in 24.6 sec
[-------          19%                  ] 595 of 3000 complete in 25.1 sec
[-------          20%                  ] 607 of 3000 complete in 25.6 sec
[-------          20%                  ] 620 of 3000 complete in 26.1 sec
[--------         21%                  ] 634 of 3000 complete in 26.7 sec
[--------         21%                  ] 648 of 3000 complete in 27.2 sec
[--------         22%                  ] 661 of 3000 complete in 27.7 sec
[--------         22%                  ] 674 of 3000 complete in 28.3 sec
[--------         22%                  ] 687 of 3000 complete in 28.8 sec
[--------         23%                  ] 701 of 3000 complete in 29.3 sec
[---------        23%                  ] 715 of 3000 complete in 29.8 sec
[---------        24%                  ] 727 of 3000 complete in 30.3 sec
[---------        24%                  ] 739 of 3000 complete in 30.9 sec
[---------        25%                  ] 752 of 3000 complete in 31.4 sec
[---------        25%                  ] 765 of 3000 complete in 32.0 sec
[---------        25%                  ] 778 of 3000 complete in 32.5 sec
[----------       26%                  ] 791 of 3000 complete in 33.0 sec
[----------       26%                  ] 803 of 3000 complete in 33.5 sec
[----------       27%                  ] 815 of 3000 complete in 34.0 sec
[----------       27%                  ] 828 of 3000 complete in 34.5 sec
[----------       28%                  ] 840 of 3000 complete in 35.0 sec
[----------       28%                  ] 853 of 3000 complete in 35.6 sec
[----------       28%                  ] 866 of 3000 complete in 36.1 sec
[-----------      29%                  ] 880 of 3000 complete in 36.6 sec
[-----------      29%                  ] 892 of 3000 complete in 37.1 sec
[-----------      30%                  ] 905 of 3000 complete in 37.6 sec
[-----------      30%                  ] 918 of 3000 complete in 38.1 sec
[-----------      31%                  ] 932 of 3000 complete in 38.7 sec
[-----------      31%                  ] 945 of 3000 complete in 39.2 sec
[------------     31%                  ] 959 of 3000 complete in 39.7 sec
[------------     32%                  ] 972 of 3000 complete in 40.2 sec
[------------     32%                  ] 985 of 3000 complete in 40.7 sec
[------------     33%                  ] 998 of 3000 complete in 41.3 sec
[------------     33%                  ] 1012 of 3000 complete in 41.8 sec
[------------     34%                  ] 1026 of 3000 complete in 42.3 sec
[-------------    34%                  ] 1039 of 3000 complete in 42.8 sec
[-------------    35%                  ] 1053 of 3000 complete in 43.4 sec
[-------------    35%                  ] 1067 of 3000 complete in 43.9 sec
[-------------    35%                  ] 1079 of 3000 complete in 44.4 sec
[-------------    36%                  ] 1091 of 3000 complete in 44.9 sec
[-------------    36%                  ] 1103 of 3000 complete in 45.5 sec
[--------------   37%                  ] 1114 of 3000 complete in 46.0 sec
[--------------   37%                  ] 1126 of 3000 complete in 46.5 sec
[--------------   37%                  ] 1138 of 3000 complete in 47.0 sec
[--------------   38%                  ] 1150 of 3000 complete in 47.5 sec
[--------------   38%                  ] 1163 of 3000 complete in 48.0 sec
[--------------   39%                  ] 1178 of 3000 complete in 48.6 sec
[---------------  39%                  ] 1192 of 3000 complete in 49.1 sec
[---------------  40%                  ] 1206 of 3000 complete in 49.6 sec
[---------------  40%                  ] 1220 of 3000 complete in 50.2 sec
[---------------  41%                  ] 1233 of 3000 complete in 50.7 sec
[---------------  41%                  ] 1245 of 3000 complete in 51.2 sec
[---------------  41%                  ] 1258 of 3000 complete in 51.7 sec
[---------------- 42%                  ] 1270 of 3000 complete in 52.2 sec
[---------------- 42%                  ] 1282 of 3000 complete in 52.8 sec
[---------------- 43%                  ] 1294 of 3000 complete in 53.3 sec
[---------------- 43%                  ] 1306 of 3000 complete in 53.8 sec
[---------------- 43%                  ] 1318 of 3000 complete in 54.3 sec
[---------------- 44%                  ] 1329 of 3000 complete in 54.9 sec
[---------------- 44%                  ] 1341 of 3000 complete in 55.4 sec
[-----------------45%                  ] 1354 of 3000 complete in 55.9 sec
[-----------------45%                  ] 1367 of 3000 complete in 56.4 sec
[-----------------45%                  ] 1379 of 3000 complete in 56.9 sec
[-----------------46%                  ] 1392 of 3000 complete in 57.5 sec
[-----------------46%                  ] 1404 of 3000 complete in 58.0 sec
[-----------------47%                  ] 1417 of 3000 complete in 58.5 sec
[-----------------47%                  ] 1430 of 3000 complete in 59.0 sec
[-----------------48%                  ] 1443 of 3000 complete in 59.5 sec
[-----------------48%                  ] 1456 of 3000 complete in 60.1 sec
[-----------------48%                  ] 1469 of 3000 complete in 60.6 sec
[-----------------49%                  ] 1483 of 3000 complete in 61.1 sec
[-----------------49%                  ] 1497 of 3000 complete in 61.6 sec
[-----------------50%                  ] 1511 of 3000 complete in 62.1 sec
[-----------------50%                  ] 1526 of 3000 complete in 62.6 sec
[-----------------51%                  ] 1539 of 3000 complete in 63.2 sec
[-----------------51%                  ] 1552 of 3000 complete in 63.7 sec
[-----------------52%                  ] 1564 of 3000 complete in 64.2 sec
[-----------------52%                  ] 1577 of 3000 complete in 64.7 sec
[-----------------53%                  ] 1591 of 3000 complete in 65.2 sec
[-----------------53%                  ] 1605 of 3000 complete in 65.8 sec
[-----------------53%                  ] 1618 of 3000 complete in 66.3 sec
[-----------------54%                  ] 1631 of 3000 complete in 66.8 sec
[-----------------54%                  ] 1644 of 3000 complete in 67.4 sec
[-----------------55%                  ] 1656 of 3000 complete in 67.9 sec
[-----------------55%-                 ] 1669 of 3000 complete in 68.4 sec
[-----------------56%-                 ] 1682 of 3000 complete in 68.9 sec
[-----------------56%-                 ] 1694 of 3000 complete in 69.4 sec
[-----------------56%-                 ] 1706 of 3000 complete in 69.9 sec
[-----------------57%-                 ] 1718 of 3000 complete in 70.5 sec
[-----------------57%-                 ] 1730 of 3000 complete in 71.0 sec
[-----------------58%--                ] 1742 of 3000 complete in 71.5 sec
[-----------------58%--                ] 1755 of 3000 complete in 72.0 sec
[-----------------58%--                ] 1769 of 3000 complete in 72.6 sec
[-----------------59%--                ] 1783 of 3000 complete in 73.1 sec
[-----------------59%--                ] 1797 of 3000 complete in 73.6 sec
[-----------------60%--                ] 1810 of 3000 complete in 74.1 sec
[-----------------60%---               ] 1822 of 3000 complete in 74.6 sec
[-----------------61%---               ] 1835 of 3000 complete in 75.1 sec
[-----------------61%---               ] 1847 of 3000 complete in 75.6 sec
[-----------------61%---               ] 1859 of 3000 complete in 76.2 sec
[-----------------62%---               ] 1871 of 3000 complete in 76.7 sec
[-----------------62%---               ] 1883 of 3000 complete in 77.2 sec
[-----------------63%---               ] 1894 of 3000 complete in 77.8 sec
[-----------------63%----              ] 1905 of 3000 complete in 78.3 sec
[-----------------63%----              ] 1916 of 3000 complete in 78.9 sec
[-----------------64%----              ] 1927 of 3000 complete in 79.4 sec
[-----------------64%----              ] 1938 of 3000 complete in 79.9 sec
[-----------------64%----              ] 1949 of 3000 complete in 80.4 sec
[-----------------65%----              ] 1961 of 3000 complete in 80.9 sec
[-----------------65%-----             ] 1974 of 3000 complete in 81.4 sec
[-----------------66%-----             ] 1986 of 3000 complete in 82.0 sec
[-----------------66%-----             ] 2000 of 3000 complete in 82.5 sec
[-----------------67%-----             ] 2014 of 3000 complete in 83.0 sec
[-----------------67%-----             ] 2027 of 3000 complete in 83.5 sec
[-----------------68%-----             ] 2041 of 3000 complete in 84.0 sec
[-----------------68%------            ] 2054 of 3000 complete in 84.6 sec
[-----------------68%------            ] 2067 of 3000 complete in 85.1 sec
[-----------------69%------            ] 2080 of 3000 complete in 85.6 sec
[-----------------69%------            ] 2092 of 3000 complete in 86.1 sec
[-----------------70%------            ] 2104 of 3000 complete in 86.6 sec
[-----------------70%------            ] 2116 of 3000 complete in 87.1 sec
[-----------------71%------            ] 2130 of 3000 complete in 87.6 sec
[-----------------71%-------           ] 2143 of 3000 complete in 88.1 sec
[-----------------71%-------           ] 2157 of 3000 complete in 88.6 sec
[-----------------72%-------           ] 2171 of 3000 complete in 89.1 sec
[-----------------72%-------           ] 2185 of 3000 complete in 89.7 sec
[-----------------73%-------           ] 2199 of 3000 complete in 90.2 sec
[-----------------73%--------          ] 2212 of 3000 complete in 90.7 sec
[-----------------74%--------          ] 2225 of 3000 complete in 91.2 sec
[-----------------74%--------          ] 2238 of 3000 complete in 91.7 sec
[-----------------75%--------          ] 2252 of 3000 complete in 92.2 sec
[-----------------75%--------          ] 2266 of 3000 complete in 92.8 sec
[-----------------76%--------          ] 2280 of 3000 complete in 93.3 sec
[-----------------76%---------         ] 2294 of 3000 complete in 93.8 sec
[-----------------76%---------         ] 2308 of 3000 complete in 94.3 sec
[-----------------77%---------         ] 2321 of 3000 complete in 94.8 sec
[-----------------77%---------         ] 2334 of 3000 complete in 95.3 sec
[-----------------78%---------         ] 2347 of 3000 complete in 95.9 sec
[-----------------78%---------         ] 2360 of 3000 complete in 96.4 sec
[-----------------79%----------        ] 2373 of 3000 complete in 96.9 sec
[-----------------79%----------        ] 2384 of 3000 complete in 97.5 sec
[-----------------79%----------        ] 2394 of 3000 complete in 98.0 sec
[-----------------80%----------        ] 2404 of 3000 complete in 98.5 sec
[-----------------80%----------        ] 2416 of 3000 complete in 99.0 sec
[-----------------80%----------        ] 2429 of 3000 complete in 99.6 sec
[-----------------81%----------        ] 2442 of 3000 complete in 100.1 sec
[-----------------81%-----------       ] 2455 of 3000 complete in 100.6 sec
[-----------------82%-----------       ] 2468 of 3000 complete in 101.1 sec
[-----------------82%-----------       ] 2482 of 3000 complete in 101.7 sec
[-----------------83%-----------       ] 2495 of 3000 complete in 102.2 sec
[-----------------83%-----------       ] 2508 of 3000 complete in 102.7 sec
[-----------------84%-----------       ] 2522 of 3000 complete in 103.2 sec
[-----------------84%------------      ] 2536 of 3000 complete in 103.7 sec
[-----------------84%------------      ] 2549 of 3000 complete in 104.3 sec
[-----------------85%------------      ] 2562 of 3000 complete in 104.8 sec
[-----------------85%------------      ] 2575 of 3000 complete in 105.3 sec
[-----------------86%------------      ] 2588 of 3000 complete in 105.8 sec
[-----------------86%------------      ] 2601 of 3000 complete in 106.4 sec
[-----------------87%-------------     ] 2614 of 3000 complete in 106.9 sec
[-----------------87%-------------     ] 2627 of 3000 complete in 107.4 sec
[-----------------88%-------------     ] 2641 of 3000 complete in 107.9 sec
[-----------------88%-------------     ] 2654 of 3000 complete in 108.4 sec
[-----------------88%-------------     ] 2666 of 3000 complete in 108.9 sec
[-----------------89%-------------     ] 2678 of 3000 complete in 109.4 sec
[-----------------89%--------------    ] 2691 of 3000 complete in 109.9 sec
[-----------------90%--------------    ] 2704 of 3000 complete in 110.5 sec
[-----------------90%--------------    ] 2717 of 3000 complete in 111.0 sec
[-----------------91%--------------    ] 2730 of 3000 complete in 111.5 sec
[-----------------91%--------------    ] 2743 of 3000 complete in 112.0 sec
[-----------------91%--------------    ] 2756 of 3000 complete in 112.5 sec
[-----------------92%---------------   ] 2769 of 3000 complete in 113.1 sec
[-----------------92%---------------   ] 2781 of 3000 complete in 113.6 sec
[-----------------93%---------------   ] 2792 of 3000 complete in 114.1 sec
[-----------------93%---------------   ] 2802 of 3000 complete in 114.6 sec
[-----------------93%---------------   ] 2813 of 3000 complete in 115.1 sec
[-----------------94%---------------   ] 2824 of 3000 complete in 115.6 sec
[-----------------94%---------------   ] 2836 of 3000 complete in 116.1 sec
[-----------------94%----------------  ] 2849 of 3000 complete in 116.7 sec
[-----------------95%----------------  ] 2862 of 3000 complete in 117.2 sec
[-----------------95%----------------  ] 2874 of 3000 complete in 117.7 sec
[-----------------96%----------------  ] 2886 of 3000 complete in 118.3 sec
[-----------------96%----------------  ] 2897 of 3000 complete in 118.8 sec
[-----------------96%----------------  ] 2909 of 3000 complete in 119.3 sec
[-----------------97%----------------  ] 2920 of 3000 complete in 119.8 sec
[-----------------97%----------------- ] 2931 of 3000 complete in 120.3 sec
[-----------------98%----------------- ] 2943 of 3000 complete in 120.8 sec
[-----------------98%----------------- ] 2955 of 3000 complete in 121.3 sec
[-----------------98%----------------- ] 2966 of 3000 complete in 121.9 sec
[-----------------99%----------------- ] 2977 of 3000 complete in 122.4 sec
[-----------------99%----------------- ] 2987 of 3000 complete in 122.9 sec
[-----------------99%----------------- ] 2998 of 3000 complete in 123.4 sec
[-----------------100%-----------------] 3000 of 3000 complete in 123.6 sec
hddm sampling elpased time:  123.674 s
[fit_one_hddm] 完成 cond5_rep2_censor（2.1 分钟）→ /home/jovyan/work/2_Data/Generate_Data/TenRules_Revision_20260912/param_recovery/fits/censor
