[fit_one_hddm] cond1_rep3_censor: 11 被试 / 2860 试次 / omission=0.995 / p_outlier=0.0
[fit_one_hddm] 设置 z 默认值失败（忽略）：'z'
No model attribute --> setting up standard HDDM
Set model to ddm
[                  0%                  ] 10 of 3000 complete in 0.5 sec
[                  0%                  ] 19 of 3000 complete in 1.0 sec
[                  1%                  ] 30 of 3000 complete in 1.6 sec
[                  1%                  ] 39 of 3000 complete in 2.1 sec
[                  1%                  ] 49 of 3000 complete in 2.6 sec
[                  1%                  ] 59 of 3000 complete in 3.1 sec
[                  2%                  ] 70 of 3000 complete in 3.7 sec
[-                 2%                  ] 80 of 3000 complete in 4.2 sec
[-                 3%                  ] 90 of 3000 complete in 4.7 sec
[-                 3%                  ] 100 of 3000 complete in 5.2 sec
[-                 3%                  ] 110 of 3000 complete in 5.7 sec
[-                 4%                  ] 121 of 3000 complete in 6.3 sec
[-                 4%                  ] 133 of 3000 complete in 6.8 sec
[-                 4%                  ] 144 of 3000 complete in 7.3 sec
[-                 5%                  ] 155 of 3000 complete in 7.8 sec
[--                5%                  ] 166 of 3000 complete in 8.4 sec
[--                5%                  ] 177 of 3000 complete in 8.9 sec
[--                6%                  ] 188 of 3000 complete in 9.4 sec
[--                6%                  ] 199 of 3000 complete in 10.0 sec
[--                6%                  ] 209 of 3000 complete in 10.5 sec
[--                7%                  ] 220 of 3000 complete in 11.1 sec
[--                7%                  ] 231 of 3000 complete in 11.6 sec
[---               8%                  ] 242 of 3000 complete in 12.1 sec
[---               8%                  ] 252 of 3000 complete in 12.6 sec
[---               8%                  ] 261 of 3000 complete in 13.2 sec
[---               9%                  ] 271 of 3000 complete in 13.7 sec
[---               9%                  ] 280 of 3000 complete in 14.2 sec
[---               9%                  ] 291 of 3000 complete in 14.8 sec
[---              10%                  ] 301 of 3000 complete in 15.3 sec
[---              10%                  ] 311 of 3000 complete in 15.8 sec
[----             10%                  ] 322 of 3000 complete in 16.3 sec
[----             11%                  ] 333 of 3000 complete in 16.9 sec
[----             11%                  ] 344 of 3000 complete in 17.4 sec
[----             11%                  ] 354 of 3000 complete in 17.9 sec
[----             12%                  ] 364 of 3000 complete in 18.4 sec
[----             12%                  ] 374 of 3000 complete in 18.9 sec
[----             12%                  ] 385 of 3000 complete in 19.5 sec
[-----            13%                  ] 396 of 3000 complete in 20.0 sec
[-----            13%                  ] 407 of 3000 complete in 20.6 sec
[-----            13%                  ] 417 of 3000 complete in 21.1 sec
[-----            14%                  ] 426 of 3000 complete in 21.6 sec
[-----            14%                  ] 437 of 3000 complete in 22.1 sec
[-----            14%                  ] 447 of 3000 complete in 22.6 sec
[-----            15%                  ] 457 of 3000 complete in 23.2 sec
[-----            15%                  ] 467 of 3000 complete in 23.7 sec
[------           15%                  ] 476 of 3000 complete in 24.3 sec
[------           16%                  ] 485 of 3000 complete in 24.8 sec
[------           16%                  ] 495 of 3000 complete in 25.3 sec
[------           16%                  ] 505 of 3000 complete in 25.8 sec
[------           17%                  ] 514 of 3000 complete in 26.3 sec
[------           17%                  ] 523 of 3000 complete in 26.9 sec
[------           17%                  ] 532 of 3000 complete in 27.5 sec
[------           18%                  ] 540 of 3000 complete in 28.0 sec
[------           18%                  ] 547 of 3000 complete in 28.5 sec
[-------          18%                  ] 555 of 3000 complete in 29.0 sec
[-------          18%                  ] 561 of 3000 complete in 29.6 sec
[-------          18%                  ] 566 of 3000 complete in 30.1 sec
[-------          19%                  ] 571 of 3000 complete in 30.7 sec
[-------          19%                  ] 576 of 3000 complete in 31.3 sec
[-------          19%                  ] 581 of 3000 complete in 31.8 sec
[-------          19%                  ] 586 of 3000 complete in 32.4 sec
[-------          19%                  ] 591 of 3000 complete in 32.9 sec
[-------          19%                  ] 596 of 3000 complete in 33.5 sec
[-------          20%                  ] 601 of 3000 complete in 34.1 sec
[-------          20%                  ] 604 of 3000 complete in 34.6 sec
[-------          20%                  ] 607 of 3000 complete in 35.2 sec
[-------          20%                  ] 610 of 3000 complete in 35.7 sec
[-------          20%                  ] 613 of 3000 complete in 36.3 sec
[-------          20%                  ] 616 of 3000 complete in 36.8 sec
[-------          20%                  ] 619 of 3000 complete in 37.3 sec
[-------          20%                  ] 622 of 3000 complete in 37.9 sec
[-------          20%                  ] 625 of 3000 complete in 38.4 sec
[-------          20%                  ] 628 of 3000 complete in 38.9 sec
[--------         21%                  ] 632 of 3000 complete in 39.5 sec
[--------         21%                  ] 635 of 3000 complete in 40.0 sec
[--------         21%                  ] 639 of 3000 complete in 40.6 sec
[--------         21%                  ] 643 of 3000 complete in 41.3 sec
[--------         21%                  ] 647 of 3000 complete in 42.0 sec
[--------         21%                  ] 650 of 3000 complete in 42.5 sec
[--------         21%                  ] 653 of 3000 complete in 43.0 sec
[--------         21%                  ] 656 of 3000 complete in 43.6 sec
[--------         21%                  ] 659 of 3000 complete in 44.1 sec
[--------         22%                  ] 662 of 3000 complete in 44.7 sec
[--------         22%                  ] 665 of 3000 complete in 45.2 sec
[--------         22%                  ] 668 of 3000 complete in 45.7 sec
[--------         22%                  ] 671 of 3000 complete in 46.2 sec
[--------         22%                  ] 675 of 3000 complete in 46.9 sec
[--------         22%                  ] 679 of 3000 complete in 47.6 sec
[--------         22%                  ] 683 of 3000 complete in 48.2 sec
[--------         22%                  ] 686 of 3000 complete in 48.7 sec
[--------         23%                  ] 690 of 3000 complete in 49.3 sec
[--------         23%                  ] 693 of 3000 complete in 49.9 sec
[--------         23%                  ] 696 of 3000 complete in 50.4 sec
[--------         23%                  ] 699 of 3000 complete in 50.9 sec
[--------         23%                  ] 702 of 3000 complete in 51.4 sec
[--------         23%                  ] 705 of 3000 complete in 52.0 sec
[--------         23%                  ] 708 of 3000 complete in 52.6 sec
[---------        23%                  ] 711 of 3000 complete in 53.3 sec
[---------        23%                  ] 714 of 3000 complete in 53.9 sec
[---------        23%                  ] 717 of 3000 complete in 54.5 sec
[---------        24%                  ] 720 of 3000 complete in 55.0 sec
[---------        24%                  ] 723 of 3000 complete in 55.5 sec
[---------        24%                  ] 727 of 3000 complete in 56.2 sec
[---------        24%                  ] 730 of 3000 complete in 56.7 sec
[---------        24%                  ] 733 of 3000 complete in 57.3 sec
[---------        24%                  ] 737 of 3000 complete in 57.9 sec
[---------        24%                  ] 740 of 3000 complete in 58.5 sec
[---------        24%                  ] 744 of 3000 complete in 59.1 sec
[---------        24%                  ] 748 of 3000 complete in 59.8 sec
[---------        25%                  ] 751 of 3000 complete in 60.3 sec
[---------        25%                  ] 754 of 3000 complete in 60.8 sec
[---------        25%                  ] 757 of 3000 complete in 61.4 sec
[---------        25%                  ] 760 of 3000 complete in 61.9 sec
[---------        25%                  ] 763 of 3000 complete in 62.4 sec
[---------        25%                  ] 766 of 3000 complete in 63.0 sec
[---------        25%                  ] 769 of 3000 complete in 63.5 sec
[---------        25%                  ] 772 of 3000 complete in 64.0 sec
[---------        25%                  ] 776 of 3000 complete in 64.7 sec
[---------        25%                  ] 779 of 3000 complete in 65.3 sec
[---------        26%                  ] 783 of 3000 complete in 65.9 sec
[---------        26%                  ] 787 of 3000 complete in 66.4 sec
[----------       26%                  ] 791 of 3000 complete in 67.0 sec
[----------       26%                  ] 795 of 3000 complete in 67.5 sec
[----------       26%                  ] 799 of 3000 complete in 68.1 sec
[----------       26%                  ] 803 of 3000 complete in 68.7 sec
[----------       26%                  ] 807 of 3000 complete in 69.3 sec
[----------       27%                  ] 810 of 3000 complete in 69.9 sec
[----------       27%                  ] 813 of 3000 complete in 70.4 sec
[----------       27%                  ] 816 of 3000 complete in 70.9 sec
[----------       27%                  ] 820 of 3000 complete in 71.5 sec
[----------       27%                  ] 824 of 3000 complete in 72.0 sec
[----------       27%                  ] 828 of 3000 complete in 72.7 sec
[----------       27%                  ] 832 of 3000 complete in 73.3 sec
[----------       27%                  ] 836 of 3000 complete in 73.9 sec
[----------       28%                  ] 840 of 3000 complete in 74.4 sec
[----------       28%                  ] 843 of 3000 complete in 74.9 sec
[----------       28%                  ] 846 of 3000 complete in 75.5 sec
[----------       28%                  ] 850 of 3000 complete in 76.1 sec
[----------       28%                  ] 854 of 3000 complete in 76.7 sec
[----------       28%                  ] 857 of 3000 complete in 77.2 sec
[----------       28%                  ] 860 of 3000 complete in 77.8 sec
[----------       28%                  ] 863 of 3000 complete in 78.4 sec
[----------       28%                  ] 866 of 3000 complete in 78.9 sec
[-----------      28%                  ] 869 of 3000 complete in 79.5 sec
[-----------      29%                  ] 872 of 3000 complete in 80.0 sec
[-----------      29%                  ] 875 of 3000 complete in 80.6 sec
[-----------      29%                  ] 878 of 3000 complete in 81.2 sec
[-----------      29%                  ] 882 of 3000 complete in 81.9 sec
[-----------      29%                  ] 886 of 3000 complete in 82.5 sec
[-----------      29%                  ] 889 of 3000 complete in 83.1 sec
[-----------      29%                  ] 892 of 3000 complete in 83.6 sec
[-----------      29%                  ] 896 of 3000 complete in 84.3 sec
[-----------      29%                  ] 899 of 3000 complete in 84.8 sec
[-----------      30%                  ] 902 of 3000 complete in 85.5 sec
[-----------      30%                  ] 906 of 3000 complete in 86.1 sec
[-----------      30%                  ] 909 of 3000 complete in 86.7 sec
[-----------      30%                  ] 912 of 3000 complete in 87.2 sec
[-----------      30%                  ] 915 of 3000 complete in 87.7 sec
[-----------      30%                  ] 918 of 3000 complete in 88.3 sec
[-----------      30%                  ] 921 of 3000 complete in 88.9 sec
[-----------      30%                  ] 924 of 3000 complete in 89.5 sec
[-----------      30%                  ] 927 of 3000 complete in 90.0 sec
[-----------      31%                  ] 930 of 3000 complete in 90.7 sec
[-----------      31%                  ] 933 of 3000 complete in 91.3 sec
[-----------      31%                  ] 936 of 3000 complete in 92.0 sec
[-----------      31%                  ] 939 of 3000 complete in 92.7 sec
[-----------      31%                  ] 942 of 3000 complete in 93.3 sec
[-----------      31%                  ] 945 of 3000 complete in 93.9 sec
[------------     31%                  ] 948 of 3000 complete in 94.5 sec
[------------     31%                  ] 951 of 3000 complete in 95.0 sec
[------------     31%                  ] 954 of 3000 complete in 95.6 sec
[------------     31%                  ] 958 of 3000 complete in 96.3 sec
[------------     32%                  ] 961 of 3000 complete in 96.9 sec
[------------     32%                  ] 964 of 3000 complete in 97.4 sec
[------------     32%                  ] 967 of 3000 complete in 97.9 sec
[------------     32%                  ] 970 of 3000 complete in 98.5 sec
[------------     32%                  ] 973 of 3000 complete in 99.1 sec
[------------     32%                  ] 976 of 3000 complete in 99.6 sec
[------------     32%                  ] 979 of 3000 complete in 100.2 sec
[------------     32%                  ] 982 of 3000 complete in 100.8 sec
[------------     32%                  ] 985 of 3000 complete in 101.4 sec
[------------     32%                  ] 988 of 3000 complete in 102.0 sec
[------------     33%                  ] 991 of 3000 complete in 102.5 sec
[------------     33%                  ] 994 of 3000 complete in 103.1 sec
[------------     33%                  ] 997 of 3000 complete in 103.7 sec
[------------     33%                  ] 1000 of 3000 complete in 104.3 sec
[------------     33%                  ] 1003 of 3000 complete in 104.9 sec
[------------     33%                  ] 1006 of 3000 complete in 105.5 sec
[------------     33%                  ] 1010 of 3000 complete in 106.1 sec
[------------     33%                  ] 1014 of 3000 complete in 106.8 sec
[------------     33%                  ] 1018 of 3000 complete in 107.3 sec
[------------     34%                  ] 1022 of 3000 complete in 108.0 sec
[------------     34%                  ] 1026 of 3000 complete in 108.6 sec
[-------------    34%                  ] 1029 of 3000 complete in 109.2 sec
[-------------    34%                  ] 1032 of 3000 complete in 109.7 sec
[-------------    34%                  ] 1036 of 3000 complete in 110.3 sec
[-------------    34%                  ] 1039 of 3000 complete in 110.8 sec
[-------------    34%                  ] 1043 of 3000 complete in 111.5 sec
[-------------    34%                  ] 1047 of 3000 complete in 112.1 sec
[-------------    35%                  ] 1051 of 3000 complete in 112.7 sec
[-------------    35%                  ] 1055 of 3000 complete in 113.3 sec
[-------------    35%                  ] 1059 of 3000 complete in 114.0 sec
[-------------    35%                  ] 1062 of 3000 complete in 114.5 sec
[-------------    35%                  ] 1065 of 3000 complete in 115.0 sec
[-------------    35%                  ] 1069 of 3000 complete in 115.6 sec
[-------------    35%                  ] 1072 of 3000 complete in 116.1 sec
[-------------    35%                  ] 1076 of 3000 complete in 116.8 sec
[-------------    36%                  ] 1080 of 3000 complete in 117.4 sec
[-------------    36%                  ] 1084 of 3000 complete in 118.0 sec
[-------------    36%                  ] 1088 of 3000 complete in 118.6 sec
[-------------    36%                  ] 1091 of 3000 complete in 119.2 sec
[-------------    36%                  ] 1094 of 3000 complete in 119.7 sec
[-------------    36%                  ] 1097 of 3000 complete in 120.2 sec
[-------------    36%                  ] 1100 of 3000 complete in 120.9 sec
[-------------    36%                  ] 1103 of 3000 complete in 121.4 sec
[--------------   36%                  ] 1106 of 3000 complete in 122.0 sec
[--------------   36%                  ] 1109 of 3000 complete in 122.5 sec
[--------------   37%                  ] 1112 of 3000 complete in 123.0 sec
[--------------   37%                  ] 1115 of 3000 complete in 123.6 sec
[--------------   37%                  ] 1118 of 3000 complete in 124.1 sec
[--------------   37%                  ] 1121 of 3000 complete in 124.6 sec
[--------------   37%                  ] 1125 of 3000 complete in 125.3 sec
[--------------   37%                  ] 1129 of 3000 complete in 125.8 sec
[--------------   37%                  ] 1133 of 3000 complete in 126.3 sec
[--------------   37%                  ] 1137 of 3000 complete in 126.9 sec
[--------------   38%                  ] 1141 of 3000 complete in 127.5 sec
[--------------   38%                  ] 1145 of 3000 complete in 128.0 sec
[--------------   38%                  ] 1149 of 3000 complete in 128.6 sec
[--------------   38%                  ] 1153 of 3000 complete in 129.2 sec
[--------------   38%                  ] 1157 of 3000 complete in 129.8 sec
[--------------   38%                  ] 1161 of 3000 complete in 130.3 sec
[--------------   38%                  ] 1165 of 3000 complete in 130.9 sec
[--------------   38%                  ] 1169 of 3000 complete in 131.5 sec
[--------------   39%                  ] 1173 of 3000 complete in 132.1 sec
[--------------   39%                  ] 1177 of 3000 complete in 132.7 sec
[--------------   39%                  ] 1180 of 3000 complete in 133.2 sec
[--------------   39%                  ] 1183 of 3000 complete in 133.7 sec
[---------------  39%                  ] 1186 of 3000 complete in 134.3 sec
[---------------  39%                  ] 1190 of 3000 complete in 134.9 sec
[---------------  39%                  ] 1193 of 3000 complete in 135.4 sec
[---------------  39%                  ] 1196 of 3000 complete in 135.9 sec
[---------------  39%                  ] 1199 of 3000 complete in 136.4 sec
[---------------  40%                  ] 1202 of 3000 complete in 136.9 sec
[---------------  40%                  ] 1205 of 3000 complete in 137.5 sec
[---------------  40%                  ] 1209 of 3000 complete in 138.1 sec
[---------------  40%                  ] 1213 of 3000 complete in 138.7 sec
[---------------  40%                  ] 1217 of 3000 complete in 139.3 sec
[---------------  40%                  ] 1221 of 3000 complete in 140.0 sec
[---------------  40%                  ] 1224 of 3000 complete in 140.5 sec
[---------------  40%                  ] 1228 of 3000 complete in 141.1 sec
[---------------  41%                  ] 1232 of 3000 complete in 141.7 sec
[---------------  41%                  ] 1236 of 3000 complete in 142.3 sec
[---------------  41%                  ] 1240 of 3000 complete in 142.9 sec
[---------------  41%                  ] 1243 of 3000 complete in 143.5 sec
[---------------  41%                  ] 1246 of 3000 complete in 144.1 sec
[---------------  41%                  ] 1249 of 3000 complete in 144.6 sec
[---------------  41%                  ] 1253 of 3000 complete in 145.2 sec
[---------------  41%                  ] 1256 of 3000 complete in 145.8 sec
[---------------  41%                  ] 1259 of 3000 complete in 146.3 sec
[---------------  42%                  ] 1262 of 3000 complete in 146.9 sec
[---------------- 42%                  ] 1266 of 3000 complete in 147.5 sec
[---------------- 42%                  ] 1270 of 3000 complete in 148.1 sec
[---------------- 42%                  ] 1273 of 3000 complete in 148.6 sec
[---------------- 42%                  ] 1276 of 3000 complete in 149.1 sec
[---------------- 42%                  ] 1279 of 3000 complete in 149.7 sec
[---------------- 42%                  ] 1283 of 3000 complete in 150.3 sec
[---------------- 42%                  ] 1286 of 3000 complete in 150.9 sec
[---------------- 42%                  ] 1289 of 3000 complete in 151.4 sec
[---------------- 43%                  ] 1293 of 3000 complete in 152.1 sec
[---------------- 43%                  ] 1296 of 3000 complete in 152.6 sec
[---------------- 43%                  ] 1299 of 3000 complete in 153.2 sec
[---------------- 43%                  ] 1302 of 3000 complete in 153.8 sec
[---------------- 43%                  ] 1306 of 3000 complete in 154.5 sec
[---------------- 43%                  ] 1309 of 3000 complete in 155.0 sec
[---------------- 43%                  ] 1313 of 3000 complete in 155.6 sec
[---------------- 43%                  ] 1317 of 3000 complete in 156.3 sec
[---------------- 44%                  ] 1321 of 3000 complete in 157.0 sec
[---------------- 44%                  ] 1324 of 3000 complete in 157.5 sec
[---------------- 44%                  ] 1327 of 3000 complete in 158.1 sec
[---------------- 44%                  ] 1330 of 3000 complete in 158.7 sec
[---------------- 44%                  ] 1333 of 3000 complete in 159.2 sec
[---------------- 44%                  ] 1337 of 3000 complete in 159.9 sec
[---------------- 44%                  ] 1341 of 3000 complete in 160.5 sec
[-----------------44%                  ] 1345 of 3000 complete in 161.1 sec
[-----------------44%                  ] 1349 of 3000 complete in 161.8 sec
[-----------------45%                  ] 1352 of 3000 complete in 162.3 sec
[-----------------45%                  ] 1355 of 3000 complete in 163.0 sec
[-----------------45%                  ] 1358 of 3000 complete in 163.6 sec
[-----------------45%                  ] 1361 of 3000 complete in 164.2 sec
[-----------------45%                  ] 1365 of 3000 complete in 164.8 sec
[-----------------45%                  ] 1369 of 3000 complete in 165.5 sec
[-----------------45%                  ] 1373 of 3000 complete in 166.1 sec
[-----------------45%                  ] 1377 of 3000 complete in 166.8 sec
[-----------------46%                  ] 1381 of 3000 complete in 167.5 sec
[-----------------46%                  ] 1384 of 3000 complete in 168.0 sec
[-----------------46%                  ] 1387 of 3000 complete in 168.5 sec
[-----------------46%                  ] 1390 of 3000 complete in 169.1 sec
[-----------------46%                  ] 1393 of 3000 complete in 169.6 sec
[-----------------46%                  ] 1396 of 3000 complete in 170.2 sec
[-----------------46%                  ] 1399 of 3000 complete in 170.8 sec
[-----------------46%                  ] 1402 of 3000 complete in 171.4 sec
[-----------------46%                  ] 1405 of 3000 complete in 172.0 sec
[-----------------46%                  ] 1408 of 3000 complete in 172.6 sec
[-----------------47%                  ] 1411 of 3000 complete in 173.3 sec
[-----------------47%                  ] 1414 of 3000 complete in 173.9 sec
[-----------------47%                  ] 1417 of 3000 complete in 174.6 sec
[-----------------47%                  ] 1420 of 3000 complete in 175.3 sec
[-----------------47%                  ] 1423 of 3000 complete in 175.8 sec
[-----------------47%                  ] 1425 of 3000 complete in 176.4 sec
[-----------------47%                  ] 1428 of 3000 complete in 176.9 sec
[-----------------47%                  ] 1431 of 3000 complete in 177.5 sec
[-----------------47%                  ] 1435 of 3000 complete in 178.1 sec
[-----------------47%                  ] 1439 of 3000 complete in 178.7 sec
[-----------------48%                  ] 1443 of 3000 complete in 179.4 sec
[-----------------48%                  ] 1446 of 3000 complete in 180.0 sec
[-----------------48%                  ] 1449 of 3000 complete in 180.6 sec
[-----------------48%                  ] 1452 of 3000 complete in 181.2 sec
[-----------------48%                  ] 1455 of 3000 complete in 181.8 sec
[-----------------48%                  ] 1458 of 3000 complete in 182.4 sec
[-----------------48%                  ] 1461 of 3000 complete in 183.1 sec
[-----------------48%                  ] 1464 of 3000 complete in 183.7 sec
[-----------------48%                  ] 1467 of 3000 complete in 184.4 sec
[-----------------49%                  ] 1470 of 3000 complete in 185.1 sec
[-----------------49%                  ] 1473 of 3000 complete in 185.6 sec
[-----------------49%                  ] 1476 of 3000 complete in 186.2 sec
[-----------------49%                  ] 1479 of 3000 complete in 186.7 sec
[-----------------49%                  ] 1482 of 3000 complete in 187.3 sec
[-----------------49%                  ] 1485 of 3000 complete in 187.8 sec
[-----------------49%                  ] 1488 of 3000 complete in 188.4 sec
[-----------------49%                  ] 1491 of 3000 complete in 188.9 sec
[-----------------49%                  ] 1494 of 3000 complete in 189.4 sec
[-----------------49%                  ] 1497 of 3000 complete in 190.0 sec
[-----------------50%                  ] 1500 of 3000 complete in 190.6 sec
[-----------------50%                  ] 1503 of 3000 complete in 191.1 sec
[-----------------50%                  ] 1506 of 3000 complete in 191.7 sec
[-----------------50%                  ] 1509 of 3000 complete in 192.3 sec
[-----------------50%                  ] 1512 of 3000 complete in 192.9 sec
[-----------------50%                  ] 1515 of 3000 complete in 193.5 sec
[-----------------50%                  ] 1518 of 3000 complete in 194.2 sec
[-----------------50%                  ] 1521 of 3000 complete in 194.8 sec
[-----------------50%                  ] 1524 of 3000 complete in 195.3 sec
[-----------------50%                  ] 1527 of 3000 complete in 195.9 sec
[-----------------51%                  ] 1530 of 3000 complete in 196.4 sec
[-----------------51%                  ] 1534 of 3000 complete in 197.0 sec
[-----------------51%                  ] 1538 of 3000 complete in 197.7 sec
[-----------------51%                  ] 1541 of 3000 complete in 198.2 sec
[-----------------51%                  ] 1544 of 3000 complete in 198.8 sec
[-----------------51%                  ] 1547 of 3000 complete in 199.3 sec
[-----------------51%                  ] 1550 of 3000 complete in 199.8 sec
[-----------------51%                  ] 1552 of 3000 complete in 200.4 sec
[-----------------51%                  ] 1554 of 3000 complete in 200.9 sec
[-----------------51%                  ] 1557 of 3000 complete in 201.6 sec
[-----------------52%                  ] 1560 of 3000 complete in 202.3 sec
[-----------------52%                  ] 1562 of 3000 complete in 202.9 sec
[-----------------52%                  ] 1564 of 3000 complete in 203.4 sec
[-----------------52%                  ] 1566 of 3000 complete in 204.0 sec
[-----------------52%                  ] 1568 of 3000 complete in 204.5 sec
[-----------------52%                  ] 1570 of 3000 complete in 205.0 sec
[-----------------52%                  ] 1572 of 3000 complete in 205.5 sec
[-----------------52%                  ] 1575 of 3000 complete in 206.2 sec
[-----------------52%                  ] 1578 of 3000 complete in 206.9 sec
[-----------------52%                  ] 1581 of 3000 complete in 207.6 sec
[-----------------52%                  ] 1584 of 3000 complete in 208.3 sec
[-----------------52%                  ] 1586 of 3000 complete in 208.9 sec
[-----------------52%                  ] 1589 of 3000 complete in 209.6 sec
[-----------------53%                  ] 1592 of 3000 complete in 210.3 sec
[-----------------53%                  ] 1595 of 3000 complete in 211.0 sec
[-----------------53%                  ] 1598 of 3000 complete in 211.8 sec
[-----------------53%                  ] 1600 of 3000 complete in 212.4 sec
[-----------------53%                  ] 1602 of 3000 complete in 212.9 sec
[-----------------53%                  ] 1604 of 3000 complete in 213.5 sec
[-----------------53%                  ] 1606 of 3000 complete in 214.1 sec
[-----------------53%                  ] 1608 of 3000 complete in 214.6 sec
[-----------------53%                  ] 1610 of 3000 complete in 215.1 sec
[-----------------53%                  ] 1613 of 3000 complete in 215.8 sec
[-----------------53%                  ] 1615 of 3000 complete in 216.3 sec
[-----------------53%                  ] 1618 of 3000 complete in 217.1 sec
[-----------------54%                  ] 1620 of 3000 complete in 217.6 sec
[-----------------54%                  ] 1622 of 3000 complete in 218.2 sec
[-----------------54%                  ] 1624 of 3000 complete in 218.7 sec
[-----------------54%                  ] 1627 of 3000 complete in 219.5 sec
[-----------------54%                  ] 1629 of 3000 complete in 220.0 sec
[-----------------54%                  ] 1631 of 3000 complete in 220.5 sec
[-----------------54%                  ] 1634 of 3000 complete in 221.2 sec
[-----------------54%                  ] 1637 of 3000 complete in 221.9 sec
[-----------------54%                  ] 1639 of 3000 complete in 222.4 sec
[-----------------54%                  ] 1642 of 3000 complete in 223.1 sec
[-----------------54%                  ] 1644 of 3000 complete in 223.6 sec
[-----------------54%                  ] 1647 of 3000 complete in 224.4 sec
[-----------------54%                  ] 1649 of 3000 complete in 224.9 sec
[-----------------55%                  ] 1651 of 3000 complete in 225.4 sec
[-----------------55%                  ] 1653 of 3000 complete in 226.0 sec
[-----------------55%                  ] 1655 of 3000 complete in 226.5 sec
[-----------------55%                  ] 1657 of 3000 complete in 227.0 sec
[-----------------55%-                 ] 1659 of 3000 complete in 227.6 sec
[-----------------55%-                 ] 1661 of 3000 complete in 228.1 sec
[-----------------55%-                 ] 1663 of 3000 complete in 228.6 sec
[-----------------55%-                 ] 1665 of 3000 complete in 229.2 sec
[-----------------55%-                 ] 1668 of 3000 complete in 229.8 sec
[-----------------55%-                 ] 1671 of 3000 complete in 230.5 sec
[-----------------55%-                 ] 1673 of 3000 complete in 231.1 sec
[-----------------55%-                 ] 1675 of 3000 complete in 231.7 sec
[-----------------55%-                 ] 1678 of 3000 complete in 232.4 sec
[-----------------56%-                 ] 1680 of 3000 complete in 233.0 sec
[-----------------56%-                 ] 1682 of 3000 complete in 233.5 sec
[-----------------56%-                 ] 1684 of 3000 complete in 234.0 sec
[-----------------56%-                 ] 1686 of 3000 complete in 234.5 sec
[-----------------56%-                 ] 1688 of 3000 complete in 235.2 sec
[-----------------56%-                 ] 1690 of 3000 complete in 235.9 sec
[-----------------56%-                 ] 1692 of 3000 complete in 236.6 sec
[-----------------56%-                 ] 1694 of 3000 complete in 237.1 sec
[-----------------56%-                 ] 1696 of 3000 complete in 237.7 sec
[-----------------56%-                 ] 1698 of 3000 complete in 238.2 sec
[-----------------56%-                 ] 1700 of 3000 complete in 238.7 sec
[-----------------56%-                 ] 1702 of 3000 complete in 239.3 sec
[-----------------56%-                 ] 1704 of 3000 complete in 239.9 sec
[-----------------56%-                 ] 1706 of 3000 complete in 240.5 sec
[-----------------56%-                 ] 1708 of 3000 complete in 241.1 sec
[-----------------57%-                 ] 1710 of 3000 complete in 241.7 sec
[-----------------57%-                 ] 1712 of 3000 complete in 242.3 sec
[-----------------57%-                 ] 1714 of 3000 complete in 242.9 sec
[-----------------57%-                 ] 1716 of 3000 complete in 243.6 sec
[-----------------57%-                 ] 1718 of 3000 complete in 244.2 sec
[-----------------57%-                 ] 1720 of 3000 complete in 244.8 sec
[-----------------57%-                 ] 1722 of 3000 complete in 245.4 sec
[-----------------57%-                 ] 1725 of 3000 complete in 246.2 sec
[-----------------57%-                 ] 1727 of 3000 complete in 246.7 sec
[-----------------57%-                 ] 1729 of 3000 complete in 247.3 sec
[-----------------57%-                 ] 1731 of 3000 complete in 247.9 sec
[-----------------57%-                 ] 1733 of 3000 complete in 248.5 sec
[-----------------57%-                 ] 1735 of 3000 complete in 249.1 sec
[-----------------57%--                ] 1737 of 3000 complete in 249.7 sec
[-----------------57%--                ] 1739 of 3000 complete in 250.2 sec
[-----------------58%--                ] 1741 of 3000 complete in 250.7 sec
[-----------------58%--                ] 1743 of 3000 complete in 251.3 sec
[-----------------58%--                ] 1745 of 3000 complete in 251.8 sec
[-----------------58%--                ] 1748 of 3000 complete in 252.5 sec
[-----------------58%--                ] 1751 of 3000 complete in 253.1 sec
[-----------------58%--                ] 1754 of 3000 complete in 253.8 sec
[-----------------58%--                ] 1757 of 3000 complete in 254.6 sec
[-----------------58%--                ] 1759 of 3000 complete in 255.2 sec
[-----------------58%--                ] 1761 of 3000 complete in 255.8 sec
[-----------------58%--                ] 1763 of 3000 complete in 256.4 sec
[-----------------58%--                ] 1765 of 3000 complete in 257.0 sec
[-----------------58%--                ] 1767 of 3000 complete in 257.6 sec
[-----------------58%--                ] 1769 of 3000 complete in 258.2 sec
[-----------------59%--                ] 1771 of 3000 complete in 258.8 sec
[-----------------59%--                ] 1773 of 3000 complete in 259.3 sec
[-----------------59%--                ] 1775 of 3000 complete in 259.9 sec
[-----------------59%--                ] 1777 of 3000 complete in 260.4 sec
[-----------------59%--                ] 1780 of 3000 complete in 261.1 sec
[-----------------59%--                ] 1782 of 3000 complete in 261.7 sec
[-----------------59%--                ] 1784 of 3000 complete in 262.2 sec
[-----------------59%--                ] 1786 of 3000 complete in 262.8 sec
[-----------------59%--                ] 1788 of 3000 complete in 263.3 sec
[-----------------59%--                ] 1790 of 3000 complete in 263.9 sec
[-----------------59%--                ] 1792 of 3000 complete in 264.5 sec
[-----------------59%--                ] 1795 of 3000 complete in 265.3 sec
[-----------------59%--                ] 1798 of 3000 complete in 266.0 sec
[-----------------60%--                ] 1801 of 3000 complete in 266.6 sec
[-----------------60%--                ] 1804 of 3000 complete in 267.3 sec
[-----------------60%--                ] 1807 of 3000 complete in 268.0 sec
[-----------------60%--                ] 1810 of 3000 complete in 268.6 sec
[-----------------60%--                ] 1812 of 3000 complete in 269.2 sec
[-----------------60%--                ] 1814 of 3000 complete in 269.7 sec
[-----------------60%---               ] 1816 of 3000 complete in 270.2 sec
[-----------------60%---               ] 1818 of 3000 complete in 270.8 sec
[-----------------60%---               ] 1821 of 3000 complete in 271.6 sec
[-----------------60%---               ] 1823 of 3000 complete in 272.1 sec
[-----------------60%---               ] 1826 of 3000 complete in 272.8 sec
[-----------------60%---               ] 1829 of 3000 complete in 273.5 sec
[-----------------61%---               ] 1832 of 3000 complete in 274.2 sec
[-----------------61%---               ] 1835 of 3000 complete in 274.9 sec
[-----------------61%---               ] 1838 of 3000 complete in 275.5 sec
[-----------------61%---               ] 1841 of 3000 complete in 276.2 sec
[-----------------61%---               ] 1844 of 3000 complete in 276.8 sec
[-----------------61%---               ] 1847 of 3000 complete in 277.5 sec
[-----------------61%---               ] 1850 of 3000 complete in 278.1 sec
[-----------------61%---               ] 1853 of 3000 complete in 278.9 sec
[-----------------61%---               ] 1856 of 3000 complete in 279.6 sec
[-----------------61%---               ] 1859 of 3000 complete in 280.3 sec
[-----------------62%---               ] 1862 of 3000 complete in 281.0 sec
[-----------------62%---               ] 1865 of 3000 complete in 281.8 sec
[-----------------62%---               ] 1868 of 3000 complete in 282.4 sec
[-----------------62%---               ] 1871 of 3000 complete in 283.2 sec
[-----------------62%---               ] 1874 of 3000 complete in 283.9 sec
[-----------------62%---               ] 1877 of 3000 complete in 284.6 sec
[-----------------62%---               ] 1880 of 3000 complete in 285.2 sec
[-----------------62%---               ] 1883 of 3000 complete in 285.9 sec
[-----------------62%---               ] 1886 of 3000 complete in 286.6 sec
[-----------------62%---               ] 1889 of 3000 complete in 287.3 sec
[-----------------63%---               ] 1892 of 3000 complete in 288.0 sec
[-----------------63%----              ] 1895 of 3000 complete in 288.7 sec
[-----------------63%----              ] 1897 of 3000 complete in 289.2 sec
[-----------------63%----              ] 1899 of 3000 complete in 289.8 sec
[-----------------63%----              ] 1902 of 3000 complete in 290.5 sec
[-----------------63%----              ] 1905 of 3000 complete in 291.1 sec
[-----------------63%----              ] 1908 of 3000 complete in 291.8 sec
[-----------------63%----              ] 1911 of 3000 complete in 292.5 sec
[-----------------63%----              ] 1914 of 3000 complete in 293.1 sec
[-----------------63%----              ] 1917 of 3000 complete in 293.8 sec
[-----------------64%----              ] 1920 of 3000 complete in 294.5 sec
[-----------------64%----              ] 1923 of 3000 complete in 295.1 sec
[-----------------64%----              ] 1926 of 3000 complete in 295.8 sec
[-----------------64%----              ] 1928 of 3000 complete in 296.3 sec
[-----------------64%----              ] 1930 of 3000 complete in 296.9 sec
[-----------------64%----              ] 1932 of 3000 complete in 297.4 sec
[-----------------64%----              ] 1935 of 3000 complete in 298.1 sec
[-----------------64%----              ] 1938 of 3000 complete in 298.8 sec
[-----------------64%----              ] 1941 of 3000 complete in 299.6 sec
[-----------------64%----              ] 1944 of 3000 complete in 300.2 sec
[-----------------64%----              ] 1946 of 3000 complete in 300.7 sec
[-----------------64%----              ] 1948 of 3000 complete in 301.3 sec
[-----------------65%----              ] 1950 of 3000 complete in 301.8 sec
[-----------------65%----              ] 1952 of 3000 complete in 302.4 sec
[-----------------65%----              ] 1954 of 3000 complete in 303.0 sec
[-----------------65%----              ] 1956 of 3000 complete in 303.5 sec
[-----------------65%----              ] 1958 of 3000 complete in 304.0 sec
[-----------------65%----              ] 1960 of 3000 complete in 304.6 sec
[-----------------65%----              ] 1962 of 3000 complete in 305.1 sec
[-----------------65%----              ] 1964 of 3000 complete in 305.7 sec
[-----------------65%----              ] 1967 of 3000 complete in 306.4 sec
[-----------------65%----              ] 1969 of 3000 complete in 306.9 sec
[-----------------65%----              ] 1971 of 3000 complete in 307.4 sec
[-----------------65%----              ] 1973 of 3000 complete in 308.0 sec
[-----------------65%-----             ] 1976 of 3000 complete in 308.7 sec
[-----------------65%-----             ] 1978 of 3000 complete in 309.3 sec
[-----------------66%-----             ] 1981 of 3000 complete in 310.1 sec
[-----------------66%-----             ] 1984 of 3000 complete in 310.8 sec
[-----------------66%-----             ] 1986 of 3000 complete in 311.3 sec
[-----------------66%-----             ] 1988 of 3000 complete in 311.9 sec
[-----------------66%-----             ] 1990 of 3000 complete in 312.4 sec
[-----------------66%-----             ] 1993 of 3000 complete in 313.2 sec
[-----------------66%-----             ] 1995 of 3000 complete in 313.8 sec
[-----------------66%-----             ] 1997 of 3000 complete in 314.4 sec
[-----------------66%-----             ] 1999 of 3000 complete in 314.9 sec
[-----------------66%-----             ] 2002 of 3000 complete in 315.7 sec
[-----------------66%-----             ] 2005 of 3000 complete in 316.4 sec
[-----------------66%-----             ] 2007 of 3000 complete in 317.0 sec
[-----------------67%-----             ] 2010 of 3000 complete in 317.6 sec
[-----------------67%-----             ] 2013 of 3000 complete in 318.2 sec
[-----------------67%-----             ] 2015 of 3000 complete in 318.8 sec
[-----------------67%-----             ] 2018 of 3000 complete in 319.5 sec
[-----------------67%-----             ] 2020 of 3000 complete in 320.0 sec
[-----------------67%-----             ] 2023 of 3000 complete in 320.7 sec
[-----------------67%-----             ] 2026 of 3000 complete in 321.2 sec
[-----------------67%-----             ] 2030 of 3000 complete in 321.9 sec
[-----------------67%-----             ] 2033 of 3000 complete in 322.4 sec
[-----------------67%-----             ] 2036 of 3000 complete in 323.1 sec
[-----------------67%-----             ] 2038 of 3000 complete in 323.6 sec
[-----------------68%-----             ] 2041 of 3000 complete in 324.4 sec
[-----------------68%-----             ] 2043 of 3000 complete in 324.9 sec
[-----------------68%-----             ] 2045 of 3000 complete in 325.5 sec
[-----------------68%-----             ] 2047 of 3000 complete in 326.0 sec
[-----------------68%-----             ] 2050 of 3000 complete in 326.7 sec
[-----------------68%-----             ] 2052 of 3000 complete in 327.2 sec
[-----------------68%------            ] 2055 of 3000 complete in 328.0 sec
[-----------------68%------            ] 2057 of 3000 complete in 328.5 sec
[-----------------68%------            ] 2060 of 3000 complete in 329.2 sec
[-----------------68%------            ] 2062 of 3000 complete in 329.7 sec
[-----------------68%------            ] 2064 of 3000 complete in 330.3 sec
[-----------------68%------            ] 2066 of 3000 complete in 330.8 sec
[-----------------68%------            ] 2069 of 3000 complete in 331.5 sec
[-----------------69%------            ] 2072 of 3000 complete in 332.3 sec
[-----------------69%------            ] 2074 of 3000 complete in 332.8 sec
[-----------------69%------            ] 2076 of 3000 complete in 333.4 sec
[-----------------69%------            ] 2078 of 3000 complete in 334.0 sec
[-----------------69%------            ] 2080 of 3000 complete in 334.5 sec
[-----------------69%------            ] 2083 of 3000 complete in 335.2 sec
[-----------------69%------            ] 2086 of 3000 complete in 336.0 sec
[-----------------69%------            ] 2089 of 3000 complete in 336.6 sec
[-----------------69%------            ] 2092 of 3000 complete in 337.4 sec
[-----------------69%------            ] 2095 of 3000 complete in 338.0 sec
[-----------------69%------            ] 2098 of 3000 complete in 338.7 sec
[-----------------70%------            ] 2101 of 3000 complete in 339.4 sec
[-----------------70%------            ] 2104 of 3000 complete in 340.0 sec
[-----------------70%------            ] 2107 of 3000 complete in 340.7 sec
[-----------------70%------            ] 2110 of 3000 complete in 341.3 sec
[-----------------70%------            ] 2113 of 3000 complete in 341.9 sec
[-----------------70%------            ] 2116 of 3000 complete in 342.6 sec
[-----------------70%------            ] 2119 of 3000 complete in 343.3 sec
[-----------------70%------            ] 2121 of 3000 complete in 343.8 sec
[-----------------70%------            ] 2124 of 3000 complete in 344.4 sec
[-----------------70%------            ] 2127 of 3000 complete in 345.1 sec
[-----------------71%------            ] 2130 of 3000 complete in 345.8 sec
[-----------------71%-------           ] 2133 of 3000 complete in 346.5 sec
[-----------------71%-------           ] 2136 of 3000 complete in 347.2 sec
[-----------------71%-------           ] 2139 of 3000 complete in 347.8 sec
[-----------------71%-------           ] 2142 of 3000 complete in 348.4 sec
[-----------------71%-------           ] 2145 of 3000 complete in 349.1 sec
[-----------------71%-------           ] 2148 of 3000 complete in 349.7 sec
[-----------------71%-------           ] 2151 of 3000 complete in 350.3 sec
[-----------------71%-------           ] 2154 of 3000 complete in 351.0 sec
[-----------------71%-------           ] 2157 of 3000 complete in 351.6 sec
[-----------------72%-------           ] 2160 of 3000 complete in 352.3 sec
[-----------------72%-------           ] 2163 of 3000 complete in 352.9 sec
[-----------------72%-------           ] 2166 of 3000 complete in 353.5 sec
[-----------------72%-------           ] 2169 of 3000 complete in 354.1 sec
[-----------------72%-------           ] 2172 of 3000 complete in 354.7 sec
[-----------------72%-------           ] 2175 of 3000 complete in 355.3 sec
[-----------------72%-------           ] 2178 of 3000 complete in 355.9 sec
[-----------------72%-------           ] 2181 of 3000 complete in 356.4 sec
[-----------------72%-------           ] 2184 of 3000 complete in 357.0 sec
[-----------------72%-------           ] 2187 of 3000 complete in 357.6 sec
[-----------------73%-------           ] 2190 of 3000 complete in 358.3 sec
[-----------------73%-------           ] 2193 of 3000 complete in 358.9 sec
[-----------------73%-------           ] 2196 of 3000 complete in 359.6 sec
[-----------------73%-------           ] 2199 of 3000 complete in 360.2 sec
[-----------------73%-------           ] 2202 of 3000 complete in 360.9 sec
[-----------------73%-------           ] 2205 of 3000 complete in 361.6 sec
[-----------------73%-------           ] 2208 of 3000 complete in 362.2 sec
[-----------------73%--------          ] 2211 of 3000 complete in 362.8 sec
[-----------------73%--------          ] 2214 of 3000 complete in 363.4 sec
[-----------------73%--------          ] 2217 of 3000 complete in 364.1 sec
[-----------------74%--------          ] 2220 of 3000 complete in 364.7 sec
[-----------------74%--------          ] 2223 of 3000 complete in 365.3 sec
[-----------------74%--------          ] 2226 of 3000 complete in 366.0 sec
[-----------------74%--------          ] 2229 of 3000 complete in 366.7 sec
[-----------------74%--------          ] 2232 of 3000 complete in 367.4 sec
[-----------------74%--------          ] 2235 of 3000 complete in 368.1 sec
[-----------------74%--------          ] 2237 of 3000 complete in 368.6 sec
[-----------------74%--------          ] 2240 of 3000 complete in 369.3 sec
[-----------------74%--------          ] 2243 of 3000 complete in 370.0 sec
[-----------------74%--------          ] 2245 of 3000 complete in 370.5 sec
[-----------------74%--------          ] 2248 of 3000 complete in 371.2 sec
[-----------------75%--------          ] 2251 of 3000 complete in 371.8 sec
[-----------------75%--------          ] 2254 of 3000 complete in 372.5 sec
[-----------------75%--------          ] 2257 of 3000 complete in 373.1 sec
[-----------------75%--------          ] 2260 of 3000 complete in 373.7 sec
[-----------------75%--------          ] 2263 of 3000 complete in 374.4 sec
[-----------------75%--------          ] 2266 of 3000 complete in 375.1 sec
[-----------------75%--------          ] 2269 of 3000 complete in 375.8 sec
[-----------------75%--------          ] 2272 of 3000 complete in 376.4 sec
[-----------------75%--------          ] 2275 of 3000 complete in 377.1 sec
[-----------------75%--------          ] 2278 of 3000 complete in 377.7 sec
[-----------------76%--------          ] 2281 of 3000 complete in 378.4 sec
[-----------------76%--------          ] 2284 of 3000 complete in 379.0 sec
[-----------------76%--------          ] 2287 of 3000 complete in 379.6 sec
[-----------------76%--------          ] 2289 of 3000 complete in 380.1 sec
[-----------------76%---------         ] 2292 of 3000 complete in 380.9 sec
[-----------------76%---------         ] 2295 of 3000 complete in 381.5 sec
[-----------------76%---------         ] 2298 of 3000 complete in 382.2 sec
[-----------------76%---------         ] 2301 of 3000 complete in 382.8 sec
[-----------------76%---------         ] 2304 of 3000 complete in 383.5 sec
[-----------------76%---------         ] 2307 of 3000 complete in 384.2 sec
[-----------------77%---------         ] 2310 of 3000 complete in 384.7 sec
[-----------------77%---------         ] 2313 of 3000 complete in 385.2 sec
[-----------------77%---------         ] 2316 of 3000 complete in 385.8 sec
[-----------------77%---------         ] 2319 of 3000 complete in 386.5 sec
[-----------------77%---------         ] 2322 of 3000 complete in 387.2 sec
[-----------------77%---------         ] 2325 of 3000 complete in 387.8 sec
[-----------------77%---------         ] 2328 of 3000 complete in 388.5 sec
[-----------------77%---------         ] 2331 of 3000 complete in 389.1 sec
[-----------------77%---------         ] 2334 of 3000 complete in 389.8 sec
[-----------------77%---------         ] 2337 of 3000 complete in 390.5 sec
[-----------------77%---------         ] 2339 of 3000 complete in 391.0 sec
[-----------------78%---------         ] 2342 of 3000 complete in 391.8 sec
[-----------------78%---------         ] 2345 of 3000 complete in 392.5 sec
[-----------------78%---------         ] 2347 of 3000 complete in 393.1 sec
[-----------------78%---------         ] 2349 of 3000 complete in 393.6 sec
[-----------------78%---------         ] 2351 of 3000 complete in 394.1 sec
[-----------------78%---------         ] 2353 of 3000 complete in 394.6 sec
[-----------------78%---------         ] 2355 of 3000 complete in 395.2 sec
[-----------------78%---------         ] 2357 of 3000 complete in 395.8 sec
[-----------------78%---------         ] 2359 of 3000 complete in 396.3 sec
[-----------------78%---------         ] 2361 of 3000 complete in 396.8 sec
[-----------------78%---------         ] 2364 of 3000 complete in 397.5 sec
[-----------------78%---------         ] 2367 of 3000 complete in 398.2 sec
[-----------------79%----------        ] 2370 of 3000 complete in 398.9 sec
[-----------------79%----------        ] 2373 of 3000 complete in 399.6 sec
[-----------------79%----------        ] 2376 of 3000 complete in 400.3 sec
[-----------------79%----------        ] 2379 of 3000 complete in 401.0 sec
[-----------------79%----------        ] 2382 of 3000 complete in 401.7 sec
[-----------------79%----------        ] 2385 of 3000 complete in 402.4 sec
[-----------------79%----------        ] 2388 of 3000 complete in 403.1 sec
[-----------------79%----------        ] 2390 of 3000 complete in 403.6 sec
[-----------------79%----------        ] 2393 of 3000 complete in 404.3 sec
[-----------------79%----------        ] 2396 of 3000 complete in 405.0 sec
[-----------------79%----------        ] 2399 of 3000 complete in 405.7 sec
[-----------------80%----------        ] 2402 of 3000 complete in 406.4 sec
[-----------------80%----------        ] 2405 of 3000 complete in 407.1 sec
[-----------------80%----------        ] 2408 of 3000 complete in 407.8 sec
[-----------------80%----------        ] 2411 of 3000 complete in 408.5 sec
[-----------------80%----------        ] 2414 of 3000 complete in 409.1 sec
[-----------------80%----------        ] 2417 of 3000 complete in 409.8 sec
[-----------------80%----------        ] 2420 of 3000 complete in 410.4 sec
[-----------------80%----------        ] 2423 of 3000 complete in 411.1 sec
[-----------------80%----------        ] 2426 of 3000 complete in 411.8 sec
[-----------------80%----------        ] 2429 of 3000 complete in 412.5 sec
[-----------------81%----------        ] 2432 of 3000 complete in 413.2 sec
[-----------------81%----------        ] 2434 of 3000 complete in 413.8 sec
[-----------------81%----------        ] 2437 of 3000 complete in 414.5 sec
[-----------------81%----------        ] 2440 of 3000 complete in 415.2 sec
[-----------------81%----------        ] 2443 of 3000 complete in 415.9 sec
[-----------------81%----------        ] 2446 of 3000 complete in 416.6 sec
[-----------------81%-----------       ] 2449 of 3000 complete in 417.4 sec
[-----------------81%-----------       ] 2451 of 3000 complete in 417.9 sec
[-----------------81%-----------       ] 2454 of 3000 complete in 418.6 sec
[-----------------81%-----------       ] 2457 of 3000 complete in 419.3 sec
[-----------------81%-----------       ] 2459 of 3000 complete in 419.8 sec
[-----------------82%-----------       ] 2462 of 3000 complete in 420.6 sec
[-----------------82%-----------       ] 2464 of 3000 complete in 421.1 sec
[-----------------82%-----------       ] 2466 of 3000 complete in 421.7 sec
[-----------------82%-----------       ] 2469 of 3000 complete in 422.4 sec
[-----------------82%-----------       ] 2471 of 3000 complete in 422.9 sec
[-----------------82%-----------       ] 2473 of 3000 complete in 423.5 sec
[-----------------82%-----------       ] 2475 of 3000 complete in 424.0 sec
[-----------------82%-----------       ] 2478 of 3000 complete in 424.7 sec
[-----------------82%-----------       ] 2481 of 3000 complete in 425.4 sec
[-----------------82%-----------       ] 2483 of 3000 complete in 425.9 sec
[-----------------82%-----------       ] 2486 of 3000 complete in 426.6 sec
[-----------------82%-----------       ] 2488 of 3000 complete in 427.1 sec
[-----------------83%-----------       ] 2491 of 3000 complete in 427.8 sec
[-----------------83%-----------       ] 2493 of 3000 complete in 428.3 sec
[-----------------83%-----------       ] 2496 of 3000 complete in 429.0 sec
[-----------------83%-----------       ] 2499 of 3000 complete in 429.8 sec
[-----------------83%-----------       ] 2501 of 3000 complete in 430.3 sec
[-----------------83%-----------       ] 2504 of 3000 complete in 431.0 sec
[-----------------83%-----------       ] 2507 of 3000 complete in 431.7 sec
[-----------------83%-----------       ] 2509 of 3000 complete in 432.2 sec
[-----------------83%-----------       ] 2512 of 3000 complete in 433.0 sec
[-----------------83%-----------       ] 2514 of 3000 complete in 433.5 sec
[-----------------83%-----------       ] 2516 of 3000 complete in 434.1 sec
[-----------------83%-----------       ] 2519 of 3000 complete in 434.7 sec
[-----------------84%-----------       ] 2522 of 3000 complete in 435.4 sec
[-----------------84%-----------       ] 2525 of 3000 complete in 436.0 sec
[-----------------84%------------      ] 2528 of 3000 complete in 436.7 sec
[-----------------84%------------      ] 2531 of 3000 complete in 437.3 sec
[-----------------84%------------      ] 2534 of 3000 complete in 437.9 sec
[-----------------84%------------      ] 2537 of 3000 complete in 438.5 sec
[-----------------84%------------      ] 2540 of 3000 complete in 439.1 sec
[-----------------84%------------      ] 2543 of 3000 complete in 439.8 sec
[-----------------84%------------      ] 2546 of 3000 complete in 440.4 sec
[-----------------84%------------      ] 2549 of 3000 complete in 441.0 sec
[-----------------85%------------      ] 2552 of 3000 complete in 441.7 sec
[-----------------85%------------      ] 2555 of 3000 complete in 442.4 sec
[-----------------85%------------      ] 2558 of 3000 complete in 443.0 sec
[-----------------85%------------      ] 2561 of 3000 complete in 443.6 sec
[-----------------85%------------      ] 2564 of 3000 complete in 444.3 sec
[-----------------85%------------      ] 2567 of 3000 complete in 444.9 sec
[-----------------85%------------      ] 2570 of 3000 complete in 445.6 sec
[-----------------85%------------      ] 2573 of 3000 complete in 446.3 sec
[-----------------85%------------      ] 2575 of 3000 complete in 446.8 sec
[-----------------85%------------      ] 2577 of 3000 complete in 447.4 sec
[-----------------86%------------      ] 2580 of 3000 complete in 448.1 sec
[-----------------86%------------      ] 2582 of 3000 complete in 448.6 sec
[-----------------86%------------      ] 2584 of 3000 complete in 449.1 sec
[-----------------86%------------      ] 2587 of 3000 complete in 449.8 sec
[-----------------86%------------      ] 2590 of 3000 complete in 450.5 sec
[-----------------86%------------      ] 2592 of 3000 complete in 451.1 sec
[-----------------86%------------      ] 2594 of 3000 complete in 451.6 sec
[-----------------86%------------      ] 2596 of 3000 complete in 452.1 sec
[-----------------86%------------      ] 2598 of 3000 complete in 452.6 sec
[-----------------86%------------      ] 2601 of 3000 complete in 453.3 sec
[-----------------86%------------      ] 2604 of 3000 complete in 454.0 sec
[-----------------86%-------------     ] 2607 of 3000 complete in 454.6 sec
[-----------------87%-------------     ] 2610 of 3000 complete in 455.3 sec
[-----------------87%-------------     ] 2613 of 3000 complete in 456.0 sec
[-----------------87%-------------     ] 2616 of 3000 complete in 456.7 sec
[-----------------87%-------------     ] 2619 of 3000 complete in 457.4 sec
[-----------------87%-------------     ] 2621 of 3000 complete in 457.9 sec
[-----------------87%-------------     ] 2624 of 3000 complete in 458.6 sec
[-----------------87%-------------     ] 2627 of 3000 complete in 459.2 sec
[-----------------87%-------------     ] 2630 of 3000 complete in 460.0 sec
[-----------------87%-------------     ] 2633 of 3000 complete in 460.7 sec
[-----------------87%-------------     ] 2635 of 3000 complete in 461.2 sec
[-----------------87%-------------     ] 2638 of 3000 complete in 461.9 sec
[-----------------88%-------------     ] 2640 of 3000 complete in 462.5 sec
[-----------------88%-------------     ] 2643 of 3000 complete in 463.2 sec
[-----------------88%-------------     ] 2645 of 3000 complete in 463.7 sec
[-----------------88%-------------     ] 2647 of 3000 complete in 464.2 sec
[-----------------88%-------------     ] 2649 of 3000 complete in 464.7 sec
[-----------------88%-------------     ] 2652 of 3000 complete in 465.5 sec
[-----------------88%-------------     ] 2655 of 3000 complete in 466.2 sec
[-----------------88%-------------     ] 2658 of 3000 complete in 466.9 sec
[-----------------88%-------------     ] 2661 of 3000 complete in 467.6 sec
[-----------------88%-------------     ] 2664 of 3000 complete in 468.3 sec
[-----------------88%-------------     ] 2667 of 3000 complete in 468.9 sec
[-----------------89%-------------     ] 2670 of 3000 complete in 469.6 sec
[-----------------89%-------------     ] 2672 of 3000 complete in 470.1 sec
[-----------------89%-------------     ] 2674 of 3000 complete in 470.7 sec
[-----------------89%-------------     ] 2677 of 3000 complete in 471.4 sec
[-----------------89%-------------     ] 2679 of 3000 complete in 471.9 sec
[-----------------89%-------------     ] 2681 of 3000 complete in 472.4 sec
[-----------------89%-------------     ] 2684 of 3000 complete in 473.1 sec
[-----------------89%--------------    ] 2687 of 3000 complete in 473.8 sec
[-----------------89%--------------    ] 2690 of 3000 complete in 474.5 sec
[-----------------89%--------------    ] 2693 of 3000 complete in 475.2 sec
[-----------------89%--------------    ] 2695 of 3000 complete in 475.7 sec
[-----------------89%--------------    ] 2698 of 3000 complete in 476.4 sec
[-----------------90%--------------    ] 2701 of 3000 complete in 477.1 sec
[-----------------90%--------------    ] 2704 of 3000 complete in 477.8 sec
[-----------------90%--------------    ] 2706 of 3000 complete in 478.3 sec
[-----------------90%--------------    ] 2709 of 3000 complete in 478.9 sec
[-----------------90%--------------    ] 2712 of 3000 complete in 479.6 sec
[-----------------90%--------------    ] 2715 of 3000 complete in 480.3 sec
[-----------------90%--------------    ] 2717 of 3000 complete in 480.8 sec
[-----------------90%--------------    ] 2720 of 3000 complete in 481.5 sec
[-----------------90%--------------    ] 2723 of 3000 complete in 482.1 sec
[-----------------90%--------------    ] 2726 of 3000 complete in 482.7 sec
[-----------------90%--------------    ] 2729 of 3000 complete in 483.3 sec
[-----------------91%--------------    ] 2732 of 3000 complete in 483.9 sec
[-----------------91%--------------    ] 2735 of 3000 complete in 484.6 sec
[-----------------91%--------------    ] 2738 of 3000 complete in 485.3 sec
[-----------------91%--------------    ] 2741 of 3000 complete in 486.0 sec
[-----------------91%--------------    ] 2744 of 3000 complete in 486.6 sec
[-----------------91%--------------    ] 2747 of 3000 complete in 487.2 sec
[-----------------91%--------------    ] 2750 of 3000 complete in 487.9 sec
[-----------------91%--------------    ] 2753 of 3000 complete in 488.5 sec
[-----------------91%--------------    ] 2756 of 3000 complete in 489.2 sec
[-----------------91%--------------    ] 2759 of 3000 complete in 489.9 sec
[-----------------92%--------------    ] 2762 of 3000 complete in 490.6 sec
[-----------------92%---------------   ] 2765 of 3000 complete in 491.3 sec
[-----------------92%---------------   ] 2768 of 3000 complete in 492.0 sec
[-----------------92%---------------   ] 2771 of 3000 complete in 492.7 sec
[-----------------92%---------------   ] 2774 of 3000 complete in 493.3 sec
[-----------------92%---------------   ] 2777 of 3000 complete in 494.0 sec
[-----------------92%---------------   ] 2780 of 3000 complete in 494.6 sec
[-----------------92%---------------   ] 2783 of 3000 complete in 495.3 sec
[-----------------92%---------------   ] 2786 of 3000 complete in 496.0 sec
[-----------------92%---------------   ] 2789 of 3000 complete in 496.6 sec
[-----------------93%---------------   ] 2792 of 3000 complete in 497.2 sec
[-----------------93%---------------   ] 2795 of 3000 complete in 497.9 sec
[-----------------93%---------------   ] 2797 of 3000 complete in 498.4 sec
[-----------------93%---------------   ] 2800 of 3000 complete in 499.2 sec
[-----------------93%---------------   ] 2802 of 3000 complete in 499.7 sec
[-----------------93%---------------   ] 2805 of 3000 complete in 500.3 sec
[-----------------93%---------------   ] 2808 of 3000 complete in 501.1 sec
[-----------------93%---------------   ] 2810 of 3000 complete in 501.6 sec
[-----------------93%---------------   ] 2812 of 3000 complete in 502.1 sec
[-----------------93%---------------   ] 2815 of 3000 complete in 502.9 sec
[-----------------93%---------------   ] 2818 of 3000 complete in 503.6 sec
[-----------------94%---------------   ] 2821 of 3000 complete in 504.3 sec
[-----------------94%---------------   ] 2823 of 3000 complete in 504.8 sec
[-----------------94%---------------   ] 2826 of 3000 complete in 505.5 sec
[-----------------94%---------------   ] 2829 of 3000 complete in 506.2 sec
[-----------------94%---------------   ] 2832 of 3000 complete in 506.8 sec
[-----------------94%---------------   ] 2835 of 3000 complete in 507.5 sec
[-----------------94%---------------   ] 2837 of 3000 complete in 508.1 sec
[-----------------94%---------------   ] 2840 of 3000 complete in 508.8 sec
[-----------------94%----------------  ] 2843 of 3000 complete in 509.6 sec
[-----------------94%----------------  ] 2845 of 3000 complete in 510.1 sec
[-----------------94%----------------  ] 2848 of 3000 complete in 510.8 sec
[-----------------95%----------------  ] 2851 of 3000 complete in 511.5 sec
[-----------------95%----------------  ] 2853 of 3000 complete in 512.0 sec
[-----------------95%----------------  ] 2856 of 3000 complete in 512.7 sec
[-----------------95%----------------  ] 2859 of 3000 complete in 513.4 sec
[-----------------95%----------------  ] 2862 of 3000 complete in 514.2 sec
[-----------------95%----------------  ] 2865 of 3000 complete in 514.9 sec
[-----------------95%----------------  ] 2868 of 3000 complete in 515.6 sec
[-----------------95%----------------  ] 2871 of 3000 complete in 516.2 sec
[-----------------95%----------------  ] 2874 of 3000 complete in 516.9 sec
[-----------------95%----------------  ] 2877 of 3000 complete in 517.6 sec
[-----------------95%----------------  ] 2879 of 3000 complete in 518.1 sec
[-----------------96%----------------  ] 2881 of 3000 complete in 518.7 sec
[-----------------96%----------------  ] 2883 of 3000 complete in 519.2 sec
[-----------------96%----------------  ] 2886 of 3000 complete in 519.9 sec
[-----------------96%----------------  ] 2888 of 3000 complete in 520.4 sec
[-----------------96%----------------  ] 2890 of 3000 complete in 521.0 sec
[-----------------96%----------------  ] 2892 of 3000 complete in 521.5 sec
[-----------------96%----------------  ] 2895 of 3000 complete in 522.2 sec
[-----------------96%----------------  ] 2898 of 3000 complete in 522.9 sec
[-----------------96%----------------  ] 2900 of 3000 complete in 523.5 sec
[-----------------96%----------------  ] 2902 of 3000 complete in 524.0 sec
[-----------------96%----------------  ] 2904 of 3000 complete in 524.5 sec
[-----------------96%----------------  ] 2906 of 3000 complete in 525.1 sec
[-----------------96%----------------  ] 2908 of 3000 complete in 525.6 sec
[-----------------97%----------------  ] 2911 of 3000 complete in 526.4 sec
[-----------------97%----------------  ] 2913 of 3000 complete in 526.9 sec
[-----------------97%----------------  ] 2916 of 3000 complete in 527.6 sec
[-----------------97%----------------  ] 2918 of 3000 complete in 528.1 sec
[-----------------97%----------------  ] 2921 of 3000 complete in 528.8 sec
[-----------------97%----------------- ] 2924 of 3000 complete in 529.6 sec
[-----------------97%----------------- ] 2926 of 3000 complete in 530.1 sec
[-----------------97%----------------- ] 2928 of 3000 complete in 530.7 sec
[-----------------97%----------------- ] 2931 of 3000 complete in 531.4 sec
[-----------------97%----------------- ] 2934 of 3000 complete in 532.0 sec
[-----------------97%----------------- ] 2936 of 3000 complete in 532.6 sec
[-----------------97%----------------- ] 2938 of 3000 complete in 533.1 sec
[-----------------98%----------------- ] 2940 of 3000 complete in 533.6 sec
[-----------------98%----------------- ] 2943 of 3000 complete in 534.3 sec
[-----------------98%----------------- ] 2945 of 3000 complete in 534.8 sec
[-----------------98%----------------- ] 2947 of 3000 complete in 535.4 sec
[-----------------98%----------------- ] 2949 of 3000 complete in 535.9 sec
[-----------------98%----------------- ] 2951 of 3000 complete in 536.4 sec
[-----------------98%----------------- ] 2954 of 3000 complete in 537.1 sec
[-----------------98%----------------- ] 2957 of 3000 complete in 537.8 sec
[-----------------98%----------------- ] 2960 of 3000 complete in 538.5 sec
[-----------------98%----------------- ] 2963 of 3000 complete in 539.2 sec
[-----------------98%----------------- ] 2966 of 3000 complete in 540.0 sec
[-----------------98%----------------- ] 2968 of 3000 complete in 540.5 sec
[-----------------99%----------------- ] 2970 of 3000 complete in 541.1 sec
[-----------------99%----------------- ] 2972 of 3000 complete in 541.6 sec
[-----------------99%----------------- ] 2975 of 3000 complete in 542.4 sec
[-----------------99%----------------- ] 2977 of 3000 complete in 542.9 sec
[-----------------99%----------------- ] 2979 of 3000 complete in 543.4 sec
[-----------------99%----------------- ] 2982 of 3000 complete in 544.0 sec
[-----------------99%----------------- ] 2985 of 3000 complete in 544.7 sec
[-----------------99%----------------- ] 2988 of 3000 complete in 545.4 sec
[-----------------99%----------------- ] 2991 of 3000 complete in 546.1 sec
[-----------------99%----------------- ] 2993 of 3000 complete in 546.6 sec
[-----------------99%----------------- ] 2996 of 3000 complete in 547.3 sec
[-----------------99%----------------- ] 2998 of 3000 complete in 547.8 sec
[-----------------100%-----------------] 3001 of 3000 complete in 548.6 sec
hddm sampling elpased time:  548.644 s
[fit_one_hddm] 完成 cond1_rep3_censor（9.1 分钟）→ /home/jovyan/work/2_Data/Generate_Data/TenRules_Revision_20260912/param_recovery/fits/censor
