[fit_one_hddm] curve05_rep2_censor: 12 被试 / 3120 试次 / omission=0.047 / p_outlier=0.0
[fit_one_hddm] 设置 z 默认值失败（忽略）：'z'
No model attribute --> setting up standard HDDM
Set model to ddm
[                  0%                  ] 10 of 3000 complete in 0.5 sec
[                  0%                  ] 23 of 3000 complete in 1.1 sec
[                  1%                  ] 36 of 3000 complete in 1.6 sec
[                  1%                  ] 48 of 3000 complete in 2.1 sec
[                  1%                  ] 59 of 3000 complete in 2.6 sec
[                  2%                  ] 70 of 3000 complete in 3.2 sec
[-                 2%                  ] 81 of 3000 complete in 3.7 sec
[-                 3%                  ] 93 of 3000 complete in 4.2 sec
[-                 3%                  ] 105 of 3000 complete in 4.8 sec
[-                 3%                  ] 117 of 3000 complete in 5.3 sec
[-                 4%                  ] 128 of 3000 complete in 5.8 sec
[-                 4%                  ] 140 of 3000 complete in 6.3 sec
[-                 5%                  ] 151 of 3000 complete in 6.8 sec
[--                5%                  ] 164 of 3000 complete in 7.4 sec
[--                5%                  ] 176 of 3000 complete in 7.9 sec
[--                6%                  ] 188 of 3000 complete in 8.4 sec
[--                6%                  ] 199 of 3000 complete in 8.9 sec
[--                7%                  ] 210 of 3000 complete in 9.4 sec
[--                7%                  ] 221 of 3000 complete in 9.9 sec
[--                7%                  ] 233 of 3000 complete in 10.5 sec
[---               8%                  ] 244 of 3000 complete in 11.0 sec
[---               8%                  ] 255 of 3000 complete in 11.5 sec
[---               8%                  ] 266 of 3000 complete in 12.0 sec
[---               9%                  ] 278 of 3000 complete in 12.5 sec
[---               9%                  ] 290 of 3000 complete in 13.1 sec
[---              10%                  ] 301 of 3000 complete in 13.6 sec
[---              10%                  ] 313 of 3000 complete in 14.1 sec
[----             10%                  ] 325 of 3000 complete in 14.6 sec
[----             11%                  ] 337 of 3000 complete in 15.1 sec
[----             11%                  ] 350 of 3000 complete in 15.6 sec
[----             12%                  ] 363 of 3000 complete in 16.1 sec
[----             12%                  ] 374 of 3000 complete in 16.6 sec
[----             12%                  ] 386 of 3000 complete in 17.2 sec
[-----            13%                  ] 398 of 3000 complete in 17.7 sec
[-----            13%                  ] 410 of 3000 complete in 18.3 sec
[-----            14%                  ] 421 of 3000 complete in 18.8 sec
[-----            14%                  ] 432 of 3000 complete in 19.4 sec
[-----            14%                  ] 445 of 3000 complete in 19.9 sec
[-----            15%                  ] 457 of 3000 complete in 20.4 sec
[-----            15%                  ] 470 of 3000 complete in 20.9 sec
[------           16%                  ] 483 of 3000 complete in 21.5 sec
[------           16%                  ] 496 of 3000 complete in 22.0 sec
[------           16%                  ] 509 of 3000 complete in 22.5 sec
[------           17%                  ] 519 of 3000 complete in 23.0 sec
[------           17%                  ] 530 of 3000 complete in 23.6 sec
[------           18%                  ] 540 of 3000 complete in 24.1 sec
[------           18%                  ] 549 of 3000 complete in 24.6 sec
[-------          18%                  ] 559 of 3000 complete in 25.1 sec
[-------          18%                  ] 568 of 3000 complete in 25.7 sec
[-------          19%                  ] 578 of 3000 complete in 26.2 sec
[-------          19%                  ] 588 of 3000 complete in 26.7 sec
[-------          19%                  ] 599 of 3000 complete in 27.2 sec
[-------          20%                  ] 612 of 3000 complete in 27.7 sec
[-------          20%                  ] 625 of 3000 complete in 28.2 sec
[--------         21%                  ] 637 of 3000 complete in 28.7 sec
[--------         21%                  ] 649 of 3000 complete in 29.2 sec
[--------         22%                  ] 661 of 3000 complete in 29.8 sec
[--------         22%                  ] 672 of 3000 complete in 30.3 sec
[--------         22%                  ] 684 of 3000 complete in 30.8 sec
[--------         23%                  ] 696 of 3000 complete in 31.3 sec
[--------         23%                  ] 707 of 3000 complete in 31.9 sec
[---------        23%                  ] 718 of 3000 complete in 32.4 sec
[---------        24%                  ] 730 of 3000 complete in 32.9 sec
[---------        24%                  ] 742 of 3000 complete in 33.4 sec
[---------        25%                  ] 755 of 3000 complete in 33.9 sec
[---------        25%                  ] 768 of 3000 complete in 34.4 sec
[---------        26%                  ] 781 of 3000 complete in 34.9 sec
[----------       26%                  ] 794 of 3000 complete in 35.5 sec
[----------       26%                  ] 806 of 3000 complete in 36.0 sec
[----------       27%                  ] 819 of 3000 complete in 36.5 sec
[----------       27%                  ] 830 of 3000 complete in 37.0 sec
[----------       28%                  ] 842 of 3000 complete in 37.5 sec
[----------       28%                  ] 855 of 3000 complete in 38.1 sec
[----------       28%                  ] 867 of 3000 complete in 38.6 sec
[-----------      29%                  ] 879 of 3000 complete in 39.1 sec
[-----------      29%                  ] 891 of 3000 complete in 39.6 sec
[-----------      30%                  ] 903 of 3000 complete in 40.1 sec
[-----------      30%                  ] 915 of 3000 complete in 40.6 sec
[-----------      30%                  ] 928 of 3000 complete in 41.2 sec
[-----------      31%                  ] 940 of 3000 complete in 41.7 sec
[------------     31%                  ] 952 of 3000 complete in 42.2 sec
[------------     32%                  ] 965 of 3000 complete in 42.7 sec
[------------     32%                  ] 977 of 3000 complete in 43.2 sec
[------------     33%                  ] 990 of 3000 complete in 43.8 sec
[------------     33%                  ] 1001 of 3000 complete in 44.3 sec
[------------     33%                  ] 1013 of 3000 complete in 44.8 sec
[------------     34%                  ] 1024 of 3000 complete in 45.3 sec
[-------------    34%                  ] 1035 of 3000 complete in 45.9 sec
[-------------    34%                  ] 1046 of 3000 complete in 46.4 sec
[-------------    35%                  ] 1058 of 3000 complete in 46.9 sec
[-------------    35%                  ] 1071 of 3000 complete in 47.4 sec
[-------------    36%                  ] 1084 of 3000 complete in 48.0 sec
[-------------    36%                  ] 1097 of 3000 complete in 48.5 sec
[--------------   36%                  ] 1109 of 3000 complete in 49.0 sec
[--------------   37%                  ] 1122 of 3000 complete in 49.5 sec
[--------------   37%                  ] 1133 of 3000 complete in 50.0 sec
[--------------   38%                  ] 1144 of 3000 complete in 50.6 sec
[--------------   38%                  ] 1155 of 3000 complete in 51.1 sec
[--------------   38%                  ] 1166 of 3000 complete in 51.6 sec
[--------------   39%                  ] 1177 of 3000 complete in 52.1 sec
[---------------  39%                  ] 1189 of 3000 complete in 52.7 sec
[---------------  40%                  ] 1200 of 3000 complete in 53.2 sec
[---------------  40%                  ] 1212 of 3000 complete in 53.7 sec
[---------------  40%                  ] 1224 of 3000 complete in 54.2 sec
[---------------  41%                  ] 1236 of 3000 complete in 54.8 sec
[---------------  41%                  ] 1247 of 3000 complete in 55.3 sec
[---------------  41%                  ] 1258 of 3000 complete in 55.8 sec
[---------------- 42%                  ] 1269 of 3000 complete in 56.4 sec
[---------------- 42%                  ] 1279 of 3000 complete in 56.9 sec
[---------------- 42%                  ] 1289 of 3000 complete in 57.4 sec
[---------------- 43%                  ] 1300 of 3000 complete in 57.9 sec
[---------------- 43%                  ] 1311 of 3000 complete in 58.5 sec
[---------------- 44%                  ] 1321 of 3000 complete in 59.0 sec
[---------------- 44%                  ] 1331 of 3000 complete in 59.5 sec
[---------------- 44%                  ] 1341 of 3000 complete in 60.1 sec
[-----------------45%                  ] 1351 of 3000 complete in 60.6 sec
[-----------------45%                  ] 1361 of 3000 complete in 61.1 sec
[-----------------45%                  ] 1370 of 3000 complete in 61.6 sec
[-----------------45%                  ] 1379 of 3000 complete in 62.1 sec
[-----------------46%                  ] 1388 of 3000 complete in 62.6 sec
[-----------------46%                  ] 1398 of 3000 complete in 63.2 sec
[-----------------46%                  ] 1407 of 3000 complete in 63.7 sec
[-----------------47%                  ] 1416 of 3000 complete in 64.2 sec
[-----------------47%                  ] 1425 of 3000 complete in 64.8 sec
[-----------------47%                  ] 1434 of 3000 complete in 65.3 sec
[-----------------48%                  ] 1443 of 3000 complete in 65.9 sec
[-----------------48%                  ] 1451 of 3000 complete in 66.4 sec
[-----------------48%                  ] 1460 of 3000 complete in 66.9 sec
[-----------------48%                  ] 1469 of 3000 complete in 67.4 sec
[-----------------49%                  ] 1478 of 3000 complete in 67.9 sec
[-----------------49%                  ] 1487 of 3000 complete in 68.5 sec
[-----------------49%                  ] 1495 of 3000 complete in 69.0 sec
[-----------------50%                  ] 1503 of 3000 complete in 69.5 sec
[-----------------50%                  ] 1511 of 3000 complete in 70.0 sec
[-----------------50%                  ] 1520 of 3000 complete in 70.6 sec
[-----------------50%                  ] 1529 of 3000 complete in 71.1 sec
[-----------------51%                  ] 1538 of 3000 complete in 71.6 sec
[-----------------51%                  ] 1547 of 3000 complete in 72.2 sec
[-----------------51%                  ] 1556 of 3000 complete in 72.7 sec
[-----------------52%                  ] 1565 of 3000 complete in 73.3 sec
[-----------------52%                  ] 1574 of 3000 complete in 73.8 sec
[-----------------52%                  ] 1584 of 3000 complete in 74.4 sec
[-----------------53%                  ] 1594 of 3000 complete in 74.9 sec
[-----------------53%                  ] 1603 of 3000 complete in 75.4 sec
[-----------------53%                  ] 1612 of 3000 complete in 75.9 sec
[-----------------54%                  ] 1622 of 3000 complete in 76.5 sec
[-----------------54%                  ] 1632 of 3000 complete in 77.0 sec
[-----------------54%                  ] 1643 of 3000 complete in 77.5 sec
[-----------------55%                  ] 1654 of 3000 complete in 78.1 sec
[-----------------55%-                 ] 1665 of 3000 complete in 78.6 sec
[-----------------55%-                 ] 1676 of 3000 complete in 79.1 sec
[-----------------56%-                 ] 1687 of 3000 complete in 79.6 sec
[-----------------56%-                 ] 1698 of 3000 complete in 80.2 sec
[-----------------56%-                 ] 1708 of 3000 complete in 80.7 sec
[-----------------57%-                 ] 1718 of 3000 complete in 81.3 sec
[-----------------57%-                 ] 1727 of 3000 complete in 81.8 sec
[-----------------57%--                ] 1737 of 3000 complete in 82.3 sec
[-----------------58%--                ] 1749 of 3000 complete in 82.8 sec
[-----------------58%--                ] 1760 of 3000 complete in 83.3 sec
[-----------------59%--                ] 1770 of 3000 complete in 83.8 sec
[-----------------59%--                ] 1780 of 3000 complete in 84.4 sec
[-----------------59%--                ] 1790 of 3000 complete in 84.9 sec
[-----------------60%--                ] 1800 of 3000 complete in 85.4 sec
[-----------------60%--                ] 1811 of 3000 complete in 86.0 sec
[-----------------60%---               ] 1821 of 3000 complete in 86.5 sec
[-----------------61%---               ] 1831 of 3000 complete in 87.0 sec
[-----------------61%---               ] 1842 of 3000 complete in 87.6 sec
[-----------------61%---               ] 1853 of 3000 complete in 88.1 sec
[-----------------62%---               ] 1864 of 3000 complete in 88.6 sec
[-----------------62%---               ] 1875 of 3000 complete in 89.1 sec
[-----------------62%---               ] 1888 of 3000 complete in 89.7 sec
[-----------------63%----              ] 1900 of 3000 complete in 90.2 sec
[-----------------63%----              ] 1911 of 3000 complete in 90.7 sec
[-----------------64%----              ] 1924 of 3000 complete in 91.2 sec
[-----------------64%----              ] 1936 of 3000 complete in 91.7 sec
[-----------------64%----              ] 1948 of 3000 complete in 92.2 sec
[-----------------65%----              ] 1961 of 3000 complete in 92.8 sec
[-----------------65%----              ] 1973 of 3000 complete in 93.3 sec
[-----------------66%-----             ] 1985 of 3000 complete in 93.8 sec
[-----------------66%-----             ] 1997 of 3000 complete in 94.3 sec
[-----------------66%-----             ] 2009 of 3000 complete in 94.9 sec
[-----------------67%-----             ] 2021 of 3000 complete in 95.4 sec
[-----------------67%-----             ] 2033 of 3000 complete in 95.9 sec
[-----------------68%-----             ] 2046 of 3000 complete in 96.4 sec
[-----------------68%------            ] 2058 of 3000 complete in 96.9 sec
[-----------------69%------            ] 2070 of 3000 complete in 97.5 sec
[-----------------69%------            ] 2082 of 3000 complete in 98.0 sec
[-----------------69%------            ] 2094 of 3000 complete in 98.5 sec
[-----------------70%------            ] 2106 of 3000 complete in 99.0 sec
[-----------------70%------            ] 2118 of 3000 complete in 99.5 sec
[-----------------71%------            ] 2130 of 3000 complete in 100.0 sec
[-----------------71%-------           ] 2142 of 3000 complete in 100.6 sec
[-----------------71%-------           ] 2154 of 3000 complete in 101.1 sec
[-----------------72%-------           ] 2165 of 3000 complete in 101.6 sec
[-----------------72%-------           ] 2177 of 3000 complete in 102.2 sec
[-----------------73%-------           ] 2190 of 3000 complete in 102.7 sec
[-----------------73%-------           ] 2202 of 3000 complete in 103.2 sec
[-----------------73%--------          ] 2215 of 3000 complete in 103.8 sec
[-----------------74%--------          ] 2228 of 3000 complete in 104.3 sec
[-----------------74%--------          ] 2242 of 3000 complete in 104.8 sec
[-----------------75%--------          ] 2254 of 3000 complete in 105.3 sec
[-----------------75%--------          ] 2266 of 3000 complete in 105.8 sec
[-----------------75%--------          ] 2278 of 3000 complete in 106.3 sec
[-----------------76%---------         ] 2290 of 3000 complete in 106.9 sec
[-----------------76%---------         ] 2302 of 3000 complete in 107.4 sec
[-----------------77%---------         ] 2314 of 3000 complete in 107.9 sec
[-----------------77%---------         ] 2327 of 3000 complete in 108.4 sec
[-----------------78%---------         ] 2340 of 3000 complete in 109.0 sec
[-----------------78%---------         ] 2353 of 3000 complete in 109.5 sec
[-----------------78%---------         ] 2366 of 3000 complete in 110.0 sec
[-----------------79%----------        ] 2378 of 3000 complete in 110.6 sec
[-----------------79%----------        ] 2389 of 3000 complete in 111.1 sec
[-----------------80%----------        ] 2402 of 3000 complete in 111.6 sec
[-----------------80%----------        ] 2415 of 3000 complete in 112.1 sec
[-----------------80%----------        ] 2427 of 3000 complete in 112.6 sec
[-----------------81%----------        ] 2438 of 3000 complete in 113.2 sec
[-----------------81%-----------       ] 2449 of 3000 complete in 113.7 sec
[-----------------82%-----------       ] 2460 of 3000 complete in 114.2 sec
[-----------------82%-----------       ] 2471 of 3000 complete in 114.7 sec
[-----------------82%-----------       ] 2482 of 3000 complete in 115.2 sec
[-----------------83%-----------       ] 2492 of 3000 complete in 115.7 sec
[-----------------83%-----------       ] 2503 of 3000 complete in 116.3 sec
[-----------------83%-----------       ] 2515 of 3000 complete in 116.8 sec
[-----------------84%------------      ] 2527 of 3000 complete in 117.3 sec
[-----------------84%------------      ] 2540 of 3000 complete in 117.9 sec
[-----------------85%------------      ] 2552 of 3000 complete in 118.4 sec
[-----------------85%------------      ] 2565 of 3000 complete in 118.9 sec
[-----------------85%------------      ] 2577 of 3000 complete in 119.4 sec
[-----------------86%------------      ] 2590 of 3000 complete in 120.0 sec
[-----------------86%------------      ] 2602 of 3000 complete in 120.5 sec
[-----------------87%-------------     ] 2614 of 3000 complete in 121.0 sec
[-----------------87%-------------     ] 2626 of 3000 complete in 121.5 sec
[-----------------87%-------------     ] 2639 of 3000 complete in 122.1 sec
[-----------------88%-------------     ] 2652 of 3000 complete in 122.6 sec
[-----------------88%-------------     ] 2664 of 3000 complete in 123.1 sec
[-----------------89%-------------     ] 2677 of 3000 complete in 123.6 sec
[-----------------89%--------------    ] 2690 of 3000 complete in 124.1 sec
[-----------------90%--------------    ] 2703 of 3000 complete in 124.6 sec
[-----------------90%--------------    ] 2716 of 3000 complete in 125.2 sec
[-----------------90%--------------    ] 2729 of 3000 complete in 125.7 sec
[-----------------91%--------------    ] 2741 of 3000 complete in 126.3 sec
[-----------------91%--------------    ] 2753 of 3000 complete in 126.8 sec
[-----------------92%---------------   ] 2766 of 3000 complete in 127.3 sec
[-----------------92%---------------   ] 2779 of 3000 complete in 127.8 sec
[-----------------93%---------------   ] 2791 of 3000 complete in 128.4 sec
[-----------------93%---------------   ] 2804 of 3000 complete in 128.9 sec
[-----------------93%---------------   ] 2816 of 3000 complete in 129.4 sec
[-----------------94%---------------   ] 2828 of 3000 complete in 129.9 sec
[-----------------94%---------------   ] 2840 of 3000 complete in 130.5 sec
[-----------------95%----------------  ] 2853 of 3000 complete in 131.0 sec
[-----------------95%----------------  ] 2866 of 3000 complete in 131.5 sec
[-----------------95%----------------  ] 2878 of 3000 complete in 132.1 sec
[-----------------96%----------------  ] 2890 of 3000 complete in 132.6 sec
[-----------------96%----------------  ] 2902 of 3000 complete in 133.1 sec
[-----------------97%----------------  ] 2914 of 3000 complete in 133.6 sec
[-----------------97%----------------- ] 2926 of 3000 complete in 134.1 sec
[-----------------97%----------------- ] 2938 of 3000 complete in 134.7 sec
[-----------------98%----------------- ] 2951 of 3000 complete in 135.2 sec
[-----------------98%----------------- ] 2963 of 3000 complete in 135.7 sec
[-----------------99%----------------- ] 2974 of 3000 complete in 136.2 sec
[-----------------99%----------------- ] 2987 of 3000 complete in 136.8 sec
[-----------------99%----------------- ] 2999 of 3000 complete in 137.3 sec
[-----------------100%-----------------] 3000 of 3000 complete in 137.4 sec
hddm sampling elpased time:  137.468 s
[fit_one_hddm] 完成 curve05_rep2_censor（2.3 分钟）→ /home/jovyan/work/2_Data/Generate_Data/TenRules_Revision_20260912/param_recovery/fits/censor
