[fit_one_hddm] curve70_rep1_censor: 12 被试 / 3120 试次 / omission=0.688 / p_outlier=0.0
[fit_one_hddm] 设置 z 默认值失败（忽略）：'z'
No model attribute --> setting up standard HDDM
Set model to ddm
[                  0%                  ] 10 of 3000 complete in 0.5 sec
[                  0%                  ] 23 of 3000 complete in 1.0 sec
[                  1%                  ] 35 of 3000 complete in 1.6 sec
[                  1%                  ] 48 of 3000 complete in 2.1 sec
[                  2%                  ] 60 of 3000 complete in 2.6 sec
[                  2%                  ] 72 of 3000 complete in 3.1 sec
[-                 2%                  ] 84 of 3000 complete in 3.6 sec
[-                 3%                  ] 96 of 3000 complete in 4.1 sec
[-                 3%                  ] 110 of 3000 complete in 4.7 sec
[-                 4%                  ] 124 of 3000 complete in 5.2 sec
[-                 4%                  ] 137 of 3000 complete in 5.7 sec
[-                 5%                  ] 150 of 3000 complete in 6.2 sec
[--                5%                  ] 163 of 3000 complete in 6.8 sec
[--                5%                  ] 176 of 3000 complete in 7.3 sec
[--                6%                  ] 190 of 3000 complete in 7.8 sec
[--                6%                  ] 202 of 3000 complete in 8.3 sec
[--                7%                  ] 215 of 3000 complete in 8.8 sec
[--                7%                  ] 228 of 3000 complete in 9.4 sec
[---               8%                  ] 242 of 3000 complete in 9.9 sec
[---               8%                  ] 255 of 3000 complete in 10.4 sec
[---               8%                  ] 268 of 3000 complete in 10.9 sec
[---               9%                  ] 282 of 3000 complete in 11.4 sec
[---               9%                  ] 295 of 3000 complete in 11.9 sec
[---              10%                  ] 308 of 3000 complete in 12.5 sec
[----             10%                  ] 321 of 3000 complete in 13.0 sec
[----             11%                  ] 335 of 3000 complete in 13.5 sec
[----             11%                  ] 349 of 3000 complete in 14.0 sec
[----             12%                  ] 362 of 3000 complete in 14.6 sec
[----             12%                  ] 375 of 3000 complete in 15.1 sec
[----             12%                  ] 389 of 3000 complete in 15.6 sec
[-----            13%                  ] 401 of 3000 complete in 16.1 sec
[-----            13%                  ] 414 of 3000 complete in 16.6 sec
[-----            14%                  ] 427 of 3000 complete in 17.2 sec
[-----            14%                  ] 439 of 3000 complete in 17.7 sec
[-----            15%                  ] 452 of 3000 complete in 18.2 sec
[-----            15%                  ] 465 of 3000 complete in 18.7 sec
[------           15%                  ] 478 of 3000 complete in 19.3 sec
[------           16%                  ] 491 of 3000 complete in 19.8 sec
[------           16%                  ] 505 of 3000 complete in 20.3 sec
[------           17%                  ] 518 of 3000 complete in 20.8 sec
[------           17%                  ] 531 of 3000 complete in 21.3 sec
[------           18%                  ] 544 of 3000 complete in 21.9 sec
[-------          18%                  ] 557 of 3000 complete in 22.4 sec
[-------          19%                  ] 570 of 3000 complete in 22.9 sec
[-------          19%                  ] 583 of 3000 complete in 23.4 sec
[-------          19%                  ] 594 of 3000 complete in 23.9 sec
[-------          20%                  ] 606 of 3000 complete in 24.4 sec
[-------          20%                  ] 618 of 3000 complete in 24.9 sec
[-------          21%                  ] 630 of 3000 complete in 25.4 sec
[--------         21%                  ] 642 of 3000 complete in 26.0 sec
[--------         21%                  ] 654 of 3000 complete in 26.5 sec
[--------         22%                  ] 667 of 3000 complete in 27.0 sec
[--------         22%                  ] 680 of 3000 complete in 27.5 sec
[--------         23%                  ] 694 of 3000 complete in 28.0 sec
[--------         23%                  ] 707 of 3000 complete in 28.5 sec
[---------        24%                  ] 721 of 3000 complete in 29.1 sec
[---------        24%                  ] 734 of 3000 complete in 29.6 sec
[---------        24%                  ] 746 of 3000 complete in 30.1 sec
[---------        25%                  ] 758 of 3000 complete in 30.6 sec
[---------        25%                  ] 771 of 3000 complete in 31.2 sec
[---------        26%                  ] 783 of 3000 complete in 31.7 sec
[----------       26%                  ] 795 of 3000 complete in 32.2 sec
[----------       26%                  ] 807 of 3000 complete in 32.7 sec
[----------       27%                  ] 819 of 3000 complete in 33.3 sec
[----------       27%                  ] 830 of 3000 complete in 33.8 sec
[----------       28%                  ] 842 of 3000 complete in 34.3 sec
[----------       28%                  ] 853 of 3000 complete in 34.9 sec
[----------       28%                  ] 864 of 3000 complete in 35.4 sec
[-----------      29%                  ] 877 of 3000 complete in 35.9 sec
[-----------      29%                  ] 890 of 3000 complete in 36.4 sec
[-----------      30%                  ] 904 of 3000 complete in 37.0 sec
[-----------      30%                  ] 917 of 3000 complete in 37.5 sec
[-----------      31%                  ] 930 of 3000 complete in 38.0 sec
[-----------      31%                  ] 942 of 3000 complete in 38.5 sec
[------------     31%                  ] 954 of 3000 complete in 39.0 sec
[------------     32%                  ] 966 of 3000 complete in 39.6 sec
[------------     32%                  ] 978 of 3000 complete in 40.1 sec
[------------     33%                  ] 990 of 3000 complete in 40.6 sec
[------------     33%                  ] 1002 of 3000 complete in 41.2 sec
[------------     33%                  ] 1014 of 3000 complete in 41.7 sec
[-------------    34%                  ] 1027 of 3000 complete in 42.2 sec
[-------------    34%                  ] 1040 of 3000 complete in 42.7 sec
[-------------    35%                  ] 1053 of 3000 complete in 43.3 sec
[-------------    35%                  ] 1066 of 3000 complete in 43.8 sec
[-------------    35%                  ] 1079 of 3000 complete in 44.3 sec
[-------------    36%                  ] 1092 of 3000 complete in 44.8 sec
[-------------    36%                  ] 1105 of 3000 complete in 45.3 sec
[--------------   37%                  ] 1117 of 3000 complete in 45.8 sec
[--------------   37%                  ] 1129 of 3000 complete in 46.4 sec
[--------------   38%                  ] 1141 of 3000 complete in 46.9 sec
[--------------   38%                  ] 1154 of 3000 complete in 47.4 sec
[--------------   38%                  ] 1167 of 3000 complete in 48.0 sec
[--------------   39%                  ] 1179 of 3000 complete in 48.5 sec
[---------------  39%                  ] 1190 of 3000 complete in 49.0 sec
[---------------  40%                  ] 1202 of 3000 complete in 49.5 sec
[---------------  40%                  ] 1214 of 3000 complete in 50.1 sec
[---------------  40%                  ] 1227 of 3000 complete in 50.6 sec
[---------------  41%                  ] 1240 of 3000 complete in 51.1 sec
[---------------  41%                  ] 1253 of 3000 complete in 51.6 sec
[---------------- 42%                  ] 1267 of 3000 complete in 52.2 sec
[---------------- 42%                  ] 1279 of 3000 complete in 52.7 sec
[---------------- 43%                  ] 1291 of 3000 complete in 53.2 sec
[---------------- 43%                  ] 1304 of 3000 complete in 53.7 sec
[---------------- 43%                  ] 1316 of 3000 complete in 54.2 sec
[---------------- 44%                  ] 1329 of 3000 complete in 54.7 sec
[---------------- 44%                  ] 1342 of 3000 complete in 55.2 sec
[-----------------45%                  ] 1356 of 3000 complete in 55.8 sec
[-----------------45%                  ] 1369 of 3000 complete in 56.3 sec
[-----------------46%                  ] 1382 of 3000 complete in 56.8 sec
[-----------------46%                  ] 1395 of 3000 complete in 57.3 sec
[-----------------46%                  ] 1408 of 3000 complete in 57.8 sec
[-----------------47%                  ] 1421 of 3000 complete in 58.3 sec
[-----------------47%                  ] 1435 of 3000 complete in 58.9 sec
[-----------------48%                  ] 1447 of 3000 complete in 59.4 sec
[-----------------48%                  ] 1457 of 3000 complete in 59.9 sec
[-----------------48%                  ] 1468 of 3000 complete in 60.4 sec
[-----------------49%                  ] 1481 of 3000 complete in 60.9 sec
[-----------------49%                  ] 1494 of 3000 complete in 61.4 sec
[-----------------50%                  ] 1507 of 3000 complete in 61.9 sec
[-----------------50%                  ] 1520 of 3000 complete in 62.5 sec
[-----------------51%                  ] 1533 of 3000 complete in 63.0 sec
[-----------------51%                  ] 1546 of 3000 complete in 63.5 sec
[-----------------51%                  ] 1559 of 3000 complete in 64.0 sec
[-----------------52%                  ] 1572 of 3000 complete in 64.6 sec
[-----------------52%                  ] 1585 of 3000 complete in 65.1 sec
[-----------------53%                  ] 1599 of 3000 complete in 65.6 sec
[-----------------53%                  ] 1612 of 3000 complete in 66.1 sec
[-----------------54%                  ] 1625 of 3000 complete in 66.7 sec
[-----------------54%                  ] 1636 of 3000 complete in 67.2 sec
[-----------------54%                  ] 1648 of 3000 complete in 67.7 sec
[-----------------55%-                 ] 1661 of 3000 complete in 68.2 sec
[-----------------55%-                 ] 1673 of 3000 complete in 68.7 sec
[-----------------56%-                 ] 1685 of 3000 complete in 69.2 sec
[-----------------56%-                 ] 1698 of 3000 complete in 69.7 sec
[-----------------57%-                 ] 1711 of 3000 complete in 70.3 sec
[-----------------57%-                 ] 1723 of 3000 complete in 70.8 sec
[-----------------57%-                 ] 1734 of 3000 complete in 71.3 sec
[-----------------58%--                ] 1746 of 3000 complete in 71.8 sec
[-----------------58%--                ] 1759 of 3000 complete in 72.3 sec
[-----------------59%--                ] 1771 of 3000 complete in 72.9 sec
[-----------------59%--                ] 1783 of 3000 complete in 73.4 sec
[-----------------59%--                ] 1794 of 3000 complete in 73.9 sec
[-----------------60%--                ] 1805 of 3000 complete in 74.4 sec
[-----------------60%---               ] 1817 of 3000 complete in 74.9 sec
[-----------------61%---               ] 1830 of 3000 complete in 75.4 sec
[-----------------61%---               ] 1843 of 3000 complete in 75.9 sec
[-----------------61%---               ] 1856 of 3000 complete in 76.4 sec
[-----------------62%---               ] 1869 of 3000 complete in 76.9 sec
[-----------------62%---               ] 1881 of 3000 complete in 77.5 sec
[-----------------63%---               ] 1893 of 3000 complete in 78.0 sec
[-----------------63%----              ] 1906 of 3000 complete in 78.5 sec
[-----------------63%----              ] 1919 of 3000 complete in 79.0 sec
[-----------------64%----              ] 1932 of 3000 complete in 79.5 sec
[-----------------64%----              ] 1945 of 3000 complete in 80.1 sec
[-----------------65%----              ] 1958 of 3000 complete in 80.6 sec
[-----------------65%----              ] 1971 of 3000 complete in 81.1 sec
[-----------------66%-----             ] 1983 of 3000 complete in 81.6 sec
[-----------------66%-----             ] 1995 of 3000 complete in 82.1 sec
[-----------------66%-----             ] 2007 of 3000 complete in 82.6 sec
[-----------------67%-----             ] 2019 of 3000 complete in 83.2 sec
[-----------------67%-----             ] 2030 of 3000 complete in 83.7 sec
[-----------------68%-----             ] 2043 of 3000 complete in 84.2 sec
[-----------------68%------            ] 2056 of 3000 complete in 84.7 sec
[-----------------68%------            ] 2068 of 3000 complete in 85.3 sec
[-----------------69%------            ] 2081 of 3000 complete in 85.8 sec
[-----------------69%------            ] 2094 of 3000 complete in 86.3 sec
[-----------------70%------            ] 2106 of 3000 complete in 86.8 sec
[-----------------70%------            ] 2119 of 3000 complete in 87.3 sec
[-----------------71%-------           ] 2132 of 3000 complete in 87.9 sec
[-----------------71%-------           ] 2145 of 3000 complete in 88.4 sec
[-----------------71%-------           ] 2158 of 3000 complete in 88.9 sec
[-----------------72%-------           ] 2171 of 3000 complete in 89.5 sec
[-----------------72%-------           ] 2182 of 3000 complete in 90.0 sec
[-----------------73%-------           ] 2193 of 3000 complete in 90.5 sec
[-----------------73%-------           ] 2205 of 3000 complete in 91.0 sec
[-----------------73%--------          ] 2217 of 3000 complete in 91.6 sec
[-----------------74%--------          ] 2230 of 3000 complete in 92.1 sec
[-----------------74%--------          ] 2242 of 3000 complete in 92.6 sec
[-----------------75%--------          ] 2255 of 3000 complete in 93.1 sec
[-----------------75%--------          ] 2268 of 3000 complete in 93.7 sec
[-----------------76%--------          ] 2281 of 3000 complete in 94.2 sec
[-----------------76%---------         ] 2294 of 3000 complete in 94.7 sec
[-----------------76%---------         ] 2306 of 3000 complete in 95.2 sec
[-----------------77%---------         ] 2319 of 3000 complete in 95.7 sec
[-----------------77%---------         ] 2332 of 3000 complete in 96.3 sec
[-----------------78%---------         ] 2346 of 3000 complete in 96.8 sec
[-----------------78%---------         ] 2359 of 3000 complete in 97.3 sec
[-----------------79%----------        ] 2371 of 3000 complete in 97.8 sec
[-----------------79%----------        ] 2383 of 3000 complete in 98.4 sec
[-----------------79%----------        ] 2396 of 3000 complete in 98.9 sec
[-----------------80%----------        ] 2409 of 3000 complete in 99.4 sec
[-----------------80%----------        ] 2422 of 3000 complete in 99.9 sec
[-----------------81%----------        ] 2435 of 3000 complete in 100.5 sec
[-----------------81%----------        ] 2447 of 3000 complete in 101.0 sec
[-----------------82%-----------       ] 2460 of 3000 complete in 101.5 sec
[-----------------82%-----------       ] 2472 of 3000 complete in 102.0 sec
[-----------------82%-----------       ] 2484 of 3000 complete in 102.6 sec
[-----------------83%-----------       ] 2496 of 3000 complete in 103.1 sec
[-----------------83%-----------       ] 2509 of 3000 complete in 103.6 sec
[-----------------84%-----------       ] 2521 of 3000 complete in 104.2 sec
[-----------------84%------------      ] 2533 of 3000 complete in 104.7 sec
[-----------------84%------------      ] 2545 of 3000 complete in 105.2 sec
[-----------------85%------------      ] 2558 of 3000 complete in 105.7 sec
[-----------------85%------------      ] 2570 of 3000 complete in 106.2 sec
[-----------------86%------------      ] 2583 of 3000 complete in 106.7 sec
[-----------------86%------------      ] 2596 of 3000 complete in 107.2 sec
[-----------------87%-------------     ] 2610 of 3000 complete in 107.8 sec
[-----------------87%-------------     ] 2623 of 3000 complete in 108.3 sec
[-----------------87%-------------     ] 2637 of 3000 complete in 108.8 sec
[-----------------88%-------------     ] 2651 of 3000 complete in 109.3 sec
[-----------------88%-------------     ] 2665 of 3000 complete in 109.9 sec
[-----------------89%-------------     ] 2679 of 3000 complete in 110.4 sec
[-----------------89%--------------    ] 2692 of 3000 complete in 110.9 sec
[-----------------90%--------------    ] 2705 of 3000 complete in 111.5 sec
[-----------------90%--------------    ] 2718 of 3000 complete in 112.0 sec
[-----------------91%--------------    ] 2732 of 3000 complete in 112.5 sec
[-----------------91%--------------    ] 2744 of 3000 complete in 113.0 sec
[-----------------91%--------------    ] 2756 of 3000 complete in 113.6 sec
[-----------------92%---------------   ] 2768 of 3000 complete in 114.1 sec
[-----------------92%---------------   ] 2782 of 3000 complete in 114.6 sec
[-----------------93%---------------   ] 2795 of 3000 complete in 115.1 sec
[-----------------93%---------------   ] 2808 of 3000 complete in 115.6 sec
[-----------------94%---------------   ] 2822 of 3000 complete in 116.2 sec
[-----------------94%---------------   ] 2835 of 3000 complete in 116.7 sec
[-----------------94%----------------  ] 2848 of 3000 complete in 117.2 sec
[-----------------95%----------------  ] 2861 of 3000 complete in 117.7 sec
[-----------------95%----------------  ] 2874 of 3000 complete in 118.3 sec
[-----------------96%----------------  ] 2888 of 3000 complete in 118.8 sec
[-----------------96%----------------  ] 2901 of 3000 complete in 119.3 sec
[-----------------97%----------------  ] 2913 of 3000 complete in 119.8 sec
[-----------------97%----------------- ] 2926 of 3000 complete in 120.3 sec
[-----------------97%----------------- ] 2938 of 3000 complete in 120.9 sec
[-----------------98%----------------- ] 2951 of 3000 complete in 121.4 sec
[-----------------98%----------------- ] 2963 of 3000 complete in 121.9 sec
[-----------------99%----------------- ] 2976 of 3000 complete in 122.4 sec
[-----------------99%----------------- ] 2989 of 3000 complete in 122.9 sec
[-----------------100%-----------------] 3000 of 3000 complete in 123.4 sec
hddm sampling elpased time:  123.505 s
[fit_one_hddm] 完成 curve70_rep1_censor（2.1 分钟）→ /home/jovyan/work/2_Data/Generate_Data/TenRules_Revision_20260912/param_recovery/fits/censor
