[fit_one_hddm] curve15_rep1_censor: 12 被试 / 3120 试次 / omission=0.153 / p_outlier=0.0
[fit_one_hddm] 设置 z 默认值失败（忽略）：'z'
No model attribute --> setting up standard HDDM
Set model to ddm
[                  0%                  ] 11 of 3000 complete in 0.5 sec
[                  0%                  ] 25 of 3000 complete in 1.1 sec
[                  1%                  ] 36 of 3000 complete in 1.6 sec
[                  1%                  ] 47 of 3000 complete in 2.1 sec
[                  1%                  ] 58 of 3000 complete in 2.6 sec
[                  2%                  ] 69 of 3000 complete in 3.1 sec
[-                 2%                  ] 80 of 3000 complete in 3.7 sec
[-                 3%                  ] 92 of 3000 complete in 4.2 sec
[-                 3%                  ] 104 of 3000 complete in 4.7 sec
[-                 3%                  ] 116 of 3000 complete in 5.2 sec
[-                 4%                  ] 128 of 3000 complete in 5.7 sec
[-                 4%                  ] 141 of 3000 complete in 6.3 sec
[-                 5%                  ] 155 of 3000 complete in 6.8 sec
[--                5%                  ] 168 of 3000 complete in 7.3 sec
[--                6%                  ] 181 of 3000 complete in 7.9 sec
[--                6%                  ] 194 of 3000 complete in 8.4 sec
[--                6%                  ] 208 of 3000 complete in 8.9 sec
[--                7%                  ] 221 of 3000 complete in 9.5 sec
[--                7%                  ] 234 of 3000 complete in 10.0 sec
[---               8%                  ] 246 of 3000 complete in 10.5 sec
[---               8%                  ] 259 of 3000 complete in 11.0 sec
[---               9%                  ] 271 of 3000 complete in 11.5 sec
[---               9%                  ] 284 of 3000 complete in 12.1 sec
[---               9%                  ] 297 of 3000 complete in 12.6 sec
[---              10%                  ] 309 of 3000 complete in 13.1 sec
[----             10%                  ] 322 of 3000 complete in 13.6 sec
[----             11%                  ] 335 of 3000 complete in 14.2 sec
[----             11%                  ] 348 of 3000 complete in 14.7 sec
[----             12%                  ] 360 of 3000 complete in 15.2 sec
[----             12%                  ] 372 of 3000 complete in 15.7 sec
[----             12%                  ] 385 of 3000 complete in 16.3 sec
[-----            13%                  ] 398 of 3000 complete in 16.8 sec
[-----            13%                  ] 410 of 3000 complete in 17.3 sec
[-----            14%                  ] 422 of 3000 complete in 17.8 sec
[-----            14%                  ] 434 of 3000 complete in 18.3 sec
[-----            14%                  ] 447 of 3000 complete in 18.9 sec
[-----            15%                  ] 459 of 3000 complete in 19.4 sec
[-----            15%                  ] 471 of 3000 complete in 19.9 sec
[------           16%                  ] 483 of 3000 complete in 20.5 sec
[------           16%                  ] 495 of 3000 complete in 21.0 sec
[------           16%                  ] 508 of 3000 complete in 21.5 sec
[------           17%                  ] 520 of 3000 complete in 22.0 sec
[------           17%                  ] 531 of 3000 complete in 22.5 sec
[------           18%                  ] 542 of 3000 complete in 23.0 sec
[-------          18%                  ] 553 of 3000 complete in 23.5 sec
[-------          18%                  ] 564 of 3000 complete in 24.0 sec
[-------          19%                  ] 576 of 3000 complete in 24.6 sec
[-------          19%                  ] 587 of 3000 complete in 25.1 sec
[-------          19%                  ] 598 of 3000 complete in 25.6 sec
[-------          20%                  ] 607 of 3000 complete in 26.1 sec
[-------          20%                  ] 617 of 3000 complete in 26.7 sec
[-------          20%                  ] 629 of 3000 complete in 27.2 sec
[--------         21%                  ] 641 of 3000 complete in 27.7 sec
[--------         21%                  ] 653 of 3000 complete in 28.3 sec
[--------         22%                  ] 664 of 3000 complete in 28.8 sec
[--------         22%                  ] 675 of 3000 complete in 29.4 sec
[--------         22%                  ] 686 of 3000 complete in 29.9 sec
[--------         23%                  ] 697 of 3000 complete in 30.4 sec
[--------         23%                  ] 709 of 3000 complete in 30.9 sec
[---------        24%                  ] 721 of 3000 complete in 31.4 sec
[---------        24%                  ] 733 of 3000 complete in 32.0 sec
[---------        24%                  ] 745 of 3000 complete in 32.5 sec
[---------        25%                  ] 757 of 3000 complete in 33.0 sec
[---------        25%                  ] 768 of 3000 complete in 33.6 sec
[---------        25%                  ] 779 of 3000 complete in 34.1 sec
[----------       26%                  ] 790 of 3000 complete in 34.6 sec
[----------       26%                  ] 801 of 3000 complete in 35.1 sec
[----------       27%                  ] 813 of 3000 complete in 35.6 sec
[----------       27%                  ] 825 of 3000 complete in 36.2 sec
[----------       27%                  ] 837 of 3000 complete in 36.7 sec
[----------       28%                  ] 849 of 3000 complete in 37.2 sec
[----------       28%                  ] 862 of 3000 complete in 37.7 sec
[-----------      29%                  ] 874 of 3000 complete in 38.2 sec
[-----------      29%                  ] 886 of 3000 complete in 38.8 sec
[-----------      29%                  ] 899 of 3000 complete in 39.3 sec
[-----------      30%                  ] 911 of 3000 complete in 39.8 sec
[-----------      30%                  ] 923 of 3000 complete in 40.3 sec
[-----------      31%                  ] 935 of 3000 complete in 40.8 sec
[-----------      31%                  ] 946 of 3000 complete in 41.4 sec
[------------     31%                  ] 957 of 3000 complete in 41.9 sec
[------------     32%                  ] 969 of 3000 complete in 42.4 sec
[------------     32%                  ] 980 of 3000 complete in 43.0 sec
[------------     33%                  ] 992 of 3000 complete in 43.5 sec
[------------     33%                  ] 1004 of 3000 complete in 44.0 sec
[------------     33%                  ] 1015 of 3000 complete in 44.5 sec
[-------------    34%                  ] 1027 of 3000 complete in 45.0 sec
[-------------    34%                  ] 1039 of 3000 complete in 45.5 sec
[-------------    35%                  ] 1051 of 3000 complete in 46.1 sec
[-------------    35%                  ] 1062 of 3000 complete in 46.6 sec
[-------------    35%                  ] 1073 of 3000 complete in 47.1 sec
[-------------    36%                  ] 1084 of 3000 complete in 47.6 sec
[-------------    36%                  ] 1096 of 3000 complete in 48.1 sec
[--------------   36%                  ] 1108 of 3000 complete in 48.7 sec
[--------------   37%                  ] 1121 of 3000 complete in 49.2 sec
[--------------   37%                  ] 1133 of 3000 complete in 49.7 sec
[--------------   38%                  ] 1145 of 3000 complete in 50.2 sec
[--------------   38%                  ] 1158 of 3000 complete in 50.7 sec
[--------------   39%                  ] 1170 of 3000 complete in 51.2 sec
[--------------   39%                  ] 1182 of 3000 complete in 51.7 sec
[---------------  39%                  ] 1194 of 3000 complete in 52.3 sec
[---------------  40%                  ] 1207 of 3000 complete in 52.8 sec
[---------------  40%                  ] 1219 of 3000 complete in 53.3 sec
[---------------  41%                  ] 1231 of 3000 complete in 53.8 sec
[---------------  41%                  ] 1243 of 3000 complete in 54.3 sec
[---------------  41%                  ] 1255 of 3000 complete in 54.8 sec
[---------------- 42%                  ] 1266 of 3000 complete in 55.4 sec
[---------------- 42%                  ] 1278 of 3000 complete in 55.9 sec
[---------------- 43%                  ] 1290 of 3000 complete in 56.4 sec
[---------------- 43%                  ] 1302 of 3000 complete in 57.0 sec
[---------------- 43%                  ] 1314 of 3000 complete in 57.5 sec
[---------------- 44%                  ] 1327 of 3000 complete in 58.0 sec
[---------------- 44%                  ] 1340 of 3000 complete in 58.5 sec
[-----------------45%                  ] 1353 of 3000 complete in 59.1 sec
[-----------------45%                  ] 1366 of 3000 complete in 59.6 sec
[-----------------45%                  ] 1379 of 3000 complete in 60.1 sec
[-----------------46%                  ] 1392 of 3000 complete in 60.6 sec
[-----------------46%                  ] 1404 of 3000 complete in 61.2 sec
[-----------------47%                  ] 1415 of 3000 complete in 61.7 sec
[-----------------47%                  ] 1426 of 3000 complete in 62.3 sec
[-----------------47%                  ] 1438 of 3000 complete in 62.8 sec
[-----------------48%                  ] 1450 of 3000 complete in 63.3 sec
[-----------------48%                  ] 1462 of 3000 complete in 63.8 sec
[-----------------49%                  ] 1474 of 3000 complete in 64.4 sec
[-----------------49%                  ] 1486 of 3000 complete in 64.9 sec
[-----------------49%                  ] 1497 of 3000 complete in 65.4 sec
[-----------------50%                  ] 1508 of 3000 complete in 66.0 sec
[-----------------50%                  ] 1519 of 3000 complete in 66.5 sec
[-----------------51%                  ] 1530 of 3000 complete in 67.0 sec
[-----------------51%                  ] 1542 of 3000 complete in 67.5 sec
[-----------------51%                  ] 1552 of 3000 complete in 68.0 sec
[-----------------52%                  ] 1563 of 3000 complete in 68.6 sec
[-----------------52%                  ] 1573 of 3000 complete in 69.1 sec
[-----------------52%                  ] 1583 of 3000 complete in 69.6 sec
[-----------------53%                  ] 1594 of 3000 complete in 70.1 sec
[-----------------53%                  ] 1604 of 3000 complete in 70.6 sec
[-----------------53%                  ] 1614 of 3000 complete in 71.2 sec
[-----------------54%                  ] 1624 of 3000 complete in 71.7 sec
[-----------------54%                  ] 1635 of 3000 complete in 72.2 sec
[-----------------54%                  ] 1645 of 3000 complete in 72.7 sec
[-----------------55%                  ] 1655 of 3000 complete in 73.2 sec
[-----------------55%-                 ] 1665 of 3000 complete in 73.7 sec
[-----------------55%-                 ] 1676 of 3000 complete in 74.3 sec
[-----------------56%-                 ] 1687 of 3000 complete in 74.8 sec
[-----------------56%-                 ] 1698 of 3000 complete in 75.3 sec
[-----------------57%-                 ] 1710 of 3000 complete in 75.8 sec
[-----------------57%-                 ] 1722 of 3000 complete in 76.4 sec
[-----------------57%-                 ] 1734 of 3000 complete in 76.9 sec
[-----------------58%--                ] 1746 of 3000 complete in 77.4 sec
[-----------------58%--                ] 1758 of 3000 complete in 77.9 sec
[-----------------59%--                ] 1770 of 3000 complete in 78.5 sec
[-----------------59%--                ] 1783 of 3000 complete in 79.0 sec
[-----------------59%--                ] 1796 of 3000 complete in 79.5 sec
[-----------------60%--                ] 1809 of 3000 complete in 80.0 sec
[-----------------60%---               ] 1822 of 3000 complete in 80.6 sec
[-----------------61%---               ] 1835 of 3000 complete in 81.1 sec
[-----------------61%---               ] 1847 of 3000 complete in 81.6 sec
[-----------------61%---               ] 1858 of 3000 complete in 82.2 sec
[-----------------62%---               ] 1870 of 3000 complete in 82.7 sec
[-----------------62%---               ] 1881 of 3000 complete in 83.2 sec
[-----------------63%---               ] 1891 of 3000 complete in 83.7 sec
[-----------------63%----              ] 1902 of 3000 complete in 84.3 sec
[-----------------63%----              ] 1914 of 3000 complete in 84.8 sec
[-----------------64%----              ] 1926 of 3000 complete in 85.3 sec
[-----------------64%----              ] 1938 of 3000 complete in 85.8 sec
[-----------------64%----              ] 1949 of 3000 complete in 86.3 sec
[-----------------65%----              ] 1960 of 3000 complete in 86.9 sec
[-----------------65%----              ] 1970 of 3000 complete in 87.4 sec
[-----------------65%-----             ] 1979 of 3000 complete in 87.9 sec
[-----------------66%-----             ] 1988 of 3000 complete in 88.4 sec
[-----------------66%-----             ] 1998 of 3000 complete in 88.9 sec
[-----------------66%-----             ] 2008 of 3000 complete in 89.4 sec
[-----------------67%-----             ] 2018 of 3000 complete in 89.9 sec
[-----------------67%-----             ] 2029 of 3000 complete in 90.5 sec
[-----------------68%-----             ] 2041 of 3000 complete in 91.0 sec
[-----------------68%-----             ] 2051 of 3000 complete in 91.5 sec
[-----------------68%------            ] 2061 of 3000 complete in 92.0 sec
[-----------------69%------            ] 2072 of 3000 complete in 92.6 sec
[-----------------69%------            ] 2082 of 3000 complete in 93.1 sec
[-----------------69%------            ] 2092 of 3000 complete in 93.6 sec
[-----------------70%------            ] 2102 of 3000 complete in 94.2 sec
[-----------------70%------            ] 2113 of 3000 complete in 94.7 sec
[-----------------70%------            ] 2124 of 3000 complete in 95.2 sec
[-----------------71%-------           ] 2136 of 3000 complete in 95.8 sec
[-----------------71%-------           ] 2148 of 3000 complete in 96.3 sec
[-----------------72%-------           ] 2160 of 3000 complete in 96.8 sec
[-----------------72%-------           ] 2172 of 3000 complete in 97.4 sec
[-----------------72%-------           ] 2184 of 3000 complete in 97.9 sec
[-----------------73%-------           ] 2196 of 3000 complete in 98.4 sec
[-----------------73%-------           ] 2208 of 3000 complete in 98.9 sec
[-----------------74%--------          ] 2220 of 3000 complete in 99.5 sec
[-----------------74%--------          ] 2231 of 3000 complete in 100.0 sec
[-----------------74%--------          ] 2243 of 3000 complete in 100.5 sec
[-----------------75%--------          ] 2256 of 3000 complete in 101.0 sec
[-----------------75%--------          ] 2268 of 3000 complete in 101.6 sec
[-----------------76%--------          ] 2280 of 3000 complete in 102.1 sec
[-----------------76%---------         ] 2292 of 3000 complete in 102.6 sec
[-----------------76%---------         ] 2304 of 3000 complete in 103.1 sec
[-----------------77%---------         ] 2316 of 3000 complete in 103.6 sec
[-----------------77%---------         ] 2328 of 3000 complete in 104.2 sec
[-----------------77%---------         ] 2339 of 3000 complete in 104.7 sec
[-----------------78%---------         ] 2350 of 3000 complete in 105.2 sec
[-----------------78%---------         ] 2361 of 3000 complete in 105.7 sec
[-----------------79%----------        ] 2371 of 3000 complete in 106.2 sec
[-----------------79%----------        ] 2382 of 3000 complete in 106.8 sec
[-----------------79%----------        ] 2393 of 3000 complete in 107.3 sec
[-----------------80%----------        ] 2404 of 3000 complete in 107.9 sec
[-----------------80%----------        ] 2414 of 3000 complete in 108.4 sec
[-----------------80%----------        ] 2424 of 3000 complete in 108.9 sec
[-----------------81%----------        ] 2434 of 3000 complete in 109.4 sec
[-----------------81%----------        ] 2444 of 3000 complete in 110.0 sec
[-----------------81%-----------       ] 2454 of 3000 complete in 110.5 sec
[-----------------82%-----------       ] 2464 of 3000 complete in 111.0 sec
[-----------------82%-----------       ] 2474 of 3000 complete in 111.6 sec
[-----------------82%-----------       ] 2485 of 3000 complete in 112.1 sec
[-----------------83%-----------       ] 2497 of 3000 complete in 112.6 sec
[-----------------83%-----------       ] 2509 of 3000 complete in 113.1 sec
[-----------------84%-----------       ] 2521 of 3000 complete in 113.7 sec
[-----------------84%------------      ] 2534 of 3000 complete in 114.2 sec
[-----------------84%------------      ] 2547 of 3000 complete in 114.7 sec
[-----------------85%------------      ] 2559 of 3000 complete in 115.2 sec
[-----------------85%------------      ] 2571 of 3000 complete in 115.8 sec
[-----------------86%------------      ] 2583 of 3000 complete in 116.3 sec
[-----------------86%------------      ] 2595 of 3000 complete in 116.8 sec
[-----------------86%-------------     ] 2608 of 3000 complete in 117.3 sec
[-----------------87%-------------     ] 2620 of 3000 complete in 117.8 sec
[-----------------87%-------------     ] 2633 of 3000 complete in 118.3 sec
[-----------------88%-------------     ] 2646 of 3000 complete in 118.9 sec
[-----------------88%-------------     ] 2659 of 3000 complete in 119.4 sec
[-----------------89%-------------     ] 2671 of 3000 complete in 119.9 sec
[-----------------89%-------------     ] 2683 of 3000 complete in 120.4 sec
[-----------------89%--------------    ] 2696 of 3000 complete in 120.9 sec
[-----------------90%--------------    ] 2708 of 3000 complete in 121.5 sec
[-----------------90%--------------    ] 2719 of 3000 complete in 122.0 sec
[-----------------91%--------------    ] 2730 of 3000 complete in 122.5 sec
[-----------------91%--------------    ] 2742 of 3000 complete in 123.0 sec
[-----------------91%--------------    ] 2755 of 3000 complete in 123.6 sec
[-----------------92%---------------   ] 2767 of 3000 complete in 124.1 sec
[-----------------92%---------------   ] 2778 of 3000 complete in 124.6 sec
[-----------------93%---------------   ] 2790 of 3000 complete in 125.1 sec
[-----------------93%---------------   ] 2801 of 3000 complete in 125.7 sec
[-----------------93%---------------   ] 2812 of 3000 complete in 126.2 sec
[-----------------94%---------------   ] 2823 of 3000 complete in 126.7 sec
[-----------------94%---------------   ] 2835 of 3000 complete in 127.3 sec
[-----------------94%----------------  ] 2846 of 3000 complete in 127.8 sec
[-----------------95%----------------  ] 2858 of 3000 complete in 128.3 sec
[-----------------95%----------------  ] 2870 of 3000 complete in 128.8 sec
[-----------------96%----------------  ] 2882 of 3000 complete in 129.3 sec
[-----------------96%----------------  ] 2894 of 3000 complete in 129.9 sec
[-----------------96%----------------  ] 2906 of 3000 complete in 130.4 sec
[-----------------97%----------------  ] 2918 of 3000 complete in 130.9 sec
[-----------------97%----------------- ] 2931 of 3000 complete in 131.4 sec
[-----------------98%----------------- ] 2942 of 3000 complete in 131.9 sec
[-----------------98%----------------- ] 2954 of 3000 complete in 132.5 sec
[-----------------98%----------------- ] 2967 of 3000 complete in 133.0 sec
[-----------------99%----------------- ] 2980 of 3000 complete in 133.5 sec
[-----------------99%----------------- ] 2993 of 3000 complete in 134.0 sec
[-----------------100%-----------------] 3000 of 3000 complete in 134.4 sec
hddm sampling elpased time:  134.445 s
[fit_one_hddm] 完成 curve15_rep1_censor（2.2 分钟）→ /home/jovyan/work/2_Data/Generate_Data/TenRules_Revision_20260912/param_recovery/fits/censor
