[fit_one_hddm] curve15_rep2_censor: 12 被试 / 3120 试次 / omission=0.142 / p_outlier=0.0
[fit_one_hddm] 设置 z 默认值失败（忽略）：'z'
No model attribute --> setting up standard HDDM
Set model to ddm
[                  0%                  ] 12 of 3000 complete in 0.5 sec
[                  0%                  ] 26 of 3000 complete in 1.1 sec
[                  1%                  ] 38 of 3000 complete in 1.6 sec
[                  1%                  ] 50 of 3000 complete in 2.1 sec
[                  2%                  ] 62 of 3000 complete in 2.7 sec
[                  2%                  ] 74 of 3000 complete in 3.2 sec
[-                 2%                  ] 86 of 3000 complete in 3.7 sec
[-                 3%                  ] 98 of 3000 complete in 4.2 sec
[-                 3%                  ] 110 of 3000 complete in 4.7 sec
[-                 4%                  ] 123 of 3000 complete in 5.3 sec
[-                 4%                  ] 134 of 3000 complete in 5.8 sec
[-                 4%                  ] 145 of 3000 complete in 6.3 sec
[-                 5%                  ] 156 of 3000 complete in 6.8 sec
[--                5%                  ] 167 of 3000 complete in 7.4 sec
[--                5%                  ] 179 of 3000 complete in 7.9 sec
[--                6%                  ] 191 of 3000 complete in 8.4 sec
[--                6%                  ] 202 of 3000 complete in 9.0 sec
[--                7%                  ] 213 of 3000 complete in 9.5 sec
[--                7%                  ] 225 of 3000 complete in 10.0 sec
[---               7%                  ] 237 of 3000 complete in 10.5 sec
[---               8%                  ] 250 of 3000 complete in 11.1 sec
[---               8%                  ] 263 of 3000 complete in 11.6 sec
[---               9%                  ] 275 of 3000 complete in 12.1 sec
[---               9%                  ] 288 of 3000 complete in 12.6 sec
[---              10%                  ] 301 of 3000 complete in 13.2 sec
[---              10%                  ] 312 of 3000 complete in 13.7 sec
[----             10%                  ] 322 of 3000 complete in 14.2 sec
[----             11%                  ] 332 of 3000 complete in 14.7 sec
[----             11%                  ] 342 of 3000 complete in 15.3 sec
[----             11%                  ] 352 of 3000 complete in 15.8 sec
[----             12%                  ] 361 of 3000 complete in 16.4 sec
[----             12%                  ] 370 of 3000 complete in 16.9 sec
[----             12%                  ] 380 of 3000 complete in 17.4 sec
[----             13%                  ] 390 of 3000 complete in 18.0 sec
[-----            13%                  ] 400 of 3000 complete in 18.5 sec
[-----            13%                  ] 410 of 3000 complete in 19.0 sec
[-----            13%                  ] 419 of 3000 complete in 19.5 sec
[-----            14%                  ] 428 of 3000 complete in 20.1 sec
[-----            14%                  ] 437 of 3000 complete in 20.6 sec
[-----            14%                  ] 446 of 3000 complete in 21.1 sec
[-----            15%                  ] 454 of 3000 complete in 21.6 sec
[-----            15%                  ] 463 of 3000 complete in 22.2 sec
[-----            15%                  ] 472 of 3000 complete in 22.7 sec
[------           16%                  ] 480 of 3000 complete in 23.2 sec
[------           16%                  ] 488 of 3000 complete in 23.8 sec
[------           16%                  ] 496 of 3000 complete in 24.3 sec
[------           16%                  ] 505 of 3000 complete in 24.8 sec
[------           17%                  ] 514 of 3000 complete in 25.3 sec
[------           17%                  ] 523 of 3000 complete in 25.9 sec
[------           17%                  ] 532 of 3000 complete in 26.4 sec
[------           18%                  ] 541 of 3000 complete in 26.9 sec
[------           18%                  ] 551 of 3000 complete in 27.4 sec
[-------          18%                  ] 561 of 3000 complete in 27.9 sec
[-------          19%                  ] 571 of 3000 complete in 28.4 sec
[-------          19%                  ] 581 of 3000 complete in 29.0 sec
[-------          19%                  ] 591 of 3000 complete in 29.5 sec
[-------          20%                  ] 601 of 3000 complete in 30.0 sec
[-------          20%                  ] 611 of 3000 complete in 30.5 sec
[-------          20%                  ] 621 of 3000 complete in 31.1 sec
[-------          21%                  ] 631 of 3000 complete in 31.6 sec
[--------         21%                  ] 641 of 3000 complete in 32.1 sec
[--------         21%                  ] 652 of 3000 complete in 32.7 sec
[--------         22%                  ] 663 of 3000 complete in 33.2 sec
[--------         22%                  ] 674 of 3000 complete in 33.8 sec
[--------         22%                  ] 684 of 3000 complete in 34.3 sec
[--------         23%                  ] 695 of 3000 complete in 34.8 sec
[--------         23%                  ] 706 of 3000 complete in 35.4 sec
[---------        23%                  ] 716 of 3000 complete in 35.9 sec
[---------        24%                  ] 726 of 3000 complete in 36.4 sec
[---------        24%                  ] 736 of 3000 complete in 37.0 sec
[---------        24%                  ] 745 of 3000 complete in 37.5 sec
[---------        25%                  ] 755 of 3000 complete in 38.0 sec
[---------        25%                  ] 765 of 3000 complete in 38.6 sec
[---------        25%                  ] 776 of 3000 complete in 39.1 sec
[---------        26%                  ] 787 of 3000 complete in 39.6 sec
[----------       26%                  ] 800 of 3000 complete in 40.1 sec
[----------       27%                  ] 812 of 3000 complete in 40.6 sec
[----------       27%                  ] 824 of 3000 complete in 41.1 sec
[----------       27%                  ] 835 of 3000 complete in 41.6 sec
[----------       28%                  ] 846 of 3000 complete in 42.2 sec
[----------       28%                  ] 858 of 3000 complete in 42.7 sec
[-----------      29%                  ] 870 of 3000 complete in 43.2 sec
[-----------      29%                  ] 881 of 3000 complete in 43.7 sec
[-----------      29%                  ] 891 of 3000 complete in 44.2 sec
[-----------      30%                  ] 902 of 3000 complete in 44.8 sec
[-----------      30%                  ] 912 of 3000 complete in 45.3 sec
[-----------      30%                  ] 921 of 3000 complete in 45.8 sec
[-----------      31%                  ] 930 of 3000 complete in 46.3 sec
[-----------      31%                  ] 939 of 3000 complete in 46.9 sec
[------------     31%                  ] 948 of 3000 complete in 47.4 sec
[------------     31%                  ] 958 of 3000 complete in 48.0 sec
[------------     32%                  ] 967 of 3000 complete in 48.5 sec
[------------     32%                  ] 977 of 3000 complete in 49.0 sec
[------------     32%                  ] 988 of 3000 complete in 49.5 sec
[------------     33%                  ] 999 of 3000 complete in 50.0 sec
[------------     33%                  ] 1010 of 3000 complete in 50.6 sec
[------------     34%                  ] 1021 of 3000 complete in 51.1 sec
[-------------    34%                  ] 1033 of 3000 complete in 51.6 sec
[-------------    34%                  ] 1045 of 3000 complete in 52.1 sec
[-------------    35%                  ] 1057 of 3000 complete in 52.6 sec
[-------------    35%                  ] 1069 of 3000 complete in 53.1 sec
[-------------    36%                  ] 1081 of 3000 complete in 53.7 sec
[-------------    36%                  ] 1092 of 3000 complete in 54.2 sec
[-------------    36%                  ] 1103 of 3000 complete in 54.7 sec
[--------------   37%                  ] 1115 of 3000 complete in 55.2 sec
[--------------   37%                  ] 1127 of 3000 complete in 55.7 sec
[--------------   37%                  ] 1139 of 3000 complete in 56.3 sec
[--------------   38%                  ] 1151 of 3000 complete in 56.8 sec
[--------------   38%                  ] 1163 of 3000 complete in 57.3 sec
[--------------   39%                  ] 1175 of 3000 complete in 57.8 sec
[---------------  39%                  ] 1186 of 3000 complete in 58.3 sec
[---------------  39%                  ] 1197 of 3000 complete in 58.9 sec
[---------------  40%                  ] 1209 of 3000 complete in 59.4 sec
[---------------  40%                  ] 1221 of 3000 complete in 59.9 sec
[---------------  41%                  ] 1233 of 3000 complete in 60.4 sec
[---------------  41%                  ] 1245 of 3000 complete in 60.9 sec
[---------------  41%                  ] 1258 of 3000 complete in 61.5 sec
[---------------- 42%                  ] 1271 of 3000 complete in 62.0 sec
[---------------- 42%                  ] 1283 of 3000 complete in 62.5 sec
[---------------- 43%                  ] 1295 of 3000 complete in 63.0 sec
[---------------- 43%                  ] 1308 of 3000 complete in 63.6 sec
[---------------- 44%                  ] 1320 of 3000 complete in 64.1 sec
[---------------- 44%                  ] 1332 of 3000 complete in 64.6 sec
[-----------------44%                  ] 1344 of 3000 complete in 65.1 sec
[-----------------45%                  ] 1355 of 3000 complete in 65.6 sec
[-----------------45%                  ] 1367 of 3000 complete in 66.2 sec
[-----------------45%                  ] 1378 of 3000 complete in 66.7 sec
[-----------------46%                  ] 1389 of 3000 complete in 67.2 sec
[-----------------46%                  ] 1400 of 3000 complete in 67.7 sec
[-----------------47%                  ] 1412 of 3000 complete in 68.2 sec
[-----------------47%                  ] 1423 of 3000 complete in 68.8 sec
[-----------------47%                  ] 1433 of 3000 complete in 69.3 sec
[-----------------48%                  ] 1444 of 3000 complete in 69.8 sec
[-----------------48%                  ] 1455 of 3000 complete in 70.4 sec
[-----------------48%                  ] 1467 of 3000 complete in 70.9 sec
[-----------------49%                  ] 1480 of 3000 complete in 71.4 sec
[-----------------49%                  ] 1492 of 3000 complete in 71.9 sec
[-----------------50%                  ] 1505 of 3000 complete in 72.5 sec
[-----------------50%                  ] 1516 of 3000 complete in 73.0 sec
[-----------------50%                  ] 1526 of 3000 complete in 73.5 sec
[-----------------51%                  ] 1535 of 3000 complete in 74.0 sec
[-----------------51%                  ] 1545 of 3000 complete in 74.5 sec
[-----------------51%                  ] 1555 of 3000 complete in 75.0 sec
[-----------------52%                  ] 1565 of 3000 complete in 75.6 sec
[-----------------52%                  ] 1576 of 3000 complete in 76.1 sec
[-----------------52%                  ] 1587 of 3000 complete in 76.6 sec
[-----------------53%                  ] 1598 of 3000 complete in 77.1 sec
[-----------------53%                  ] 1607 of 3000 complete in 77.7 sec
[-----------------53%                  ] 1617 of 3000 complete in 78.2 sec
[-----------------54%                  ] 1627 of 3000 complete in 78.7 sec
[-----------------54%                  ] 1638 of 3000 complete in 79.2 sec
[-----------------55%                  ] 1650 of 3000 complete in 79.8 sec
[-----------------55%-                 ] 1661 of 3000 complete in 80.3 sec
[-----------------55%-                 ] 1672 of 3000 complete in 80.8 sec
[-----------------56%-                 ] 1683 of 3000 complete in 81.4 sec
[-----------------56%-                 ] 1694 of 3000 complete in 81.9 sec
[-----------------56%-                 ] 1705 of 3000 complete in 82.4 sec
[-----------------57%-                 ] 1716 of 3000 complete in 82.9 sec
[-----------------57%-                 ] 1727 of 3000 complete in 83.4 sec
[-----------------57%--                ] 1738 of 3000 complete in 84.0 sec
[-----------------58%--                ] 1748 of 3000 complete in 84.5 sec
[-----------------58%--                ] 1759 of 3000 complete in 85.0 sec
[-----------------59%--                ] 1770 of 3000 complete in 85.5 sec
[-----------------59%--                ] 1781 of 3000 complete in 86.1 sec
[-----------------59%--                ] 1793 of 3000 complete in 86.6 sec
[-----------------60%--                ] 1806 of 3000 complete in 87.1 sec
[-----------------60%---               ] 1817 of 3000 complete in 87.6 sec
[-----------------60%---               ] 1828 of 3000 complete in 88.1 sec
[-----------------61%---               ] 1839 of 3000 complete in 88.6 sec
[-----------------61%---               ] 1850 of 3000 complete in 89.2 sec
[-----------------62%---               ] 1862 of 3000 complete in 89.7 sec
[-----------------62%---               ] 1875 of 3000 complete in 90.2 sec
[-----------------62%---               ] 1888 of 3000 complete in 90.7 sec
[-----------------63%----              ] 1901 of 3000 complete in 91.3 sec
[-----------------63%----              ] 1914 of 3000 complete in 91.8 sec
[-----------------64%----              ] 1927 of 3000 complete in 92.3 sec
[-----------------64%----              ] 1939 of 3000 complete in 92.8 sec
[-----------------65%----              ] 1951 of 3000 complete in 93.3 sec
[-----------------65%----              ] 1963 of 3000 complete in 93.9 sec
[-----------------65%-----             ] 1975 of 3000 complete in 94.4 sec
[-----------------66%-----             ] 1987 of 3000 complete in 94.9 sec
[-----------------66%-----             ] 1998 of 3000 complete in 95.4 sec
[-----------------66%-----             ] 2009 of 3000 complete in 95.9 sec
[-----------------67%-----             ] 2021 of 3000 complete in 96.4 sec
[-----------------67%-----             ] 2033 of 3000 complete in 96.9 sec
[-----------------68%-----             ] 2044 of 3000 complete in 97.5 sec
[-----------------68%------            ] 2055 of 3000 complete in 98.0 sec
[-----------------68%------            ] 2066 of 3000 complete in 98.5 sec
[-----------------69%------            ] 2077 of 3000 complete in 99.0 sec
[-----------------69%------            ] 2088 of 3000 complete in 99.5 sec
[-----------------70%------            ] 2100 of 3000 complete in 100.0 sec
[-----------------70%------            ] 2111 of 3000 complete in 100.5 sec
[-----------------70%------            ] 2121 of 3000 complete in 101.1 sec
[-----------------71%-------           ] 2132 of 3000 complete in 101.6 sec
[-----------------71%-------           ] 2143 of 3000 complete in 102.1 sec
[-----------------71%-------           ] 2154 of 3000 complete in 102.6 sec
[-----------------72%-------           ] 2164 of 3000 complete in 103.1 sec
[-----------------72%-------           ] 2173 of 3000 complete in 103.6 sec
[-----------------72%-------           ] 2183 of 3000 complete in 104.1 sec
[-----------------73%-------           ] 2194 of 3000 complete in 104.7 sec
[-----------------73%-------           ] 2204 of 3000 complete in 105.2 sec
[-----------------73%--------          ] 2214 of 3000 complete in 105.8 sec
[-----------------74%--------          ] 2223 of 3000 complete in 106.3 sec
[-----------------74%--------          ] 2231 of 3000 complete in 106.8 sec
[-----------------74%--------          ] 2239 of 3000 complete in 107.3 sec
[-----------------74%--------          ] 2247 of 3000 complete in 107.8 sec
[-----------------75%--------          ] 2256 of 3000 complete in 108.3 sec
[-----------------75%--------          ] 2264 of 3000 complete in 108.8 sec
[-----------------75%--------          ] 2274 of 3000 complete in 109.4 sec
[-----------------76%--------          ] 2284 of 3000 complete in 109.9 sec
[-----------------76%---------         ] 2296 of 3000 complete in 110.4 sec
[-----------------76%---------         ] 2308 of 3000 complete in 110.9 sec
[-----------------77%---------         ] 2321 of 3000 complete in 111.5 sec
[-----------------77%---------         ] 2334 of 3000 complete in 112.0 sec
[-----------------78%---------         ] 2346 of 3000 complete in 112.5 sec
[-----------------78%---------         ] 2359 of 3000 complete in 113.0 sec
[-----------------79%----------        ] 2371 of 3000 complete in 113.5 sec
[-----------------79%----------        ] 2383 of 3000 complete in 114.1 sec
[-----------------79%----------        ] 2394 of 3000 complete in 114.6 sec
[-----------------80%----------        ] 2405 of 3000 complete in 115.1 sec
[-----------------80%----------        ] 2416 of 3000 complete in 115.6 sec
[-----------------80%----------        ] 2428 of 3000 complete in 116.2 sec
[-----------------81%----------        ] 2441 of 3000 complete in 116.7 sec
[-----------------81%-----------       ] 2452 of 3000 complete in 117.2 sec
[-----------------82%-----------       ] 2462 of 3000 complete in 117.7 sec
[-----------------82%-----------       ] 2473 of 3000 complete in 118.3 sec
[-----------------82%-----------       ] 2484 of 3000 complete in 118.8 sec
[-----------------83%-----------       ] 2496 of 3000 complete in 119.3 sec
[-----------------83%-----------       ] 2507 of 3000 complete in 119.8 sec
[-----------------83%-----------       ] 2518 of 3000 complete in 120.4 sec
[-----------------84%------------      ] 2528 of 3000 complete in 120.9 sec
[-----------------84%------------      ] 2539 of 3000 complete in 121.4 sec
[-----------------85%------------      ] 2550 of 3000 complete in 122.0 sec
[-----------------85%------------      ] 2562 of 3000 complete in 122.5 sec
[-----------------85%------------      ] 2573 of 3000 complete in 123.0 sec
[-----------------86%------------      ] 2584 of 3000 complete in 123.5 sec
[-----------------86%------------      ] 2596 of 3000 complete in 124.0 sec
[-----------------86%-------------     ] 2609 of 3000 complete in 124.6 sec
[-----------------87%-------------     ] 2622 of 3000 complete in 125.1 sec
[-----------------87%-------------     ] 2634 of 3000 complete in 125.6 sec
[-----------------88%-------------     ] 2646 of 3000 complete in 126.1 sec
[-----------------88%-------------     ] 2659 of 3000 complete in 126.7 sec
[-----------------89%-------------     ] 2672 of 3000 complete in 127.2 sec
[-----------------89%-------------     ] 2683 of 3000 complete in 127.7 sec
[-----------------89%--------------    ] 2695 of 3000 complete in 128.2 sec
[-----------------90%--------------    ] 2706 of 3000 complete in 128.8 sec
[-----------------90%--------------    ] 2717 of 3000 complete in 129.3 sec
[-----------------90%--------------    ] 2727 of 3000 complete in 129.8 sec
[-----------------91%--------------    ] 2739 of 3000 complete in 130.3 sec
[-----------------91%--------------    ] 2750 of 3000 complete in 130.8 sec
[-----------------92%--------------    ] 2762 of 3000 complete in 131.3 sec
[-----------------92%---------------   ] 2774 of 3000 complete in 131.9 sec
[-----------------92%---------------   ] 2785 of 3000 complete in 132.4 sec
[-----------------93%---------------   ] 2797 of 3000 complete in 132.9 sec
[-----------------93%---------------   ] 2808 of 3000 complete in 133.4 sec
[-----------------93%---------------   ] 2819 of 3000 complete in 133.9 sec
[-----------------94%---------------   ] 2831 of 3000 complete in 134.4 sec
[-----------------94%----------------  ] 2844 of 3000 complete in 135.0 sec
[-----------------95%----------------  ] 2856 of 3000 complete in 135.5 sec
[-----------------95%----------------  ] 2869 of 3000 complete in 136.0 sec
[-----------------96%----------------  ] 2881 of 3000 complete in 136.5 sec
[-----------------96%----------------  ] 2893 of 3000 complete in 137.0 sec
[-----------------96%----------------  ] 2905 of 3000 complete in 137.6 sec
[-----------------97%----------------  ] 2916 of 3000 complete in 138.1 sec
[-----------------97%----------------- ] 2928 of 3000 complete in 138.6 sec
[-----------------97%----------------- ] 2939 of 3000 complete in 139.1 sec
[-----------------98%----------------- ] 2950 of 3000 complete in 139.7 sec
[-----------------98%----------------- ] 2960 of 3000 complete in 140.2 sec
[-----------------99%----------------- ] 2971 of 3000 complete in 140.7 sec
[-----------------99%----------------- ] 2981 of 3000 complete in 141.2 sec
[-----------------99%----------------- ] 2992 of 3000 complete in 141.8 sec
[-----------------100%-----------------] 3000 of 3000 complete in 142.2 sec
hddm sampling elpased time:  142.3 s
[fit_one_hddm] 完成 curve15_rep2_censor（2.4 分钟）→ /home/jovyan/work/2_Data/Generate_Data/TenRules_Revision_20260912/param_recovery/fits/censor
