[fit_one_hddm] curve50_rep2_censor: 12 被试 / 3120 试次 / omission=0.498 / p_outlier=0.0
[fit_one_hddm] 设置 z 默认值失败（忽略）：'z'
No model attribute --> setting up standard HDDM
Set model to ddm
[                  0%                  ] 10 of 3000 complete in 0.5 sec
[                  0%                  ] 24 of 3000 complete in 1.1 sec
[                  1%                  ] 38 of 3000 complete in 1.6 sec
[                  1%                  ] 50 of 3000 complete in 2.1 sec
[                  2%                  ] 63 of 3000 complete in 2.6 sec
[                  2%                  ] 76 of 3000 complete in 3.2 sec
[-                 2%                  ] 89 of 3000 complete in 3.7 sec
[-                 3%                  ] 102 of 3000 complete in 4.2 sec
[-                 3%                  ] 115 of 3000 complete in 4.7 sec
[-                 4%                  ] 127 of 3000 complete in 5.3 sec
[-                 4%                  ] 139 of 3000 complete in 5.8 sec
[-                 5%                  ] 151 of 3000 complete in 6.3 sec
[--                5%                  ] 164 of 3000 complete in 6.8 sec
[--                5%                  ] 175 of 3000 complete in 7.3 sec
[--                6%                  ] 186 of 3000 complete in 7.9 sec
[--                6%                  ] 197 of 3000 complete in 8.4 sec
[--                6%                  ] 209 of 3000 complete in 9.0 sec
[--                7%                  ] 221 of 3000 complete in 9.5 sec
[--                7%                  ] 233 of 3000 complete in 10.0 sec
[---               8%                  ] 246 of 3000 complete in 10.5 sec
[---               8%                  ] 259 of 3000 complete in 11.0 sec
[---               9%                  ] 270 of 3000 complete in 11.6 sec
[---               9%                  ] 284 of 3000 complete in 12.1 sec
[---               9%                  ] 296 of 3000 complete in 12.6 sec
[---              10%                  ] 307 of 3000 complete in 13.1 sec
[----             10%                  ] 317 of 3000 complete in 13.6 sec
[----             10%                  ] 328 of 3000 complete in 14.2 sec
[----             11%                  ] 339 of 3000 complete in 14.7 sec
[----             11%                  ] 350 of 3000 complete in 15.2 sec
[----             12%                  ] 362 of 3000 complete in 15.8 sec
[----             12%                  ] 373 of 3000 complete in 16.3 sec
[----             12%                  ] 383 of 3000 complete in 16.8 sec
[----             13%                  ] 393 of 3000 complete in 17.3 sec
[-----            13%                  ] 404 of 3000 complete in 17.9 sec
[-----            13%                  ] 416 of 3000 complete in 18.4 sec
[-----            14%                  ] 427 of 3000 complete in 19.0 sec
[-----            14%                  ] 438 of 3000 complete in 19.5 sec
[-----            15%                  ] 450 of 3000 complete in 20.0 sec
[-----            15%                  ] 463 of 3000 complete in 20.5 sec
[------           15%                  ] 476 of 3000 complete in 21.0 sec
[------           16%                  ] 489 of 3000 complete in 21.5 sec
[------           16%                  ] 502 of 3000 complete in 22.1 sec
[------           17%                  ] 514 of 3000 complete in 22.6 sec
[------           17%                  ] 526 of 3000 complete in 23.1 sec
[------           17%                  ] 536 of 3000 complete in 23.6 sec
[------           18%                  ] 546 of 3000 complete in 24.2 sec
[-------          18%                  ] 557 of 3000 complete in 24.7 sec
[-------          18%                  ] 568 of 3000 complete in 25.2 sec
[-------          19%                  ] 579 of 3000 complete in 25.7 sec
[-------          19%                  ] 591 of 3000 complete in 26.3 sec
[-------          20%                  ] 603 of 3000 complete in 26.8 sec
[-------          20%                  ] 613 of 3000 complete in 27.3 sec
[-------          20%                  ] 624 of 3000 complete in 27.8 sec
[--------         21%                  ] 635 of 3000 complete in 28.3 sec
[--------         21%                  ] 646 of 3000 complete in 28.8 sec
[--------         21%                  ] 658 of 3000 complete in 29.4 sec
[--------         22%                  ] 669 of 3000 complete in 29.9 sec
[--------         22%                  ] 680 of 3000 complete in 30.4 sec
[--------         23%                  ] 692 of 3000 complete in 30.9 sec
[--------         23%                  ] 704 of 3000 complete in 31.5 sec
[---------        23%                  ] 715 of 3000 complete in 32.0 sec
[---------        24%                  ] 726 of 3000 complete in 32.5 sec
[---------        24%                  ] 737 of 3000 complete in 33.0 sec
[---------        24%                  ] 749 of 3000 complete in 33.5 sec
[---------        25%                  ] 760 of 3000 complete in 34.0 sec
[---------        25%                  ] 770 of 3000 complete in 34.5 sec
[---------        26%                  ] 782 of 3000 complete in 35.0 sec
[----------       26%                  ] 794 of 3000 complete in 35.6 sec
[----------       26%                  ] 806 of 3000 complete in 36.1 sec
[----------       27%                  ] 818 of 3000 complete in 36.6 sec
[----------       27%                  ] 830 of 3000 complete in 37.2 sec
[----------       28%                  ] 841 of 3000 complete in 37.7 sec
[----------       28%                  ] 850 of 3000 complete in 38.2 sec
[----------       28%                  ] 861 of 3000 complete in 38.7 sec
[-----------      29%                  ] 871 of 3000 complete in 39.3 sec
[-----------      29%                  ] 880 of 3000 complete in 39.8 sec
[-----------      29%                  ] 888 of 3000 complete in 40.3 sec
[-----------      29%                  ] 897 of 3000 complete in 40.8 sec
[-----------      30%                  ] 907 of 3000 complete in 41.4 sec
[-----------      30%                  ] 917 of 3000 complete in 41.9 sec
[-----------      30%                  ] 929 of 3000 complete in 42.4 sec
[-----------      31%                  ] 941 of 3000 complete in 42.9 sec
[------------     31%                  ] 952 of 3000 complete in 43.4 sec
[------------     32%                  ] 963 of 3000 complete in 44.0 sec
[------------     32%                  ] 974 of 3000 complete in 44.5 sec
[------------     32%                  ] 985 of 3000 complete in 45.0 sec
[------------     33%                  ] 997 of 3000 complete in 45.5 sec
[------------     33%                  ] 1008 of 3000 complete in 46.0 sec
[------------     33%                  ] 1019 of 3000 complete in 46.5 sec
[-------------    34%                  ] 1030 of 3000 complete in 47.0 sec
[-------------    34%                  ] 1042 of 3000 complete in 47.5 sec
[-------------    35%                  ] 1054 of 3000 complete in 48.1 sec
[-------------    35%                  ] 1066 of 3000 complete in 48.6 sec
[-------------    35%                  ] 1077 of 3000 complete in 49.1 sec
[-------------    36%                  ] 1089 of 3000 complete in 49.6 sec
[-------------    36%                  ] 1100 of 3000 complete in 50.1 sec
[--------------   37%                  ] 1112 of 3000 complete in 50.7 sec
[--------------   37%                  ] 1125 of 3000 complete in 51.2 sec
[--------------   37%                  ] 1137 of 3000 complete in 51.7 sec
[--------------   38%                  ] 1150 of 3000 complete in 52.2 sec
[--------------   38%                  ] 1162 of 3000 complete in 52.7 sec
[--------------   39%                  ] 1175 of 3000 complete in 53.3 sec
[---------------  39%                  ] 1187 of 3000 complete in 53.8 sec
[---------------  39%                  ] 1198 of 3000 complete in 54.3 sec
[---------------  40%                  ] 1209 of 3000 complete in 54.8 sec
[---------------  40%                  ] 1220 of 3000 complete in 55.4 sec
[---------------  41%                  ] 1231 of 3000 complete in 55.9 sec
[---------------  41%                  ] 1243 of 3000 complete in 56.4 sec
[---------------  41%                  ] 1255 of 3000 complete in 56.9 sec
[---------------- 42%                  ] 1267 of 3000 complete in 57.4 sec
[---------------- 42%                  ] 1279 of 3000 complete in 57.9 sec
[---------------- 43%                  ] 1290 of 3000 complete in 58.5 sec
[---------------- 43%                  ] 1302 of 3000 complete in 59.0 sec
[---------------- 43%                  ] 1315 of 3000 complete in 59.5 sec
[---------------- 44%                  ] 1327 of 3000 complete in 60.0 sec
[---------------- 44%                  ] 1340 of 3000 complete in 60.6 sec
[-----------------45%                  ] 1352 of 3000 complete in 61.1 sec
[-----------------45%                  ] 1364 of 3000 complete in 61.6 sec
[-----------------45%                  ] 1376 of 3000 complete in 62.1 sec
[-----------------46%                  ] 1387 of 3000 complete in 62.6 sec
[-----------------46%                  ] 1398 of 3000 complete in 63.2 sec
[-----------------46%                  ] 1408 of 3000 complete in 63.7 sec
[-----------------47%                  ] 1418 of 3000 complete in 64.2 sec
[-----------------47%                  ] 1428 of 3000 complete in 64.7 sec
[-----------------47%                  ] 1438 of 3000 complete in 65.2 sec
[-----------------48%                  ] 1448 of 3000 complete in 65.7 sec
[-----------------48%                  ] 1458 of 3000 complete in 66.3 sec
[-----------------48%                  ] 1468 of 3000 complete in 66.8 sec
[-----------------49%                  ] 1478 of 3000 complete in 67.3 sec
[-----------------49%                  ] 1489 of 3000 complete in 67.8 sec
[-----------------49%                  ] 1499 of 3000 complete in 68.3 sec
[-----------------50%                  ] 1510 of 3000 complete in 68.9 sec
[-----------------50%                  ] 1519 of 3000 complete in 69.4 sec
[-----------------50%                  ] 1528 of 3000 complete in 69.9 sec
[-----------------51%                  ] 1537 of 3000 complete in 70.5 sec
[-----------------51%                  ] 1547 of 3000 complete in 71.0 sec
[-----------------51%                  ] 1557 of 3000 complete in 71.6 sec
[-----------------52%                  ] 1567 of 3000 complete in 72.1 sec
[-----------------52%                  ] 1578 of 3000 complete in 72.6 sec
[-----------------52%                  ] 1589 of 3000 complete in 73.1 sec
[-----------------53%                  ] 1600 of 3000 complete in 73.7 sec
[-----------------53%                  ] 1610 of 3000 complete in 74.2 sec
[-----------------53%                  ] 1619 of 3000 complete in 74.7 sec
[-----------------54%                  ] 1629 of 3000 complete in 75.3 sec
[-----------------54%                  ] 1640 of 3000 complete in 75.8 sec
[-----------------55%                  ] 1652 of 3000 complete in 76.3 sec
[-----------------55%-                 ] 1663 of 3000 complete in 76.8 sec
[-----------------55%-                 ] 1674 of 3000 complete in 77.3 sec
[-----------------56%-                 ] 1684 of 3000 complete in 77.8 sec
[-----------------56%-                 ] 1695 of 3000 complete in 78.4 sec
[-----------------56%-                 ] 1705 of 3000 complete in 78.9 sec
[-----------------57%-                 ] 1716 of 3000 complete in 79.4 sec
[-----------------57%-                 ] 1726 of 3000 complete in 79.9 sec
[-----------------57%-                 ] 1736 of 3000 complete in 80.4 sec
[-----------------58%--                ] 1746 of 3000 complete in 80.9 sec
[-----------------58%--                ] 1757 of 3000 complete in 81.5 sec
[-----------------58%--                ] 1768 of 3000 complete in 82.0 sec
[-----------------59%--                ] 1779 of 3000 complete in 82.5 sec
[-----------------59%--                ] 1790 of 3000 complete in 83.0 sec
[-----------------60%--                ] 1800 of 3000 complete in 83.5 sec
[-----------------60%--                ] 1811 of 3000 complete in 84.1 sec
[-----------------60%---               ] 1821 of 3000 complete in 84.6 sec
[-----------------61%---               ] 1831 of 3000 complete in 85.1 sec
[-----------------61%---               ] 1841 of 3000 complete in 85.6 sec
[-----------------61%---               ] 1851 of 3000 complete in 86.1 sec
[-----------------62%---               ] 1861 of 3000 complete in 86.6 sec
[-----------------62%---               ] 1872 of 3000 complete in 87.2 sec
[-----------------62%---               ] 1884 of 3000 complete in 87.7 sec
[-----------------63%----              ] 1897 of 3000 complete in 88.2 sec
[-----------------63%----              ] 1909 of 3000 complete in 88.8 sec
[-----------------64%----              ] 1921 of 3000 complete in 89.3 sec
[-----------------64%----              ] 1932 of 3000 complete in 89.8 sec
[-----------------64%----              ] 1943 of 3000 complete in 90.4 sec
[-----------------65%----              ] 1953 of 3000 complete in 90.9 sec
[-----------------65%----              ] 1964 of 3000 complete in 91.4 sec
[-----------------65%-----             ] 1974 of 3000 complete in 92.0 sec
[-----------------66%-----             ] 1984 of 3000 complete in 92.5 sec
[-----------------66%-----             ] 1994 of 3000 complete in 93.0 sec
[-----------------66%-----             ] 2003 of 3000 complete in 93.5 sec
[-----------------67%-----             ] 2013 of 3000 complete in 94.1 sec
[-----------------67%-----             ] 2023 of 3000 complete in 94.6 sec
[-----------------67%-----             ] 2033 of 3000 complete in 95.1 sec
[-----------------68%-----             ] 2044 of 3000 complete in 95.7 sec
[-----------------68%------            ] 2054 of 3000 complete in 96.2 sec
[-----------------68%------            ] 2064 of 3000 complete in 96.7 sec
[-----------------69%------            ] 2073 of 3000 complete in 97.2 sec
[-----------------69%------            ] 2084 of 3000 complete in 97.8 sec
[-----------------69%------            ] 2093 of 3000 complete in 98.3 sec
[-----------------70%------            ] 2103 of 3000 complete in 98.8 sec
[-----------------70%------            ] 2113 of 3000 complete in 99.3 sec
[-----------------70%------            ] 2124 of 3000 complete in 99.8 sec
[-----------------71%-------           ] 2135 of 3000 complete in 100.4 sec
[-----------------71%-------           ] 2146 of 3000 complete in 100.9 sec
[-----------------71%-------           ] 2156 of 3000 complete in 101.4 sec
[-----------------72%-------           ] 2166 of 3000 complete in 101.9 sec
[-----------------72%-------           ] 2176 of 3000 complete in 102.4 sec
[-----------------72%-------           ] 2187 of 3000 complete in 103.0 sec
[-----------------73%-------           ] 2199 of 3000 complete in 103.5 sec
[-----------------73%-------           ] 2210 of 3000 complete in 104.1 sec
[-----------------74%--------          ] 2222 of 3000 complete in 104.6 sec
[-----------------74%--------          ] 2234 of 3000 complete in 105.1 sec
[-----------------74%--------          ] 2245 of 3000 complete in 105.6 sec
[-----------------75%--------          ] 2257 of 3000 complete in 106.1 sec
[-----------------75%--------          ] 2269 of 3000 complete in 106.7 sec
[-----------------76%--------          ] 2281 of 3000 complete in 107.2 sec
[-----------------76%---------         ] 2293 of 3000 complete in 107.8 sec
[-----------------76%---------         ] 2305 of 3000 complete in 108.3 sec
[-----------------77%---------         ] 2317 of 3000 complete in 108.8 sec
[-----------------77%---------         ] 2328 of 3000 complete in 109.3 sec
[-----------------78%---------         ] 2341 of 3000 complete in 109.9 sec
[-----------------78%---------         ] 2353 of 3000 complete in 110.4 sec
[-----------------78%---------         ] 2364 of 3000 complete in 110.9 sec
[-----------------79%----------        ] 2376 of 3000 complete in 111.5 sec
[-----------------79%----------        ] 2387 of 3000 complete in 112.0 sec
[-----------------79%----------        ] 2398 of 3000 complete in 112.5 sec
[-----------------80%----------        ] 2410 of 3000 complete in 113.0 sec
[-----------------80%----------        ] 2421 of 3000 complete in 113.5 sec
[-----------------81%----------        ] 2434 of 3000 complete in 114.0 sec
[-----------------81%----------        ] 2446 of 3000 complete in 114.6 sec
[-----------------81%-----------       ] 2458 of 3000 complete in 115.1 sec
[-----------------82%-----------       ] 2470 of 3000 complete in 115.6 sec
[-----------------82%-----------       ] 2483 of 3000 complete in 116.1 sec
[-----------------83%-----------       ] 2495 of 3000 complete in 116.6 sec
[-----------------83%-----------       ] 2506 of 3000 complete in 117.2 sec
[-----------------83%-----------       ] 2517 of 3000 complete in 117.7 sec
[-----------------84%------------      ] 2528 of 3000 complete in 118.2 sec
[-----------------84%------------      ] 2539 of 3000 complete in 118.7 sec
[-----------------85%------------      ] 2550 of 3000 complete in 119.2 sec
[-----------------85%------------      ] 2560 of 3000 complete in 119.8 sec
[-----------------85%------------      ] 2569 of 3000 complete in 120.3 sec
[-----------------85%------------      ] 2579 of 3000 complete in 120.9 sec
[-----------------86%------------      ] 2590 of 3000 complete in 121.4 sec
[-----------------86%------------      ] 2600 of 3000 complete in 121.9 sec
[-----------------87%-------------     ] 2611 of 3000 complete in 122.4 sec
[-----------------87%-------------     ] 2622 of 3000 complete in 123.0 sec
[-----------------87%-------------     ] 2634 of 3000 complete in 123.5 sec
[-----------------88%-------------     ] 2646 of 3000 complete in 124.0 sec
[-----------------88%-------------     ] 2659 of 3000 complete in 124.6 sec
[-----------------89%-------------     ] 2670 of 3000 complete in 125.1 sec
[-----------------89%-------------     ] 2682 of 3000 complete in 125.6 sec
[-----------------89%--------------    ] 2695 of 3000 complete in 126.2 sec
[-----------------90%--------------    ] 2707 of 3000 complete in 126.7 sec
[-----------------90%--------------    ] 2720 of 3000 complete in 127.2 sec
[-----------------91%--------------    ] 2732 of 3000 complete in 127.7 sec
[-----------------91%--------------    ] 2743 of 3000 complete in 128.2 sec
[-----------------91%--------------    ] 2755 of 3000 complete in 128.8 sec
[-----------------92%---------------   ] 2767 of 3000 complete in 129.3 sec
[-----------------92%---------------   ] 2779 of 3000 complete in 129.8 sec
[-----------------93%---------------   ] 2790 of 3000 complete in 130.3 sec
[-----------------93%---------------   ] 2801 of 3000 complete in 130.8 sec
[-----------------93%---------------   ] 2812 of 3000 complete in 131.4 sec
[-----------------94%---------------   ] 2824 of 3000 complete in 131.9 sec
[-----------------94%---------------   ] 2836 of 3000 complete in 132.4 sec
[-----------------94%----------------  ] 2847 of 3000 complete in 132.9 sec
[-----------------95%----------------  ] 2859 of 3000 complete in 133.5 sec
[-----------------95%----------------  ] 2869 of 3000 complete in 134.0 sec
[-----------------96%----------------  ] 2880 of 3000 complete in 134.5 sec
[-----------------96%----------------  ] 2891 of 3000 complete in 135.0 sec
[-----------------96%----------------  ] 2902 of 3000 complete in 135.5 sec
[-----------------97%----------------  ] 2913 of 3000 complete in 136.0 sec
[-----------------97%----------------- ] 2925 of 3000 complete in 136.5 sec
[-----------------97%----------------- ] 2938 of 3000 complete in 137.1 sec
[-----------------98%----------------- ] 2950 of 3000 complete in 137.6 sec
[-----------------98%----------------- ] 2962 of 3000 complete in 138.1 sec
[-----------------99%----------------- ] 2973 of 3000 complete in 138.6 sec
[-----------------99%----------------- ] 2985 of 3000 complete in 139.2 sec
[-----------------99%----------------- ] 2997 of 3000 complete in 139.7 sec
[-----------------100%-----------------] 3000 of 3000 complete in 139.9 sec
hddm sampling elpased time:  139.958 s
[fit_one_hddm] 完成 curve50_rep2_censor（2.3 分钟）→ /home/jovyan/work/2_Data/Generate_Data/TenRules_Revision_20260912/param_recovery/fits/censor
