[fit_one_hddm] curve20_rep2_censor: 12 被试 / 3120 试次 / omission=0.207 / p_outlier=0.0
[fit_one_hddm] 设置 z 默认值失败（忽略）：'z'
No model attribute --> setting up standard HDDM
Set model to ddm
[                  0%                  ] 12 of 3000 complete in 0.5 sec
[                  0%                  ] 25 of 3000 complete in 1.0 sec
[                  1%                  ] 38 of 3000 complete in 1.6 sec
[                  1%                  ] 50 of 3000 complete in 2.1 sec
[                  2%                  ] 62 of 3000 complete in 2.6 sec
[                  2%                  ] 74 of 3000 complete in 3.1 sec
[-                 2%                  ] 86 of 3000 complete in 3.6 sec
[-                 3%                  ] 99 of 3000 complete in 4.1 sec
[-                 3%                  ] 110 of 3000 complete in 4.6 sec
[-                 4%                  ] 122 of 3000 complete in 5.2 sec
[-                 4%                  ] 135 of 3000 complete in 5.7 sec
[-                 4%                  ] 147 of 3000 complete in 6.2 sec
[--                5%                  ] 160 of 3000 complete in 6.8 sec
[--                5%                  ] 174 of 3000 complete in 7.3 sec
[--                6%                  ] 187 of 3000 complete in 7.8 sec
[--                6%                  ] 200 of 3000 complete in 8.3 sec
[--                7%                  ] 213 of 3000 complete in 8.8 sec
[--                7%                  ] 225 of 3000 complete in 9.4 sec
[---               7%                  ] 237 of 3000 complete in 9.9 sec
[---               8%                  ] 249 of 3000 complete in 10.4 sec
[---               8%                  ] 261 of 3000 complete in 11.0 sec
[---               9%                  ] 273 of 3000 complete in 11.5 sec
[---               9%                  ] 284 of 3000 complete in 12.0 sec
[---               9%                  ] 296 of 3000 complete in 12.5 sec
[---              10%                  ] 308 of 3000 complete in 13.1 sec
[----             10%                  ] 319 of 3000 complete in 13.6 sec
[----             11%                  ] 331 of 3000 complete in 14.1 sec
[----             11%                  ] 342 of 3000 complete in 14.6 sec
[----             11%                  ] 352 of 3000 complete in 15.1 sec
[----             12%                  ] 363 of 3000 complete in 15.6 sec
[----             12%                  ] 374 of 3000 complete in 16.1 sec
[----             12%                  ] 386 of 3000 complete in 16.7 sec
[-----            13%                  ] 396 of 3000 complete in 17.2 sec
[-----            13%                  ] 406 of 3000 complete in 17.7 sec
[-----            13%                  ] 417 of 3000 complete in 18.3 sec
[-----            14%                  ] 428 of 3000 complete in 18.8 sec
[-----            14%                  ] 439 of 3000 complete in 19.3 sec
[-----            15%                  ] 450 of 3000 complete in 19.9 sec
[-----            15%                  ] 460 of 3000 complete in 20.4 sec
[-----            15%                  ] 471 of 3000 complete in 20.9 sec
[------           16%                  ] 482 of 3000 complete in 21.4 sec
[------           16%                  ] 493 of 3000 complete in 21.9 sec
[------           16%                  ] 503 of 3000 complete in 22.5 sec
[------           17%                  ] 514 of 3000 complete in 23.0 sec
[------           17%                  ] 526 of 3000 complete in 23.5 sec
[------           17%                  ] 537 of 3000 complete in 24.0 sec
[------           18%                  ] 549 of 3000 complete in 24.5 sec
[-------          18%                  ] 561 of 3000 complete in 25.1 sec
[-------          19%                  ] 573 of 3000 complete in 25.6 sec
[-------          19%                  ] 584 of 3000 complete in 26.1 sec
[-------          19%                  ] 595 of 3000 complete in 26.6 sec
[-------          20%                  ] 607 of 3000 complete in 27.2 sec
[-------          20%                  ] 619 of 3000 complete in 27.7 sec
[-------          21%                  ] 631 of 3000 complete in 28.2 sec
[--------         21%                  ] 644 of 3000 complete in 28.7 sec
[--------         21%                  ] 657 of 3000 complete in 29.3 sec
[--------         22%                  ] 668 of 3000 complete in 29.8 sec
[--------         22%                  ] 680 of 3000 complete in 30.3 sec
[--------         23%                  ] 691 of 3000 complete in 30.8 sec
[--------         23%                  ] 702 of 3000 complete in 31.3 sec
[---------        23%                  ] 714 of 3000 complete in 31.8 sec
[---------        24%                  ] 727 of 3000 complete in 32.3 sec
[---------        24%                  ] 740 of 3000 complete in 32.9 sec
[---------        25%                  ] 752 of 3000 complete in 33.4 sec
[---------        25%                  ] 764 of 3000 complete in 33.9 sec
[---------        25%                  ] 776 of 3000 complete in 34.4 sec
[---------        26%                  ] 788 of 3000 complete in 35.0 sec
[----------       26%                  ] 801 of 3000 complete in 35.5 sec
[----------       27%                  ] 814 of 3000 complete in 36.0 sec
[----------       27%                  ] 827 of 3000 complete in 36.5 sec
[----------       27%                  ] 839 of 3000 complete in 37.0 sec
[----------       28%                  ] 852 of 3000 complete in 37.5 sec
[----------       28%                  ] 864 of 3000 complete in 38.1 sec
[-----------      29%                  ] 875 of 3000 complete in 38.6 sec
[-----------      29%                  ] 887 of 3000 complete in 39.1 sec
[-----------      30%                  ] 900 of 3000 complete in 39.6 sec
[-----------      30%                  ] 912 of 3000 complete in 40.2 sec
[-----------      30%                  ] 924 of 3000 complete in 40.7 sec
[-----------      31%                  ] 936 of 3000 complete in 41.2 sec
[-----------      31%                  ] 947 of 3000 complete in 41.8 sec
[------------     31%                  ] 958 of 3000 complete in 42.3 sec
[------------     32%                  ] 970 of 3000 complete in 42.8 sec
[------------     32%                  ] 983 of 3000 complete in 43.3 sec
[------------     33%                  ] 995 of 3000 complete in 43.8 sec
[------------     33%                  ] 1009 of 3000 complete in 44.3 sec
[------------     34%                  ] 1022 of 3000 complete in 44.9 sec
[-------------    34%                  ] 1035 of 3000 complete in 45.4 sec
[-------------    34%                  ] 1046 of 3000 complete in 45.9 sec
[-------------    35%                  ] 1059 of 3000 complete in 46.4 sec
[-------------    35%                  ] 1071 of 3000 complete in 47.0 sec
[-------------    36%                  ] 1083 of 3000 complete in 47.5 sec
[-------------    36%                  ] 1094 of 3000 complete in 48.0 sec
[--------------   36%                  ] 1107 of 3000 complete in 48.5 sec
[--------------   37%                  ] 1119 of 3000 complete in 49.1 sec
[--------------   37%                  ] 1130 of 3000 complete in 49.6 sec
[--------------   38%                  ] 1142 of 3000 complete in 50.1 sec
[--------------   38%                  ] 1154 of 3000 complete in 50.6 sec
[--------------   38%                  ] 1167 of 3000 complete in 51.2 sec
[--------------   39%                  ] 1180 of 3000 complete in 51.7 sec
[---------------  39%                  ] 1193 of 3000 complete in 52.2 sec
[---------------  40%                  ] 1206 of 3000 complete in 52.7 sec
[---------------  40%                  ] 1219 of 3000 complete in 53.2 sec
[---------------  41%                  ] 1231 of 3000 complete in 53.7 sec
[---------------  41%                  ] 1243 of 3000 complete in 54.3 sec
[---------------  41%                  ] 1254 of 3000 complete in 54.8 sec
[---------------- 42%                  ] 1265 of 3000 complete in 55.3 sec
[---------------- 42%                  ] 1276 of 3000 complete in 55.9 sec
[---------------- 42%                  ] 1286 of 3000 complete in 56.4 sec
[---------------- 43%                  ] 1296 of 3000 complete in 56.9 sec
[---------------- 43%                  ] 1305 of 3000 complete in 57.4 sec
[---------------- 43%                  ] 1314 of 3000 complete in 57.9 sec
[---------------- 44%                  ] 1324 of 3000 complete in 58.4 sec
[---------------- 44%                  ] 1334 of 3000 complete in 58.9 sec
[-----------------44%                  ] 1345 of 3000 complete in 59.5 sec
[-----------------45%                  ] 1354 of 3000 complete in 60.0 sec
[-----------------45%                  ] 1365 of 3000 complete in 60.5 sec
[-----------------45%                  ] 1376 of 3000 complete in 61.0 sec
[-----------------46%                  ] 1388 of 3000 complete in 61.6 sec
[-----------------46%                  ] 1400 of 3000 complete in 62.1 sec
[-----------------47%                  ] 1412 of 3000 complete in 62.6 sec
[-----------------47%                  ] 1425 of 3000 complete in 63.1 sec
[-----------------47%                  ] 1438 of 3000 complete in 63.6 sec
[-----------------48%                  ] 1451 of 3000 complete in 64.2 sec
[-----------------48%                  ] 1463 of 3000 complete in 64.7 sec
[-----------------49%                  ] 1475 of 3000 complete in 65.2 sec
[-----------------49%                  ] 1487 of 3000 complete in 65.7 sec
[-----------------50%                  ] 1500 of 3000 complete in 66.2 sec
[-----------------50%                  ] 1513 of 3000 complete in 66.7 sec
[-----------------50%                  ] 1526 of 3000 complete in 67.2 sec
[-----------------51%                  ] 1539 of 3000 complete in 67.7 sec
[-----------------51%                  ] 1552 of 3000 complete in 68.2 sec
[-----------------52%                  ] 1565 of 3000 complete in 68.8 sec
[-----------------52%                  ] 1578 of 3000 complete in 69.3 sec
[-----------------52%                  ] 1589 of 3000 complete in 69.8 sec
[-----------------53%                  ] 1601 of 3000 complete in 70.4 sec
[-----------------53%                  ] 1613 of 3000 complete in 70.9 sec
[-----------------54%                  ] 1625 of 3000 complete in 71.4 sec
[-----------------54%                  ] 1639 of 3000 complete in 71.9 sec
[-----------------55%                  ] 1652 of 3000 complete in 72.4 sec
[-----------------55%-                 ] 1664 of 3000 complete in 72.9 sec
[-----------------55%-                 ] 1676 of 3000 complete in 73.5 sec
[-----------------56%-                 ] 1688 of 3000 complete in 74.0 sec
[-----------------56%-                 ] 1701 of 3000 complete in 74.5 sec
[-----------------57%-                 ] 1714 of 3000 complete in 75.0 sec
[-----------------57%-                 ] 1726 of 3000 complete in 75.6 sec
[-----------------57%--                ] 1738 of 3000 complete in 76.1 sec
[-----------------58%--                ] 1750 of 3000 complete in 76.6 sec
[-----------------58%--                ] 1762 of 3000 complete in 77.1 sec
[-----------------59%--                ] 1774 of 3000 complete in 77.7 sec
[-----------------59%--                ] 1786 of 3000 complete in 78.2 sec
[-----------------59%--                ] 1799 of 3000 complete in 78.7 sec
[-----------------60%--                ] 1812 of 3000 complete in 79.2 sec
[-----------------60%---               ] 1825 of 3000 complete in 79.8 sec
[-----------------61%---               ] 1837 of 3000 complete in 80.3 sec
[-----------------61%---               ] 1850 of 3000 complete in 80.8 sec
[-----------------62%---               ] 1862 of 3000 complete in 81.3 sec
[-----------------62%---               ] 1873 of 3000 complete in 81.8 sec
[-----------------62%---               ] 1885 of 3000 complete in 82.4 sec
[-----------------63%----              ] 1897 of 3000 complete in 82.9 sec
[-----------------63%----              ] 1910 of 3000 complete in 83.4 sec
[-----------------64%----              ] 1923 of 3000 complete in 83.9 sec
[-----------------64%----              ] 1936 of 3000 complete in 84.5 sec
[-----------------64%----              ] 1948 of 3000 complete in 85.0 sec
[-----------------65%----              ] 1960 of 3000 complete in 85.5 sec
[-----------------65%----              ] 1973 of 3000 complete in 86.0 sec
[-----------------66%-----             ] 1985 of 3000 complete in 86.5 sec
[-----------------66%-----             ] 1996 of 3000 complete in 87.1 sec
[-----------------66%-----             ] 2007 of 3000 complete in 87.6 sec
[-----------------67%-----             ] 2019 of 3000 complete in 88.1 sec
[-----------------67%-----             ] 2032 of 3000 complete in 88.6 sec
[-----------------68%-----             ] 2044 of 3000 complete in 89.1 sec
[-----------------68%------            ] 2057 of 3000 complete in 89.6 sec
[-----------------68%------            ] 2069 of 3000 complete in 90.1 sec
[-----------------69%------            ] 2081 of 3000 complete in 90.6 sec
[-----------------69%------            ] 2092 of 3000 complete in 91.2 sec
[-----------------70%------            ] 2103 of 3000 complete in 91.7 sec
[-----------------70%------            ] 2115 of 3000 complete in 92.2 sec
[-----------------70%------            ] 2127 of 3000 complete in 92.7 sec
[-----------------71%-------           ] 2139 of 3000 complete in 93.2 sec
[-----------------71%-------           ] 2151 of 3000 complete in 93.7 sec
[-----------------72%-------           ] 2163 of 3000 complete in 94.2 sec
[-----------------72%-------           ] 2175 of 3000 complete in 94.7 sec
[-----------------72%-------           ] 2187 of 3000 complete in 95.2 sec
[-----------------73%-------           ] 2198 of 3000 complete in 95.7 sec
[-----------------73%-------           ] 2210 of 3000 complete in 96.3 sec
[-----------------74%--------          ] 2222 of 3000 complete in 96.8 sec
[-----------------74%--------          ] 2234 of 3000 complete in 97.4 sec
[-----------------74%--------          ] 2246 of 3000 complete in 97.9 sec
[-----------------75%--------          ] 2257 of 3000 complete in 98.4 sec
[-----------------75%--------          ] 2268 of 3000 complete in 98.9 sec
[-----------------76%--------          ] 2281 of 3000 complete in 99.4 sec
[-----------------76%---------         ] 2293 of 3000 complete in 99.9 sec
[-----------------76%---------         ] 2305 of 3000 complete in 100.4 sec
[-----------------77%---------         ] 2317 of 3000 complete in 101.0 sec
[-----------------77%---------         ] 2328 of 3000 complete in 101.5 sec
[-----------------78%---------         ] 2340 of 3000 complete in 102.0 sec
[-----------------78%---------         ] 2351 of 3000 complete in 102.5 sec
[-----------------78%---------         ] 2363 of 3000 complete in 103.1 sec
[-----------------79%----------        ] 2375 of 3000 complete in 103.6 sec
[-----------------79%----------        ] 2387 of 3000 complete in 104.1 sec
[-----------------80%----------        ] 2400 of 3000 complete in 104.7 sec
[-----------------80%----------        ] 2412 of 3000 complete in 105.2 sec
[-----------------80%----------        ] 2423 of 3000 complete in 105.7 sec
[-----------------81%----------        ] 2434 of 3000 complete in 106.2 sec
[-----------------81%----------        ] 2446 of 3000 complete in 106.7 sec
[-----------------81%-----------       ] 2458 of 3000 complete in 107.2 sec
[-----------------82%-----------       ] 2469 of 3000 complete in 107.8 sec
[-----------------82%-----------       ] 2480 of 3000 complete in 108.3 sec
[-----------------83%-----------       ] 2491 of 3000 complete in 108.8 sec
[-----------------83%-----------       ] 2502 of 3000 complete in 109.3 sec
[-----------------83%-----------       ] 2513 of 3000 complete in 109.8 sec
[-----------------84%-----------       ] 2525 of 3000 complete in 110.3 sec
[-----------------84%------------      ] 2537 of 3000 complete in 110.8 sec
[-----------------84%------------      ] 2549 of 3000 complete in 111.4 sec
[-----------------85%------------      ] 2560 of 3000 complete in 111.9 sec
[-----------------85%------------      ] 2572 of 3000 complete in 112.4 sec
[-----------------86%------------      ] 2584 of 3000 complete in 112.9 sec
[-----------------86%------------      ] 2597 of 3000 complete in 113.5 sec
[-----------------86%-------------     ] 2609 of 3000 complete in 114.0 sec
[-----------------87%-------------     ] 2621 of 3000 complete in 114.5 sec
[-----------------87%-------------     ] 2633 of 3000 complete in 115.0 sec
[-----------------88%-------------     ] 2645 of 3000 complete in 115.5 sec
[-----------------88%-------------     ] 2657 of 3000 complete in 116.1 sec
[-----------------88%-------------     ] 2669 of 3000 complete in 116.6 sec
[-----------------89%-------------     ] 2682 of 3000 complete in 117.1 sec
[-----------------89%--------------    ] 2696 of 3000 complete in 117.6 sec
[-----------------90%--------------    ] 2708 of 3000 complete in 118.1 sec
[-----------------90%--------------    ] 2720 of 3000 complete in 118.6 sec
[-----------------91%--------------    ] 2732 of 3000 complete in 119.2 sec
[-----------------91%--------------    ] 2744 of 3000 complete in 119.7 sec
[-----------------91%--------------    ] 2756 of 3000 complete in 120.2 sec
[-----------------92%---------------   ] 2769 of 3000 complete in 120.8 sec
[-----------------92%---------------   ] 2781 of 3000 complete in 121.3 sec
[-----------------93%---------------   ] 2792 of 3000 complete in 121.8 sec
[-----------------93%---------------   ] 2803 of 3000 complete in 122.4 sec
[-----------------93%---------------   ] 2813 of 3000 complete in 122.9 sec
[-----------------94%---------------   ] 2824 of 3000 complete in 123.4 sec
[-----------------94%---------------   ] 2832 of 3000 complete in 124.0 sec
[-----------------94%----------------  ] 2843 of 3000 complete in 124.5 sec
[-----------------95%----------------  ] 2855 of 3000 complete in 125.0 sec
[-----------------95%----------------  ] 2867 of 3000 complete in 125.5 sec
[-----------------96%----------------  ] 2880 of 3000 complete in 126.1 sec
[-----------------96%----------------  ] 2893 of 3000 complete in 126.6 sec
[-----------------96%----------------  ] 2905 of 3000 complete in 127.1 sec
[-----------------97%----------------  ] 2917 of 3000 complete in 127.6 sec
[-----------------97%----------------- ] 2929 of 3000 complete in 128.1 sec
[-----------------98%----------------- ] 2941 of 3000 complete in 128.6 sec
[-----------------98%----------------- ] 2953 of 3000 complete in 129.2 sec
[-----------------98%----------------- ] 2966 of 3000 complete in 129.7 sec
[-----------------99%----------------- ] 2978 of 3000 complete in 130.2 sec
[-----------------99%----------------- ] 2989 of 3000 complete in 130.7 sec
[-----------------99%----------------- ] 2999 of 3000 complete in 131.2 sec
[-----------------100%-----------------] 3000 of 3000 complete in 131.3 sec
hddm sampling elpased time:  131.393 s
[fit_one_hddm] 完成 curve20_rep2_censor（2.2 分钟）→ /home/jovyan/work/2_Data/Generate_Data/TenRules_Revision_20260912/param_recovery/fits/censor
